key='CCCCCCC=CCCCCCCCCC(=O)OC-1065' prediction.modelResults.predictionError=Number of atoms equals zero
key='C[S+](C)[B-](Br)(Br)Br-1065' prediction.modelResults.predictionError=C[S+](C)[B-](Br)(Br)Br: Molecule contains unsupported element
key='CC(O)=O.CC[C@H](C)[C@H](NC(=O)[C@H](CCC(O)=O)NC(=O)[C@H](CO)NC(=O)[C@@H](NC(=O)[C@@H](N)CO)C(C)C)C(=O)N[C@@H](CCC(N)=O)C(=O)N[C@@H](CC(C)C)C(=O)N[C@@H](CCSC)C(=O)N[C@@H](CC1=CN=CN1)C(=O)N[C@@H](CC(N)=O)C(=O)N[C@@H](CC(C)C)C(=O)NCC(=O)N[C@@H](CCCCN)C(=O)N[C@@H](CC1=CN=CN1)C(=O)N[C@@H](CC(C)C)C(=O)N[C@@H](CC(N)=O)C(=O)N[C@@H](CO)C(=O)N[C@@H](CCSC)C(=O)N[C@@H](CCC(O)=O)C(=O)N[C@@H](CCCNC(N)=N)C(=O)N[C@@H](C(C)C)C(=O)N[C@@H](CCC(O)=O)C(=O)N[C@@H](CC1=CNC2=CC=CC=C12)C(=O)N[C@@H](CC(C)C)C(=O)N[C@@H](CCCNC(N)=N)C(=O)N[C@@H](CCCCN)C(=O)N[C@@H](CCCCN)C(=O)N[C@@H](CC(C)C)C(=O)N[C@@H](CCC(N)=O)C(=O)N[C@@H](CC(O)=O)C(=O)N[C@@H](C(C)C)C(=O)N[C@@H](CC1=CN=CN1)C(=O)N[C@@H](CC(N)=O)C(=O)N[C@@H](CC1=CC=CC=C1)C(O)=O-1065' prediction.modelResults.predictionError=CC(O)=O.CC[C@H](C)[C@H](NC(=O)[C@H](CCC(O)=O)NC(=O)[C@H](CO)NC(=O)[C@@H](NC(=O)[C@@H](N)CO)C(C)C)C(=O)N[C@@H](CCC(N)=O)C(=O)N[C@@H](CC(C)C)C(=O)N[C@@H](CCSC)C(=O)N[C@@H](CC1=CN=CN1)C(=O)N[C@@H](CC(N)=O)C(=O)N[C@@H](CC(C)C)C(=O)NCC(=O)N[C@@H](CCCCN)C(=O)N[C@@H](CC1=CN=CN1)C(=O)N[C@@H](CC(C)C)C(=O)N[C...
key='C[Ge](Cl)(Cl)Cl-1065' prediction.modelResults.predictionError=C[Ge](Cl)(Cl)Cl: Molecule contains unsupported element
key='NCCO.O=C1NN=CC(=O)N1-1065' prediction.modelResults.predictionError=NCCO.O=C1NN=CC(=O)N1: model can't run mixtures
key='CC1=CC=CC=C1O.NCCNCCNCCN-1065' prediction.modelResults.predictionError=CC1=CC=CC=C1O.NCCNCCNCCN: model can't run mixtures
key='CCC[Ge](CC)(CC)CC-1065' prediction.modelResults.predictionError=CCC[Ge](CC)(CC)CC: Molecule contains unsupported element
key='OCCN(CCO)CCO.CCCCCCCCCCCCCCCC(=O)N(C)CC(O)=O-1065' prediction.modelResults.predictionError=OCCN(CCO)CCO.CCCCCCCCCCCCCCCC(=O)N(C)CC(O)=O: model can't run mixtures
key='[Na+].[Na+].[Na+].[Na+].[Ag+].[Ag+].[O-]S([O-])(=O)=S.[O-]S([O-])(=O)=S.[O-]S([O-])(=O)=S-1065' prediction.modelResults.predictionError=[Na+].[Na+].[Na+].[Na+].[Ag+].[Ag+].[O-]S([O-])(=O)=S.[O-]S([O-])(=O)=S.[O-]S([O-])(=O)=S failed standardization
key='[Ba++].Cl[Cd--](Cl)(Cl)Cl-1065' prediction.modelResults.predictionError=[Ba++].Cl[Cd--](Cl)(Cl)Cl failed standardization
key='[NH4+].[NH4+].Cl[Ni--](Cl)(Cl)Cl-1065' prediction.modelResults.predictionError=[NH4+].[NH4+].Cl[Ni--](Cl)(Cl)Cl failed standardization
key='C=O.C1CO1.CC(C)(C)CC(C)(C)C1=CC=C(O)C=C1.CCCCCCCCCCCCCCCCO.CCCCCCCCCCCCCCCC(=O)OC[C@H](COP([O-])(=O)OCC[N+](C)(C)C)OC(=O)CCCCCCCCCCCCCCC-1065' prediction.modelResults.predictionError=C=O.C1CO1.CC(C)(C)CC(C)(C)C1=CC=C(O)C=C1.CCCCCCCCCCCCCCCCO.CCCCCCCCCCCCCCCC(=O)OC[C@H](COP([O-])(=O)OCC[N+](C)(C)C)OC(=O)CCCCCCCCCCCCCCC: model can't run mixtures
key='FC1(F)C(F)(F)C(F)(F)C2(F)C(F)(F)C(F)(F)C(F)(F)C(F)(F)C2(F)C1(F)F.FC(F)(F)C1(F)C(F)(F)C(F)(F)C(F)(N2C(F)(F)C(F)(F)C(F)(F)C(F)(F)C2(F)F)C(F)(F)C1(F)F-1065' prediction.modelResults.predictionError=FC1(F)C(F)(F)C(F)(F)C2(F)C(F)(F)C(F)(F)C(F)(F)C(F)(F)C2(F)C1(F)F.FC(F)(F)C1(F)C(F)(F)C(F)(F)C(F)(N2C(F)(F)C(F)(F)C(F)(F)C(F)(F)C2(F)F)C(F)(F)C1(F)F: model can't run mixtures
key='[O--].[O--].[O--].[O--].[O--].[O--].[O--].[O--].[O--].[O--].[O--].[O--].[O--].[O--].[O--].[O--].[O--].[O--].[O--].[O--].[O--].[O--].[O--].[O--].[O--].[O--].[O--].[O--].[O--].[O--].[O--].[O--].[O--].[O--].[O--].[O--].[O--].[O--].[O--].[O--].[O--].[O--].[O--].[O--].[Al+3].[Al+3].[Al+3].[Al+3].[Al+3].[Al+3].[Al+3].[Al+3].[Al+3].[Al+3].[Al+3].[Al+3].[Al+3].[Al+3].[Al+3].[Al+3].[Al+3].[Al+3].[Al+3].[Al+3].[Al+3].[Al+3].[Al+3].[Al+3].[Sr++].[Sr++].[Sr++].[Sr++].[Sr++].[Sr++].[Sr++].[Ba++]-1065' prediction.modelResults.predictionError=CC1(CCCCC1)OB(O)O: Molecule contains unsupported element
key='O=[Ti]1O[Ti](=O)O1-1065' prediction.modelResults.predictionError=O[Se](=O)OCC1C=CC=CC=1: Molecule contains unsupported element
key='CCC1=C(C)C2=CC3=C(C=C)C(C)=C4C=C5C(C)C(CCC([O-])=O)C6=[N+]5[Mg--]5(N34)N3C(=CC1=[N+]25)C(C)=C(C([O-])=O)C3=C6CC([O-])=O.CCC1=C(C)C2=CC3=C(C=C)C(C)=C4C=C5C(C)C(CCC([O-])=O)C6=[N+]5[Mg--]5(N34)N3C(=CC1=[N+]25)C(C)=C(C([O-])=O)C3=C6CC([O-])=O-1065' prediction.modelResults.predictionError=CCC1=C(C)C2=CC3=C(C=C)C(C)=C4C=C5C(C)C(CCC([O-])=O)C6=[N+]5[Mg--]5(N34)N3C(=CC1=[N+]25)C(C)=C(C([O-])=O)C3=C6CC([O-])=O.CCC1=C(C)C2=CC3=C(C=C)C(C)=C4C=C5C(C)C(CCC([O-])=O)C6=[N+]5[Mg--]5(N34)N3C(=CC1=[N+]25)C(C)=C(C([O-])=O)C3=C6CC([O-])=O failed standardization
key='[H][H]-1065' prediction.modelResults.predictionError=[H][H] failed standardization
key='CC1=NN(C(=O)C1N=NC1=C(C=CC(NS(=O)(=O)C2=CC=CC3=C2C2=[N+]4C3=NC3=C5C(C=CC=C5S([O-])(=O)=O)=C5N=C6C7=C(C=CC=C7C7=[N+]6[Ni--]4(N4C(=N2)C2=CC=CC(=C2C4=N7)S([O-])(=O)=O)N35)S([O-])(=O)=O)=C1)S([O-])(=O)=O)C1=CC=C(C=CC2=CC=CC(NC3=NC(Cl)=NC(Cl)=C3Cl)=C2S([O-])(=O)=O)C=C1S([O-])(=O)=O-1065' prediction.modelResults.predictionError=CC1=NN(C(=O)C1N=NC1=C(C=CC(NS(=O)(=O)C2=CC=CC3=C2C2=[N+]4C3=NC3=C5C(C=CC=C5S([O-])(=O)=O)=C5N=C6C7=C(C=CC=C7C7=[N+]6[Ni--]4(N4C(=N2)C2=CC=CC(=C2C4=N7)S([O-])(=O)=O)N35)S([O-])(=O)=O)=C1)S([O-])(=O)=O)C1=CC=C(C=CC2=CC=CC(NC3=NC(Cl)=NC(Cl)=C3Cl)=C2S([O-])(=O)=O)C=C1S([O-])(=O)=O failed standardization
key='[O-]C(=O)C[C@@H]1[NH2+][Mg--]2([NH2+][C@@H](CC([O-])=O)C(=O)O2)OC1=O-1065' prediction.modelResults.predictionError=[O-]C(=O)C[C@@H]1[NH2+][Mg--]2([NH2+][C@@H](CC([O-])=O)C(=O)O2)OC1=O failed standardization
key='C[N+]1([O-])[C@H]2C[C@@H](C[C@@H]1[C@H]1O[C@@H]21)OC(=O)[C@H](CO)C1=CC=CC=C1.CC(C)C1=CC(=C(C)C(Br)=C1O)C1(OS(=O)(=O)C2=C1C=CC=C2)C1=C(C)C(Br)=C(O)C(=C1)C(C)C-1065' prediction.modelResults.predictionError=C[N+]1([O-])[C@H]2C[C@@H](C[C@@H]1[C@H]1O[C@@H]21)OC(=O)[C@H](CO)C1=CC=CC=C1.CC(C)C1=CC(=C(C)C(Br)=C1O)C1(OS(=O)(=O)C2=C1C=CC=C2)C1=C(C)C(Br)=C(O)C(=C1)C(C)C: model can't run mixtures
key='COC1=CC2=C(C=C1)N=C(N2)[S@@](=O)CC1=NC=C(C)C(OC)=C1C-1065' prediction.modelResults.predictionError=COC1=CC2=C(C=C1)N=C(N2)[S@@](=O)CC1=NC=C(C)C(OC)=C1C failed standardization
key='[OH-].[OH-].[Ni++]-1065' prediction.modelResults.predictionError=[OH-].[OH-].[Ni++] failed standardization
key='[OH-].[OH-].[OH-].[Ni+3]-1065' prediction.modelResults.predictionError=[OH-].[OH-].[OH-].[Ni+3] failed standardization
key='CC(C)CCCCCCCOC(=O)C1=C(C=CC=C1)C(=O)COCCCCCCC(C)C-1065' prediction.modelResults.predictionError=Number of atoms equals zero
key='S1[As]2S[As]1S2-1065' prediction.modelResults.predictionError=S1[As]2S[As]1S2 failed standardization
key='[K+].O[AsH]([O-])=O-1065' prediction.modelResults.predictionError=[K+].O[AsH]([O-])=O failed standardization
key='N.O[As](O)O-1065' prediction.modelResults.predictionError=N.O[As](O)O failed standardization
key='CC(CCl)OP(O)(=O)OC(C)CCl-1065' prediction.modelResults.predictionError=Number of atoms equals zero
key='[Na+].[F-][H+][F-]-1065' prediction.modelResults.predictionError=[Na+].[F-][H+][F-] failed standardization
key='[F-][H+][F-]-1065' prediction.modelResults.predictionError=[F-][H+][F-] failed standardization
key='CC1=C(N)C=C(C(=C1)C(C1=CC=C(NC2=CC=C(C=C2)S(O)(=O)=O)C=C1)=C1C=CC(C=C1)=NC1=CC=C(C=C1)S(O)(=O)=O)S(O)(=O)=O-1065' prediction.modelResults.predictionError=Number of atoms equals zero
key='OC(=O)\\C=C\\C(O)=O.COC1=CC=C(C[C@@H](C)NC[C@H](O)C2=CC(NC=O)=C(O)C=C2)C=C1.COC1=CC=C(C[C@@H](C)NC[C@H](O)C2=CC(NC=O)=C(O)C=C2)C=C1-1065' prediction.modelResults.predictionError=OC(=O)\C=C\C(O)=O.COC1=CC=C(C[C@@H](C)NC[C@H](O)C2=CC(NC=O)=C(O)C=C2)C=C1.COC1=CC=C(C[C@@H](C)NC[C@H](O)C2=CC(NC=O)=C(O)C=C2)C=C1: model can't run mixtures
key='OC(=O)\\C=C/C(O)=O.COC1=CC=C(C[C@@H](C)NC[C@H](O)C2=CC(NC=O)=C(O)C=C2)C=C1-1065' prediction.modelResults.predictionError=OC(=O)\C=C/C(O)=O.COC1=CC=C(C[C@@H](C)NC[C@H](O)C2=CC(NC=O)=C(O)C=C2)C=C1: model can't run mixtures
key='OS(=O)(=O)CCCC1=CN=CC=C1-1065' prediction.modelResults.predictionError=Number of atoms equals zero
key='O=NC1C=CC(=O)C(N=O)C1=O-1065' prediction.modelResults.predictionError=O=NC1C=CC(=O)C(N=O)C1=O failed standardization
key='CC1=C(C=CC=C1)N1CN(CN(C1)C1=C(C)C=CC=C1)C1=C(C)C=CC=C1-1065' prediction.modelResults.predictionError=Number of atoms equals zero
key='CCC(=O)NCCC[N+](C)(C)CC-1065' prediction.modelResults.predictionError=Number of atoms equals zero
key='CCCCCCCCCCCCCCCCCC(=O)NCC[N+](C)(C)CCO-1065' prediction.modelResults.predictionError=Number of atoms equals zero
key='OCN(CCCCCC(O)=O)S(=O)(=O)C1=CC=CC=C1-1065' prediction.modelResults.predictionError=Number of atoms equals zero
key='CN(C)CCN(CCC1=CC=NC=C1)C1=CC=CC=C1-1065' prediction.modelResults.predictionError=Number of atoms equals zero
key='[H]C12CC3=C4C(OC5C(O)CCC1C45CCN2C)=C(OCCN1CCOCC1)C=C3-1065' prediction.modelResults.predictionError=Number of atoms equals zero
key='CCCCCCCCCCCCCCCC(=O)OCC(COP(O)(=O)OCC[N+](C)(C)C)OC(=O)CCCCCCCCCCCCCCC-1065' prediction.modelResults.predictionError=Number of atoms equals zero
key='CNC(C)C1CCC(N)C(OC2(C)COC(OC3C(N)CC(N)C(O)C3O)C(O)C2NC)O1-1065' prediction.modelResults.predictionError=Number of atoms equals zero
key='OC(=O)C(=O)O[Ti](=O)OC(=O)C(O)=O-1065' prediction.modelResults.predictionError=OC(=O)C(=O)O[Ti](=O)OC(=O)C(O)=O failed standardization
key='C1C=CC=C1[Ti++]C1=CC=CC1-1065' prediction.modelResults.predictionError=Number of atoms equals zero
key='OS(=O)(=O)C1=CC2=C(\\N=N/C3=C(O[Cr-3]4(OC5=C(\\N=N/C6=C(O4)C=C(C4=C6CC=CC4[N+]([O-])=O)S(O)(=O)=O)C4=C(CC=CC4)C=C5)O2)C=CC2=C3CC=CC2)C2=C1C(C=CC2)[N+]([O-])=O-1065' prediction.modelResults.predictionError=OS(=O)(=O)C1=CC2=C(\N=N/C3=C(O[Cr-3]4(OC5=C(\N=N/C6=C(O4)C=C(C4=C6CC=CC4[N+]([O-])=O)S(O)(=O)=O)C4=C(CC=CC4)C=C5)O2)C=CC2=C3CC=CC2)C2=C1C(C=CC2)[N+]([O-])=O failed standardization
key='[H+].[H+].O=C1O[Sb-]23OC1C1O[Sb-]4(OC(C(O2)C(=O)O3)C(=O)O4)OC1=O-1065' prediction.modelResults.predictionError=[H+].[H+].O=C1O[Sb-]23OC1C1O[Sb-]4(OC(C(O2)C(=O)O3)C(=O)O4)OC1=O failed standardization
key='CCN1C=C[N+](CC)=C1\\C1=C2/C=C\\C3=C(\\C4=N/C(/C=C4)=C(\\C4=CC=C(N4[Mn]N2/3)\\C(=C2\\C=CC1=N2)C1=[N+](CC)C=CN1CC)C1=[N+](CC)C=CN1CC)C1=[N+](CC)C=CN1CC-1065' prediction.modelResults.predictionError=CCN1C=C[N+](CC)=C1\C1=C2/C=C\C3=C(\C4=N/C(/C=C4)=C(\C4=CC=C(N4[Mn]N2/3)\C(=C2\C=CC1=N2)C1=[N+](CC)C=CN1CC)C1=[N+](CC)C=CN1CC)C1=[N+](CC)C=CN1CC failed standardization
key='O=N[Fe--](C#N)(C#N)(C#N)(C#N)C#N-1065' prediction.modelResults.predictionError=N#C[Fe-2](C#N)(C#N)(C#N)(C#N)N=O: Molecule contains unsupported element
key='OS(=O)(=O)C1=CC2=C(C=C1)\\C(=N\\O[Fe](O\\N=C1\\C(=O)C=CC3=CC(=CC=C13)S(O)(=O)=O)O\\N=C1/C(=O)C=CC3=C1C=CC(=C3)S(O)(=O)=O)C(=O)C=C2-1065' prediction.modelResults.predictionError=OS(=O)(=O)C1=CC2=C(C=C1)\C(=N\O[Fe](O\N=C1\C(=O)C=CC3=CC(=CC=C13)S(O)(=O)=O)O\N=C1/C(=O)C=CC3=C1C=CC(=C3)S(O)(=O)=O)C(=O)C=C2 failed standardization
key='C[Al](Cl)Cl-1065' prediction.modelResults.predictionError=Only one non-hydrogen atom
key='O=C1O[Mg]2(OC(=O)C3=C(O2)C=CC=C3)OC2=C1C=CC=C2-1065' prediction.modelResults.predictionError=O=C1O[Mg]2(OC(=O)C3=C(O2)C=CC=C3)OC2=C1C=CC=C2 failed standardization
key='N#C[Fe-4](C#N)(C#N)(C#N)(C#N)C#N-1065' prediction.modelResults.predictionError=N#C[Fe-4](C#N)(C#N)(C#N)(C#N)C#N: Molecule contains unsupported element
key='CCCCCC[Sn+](CCCCCC)CCCCCC-1065' prediction.modelResults.predictionError=Number of atoms equals zero
key='CC[Al-](F)(CC)CC-1065' prediction.modelResults.predictionError=Number of atoms equals zero
key='OC(=O)C[N]12CC[N]3(CC(O)=O)CC(=O)[O-][Ca++]1313[O-]C(=O)C[N]1(CC2)CC(=O)[O-]3-1065' prediction.modelResults.predictionError=OC(=O)C[N]12CC[N]3(CC(O)=O)CC(=O)[O-][Ca++]1313[O-]C(=O)C[N]1(CC2)CC(=O)[O-]3 failed standardization
key='N[Hg+]C1=CC=CC=C1-1065' prediction.modelResults.predictionError=Number of atoms equals zero
key='O[Fe]1OC(=O)CN(CCN(CC(O)=O)CC(O)=O)CC(=O)O1-1065' prediction.modelResults.predictionError=O[Fe]1OC(=O)CN(CCN(CC(O)=O)CC(O)=O)CC(=O)O1 failed standardization
key='CC(C)(C)C1=CC(=C2O[Fe-]3(OC(=O)C2=C1)OC(=O)C1=CC(=CC(=C1O3)C(C)(C)C)C(C)(C)C)C(C)(C)C-1065' prediction.modelResults.predictionError=CC(C)(C)C1=CC(=C2O[Fe-]3(OC(=O)C2=C1)OC(=O)C1=CC(=CC(=C1O3)C(C)(C)C)C(C)(C)C)C(C)(C)C failed standardization
key='C[Ge](C)(C)CCC1=CC=NC=C1-1065' prediction.modelResults.predictionError=Number of atoms equals zero
key='CC(C)CC[Ge]1(CCC(C)C)SCCN1C(=O)CN-1065' prediction.modelResults.predictionError=Number of atoms equals zero
key='NCCS[Ge]12OCCN(CCO1)CCO2-1065' prediction.modelResults.predictionError=NCCS[Ge]12OCCN(CCO1)CCO2 failed standardization
key='NCCS[Ge](=O)O[Ge](=O)SCCN-1065' prediction.modelResults.predictionError=NCCS[Ge](=O)O[Ge](=O)SCCN failed standardization
key='NCCS[Ge]12SCCN(CCS1)CCS2-1065' prediction.modelResults.predictionError=NCCS[Ge]12SCCN(CCS1)CCS2 failed standardization
key='NCCS[Ge]12SCCN1CCS2-1065' prediction.modelResults.predictionError=NCCS[Ge]12SCCN1CCS2 failed standardization
key='NCCCNCCS[Ge]12SCCN1CCS2-1065' prediction.modelResults.predictionError=NCCCNCCS[Ge]12SCCN1CCS2 failed standardization
key='NCCS[Ge]1(SCCN)SCCNCCS1-1065' prediction.modelResults.predictionError=NCCS[Ge]1(SCCN)SCCNCCS1 failed standardization
key='NCCCNCCS[Ge]1(SCCNCCCN)SCCNCCS1-1065' prediction.modelResults.predictionError=NCCCNCCS[Ge]1(SCCNCCCN)SCCNCCS1 failed standardization
key='NCCCNCCS[Ge]1(O[Ge](O[Ge](O1)(SCCNCCCN)SCCNCCCN)(SCCNCCCN)SCCNCCCN)SCCNCCCN-1065' prediction.modelResults.predictionError=NCCCNCCS[Ge]1(O[Ge](O[Ge](O1)(SCCNCCCN)SCCNCCCN)(SCCNCCCN)SCCNCCCN)SCCNCCCN failed standardization
key='NCCCNCCS[Ge]12SCCN(CCS1)CCS2-1065' prediction.modelResults.predictionError=NCCCNCCS[Ge]12SCCN(CCS1)CCS2 failed standardization
key='CC(=O)NC1=CC=C(C=C1)[Sb](O)([O-])=O-1065' prediction.modelResults.predictionError=Number of atoms equals zero
key='OC1=C(O[Sb]2OC3=CC(=CC(=C3O2)S(O)(=O)=O)S(O)(=O)=O)C=C(C=C1S(O)(=O)=O)S(O)(=O)=O-1065' prediction.modelResults.predictionError=OC1=C(O[Sb]2OC3=CC(=CC(=C3O2)S(O)(=O)=O)S(O)(=O)=O)C=C(C=C1S(O)(=O)=O)S(O)(=O)=O failed standardization
key='NCCS[Ge](Cl)(SCCN)N1CCN=C1CC1=CC=CC2=CC=CC=C12-1065' prediction.modelResults.predictionError=NCCS[Ge](Cl)(SCCN)N1CCN=C1CC1=CC=CC2=CC=CC=C12 failed standardization
key='NCCS[Ge](SCCN)(N1CCN=C1CC1=CC=CC2=CC=CC=C12)N1CCN=C1CC1=CC=CC2=CC=CC=C12-1065' prediction.modelResults.predictionError=NCCS[Ge](SCCN)(N1CCN=C1CC1=CC=CC2=CC=CC=C12)N1CCN=C1CC1=CC=CC2=CC=CC=C12 failed standardization
key='NCCCNCCS[Ge](SCCNCCCN)(N1CCN=C1CC1=CC=CC2=CC=CC=C12)N1CCN=C1CC1=CC=CC2=CC=CC=C12-1065' prediction.modelResults.predictionError=NCCCNCCS[Ge](SCCNCCCN)(N1CCN=C1CC1=CC=CC2=CC=CC=C12)N1CCN=C1CC1=CC=CC2=CC=CC=C12 failed standardization
key='CC(C)CC[Ge](CCC(C)C)(N1CCN=C1CC1=CC=CC2=CC=CC=C12)N1CCN=C1CC1=CC=CC2=CC=CC=C12-1065' prediction.modelResults.predictionError=Number of atoms equals zero
key='CCCCCC[Ge](CCCCCC)(N1CCN=C1CC1=CC=CC2=CC=CC=C12)N1CCN=C1CC1=CC=CC2=CC=CC=C12-1065' prediction.modelResults.predictionError=Number of atoms equals zero
key='NCCS[Ge](SCCN)(SCCN)N1CCN=C1CC1=CC=CC2=CC=CC=C12-1065' prediction.modelResults.predictionError=NCCS[Ge](SCCN)(SCCN)N1CCN=C1CC1=CC=CC2=CC=CC=C12 failed standardization
key='NCCCNCCS[Ge](SCCNCCCN)(SCCNCCCN)N1CCN=C1CC1=CC=CC2=CC=CC=C12-1065' prediction.modelResults.predictionError=NCCCNCCS[Ge](SCCNCCCN)(SCCNCCCN)N1CCN=C1CC1=CC=CC2=CC=CC=C12 failed standardization
key='CCO[Al-](OCC)(OCC)OCC-1065' prediction.modelResults.predictionError=CCO[Al-](OCC)(OCC)OCC failed standardization
key='[Hg+]CC1CCCCC1-1065' prediction.modelResults.predictionError=Number of atoms equals zero
key='CCCCCCCC[Al-](CCCCCCCC)(CCCCCCCC)CCCCCCCC-1065' prediction.modelResults.predictionError=Number of atoms equals zero
key='OC(=O)C(=O)O[Sb](OC(=O)C(O)=O)OC(=O)C(O)=O-1065' prediction.modelResults.predictionError=OC(=O)C(=O)O[Sb](OC(=O)C(O)=O)OC(=O)C(O)=O failed standardization
key='OC(=O)C1=C(O[Hg]OC2=C(C=CC=C2)C(O)=O)C=CC=C1-1065' prediction.modelResults.predictionError=OC(=O)C1=C(O[Hg]OC2=C(C=CC=C2)C(O)=O)C=CC=C1 failed standardization
key='CCCC[Hg]OC(=O)CS-1065' prediction.modelResults.predictionError=Number of atoms equals zero
key='CC[Hg]OC(=O)CS-1065' prediction.modelResults.predictionError=Number of atoms equals zero
key='C[Hg]OC(=O)CS-1065' prediction.modelResults.predictionError=Number of atoms equals zero
key='NC1=CC=C(C=C1)[Sb](O)([O-])=O-1065' prediction.modelResults.predictionError=Number of atoms equals zero
key='CC[Hg]C1=NC(S)=NS1-1065' prediction.modelResults.predictionError=Number of atoms equals zero
key='OC(=O)C1=C(O[Sb]2OC(=O)C3=C(O2)C(C(O)=O)=C2C=CC=CC2=C3)C(C(O)=O)=C2C=CC=CC2=C1-1065' prediction.modelResults.predictionError=OC(=O)C1=C(O[Sb]2OC(=O)C3=C(O2)C(C(O)=O)=C2C=CC=CC2=C3)C(C(O)=O)=C2C=CC=CC2=C1 failed standardization
key='[H]C12O[Sb-]3(OC1=O)OC(=O)C2([H])O3-1065' prediction.modelResults.predictionError=[H]C12O[Sb-]3(OC1=O)OC(=O)C2([H])O3 failed standardization
key='OC(=O)CC1N[Mg--]2(NC(CC(O)=O)C(=O)O2)OC1=O-1065' prediction.modelResults.predictionError=OC(=O)CC1N[Mg--]2(NC(CC(O)=O)C(=O)O2)OC1=O failed standardization
key='CC(C)C(=O)OCC1CC2CCCCC2O1-1065' prediction.modelResults.predictionError=Number of atoms equals zero
key='OCC1(O)CC(COP(O)(O)=O)C(O)C1O-1065' prediction.modelResults.predictionError=Number of atoms equals zero
key='CC(C)=CCOC1=C(C)C2=C(C(=O)CC(O2)C2=CC=CC=C2)C(O)=C1-1065' prediction.modelResults.predictionError=Number of atoms equals zero
key='NCC(O)C1=C(Cl)C(O)=C(O)C=C1-1065' prediction.modelResults.predictionError=Number of atoms equals zero
key='OC(=O)C(=O)C1=CC=C(CBr)C=C1-1065' prediction.modelResults.predictionError=Number of atoms equals zero
key='OC1C(O)C(OC1CI)N1C=CN=C1[N+]([O-])=O-1065' prediction.modelResults.predictionError=Number of atoms equals zero
key='OC1(CCN(CC1)C(=O)C1CC1C1=CC=CC=C1)C1=CC=CC(=C1)C(F)(F)F-1065' prediction.modelResults.predictionError=Number of atoms equals zero
key='OC1CCN(CC2CC2C2=CC=CC=C2)CC1-1065' prediction.modelResults.predictionError=Number of atoms equals zero
key='OC1(CCN(CC2CC2C2=CC=CC=C2)CC1)C1=CC=CC(=C1)C(F)(F)F-1065' prediction.modelResults.predictionError=Number of atoms equals zero
key='COC1=CC(C)=C(C(=O)OC2CC3(C)C4CC(C)(C)CC4C(O)C(CO)=C23)C(O)=C1-1065' prediction.modelResults.predictionError=Number of atoms equals zero
key='O=NC1C2=C(C=CC=C2)C=CC2=C1C=CC=C2-1065' prediction.modelResults.predictionError=O=NC1C2=C(C=CC=C2)C=CC2=C1C=CC=C2 failed standardization
key='CC12CCC3C(CCC4CC(O)C(O)CC34C=O)C1=CCC2C1=CC(=O)OC1-1065' prediction.modelResults.predictionError=Number of atoms equals zero
key='COCCCS(=O)(=O)C1=CC=C(C=C1)C1=CC=C(CCN2CCCC2C)C=C1-1065' prediction.modelResults.predictionError=Number of atoms equals zero
key='CC(N)C(=O)NC(=O)C(C)NC(CC1=CC=CC=C1)C(=O)CCl-1065' prediction.modelResults.predictionError=Number of atoms equals zero
key='NC(C(O)CF)C(O)=O-1065' prediction.modelResults.predictionError=Number of atoms equals zero
key='CC1=CC=CC(C)=C1NC(=O)CNC(=O)C1=CC(C)(C)N(O)C1(C)C-1065' prediction.modelResults.predictionError=Number of atoms equals zero
key='CC1(C)C=C(C(=O)NCCCN2C(=O)C3=C(C=CC=C3)C2=O)C(C)(C)N1O-1065' prediction.modelResults.predictionError=Number of atoms equals zero
key='NCCCC(=O)NC(CCCCNCC(O)CCN)C(O)=O-1065' prediction.modelResults.predictionError=Number of atoms equals zero
key='CCC1(OC1(C1=CC=CC=C1)C1=CC=C(OCC[N+](C)(C)[O-])C=C1)C1=CC=CC=C1-1065' prediction.modelResults.predictionError=Number of atoms equals zero
key='COC1=CC=CC(=C1)C1CC(NC(C)C2=CC=CC=C2)C(=O)N1C1=CC=C(C=C1)C(F)(F)F-1065' prediction.modelResults.predictionError=Number of atoms equals zero
key='CC(CC(CC1=CC=C(C=C1)C1=CC=CC=C1)NC(=O)CCC(O)=O)C(O)=O-1065' prediction.modelResults.predictionError=Number of atoms equals zero
key='COC1=CC2=C(C(O)=C1)C(=O)C1=C(C(O)C(C)(O)C(O)C1O)C2=O-1065' prediction.modelResults.predictionError=Number of atoms equals zero
key='CSCCC(NC(=O)C(CC1=CC=CC=C1)NCC(NCC(N)CS)C(C)C)C(O)=O-1065' prediction.modelResults.predictionError=Number of atoms equals zero
key='CC1=CC2=C(C=C1C)N(CC(OC(=O)C1=CC=CN=C1)C(OC(=O)C1=CC=CN=C1)C(COC(=O)C1=CC=CN=C1)OC(=O)C1=CC=CN=C1)C1=NC(=O)NC(=O)C1=N2-1065' prediction.modelResults.predictionError=Number of atoms equals zero
key='COC1=CC=C(C=C1)C1OC1C1=CC=C(C=C1)[N+]([O-])=O-1065' prediction.modelResults.predictionError=Number of atoms equals zero
key='CC1=CC2=C(C=C1C)N(CC(O)C(O)C(O)COP(O)(=O)OP(O)(O)=O)C1=NC(=O)NC(=O)C1=N2-1065' prediction.modelResults.predictionError=Number of atoms equals zero
key='CCC(C)C(NC(=O)C1CCCN1C(=O)C(CCCNC(N)=N)NC(=O)C1CCCN1C(=O)C(CC1=CN=CN1)NC(=O)C(CO)NC(=O)C(NC(=O)C1CCCN1C(=O)C(CCCNC(N)=N)NC(=O)C1CCCN1C(=O)C(CO)NC(=O)C(CC1=CC=C(O)C=C1)NC(=O)C1CCCN1C(=O)C(CCCNC(N)=N)NC(=O)C1CCCN1C(=O)C(CCCCN)NC(=O)CN)C(C)O)C(=O)NC(CCCNC(N)=N)C(=O)NC(C(C)C)C(O)=O-1065' prediction.modelResults.predictionError=Number of atoms equals zero
key='CS(=O)(=O)NC1=CC2=C(OC3(CCN(CCC4=CC5=NON=C5C=C4)CC3)CC2O)C=C1-1065' prediction.modelResults.predictionError=Number of atoms equals zero
key='NCC(=O)NC(CC(N)=O)C(=O)NC(CC1=CC=CC=C1)C(=O)NC(CC1=CC=CC=C1)C(=O)NC(CCCN=C(N)N)C(=O)NC(CC1=CC=CC=C1)C(N)=O-1065' prediction.modelResults.predictionError=Number of atoms equals zero
key='CC1N(O)ON=C1N1CCN(CC1)C1=NON(O)C1C-1065' prediction.modelResults.predictionError=CC1N(O)ON=C1N1CCN(CC1)C1=NON(O)C1C failed standardization
key='CC1N(O)ON=C1N1CC=CN(C=C1)C1=NON(O)C1C-1065' prediction.modelResults.predictionError=CC1N(O)ON=C1N1CC=CN(C=C1)C1=NON(O)C1C failed standardization
key='NC(=O)C1=CC=C[N+](=C1)C1OC(COP(O)(=O)SCC(=O)CBr)C(O)C1O-1065' prediction.modelResults.predictionError=Number of atoms equals zero
key='COC(=O)C(CO)NC(=O)C1=C(O)C2=C(C=C1C)C(OC1OC(C)C(C(OC3OCC(O)C(O)C3O)C1O)N(C)C)C(O)C1=C2C(O)=C2C(=O)C3=C(C(O)=CC(OC)=C3)C(=O)C2=C1-1065' prediction.modelResults.predictionError=Number of atoms equals zero
key='CSCCC(N)C(=O)NC(CC(N)=O)C(=O)NC(CC1=CC=C(O)C=C1)C(=O)NC(C)C(=O)NC(CC(C)C)C(=O)NC(CCCCN)C(=O)NCC(=O)NC(CCC(N)=O)C(=O)NCC(=O)NC(CCCNC(N)=N)C(=O)NC(C(C)O)C(=O)NC(CC(C)C)C(=O)NC(CC1=CC=C(O)C=C1)C(=O)NCC(=O)NC(CC1=CC=CC=C1)C(O)=O-1065' prediction.modelResults.predictionError=Number of atoms equals zero
key='CNC1C(C)OC(OC2C(O)C3=C(C(O)=C4C(=O)C5=C(C(O)=CC(OC)=C5)C(=O)C4=C3)C3=C2C=C(C)C(C(=O)NC(C)C(=O)OC)=C3O)C(O)C1O-1065' prediction.modelResults.predictionError=Number of atoms equals zero
key='COC1=CC2=C(C(O)=C1)C(=O)C1=CC3=C(C(O)=C1C2=O)C1=C(C=C(C)C(C(=O)NC(CO)C(O)=O)=C1O)C(O)C3O-1065' prediction.modelResults.predictionError=Number of atoms equals zero
key='CC1=NC(=O)NC(=O)C1Br-1065' prediction.modelResults.predictionError=Number of atoms equals zero
key='OC(=O)C1=NC(=O)NC(=O)C1Br-1065' prediction.modelResults.predictionError=Number of atoms equals zero
key='CCN(CC)C1=CC2=C(C=C1)C(C1=CC=C(C=C1S(O)(=O)=O)S(=O)(=O)NCCCN1C=C(C3=CC=CC=C13)C1=C(C(=O)NC1=O)C1=CN(C)C3=CC=CC=C13)=C1C=CC(C=C1O2)=[N+](CC)CC-1065' prediction.modelResults.predictionError=Number of atoms equals zero
key='NC(CCC(O)=O)C(=O)NC(CC1=CNC2=CC=C(O)C=C12)C(O)=O-1065' prediction.modelResults.predictionError=Number of atoms equals zero
key='CCCCNC(=O)C(CC(O)C(CC1CCCCC1)NC(=O)C(CC=C)NC(=O)C(CC1=CC=CC=C1)NS(=O)(=O)N1CCOCC1)C(C)C-1065' prediction.modelResults.predictionError=Number of atoms equals zero
key='OC(CCCCNC(=O)OCC1=CC=CC=C1)C(O)=O-1065' prediction.modelResults.predictionError=Number of atoms equals zero
key='CC1=CC2=C(C=C1C)N(CC(O)C(O)C(O)C=O)C1=NC(=O)NC(=O)C1=N2-1065' prediction.modelResults.predictionError=Number of atoms equals zero
key='CCCCCCCCCCCCCCC(=O)NC1=NC(=O)N(C=C1)C1OC(CO)C(O)C1O-1065' prediction.modelResults.predictionError=Number of atoms equals zero
key='CCCCCCCCCCCCCCCCC(=O)NC1=NC(=O)N(C=C1)C1OC(CO)C(O)C1O-1065' prediction.modelResults.predictionError=Number of atoms equals zero
key='CCCCCCCCCCCCCCCCCCC(=O)NC1=NC(=O)N(C=C1)C1OC(CO)C(O)C1O-1065' prediction.modelResults.predictionError=Number of atoms equals zero
key='CC(=O)OCC1=CC=C(C=C1)C1(OC(C)=O)OC(CO)C(OC(C)=O)C(OC(C)=O)C1OC(C)=O-1065' prediction.modelResults.predictionError=Number of atoms equals zero
key='OS(=O)(=O)C1=CC(I)=C([N+]#N)C(I)=C1-1065' prediction.modelResults.predictionError=Number of atoms equals zero
key='COS(=O)(=O)C1=C2C=CC([N+]#N)=C(O)C2=CC=C1-1065' prediction.modelResults.predictionError=Number of atoms equals zero
key='OC1=C[N+](CC(=O)OC(C2=CC=CC=C2)C2=CC=CC=C2)=NO1-1065' prediction.modelResults.predictionError=Number of atoms equals zero
key='OC1=C[N+](CC(=O)OCC(=O)C(C2=CC=CC=C2)C2=CC=CC=C2)=NO1-1065' prediction.modelResults.predictionError=Number of atoms equals zero
key='O=NC1C2=C(OC3=C1C=CC=C3)C=CC=C2-1065' prediction.modelResults.predictionError=O=NC1C2=C(OC3=C1C=CC=C3)C=CC=C2 failed standardization
key='OC(=O)CCC(NP(O)(O)=O)C(O)=O-1065' prediction.modelResults.predictionError=Number of atoms equals zero
key='[H]C12CC([H])(C3(C)OC13C1(C)C3C(O)(OCC33C4C(OCC4(C(CC3OC(=O)C(C)CC)OC(C)=O)C(=O)OC)C1O)C(=O)OC)C1(O)CCOC1O2-1065' prediction.modelResults.predictionError=Number of atoms equals zero
key='O=C1C2CCCCC2C(=O)N1CCCCN1CCN(CC1)C1=NSCC2=C1C=CC=C2-1065' prediction.modelResults.predictionError=Number of atoms equals zero
key='COCC1CCC(COS(C)(=O)=O)CC1-1065' prediction.modelResults.predictionError=Number of atoms equals zero
key='[H]C12OC(=O)C([H])(C1C(C)(C)O)C1(O)CC3OC33C(=O)OC2C13C-1065' prediction.modelResults.predictionError=Number of atoms equals zero
key='CCC(C)C1NC(=O)C(CC2=CN(OC)C3=CC=CC=C23)NC(=O)C(CCCCCC(=O)CC)NC(=O)C2CCCCN2C1=O-1065' prediction.modelResults.predictionError=Number of atoms equals zero
key='CCCNCC1(O)C(C)OC(CC1(C)OC)OC1C(C)C(OC2OC(C)CC(C2O)N(C)C)C(C)(O)CC(C)CNC(C)C(O)C(C)(O)C(CC)OC(=O)C1C-1065' prediction.modelResults.predictionError=Number of atoms equals zero
key='CCP(CC)(CC)=[Au]SC1OC(COC(C)=O)C(OC(C)=O)C(OC(C)=O)C1OC(C)=O-1065' prediction.modelResults.predictionError=CCP(CC)(CC)=[Au]SC1OC(COC(C)=O)C(OC(C)=O)C(OC(C)=O)C1OC(C)=O failed standardization
key='[H]C12N=C(\\C(C)=C3/N=C(\\C=C4/N=C(\\C(\\C)=C5\\C(CCC(N)=O)C(C)(CC(N)=O)C1(C)N5[Co+]C#N)C(C)(CC(N)=O)C4CCC(N)=O)C(C)(C)C3CCC(N)=O)C(C)(CCC(=O)NCC(C)OP(O)(=O)OC1C(CO)OC(C1O)N1C=NC3=CC(C)=C(C)C=C13)C2CC(N)=O-1065' prediction.modelResults.predictionError=[H]C12N=C(\C(C)=C3/N=C(\C=C4/N=C(\C(\C)=C5\C(CCC(N)=O)C(C)(CC(N)=O)C1(C)N5[Co+]C#N)C(C)(CC(N)=O)C4CCC(N)=O)C(C)(C)C3CCC(N)=O)C(C)(CCC(=O)NCC(C)OP(O)(=O)OC1C(CO)OC(C1O)N1C=NC3=CC(C)=C(C)C=C13)C2CC(N)=O: model can't run mixtures
key='CCOC(=O)\\C=C(/C)O[Al](OC(C)C)OC(C)C-1065' prediction.modelResults.predictionError=CCOC(=O)\C=C(/C)O[Al](OC(C)C)OC(C)C: model can't run mixtures
key='CCOC(=O)\\C=C(/C)O[Al](OC(C)CC)OC(C)CC-1065' prediction.modelResults.predictionError=CCOC(=O)\C=C(/C)O[Al](OC(C)CC)OC(C)CC: model can't run mixtures
key='OS(=O)(=O)C1=CC2=C(C=C1)\\C(=N\\O[Fe](O\\N=C1/C(=O)C=CC3=C1C=CC(=C3)S(O)(=O)=O)O\\N=C1/C(=O)C=CC3=C1C=CC(=C3)S(O)(=O)=O)C(=O)C=C2-1065' prediction.modelResults.predictionError=OS(=O)(=O)C1=CC2=C(C=C1)\C(=N\O[Fe](O\N=C1/C(=O)C=CC3=C1C=CC(=C3)S(O)(=O)=O)O\N=C1/C(=O)C=CC3=C1C=CC(=C3)S(O)(=O)=O)C(=O)C=C2 failed standardization
key='[H]C12N=C(\\C(C)=C3/N=C(\\C=C4/N=C(\\C(\\C)=C5\\C(CCC(N)=O)C(C)(CC(N)=O)C1(C)N5[Co]OC(C)=O)C(C)(CC(N)=O)C4CCC(N)=O)C(C)(C)C3CCC(N)=O)C(C)(CCC(=O)NCC(C)OP(O)(=O)OC1C(CO)OC(C1O)N1C=NC3=CC(C)=C(C)C=C13)C2CC(N)=O-1065' prediction.modelResults.predictionError=[H]C12N=C(\C(C)=C3/N=C(\C=C4/N=C(\C(\C)=C5\C(CCC(N)=O)C(C)(CC(N)=O)C1(C)N5[Co]OC(C)=O)C(C)(CC(N)=O)C4CCC(N)=O)C(C)(C)C3CCC(N)=O)C(C)(CCC(=O)NCC(C)OP(O)(=O)OC1C(CO)OC(C1O)N1C=NC3=CC(C)=C(C)C=C13)C2CC(N)=O: model can't run mixtures
key='Cl[Pt]1(Cl)NCCN1-1065' prediction.modelResults.predictionError=Cl[Pt]1(Cl)NCCN1 failed standardization
key='CC(=O)C\\C(C)=[O+]\\[Fe](\\[O+]=C(/C)CC(C)=O)\\[O+]=C(/C)CC(C)=O-1065' prediction.modelResults.predictionError=CC(=O)C\C(C)=[O+]\[Fe](\[O+]=C(/C)CC(C)=O)\[O+]=C(/C)CC(C)=O failed standardization
key='CC(=O)C\\C(C)=[O+]\\[Cr](\\[O+]=C(/C)CC(C)=O)\\[O+]=C(/C)CC(C)=O-1065' prediction.modelResults.predictionError=CC(=O)C\C(C)=[O+]\[Cr](\[O+]=C(/C)CC(C)=O)\[O+]=C(/C)CC(C)=O failed standardization
key='[H][S-]1C(=S[Mn++]11S=C([S-]1[H])N(C)C)N(C)C-1065' prediction.modelResults.predictionError=[H][S-]1C(=S[Mn++]11S=C([S-]1[H])N(C)C)N(C)C failed standardization
key='C[Si](C)(C)N([Sn]N([Si](C)(C)C)[Si](C)(C)C)[Si](C)(C)C-1065' prediction.modelResults.predictionError=C[Si](C)(C)N([Sn]N([Si](C)(C)C)[Si](C)(C)C)[Si](C)(C)C failed standardization
key='CC(C)(C)N([Sn]N(C(C)(C)C)[Si](C)(C)C)[Si](C)(C)C-1065' prediction.modelResults.predictionError=CC(C)(C)N([Sn]N(C(C)(C)C)[Si](C)(C)C)[Si](C)(C)C failed standardization
key='[Na+].[Al-]-1065' prediction.modelResults.predictionError=[Na+].[Al-] failed standardization
key='[AlH3].[Ni]-1065' prediction.modelResults.predictionError=[AlH3].[Ni] failed standardization
key='[Al].[Al].[Er]-1065' prediction.modelResults.predictionError=[Al].[Al].[Er] failed standardization
key='[Al].[Al].[Gd]-1065' prediction.modelResults.predictionError=[Al].[Al].[Gd] failed standardization
key='[Al].[Al].[La]-1065' prediction.modelResults.predictionError=[Al].[Al].[La] failed standardization
key='[Al].[Al].[Al].[Nb]-1065' prediction.modelResults.predictionError=[Al].[Al].[Al].[Nb] failed standardization
key='[Al].[Al].[Al].[Ta]-1065' prediction.modelResults.predictionError=[Al].[Al].[Al].[Ta] failed standardization
key='[Al].[Al].[Al].[Ti]-1065' prediction.modelResults.predictionError=[Al].[Al].[Al].[Ti] failed standardization
key='[Al].[Al].[Al].[Zr]-1065' prediction.modelResults.predictionError=[Al].[Al].[Al].[Zr] failed standardization
key='[Na].[Na].[Na].[Bi]-1065' prediction.modelResults.predictionError=[Na].[Na].[Na].[Bi] failed standardization
key='[AlH3].[Fe]-1065' prediction.modelResults.predictionError=[AlH3].[Fe] failed standardization
key='[Al].[Al].[Nd]-1065' prediction.modelResults.predictionError=[Al].[Al].[Nd] failed standardization
key='[Al].[Al].[Pr]-1065' prediction.modelResults.predictionError=[Al].[Al].[Pr] failed standardization
key='[Al].[Al].[Sm]-1065' prediction.modelResults.predictionError=[Al].[Al].[Sm] failed standardization
key='[Al].[Al].[Tb]-1065' prediction.modelResults.predictionError=[Al].[Al].[Tb] failed standardization
key='[Al].[Al].[Y]-1065' prediction.modelResults.predictionError=[Al].[Al].[Y] failed standardization
key='[Al].[Al].[Al].[Th]-1065' prediction.modelResults.predictionError=[Al].[Al].[Al].[Th] failed standardization
key='[Ba].[Bi].[Bi].[Bi]-1065' prediction.modelResults.predictionError=[Ba].[Bi].[Bi].[Bi] failed standardization
key='[K].[K].[K].[Bi]-1065' prediction.modelResults.predictionError=[K].[K].[K].[Bi] failed standardization
key='[Li].[Bi]-1065' prediction.modelResults.predictionError=[Li].[Bi] failed standardization
key='[Pb].[Bi]-1065' prediction.modelResults.predictionError=[Pb].[Bi] failed standardization
key='[TlH].[Bi]-1065' prediction.modelResults.predictionError=[TlH].[Bi] failed standardization
key='[Mg].[Mg].[Mg].[Bi].[Bi]-1065' prediction.modelResults.predictionError=[Mg].[Mg].[Mg].[Bi].[Bi] failed standardization
key='[Mg].[Mg].[Mg].[Sb].[Sb]-1065' prediction.modelResults.predictionError=[Mg].[Mg].[Mg].[Sb].[Sb] failed standardization
key='[Al].[Al].[Tm]-1065' prediction.modelResults.predictionError=[Al].[Al].[Tm] failed standardization
key='[Al].[Al].[Al].[Mn]-1065' prediction.modelResults.predictionError=[Al].[Al].[Al].[Mn] failed standardization
key='[Al].[Al].[Al].[Al].[Ba]-1065' prediction.modelResults.predictionError=[Al].[Al].[Al].[Al].[Ba] failed standardization
key='[Al].[Al].[Yb]-1065' prediction.modelResults.predictionError=[Al].[Al].[Yb] failed standardization
key='[Al].[Al].[Lu]-1065' prediction.modelResults.predictionError=[Al].[Al].[Lu] failed standardization
key='[Li].[Li].[Li].[Bi]-1065' prediction.modelResults.predictionError=[Li].[Li].[Li].[Bi] failed standardization
key='[Sb].[Sb].[Ba].[Ba].[Ba]-1065' prediction.modelResults.predictionError=[Sb].[Sb].[Ba].[Ba].[Ba] failed standardization
key='[Cs].[Cs].[Cs].[Bi]-1065' prediction.modelResults.predictionError=[Cs].[Cs].[Cs].[Bi] failed standardization
key='[Al].[Al].[Ho]-1065' prediction.modelResults.predictionError=[Al].[Al].[Ho] failed standardization
key='[Sr].[Bi].[Bi].[Bi]-1065' prediction.modelResults.predictionError=[Sr].[Bi].[Bi].[Bi] failed standardization
key='Cl[SnH]-1065' prediction.modelResults.predictionError=Cl[SnH] failed standardization
key='[210Pb]-1065' prediction.modelResults.predictionError=[210Pb] failed standardization
key='[SnH2].[Sb]-1065' prediction.modelResults.predictionError=[SnH2].[Sb] failed standardization
key='[Sr].[Sr].[Sr].[Sb].[Sb]-1065' prediction.modelResults.predictionError=[Sr].[Sr].[Sr].[Sb].[Sb] failed standardization
key='[Al].[Al].[Al].[Al].[Sr]-1065' prediction.modelResults.predictionError=[Al].[Al].[Al].[Al].[Sr] failed standardization
key='[Rb]-1065' prediction.modelResults.predictionError=[Rb] failed standardization
key='[H][Ga]([H])[H]-1065' prediction.modelResults.predictionError=[H][Ga]([H])[H] failed standardization
key='O.[Cu].[Y].[Ba]-1065' prediction.modelResults.predictionError=O.[Cu].[Y].[Ba] failed standardization
key='[Be].[Be].[Be].[Be].[Be].[Be].[Be].[Be].[Be].[Be].[Be].[Be].[Nb]-1065' prediction.modelResults.predictionError=[Be].[Be].[Be].[Be].[Be].[Be].[Be].[Be].[Be].[Be].[Be].[Be].[Nb] failed standardization
key='[Mg].[Mg].[Ca]-1065' prediction.modelResults.predictionError=[Mg].[Mg].[Ca] failed standardization
key='O.[Ca].O[Si](O)=O-1065' prediction.modelResults.predictionError=O.[Ca].O[Si](O)=O failed standardization
key='S1P2P3SP1P23-1065' prediction.modelResults.predictionError=S1P2P3SP1P23 failed standardization
key='[Be].[Be].[Be].[Be].[Be].[Be].[Be].[Be].[Be].[Be].[Be].[Be].[Ti]-1065' prediction.modelResults.predictionError=[Be].[Be].[Be].[Be].[Be].[Be].[Be].[Be].[Be].[Be].[Be].[Be].[Ti] failed standardization
key='[Al+].[SH-]-1065' prediction.modelResults.predictionError=[Al+].[SH-] failed standardization
key='[Be].[Be].[Be].[Be].[Be].[Be].[Be].[Be].[Be].[Be].[Be].[Be].[V]-1065' prediction.modelResults.predictionError=[Be].[Be].[Be].[Be].[Be].[Be].[Be].[Be].[Be].[Be].[Be].[Be].[V] failed standardization
key='O1[Sn]O[Sn]O[Sn]O[Sn]1-1065' prediction.modelResults.predictionError=O1[Sn]O[Sn]O[Sn]O[Sn]1 failed standardization
key='O.[OH-].[Mg].[Al]-1065' prediction.modelResults.predictionError=O.[OH-].[Mg].[Al] failed standardization
key='Cl[Sn]Br-1065' prediction.modelResults.predictionError=Cl[Sn]Br failed standardization
key='[137Ba]-1065' prediction.modelResults.predictionError=[137Ba] failed standardization
key='[86Sr]-1065' prediction.modelResults.predictionError=[86Sr] failed standardization
key='[87Sr]-1065' prediction.modelResults.predictionError=[87Sr] failed standardization
key='[40Ca]-1065' prediction.modelResults.predictionError=[40Ca] failed standardization
key='[Mg].[Ca].O[Si](O)=O-1065' prediction.modelResults.predictionError=[Mg].[Ca].O[Si](O)=O failed standardization
key='[27Mg]-1065' prediction.modelResults.predictionError=[27Mg] failed standardization
key='[135Ba]-1065' prediction.modelResults.predictionError=[135Ba] failed standardization
key='[138Ba]-1065' prediction.modelResults.predictionError=[138Ba] failed standardization
key='[Mg].[Mg].O[Si](O)(O)O-1065' prediction.modelResults.predictionError=[Mg].[Mg].O[Si](O)(O)O failed standardization
key='N.O.O.O.O.O.O.[Mg].OP(O)(O)=O-1065' prediction.modelResults.predictionError=N.O.O.O.O.O.O.[Mg].OP(O)(O)=O failed standardization
key='[220Ra]-1065' prediction.modelResults.predictionError=[220Ra] failed standardization
key='[Na+].[O-][99Tc](=O)(=O)=O-1065' prediction.modelResults.predictionError=[Na+].[O-][99Tc](=O)(=O)=O failed standardization
key='N=N-1065' prediction.modelResults.predictionError=N=N failed standardization
key='[Be].[Ni]-1065' prediction.modelResults.predictionError=[Be].[Ni] failed standardization
key='[99Tc+4].[O-]P([O-])(=O)OP([O-])([O-])=O-1065' prediction.modelResults.predictionError=[99Tc+4].[O-]P([O-])(=O)OP([O-])([O-])=O failed standardization
key='[Be].[Co].[Cu]-1065' prediction.modelResults.predictionError=[Be].[Co].[Cu] failed standardization
key='O.[Al].[Al].[Ca].O[Si](O)=O.O[Si](O)=O.O[Si](O)=O.O[Si](O)=O.O[Si](O)=O.O[Si](O)=O.O[Si](O)=O.O[Si](O)=O.O[Si](O)=O.O[Si](O)=O-1065' prediction.modelResults.predictionError=O.[Al].[Al].[Ca].O[Si](O)=O.O[Si](O)=O.O[Si](O)=O.O[Si](O)=O.O[Si](O)=O.O[Si](O)=O.O[Si](O)=O.O[Si](O)=O.O[Si](O)=O.O[Si](O)=O failed standardization
key='[Zn++].[Zn++].[Zn++].OP(=O)(OB([O-])[O-])OP(=O)(OB([O-])[O-])OB([O-])[O-]-1065' prediction.modelResults.predictionError=[Zn++].[Zn++].[Zn++].OP(=O)(OB([O-])[O-])OP(=O)(OB([O-])[O-])OB([O-])[O-] failed standardization
key='[H+].[H+].NN[Cu++](NN)([O-]S([O-])(=O)=O)[O-]S([O-])(=O)=O-1065' prediction.modelResults.predictionError=[H+].[H+].NN[Cu++](NN)([O-]S([O-])(=O)=O)[O-]S([O-])(=O)=O failed standardization
key='CCCCCC(O)C=CC1C(O)CC(=O)C1CC=CCCCC(O)=O-1065' prediction.modelResults.predictionError=Number of atoms equals zero
key='OP(O)(=O)OP(O)([O-])=O-1065' prediction.modelResults.predictionError=Number of atoms equals zero
key='CCCC[GeH](CCCC)CCCC-1065' prediction.modelResults.predictionError=CCCC[GeH](CCCC)CCCC: Molecule contains unsupported element
key='CNCC(O)C(O)C(O)C(O)CO.OC(=O)C1=C(I)C(NC(=O)COCC(=O)NC2=C(I)C=C(I)C(C(O)=O)=C2I)=C(I)C=C1I-1065' prediction.modelResults.predictionError=CNCC(O)C(O)C(O)C(O)CO.OC(=O)C1=C(I)C(NC(=O)COCC(=O)NC2=C(I)C=C(I)C(C(O)=O)=C2I)=C(I)C=C1I: model can't run mixtures
key='CCN(CC)CCOC(=O)C1=C(Cl)C=C(N)C=C1.CC1(C)SC2C(NC(=O)CC3=CC=CC=C3)C(=O)N2C1C(O)=O-1065' prediction.modelResults.predictionError=CCN(CC)CCOC(=O)C1=C(Cl)C=C(N)C=C1.CC1(C)SC2C(NC(=O)CC3=CC=CC=C3)C(=O)N2C1C(O)=O: model can't run mixtures
key='CNCC(O)C(O)C(O)C(O)CO.CN(C(C)=O)C1=C(I)C(C(O)=O)=C(I)C(NC(C)=O)=C1I-1065' prediction.modelResults.predictionError=CNCC(O)C(O)C(O)C(O)CO.CN(C(C)=O)C1=C(I)C(C(O)=O)=C(I)C(NC(C)=O)=C1I: model can't run mixtures
key='[PbH2]-1065' prediction.modelResults.predictionError=[PbH2] failed standardization
key='CNC(C)C(O)C1=CC=CC=C1.CC1(C)C(CCC1(C)C(O)=O)C(O)=O-1065' prediction.modelResults.predictionError=CNC(C)C(O)C1=CC=CC=C1.CC1(C)C(CCC1(C)C(O)=O)C(O)=O: model can't run mixtures
key='CCOC(=O)CO.CCOC(=O)C1=CC=CC=C1C(=O)OCC-1065' prediction.modelResults.predictionError=CCOC(=O)CO.CCOC(=O)C1=CC=CC=C1C(=O)OCC: model can't run mixtures
key='NCCO.OC(=O)C1=C(O)C=CC(O)=C1-1065' prediction.modelResults.predictionError=NCCO.OC(=O)C1=C(O)C=CC(O)=C1: model can't run mixtures
key='CNCC(O)C1=CC(O)=CC=C1.NC1=CC=C(C=C1)S(=O)(=O)NC1=NC=CS1-1065' prediction.modelResults.predictionError=CNCC(O)C1=CC(O)=CC=C1.NC1=CC=C(C=C1)S(=O)(=O)NC1=NC=CS1: model can't run mixtures
key='NC(CC(O)=O)C(O)=O.N[C@H](CCCN=C(N)N)C(O)=O-1065' prediction.modelResults.predictionError=NC(CC(O)=O)C(O)=O.N[C@H](CCCN=C(N)N)C(O)=O: model can't run mixtures
key='OS(=O)OS(O)=O-1065' prediction.modelResults.predictionError=OS(=O)OS(O)=O failed standardization
key='C[As]=S.O=NC1=CC=C(NNC(=O)C2=CC=CC=C2)C=C1-1065' prediction.modelResults.predictionError=C[As]=S.O=NC1=CC=C(NNC(=O)C2=CC=CC=C2)C=C1: model can't run mixtures
key='O.CN1C2=C(NC=N2)C(=O)N(C)C1=O.COC(C[Hg])CNC(=O)NC(=O)CCC(O)=O-1065' prediction.modelResults.predictionError=O.CN1C2=C(NC=N2)C(=O)N(C)C1=O.COC(C[Hg])CNC(=O)NC(=O)CCC(O)=O: model can't run mixtures
key='CON(C)C(=O)NC1=CC(Cl)=C(Cl)C=C1.[O-][N+](=O)C1=CC=C(OC2=C(Cl)C=C(Cl)C=C2)C=C1-1065' prediction.modelResults.predictionError=CON(C)C(=O)NC1=CC(Cl)=C(Cl)C=C1.[O-][N+](=O)C1=CC=C(OC2=C(Cl)C=C(Cl)C=C2)C=C1: model can't run mixtures
key='[Br-].[Hg+]-1065' prediction.modelResults.predictionError=[Br-].[Hg+] failed standardization
key='F[SnH](F)F-1065' prediction.modelResults.predictionError=F[SnH](F)F failed standardization
key='[O-]C(=O)C1=CN=CC=C1.CC1=C(CCOP(O)(O)=O)SC=[N+]1CC1=CN=C(C)N=C1N-1065' prediction.modelResults.predictionError=[O-]C(=O)C1=CN=CC=C1.CC1=C(CCOP(O)(O)=O)SC=[N+]1CC1=CN=C(C)N=C1N: model can't run mixtures
key='CC(O)C(O)=O.NC1=NC(N)=C2NC=NC2=N1-1065' prediction.modelResults.predictionError=CC(O)C(O)=O.NC1=NC(N)=C2NC=NC2=N1: model can't run mixtures
key='[Na+].[Na+].[O-]S(=O)(=O)C1=CC=CC2=C1C=CC=C2S([O-])(=O)=O.CCN(CC)CCN(CCN(CC)CC)C1=CC(OC)=C(OC)C=C1Br-1065' prediction.modelResults.predictionError=[Na+].[Na+].[O-]S(=O)(=O)C1=CC=CC2=C1C=CC=C2S([O-])(=O)=O.CCN(CC)CCN(CCN(CC)CC)C1=CC(OC)=C(OC)C=C1Br: model can't run mixtures
key='CCCCCCCCCCCCCCN.CCCCCCCCCCCCCCNP(O)(=O)OCC-1065' prediction.modelResults.predictionError=CCCCCCCCCCCCCCN.CCCCCCCCCCCCCCNP(O)(=O)OCC: model can't run mixtures
key='CNCC(O)C(O)C(O)C(O)CO.CNC(=O)C1=C(I)C(C(O)=O)=C(I)C(NC(=O)CC(=O)NC2=C(I)C(C(=O)NC)=C(I)C(C(O)=O)=C2I)=C1I-1065' prediction.modelResults.predictionError=CNCC(O)C(O)C(O)C(O)CO.CNC(=O)C1=C(I)C(C(O)=O)=C(I)C(NC(=O)CC(=O)NC2=C(I)C(C(=O)NC)=C(I)C(C(O)=O)=C2I)=C1I: model can't run mixtures
key='CC(=C)C(C)=O.C=CC1=CC=CC=C1-1065' prediction.modelResults.predictionError=CC(=C)C(C)=O.C=CC1=CC=CC=C1: model can't run mixtures
key='OCCCCO.OC(=O)CCC(O)=O-1065' prediction.modelResults.predictionError=OCCCCO.OC(=O)CCC(O)=O: model can't run mixtures
key='Br[Au]-1065' prediction.modelResults.predictionError=Br[Au] failed standardization
key='[Na+].[Na+].[Na+].CCCCC1=CC=C(C=C1)S([O-])(=O)=O.CCCCC1=CC(=CC=C1)S([O-])(=O)=O.CCCCC1=CC=CC=C1S([O-])(=O)=O-1065' prediction.modelResults.predictionError=[Na+].[Na+].[Na+].CCCCC1=CC=C(C=C1)S([O-])(=O)=O.CCCCC1=CC(=CC=C1)S([O-])(=O)=O.CCCCC1=CC=CC=C1S([O-])(=O)=O: model can't run mixtures
key='OCCCCO.OC(=O)C(O)=O-1065' prediction.modelResults.predictionError=OCCCCO.OC(=O)C(O)=O: model can't run mixtures
key='OCCCCCCCCCCO.OC(=O)CCCCCCCCCCC(O)=O-1065' prediction.modelResults.predictionError=OCCCCCCCCCCO.OC(=O)CCCCCCCCCCC(O)=O: model can't run mixtures
key='[H]C12CCC([H])(O1)C(C2C(O)=O)C(O)=O.CCCCCCCCCCCCC[N+](C)(C)[O-]-1065' prediction.modelResults.predictionError=[H]C12CCC([H])(O1)C(C2C(O)=O)C(O)=O.CCCCCCCCCCCCC[N+](C)(C)[O-]: model can't run mixtures
key='[SeH]C1=CC=CC=C1-1065' prediction.modelResults.predictionError=[SeH]C1C=CC=CC=1: Molecule contains unsupported element
key='OC(=O)C=CC(O)=O.C(C(C1CCCCC1)C1CCCCC1)C1CCCCN1-1065' prediction.modelResults.predictionError=OC(=O)C=CC(O)=O.C(C(C1CCCCC1)C1CCCCC1)C1CCCCN1: model can't run mixtures
key='Cl[Pt+]-1065' prediction.modelResults.predictionError=Cl[Pt+] failed standardization
key='I[Ta](I)(I)(I)I-1065' prediction.modelResults.predictionError=I[Ta](I)(I)(I)I failed standardization
key='N.N.[Cl-].[Cl-].[Pt++]-1065' prediction.modelResults.predictionError=N.N.[Cl-].[Cl-].[Pt++] failed standardization
key='[I-].[I-].[I-].[Re]-1065' prediction.modelResults.predictionError=[I-].[I-].[I-].[Re] failed standardization
key='OC(=O)C(O)=O.CC1=CC=CC=C1N1CCN(CCSC(C2=CC=CC=C2)C2=CC=C(Cl)C=C2)CC1-1065' prediction.modelResults.predictionError=OC(=O)C(O)=O.CC1=CC=CC=C1N1CCN(CCSC(C2=CC=CC=C2)C2=CC=C(Cl)C=C2)CC1: model can't run mixtures
key='OC(=O)C(O)=O.COC1=CC=C(C=C1)N1CCN(CCOC(C2=CC=CC=C2)C2=CC=C(Cl)C=C2)CC1-1065' prediction.modelResults.predictionError=OC(=O)C(O)=O.COC1=CC=C(C=C1)N1CCN(CCOC(C2=CC=CC=C2)C2=CC=C(Cl)C=C2)CC1: model can't run mixtures
key='OC(=O)C(O)=O.ClC1=CC=C(C=C1)C(SCCN1CCN(CC1)C1=CC=CC=C1Cl)C1=CC=CC=C1-1065' prediction.modelResults.predictionError=OC(=O)C(O)=O.ClC1=CC=C(C=C1)C(SCCN1CCN(CC1)C1=CC=CC=C1Cl)C1=CC=CC=C1: model can't run mixtures
key='OC(=O)C(O)=O.COC1=CC=CC=C1N1CCN(CCSC(C2=CC=CC=C2)C2=CC=C(Cl)C=C2)CC1-1065' prediction.modelResults.predictionError=OC(=O)C(O)=O.COC1=CC=CC=C1N1CCN(CCSC(C2=CC=CC=C2)C2=CC=C(Cl)C=C2)CC1: model can't run mixtures
key='[Fe++].[CH-]1C=CC=C1.O=C(C1=CC=C[CH-]1)C1=CC=CC=C1-1065' prediction.modelResults.predictionError=[Fe++].[CH-]1C=CC=C1.O=C(C1=CC=C[CH-]1)C1=CC=CC=C1: model can't run mixtures
key='OCC(O)=O.NC1=CC(N)=C(C=C1)\\N=N\\C1=CC=CC(N)=C1-1065' prediction.modelResults.predictionError=OCC(O)=O.NC1=CC(N)=C(C=C1)\N=N\C1=CC=CC(N)=C1: model can't run mixtures
key='CCCCCCCCC=CCCCCCCCCOCCCO-1065' prediction.modelResults.predictionError=Number of atoms equals zero
key='CC(O)=O.CCCCC(CC)CN-1065' prediction.modelResults.predictionError=CC(O)=O.CCCCC(CC)CN: model can't run mixtures
key='[Cl-].[Cl-].[Cl-].[Rh+3].CCCCSCCCC.CCCCSCCCC.CCCCSCCCC-1065' prediction.modelResults.predictionError=[Cl-].[Cl-].[Cl-].[Rh+3].CCCCSCCCC.CCCCSCCCC.CCCCSCCCC failed standardization
key='OCC(CO)(CO)CO.CCCCCCCC(O)=O.CCCCC(CC)C(O)=O.CCCCCCCCC(O)=O-1065' prediction.modelResults.predictionError=OCC(CO)(CO)CO.CCCCCCCC(O)=O.CCCCC(CC)C(O)=O.CCCCCCCCC(O)=O: model can't run mixtures
key='CCCCCCC(C)OC(=O)C1=CC=CC=C1C(O)=O.OC(=O)C1=CC=CC=C1C(=O)OCCOC1=CC=CC=C1-1065' prediction.modelResults.predictionError=CCCCCCC(C)OC(=O)C1=CC=CC=C1C(O)=O.OC(=O)C1=CC=CC=C1C(=O)OCCOC1=CC=CC=C1: model can't run mixtures
key='[Ti].CC(C)O.OC1=CC=CC=C1C=O.OC1=CC=CC=C1C=O.OC1=CC=CC=C1C=O-1065' prediction.modelResults.predictionError=[Ti].CC(C)O.OC1=CC=CC=C1C=O.OC1=CC=CC=C1C=O.OC1=CC=CC=C1C=O: model can't run mixtures
key='CN(C)C1CCN(C1=O)C1=CC=CC=C1.OC1=C(C=C(C=C1[N+]([O-])=O)[N+]([O-])=O)[N+]([O-])=O-1065' prediction.modelResults.predictionError=CN(C)C1CCN(C1=O)C1=CC=CC=C1.OC1=C(C=C(C=C1[N+]([O-])=O)[N+]([O-])=O)[N+]([O-])=O: model can't run mixtures
key='CCCCC(O)=O.OCCC(CO)CCO.CCCCC(CC)C(O)=O-1065' prediction.modelResults.predictionError=CCCCC(O)=O.OCCC(CO)CCO.CCCCC(CC)C(O)=O: model can't run mixtures
key='CCCCCCCC(O)=O.CCCCCCCCCC(O)=O.OCC(O)COCC(O)COCC(O)COCC(O)COCC(O)COCC(O)COCC(O)COCC(O)COCC(O)COCC(O)CO-1065' prediction.modelResults.predictionError=CCCCCCCC(O)=O.CCCCCCCCCC(O)=O.OCC(O)COCC(O)COCC(O)COCC(O)COCC(O)COCC(O)COCC(O)COCC(O)COCC(O)COCC(O)CO: model can't run mixtures
key='C=CC(=O)OCCCCCCOC(=O)C=C.CC(=C)C(=O)OCC(O)COC1=CC=C(C=C1)C(C)(C)C1=CC=C(OCC(O)COC(=O)C(C)=C)C=C1-1065' prediction.modelResults.predictionError=Number of atoms equals zero
key='[O--].[O--].[O--].[Dy+3].[Dy+3]-1065' prediction.modelResults.predictionError=[O--].[O--].[O--].[Dy+3].[Dy+3] failed standardization
key='[O--].[O--].[O--].[Rh+3].[Rh+3]-1065' prediction.modelResults.predictionError=[O--].[O--].[O--].[Rh+3].[Rh+3] failed standardization
key='[O--].[O--].[O--].[Tb+3].[Tb+3]-1065' prediction.modelResults.predictionError=[O--].[O--].[O--].[Tb+3].[Tb+3] failed standardization
key='[P-3].[Fe+3]-1065' prediction.modelResults.predictionError=[P-3].[Fe+3] failed standardization
key='[Cl-].[Cl-].[Cl-].[Cl-].[Cl-].[K+].[K+].[Ru++].N#[O+]-1065' prediction.modelResults.predictionError=[Cl-].[Cl-].[Cl-].[Cl-].[Cl-].[K+].[K+].[Ru++].N#[O+] failed standardization
key='Cl[Pd--](Cl)(Cl)Cl-1065' prediction.modelResults.predictionError=Cl[Pd--](Cl)(Cl)Cl failed standardization
key='[Cl-].[Cl-].[Cl-].[Cl-].[Cl-].[Cl-].[K+].[K+].[Ru+4]-1065' prediction.modelResults.predictionError=[Cl-].[Cl-].[Cl-].[Cl-].[Cl-].[Cl-].[K+].[K+].[Ru+4] failed standardization
key='[Li+].[F-].[F-].[F-].[F-].[F-].[F-].[As+5]-1065' prediction.modelResults.predictionError=[Li+].[F-].[F-].[F-].[F-].[F-].[F-].[As+5] failed standardization
key='O[Br]=O-1065' prediction.modelResults.predictionError=O[Br]=O failed standardization
key='[O--].[O--].[O--].[O--].[Na+].[Na+].[W]-1065' prediction.modelResults.predictionError=[O--].[O--].[O--].[O--].[Na+].[Na+].[W] failed standardization
key='[O--].[O--].[O--].[O--].[O--].[O--].[O--].[Ti+4].[Ti+4].[Fe+3].[Fe+3]-1065' prediction.modelResults.predictionError=[O--].[O--].[O--].[O--].[O--].[O--].[O--].[Ti+4].[Ti+4].[Fe+3].[Fe+3] failed standardization
key='ON=[SiH2]-1065' prediction.modelResults.predictionError=ON=[SiH2] failed standardization
key='[O--].[O--].[O--].[O--].[O--].[Al+3].[Al+3].[Zn++].[Zn++]-1065' prediction.modelResults.predictionError=[O--].[O--].[O--].[O--].[O--].[Al+3].[Al+3].[Zn++].[Zn++] failed standardization
key='[Cl-].[Cd++].[Cd++].[O-]P([O-])([O-])=O-1065' prediction.modelResults.predictionError=[Cl-].[Cd++].[Cd++].[O-]P([O-])([O-])=O failed standardization
key='[Ni].[Ni].[Ni].[Ni].[Ni].[La]-1065' prediction.modelResults.predictionError=[Ni].[Ni].[Ni].[Ni].[Ni].[La] failed standardization
key='[O--].[O--].[O--].[O--].[O--].[O--].[O--].[Sn+4].[Sn+4].[Bi+3].[Bi+3]-1065' prediction.modelResults.predictionError=[O--].[O--].[O--].[O--].[O--].[O--].[O--].[Sn+4].[Sn+4].[Bi+3].[Bi+3] failed standardization
key='[O--].[O--].[O--].[O--].[O--].[O--].[O--].[V].[V].[Sr++].[Sr++]-1065' prediction.modelResults.predictionError=[O--].[O--].[O--].[O--].[O--].[O--].[O--].[V].[V].[Sr++].[Sr++] failed standardization
key='[H-].[H-].[H-].[Sm+3]-1065' prediction.modelResults.predictionError=[H-].[H-].[H-].[Sm+3] failed standardization
key='S[As](S)S-1065' prediction.modelResults.predictionError=S[As](S)S failed standardization
key='[Cl-].[Cl-].[Cl-].[Cl-].[Cl-].[Cl-].[K+].[K+].[Os+4]-1065' prediction.modelResults.predictionError=[Cl-].[Cl-].[Cl-].[Cl-].[Cl-].[Cl-].[K+].[K+].[Os+4] failed standardization
key='[Cl-].[Cl-].[Cl-].[Cl-].[Cl-].[Cl-].[K+].[K+].[Ir]-1065' prediction.modelResults.predictionError=[Cl-].[Cl-].[Cl-].[Cl-].[Cl-].[Cl-].[K+].[K+].[Ir] failed standardization
key='[F-].[F-].[F-].[F-].[F-].[F-].[F-].[K+].[K+].[Nb+5]-1065' prediction.modelResults.predictionError=[F-].[F-].[F-].[F-].[F-].[F-].[F-].[K+].[K+].[Nb+5] failed standardization
key='[NH4+].[NH4+].[Br-].[Br-].[Br-].[Br-].[Br-].[Br-].[Os+4]-1065' prediction.modelResults.predictionError=[NH4+].[NH4+].[Br-].[Br-].[Br-].[Br-].[Br-].[Br-].[Os+4] failed standardization
key='C1CO1.ClCC1CO1.C=CCOCC1CO1-1065' prediction.modelResults.predictionError=C1CO1.ClCC1CO1.C=CCOCC1CO1: model can't run mixtures
key='[O--].[Ru+4].[Pb++]-1065' prediction.modelResults.predictionError=[O--].[Ru+4].[Pb++] failed standardization
key='[AlH3].[Pt]-1065' prediction.modelResults.predictionError=[AlH3].[Pt] failed standardization
key='CC(C)C(Br)C(=O)NC(N)=O.CCC(Br)(CC)C(=O)NC(N)=O.CCC(Br)(CC)C(=O)NC(=O)NC(C)=O.CN(C)CCOC(C1=CC=CC=C1)C1=CC=CC=C1-1065' prediction.modelResults.predictionError=CC(C)C(Br)C(=O)NC(N)=O.CCC(Br)(CC)C(=O)NC(N)=O.CCC(Br)(CC)C(=O)NC(=O)NC(C)=O.CN(C)CCOC(C1=CC=CC=C1)C1=CC=CC=C1: model can't run mixtures
key='C[C@@H]1CC[C@@]2(CC[C@]3(C)C(=CC[C@@H]4[C@@]5(C)CC[C@H](O)C(C)(C)C5CC[C@@]34C)[C@H]2[C@H]1C)C(O)=O.CC1(C)CC[C@@]2(CC[C@]3(C)C(=CC[C@@H]4[C@@]5(C)CC[C@H](O)C(C)(C)C5CC[C@@]34C)[C@H]2C1)C(O)=O-1065' prediction.modelResults.predictionError=C[C@@H]1CC[C@@]2(CC[C@]3(C)C(=CC[C@@H]4[C@@]5(C)CC[C@H](O)C(C)(C)C5CC[C@@]34C)[C@H]2[C@H]1C)C(O)=O.CC1(C)CC[C@@]2(CC[C@]3(C)C(=CC[C@@H]4[C@@]5(C)CC[C@H](O)C(C)(C)C5CC[C@@]34C)[C@H]2C1)C(O)=O: model can't run mixtures
key='O.O.O.O.O.O.[F-].[F-].[F-].[F-].[F-].[F-].[Mg++].[Si+4]-1065' prediction.modelResults.predictionError=O.O.O.O.O.O.[F-].[F-].[F-].[F-].[F-].[F-].[Mg++].[Si+4] failed standardization
key='[O--].[O--].[O--].[Mg++].[Mg++].[Mg++].[Mg++].[Mg++].[Mg++].[O-][As]([O-])([O-])=O.[O-][As]([O-])([O-])=O-1065' prediction.modelResults.predictionError=[O--].[O--].[O--].[Mg++].[Mg++].[Mg++].[Mg++].[Mg++].[Mg++].[O-][As]([O-])([O-])=O.[O-][As]([O-])([O-])=O failed standardization
key='CO.[O-][N+](=O)N1C(=O)CCC1=O-1065' prediction.modelResults.predictionError=CO.[O-][N+](=O)N1C(=O)CCC1=O: model can't run mixtures
key='OCC1=CC=CC=C1.[O-][N+](=O)N1C(=O)C2=CC=CC=C2C1=O-1065' prediction.modelResults.predictionError=OCC1=CC=CC=C1.[O-][N+](=O)N1C(=O)C2=CC=CC=C2C1=O: model can't run mixtures
key='CCO.CCSC1=NC(=O)C=C(N1)C=O-1065' prediction.modelResults.predictionError=CCO.CCSC1=NC(=O)C=C(N1)C=O: model can't run mixtures
key='C1=CC=NC=C1.CC(=O)NC1=CC(OC(C)=O)=C(C=C1)S(O)(=O)=O-1065' prediction.modelResults.predictionError=C1=CC=NC=C1.CC(=O)NC1=CC(OC(C)=O)=C(C=C1)S(O)(=O)=O: model can't run mixtures
key='NC1=CC=C(C=C1)C(O)=O.C(CN1C2=CC=CC=C2SC2=CC=CC=C12)N1CCCC1-1065' prediction.modelResults.predictionError=NC1=CC=C(C=C1)C(O)=O.C(CN1C2=CC=CC=C2SC2=CC=CC=C12)N1CCCC1: model can't run mixtures
key='COC1=CC=C(C=C1)C1=CC=CC=N1.OC1=C(C=C(C=C1[N+]([O-])=O)[N+]([O-])=O)[N+]([O-])=O-1065' prediction.modelResults.predictionError=COC1=CC=C(C=C1)C1=CC=CC=N1.OC1=C(C=C(C=C1[N+]([O-])=O)[N+]([O-])=O)[N+]([O-])=O: model can't run mixtures
key='CC1=CC=C(C=C1)C(CS(=O)(=O)C1=CC=C(C)C=C1)C1=CC=CC=C1-1065' prediction.modelResults.predictionError=Number of atoms equals zero
key='NC1=CC(O)=C(C=C1)C(O)=O.C(CN1C2=CC=CC=C2SC2=CC=CC=C12)N1CCCC1-1065' prediction.modelResults.predictionError=NC1=CC(O)=C(C=C1)C(O)=O.C(CN1C2=CC=CC=C2SC2=CC=CC=C12)N1CCCC1: model can't run mixtures
key='OC(=O)C(O)=O.CCCNCCCCC(C)NC1=C2N=CC=CC2=CC(OC)=C1-1065' prediction.modelResults.predictionError=OC(=O)C(O)=O.CCCNCCCCC(C)NC1=C2N=CC=CC2=CC(OC)=C1: model can't run mixtures
key='OC(=O)C(O)=O.COC1=CC(NCCCCCCN2CCNCC2)=C2N=CC=CC2=C1-1065' prediction.modelResults.predictionError=OC(=O)C(O)=O.COC1=CC(NCCCCCCN2CCNCC2)=C2N=CC=CC2=C1: model can't run mixtures
key='OC(=O)C1=CN=CC=C1.OC1=CC=CC2=C1N=CC=C2-1065' prediction.modelResults.predictionError=OC(=O)C1=CN=CC=C1.OC1=CC=CC2=C1N=CC=C2: model can't run mixtures
key='OC1=CC=CC2=C1N=CC=C2.OC(=O)C1=CC(O)=C(O)C(O)=C1-1065' prediction.modelResults.predictionError=OC1=CC=CC2=C1N=CC=C2.OC(=O)C1=CC(O)=C(O)C(O)=C1: model can't run mixtures
key='OC(=O)CC(O)(CC(O)=O)C(O)=O.CC(C)N(C)C(C)COC(=O)C(C1CCCC=C1)C1=CC=CC=C1-1065' prediction.modelResults.predictionError=OC(=O)CC(O)(CC(O)=O)C(O)=O.CC(C)N(C)C(C)COC(=O)C(C1CCCC=C1)C1=CC=CC=C1: model can't run mixtures
key='CC1=CC=C(C=C1)S(O)(=O)=O.NC(=N)SC1CCCCC1O-1065' prediction.modelResults.predictionError=CC1=CC=C(C=C1)S(O)(=O)=O.NC(=N)SC1CCCCC1O: model can't run mixtures
key='OC(=O)C(O)=O.CCN(CC)CCNC1=C2N=CC=CC2=C(OC)C=C1-1065' prediction.modelResults.predictionError=OC(=O)C(O)=O.CCN(CC)CCNC1=C2N=CC=CC2=C(OC)C=C1: model can't run mixtures
key='CC(O)=O.NCC(=O)C(O)C(O)C(O)CO-1065' prediction.modelResults.predictionError=CC(O)=O.NCC(=O)C(O)C(O)C(O)CO: model can't run mixtures
key='CC(C)(C)CC(C)(C)N.OC(=O)C1=CC=CC=C1-1065' prediction.modelResults.predictionError=CC(C)(C)CC(C)(C)N.OC(=O)C1=CC=CC=C1: model can't run mixtures
key='CCN(CC)CC(O)C1=C2C=C(OC)C=CC2=NC=C1.OC(=O)C1=CC2=CC=CC=C2C(CC2=C(O)C(=CC3=CC=CC=C23)C(O)=O)=C1O-1065' prediction.modelResults.predictionError=CCN(CC)CC(O)C1=C2C=C(OC)C=CC2=NC=C1.OC(=O)C1=CC2=CC=CC=C2C(CC2=C(O)C(=CC3=CC=CC=C23)C(O)=O)=C1O: model can't run mixtures
key='NC1CCCCC1.CCCCOC(=S)SCC(O)=O-1065' prediction.modelResults.predictionError=NC1CCCCC1.CCCCOC(=S)SCC(O)=O: model can't run mixtures
key='OC(=O)CC(O)(CC(O)=O)C(O)=O.CCCCC(C1CCC=C1)C(=O)OCCN1CCCC1-1065' prediction.modelResults.predictionError=OC(=O)CC(O)(CC(O)=O)C(O)=O.CCCCC(C1CCC=C1)C(=O)OCCN1CCCC1: model can't run mixtures
key='CN.CNC(C(O)=O)C(O)=O-1065' prediction.modelResults.predictionError=CN.CNC(C(O)=O)C(O)=O: model can't run mixtures
key='C(OB(OCC1CCCO1)OCC1CCCO1)C1CCCO1-1065' prediction.modelResults.predictionError=C(OB(OCC1CCCO1)OCC1CCCO1)C1CCCO1: Molecule contains unsupported element
key='CCCCC(CC)COP(OCC(CC)CCCC)OC1=CC=C(C=C1)C(C)(C)CC(C)(C)C.CCCCC(CC)COP(OC1=CC=C(C=C1)C(C)(C)CC(C)(C)C)OC1=CC=C(C=C1)C(C)(C)CC(C)(C)C-1065' prediction.modelResults.predictionError=CCCCC(CC)COP(OCC(CC)CCCC)OC1=CC=C(C=C1)C(C)(C)CC(C)(C)C.CCCCC(CC)COP(OC1=CC=C(C=C1)C(C)(C)CC(C)(C)C)OC1=CC=C(C=C1)C(C)(C)CC(C)(C)C: model can't run mixtures
key='OC(=O)CC(O)(CC(O)=O)C(O)=O.O=C(OCCN1CCCC1)C(C1CCC=C1)C1=CC=CC=C1-1065' prediction.modelResults.predictionError=OC(=O)CC(O)(CC(O)=O)C(O)=O.O=C(OCCN1CCCC1)C(C1CCC=C1)C1=CC=CC=C1: model can't run mixtures
key='C(C1=CC=CC=C1)C1=CC=NC=C1.OC1=C(C=C(C=C1[N+]([O-])=O)[N+]([O-])=O)[N+]([O-])=O-1065' prediction.modelResults.predictionError=C(C1=CC=CC=C1)C1=CC=NC=C1.OC1=C(C=C(C=C1[N+]([O-])=O)[N+]([O-])=O)[N+]([O-])=O: model can't run mixtures
key='NCC1CCCCC1.OS(=O)(=O)C1=CC=C(Cl)C=C1-1065' prediction.modelResults.predictionError=NCC1CCCCC1.OS(=O)(=O)C1=CC=C(Cl)C=C1: model can't run mixtures
key='OC(=O)CC(O)(CC(O)=O)C(O)=O.CCN(CC)CCSCCCNC1=C2N=CC=CC2=CC(OC)=C1-1065' prediction.modelResults.predictionError=OC(=O)CC(O)(CC(O)=O)C(O)=O.CCN(CC)CCSCCCNC1=C2N=CC=CC2=CC(OC)=C1: model can't run mixtures
key='OC(=O)CC(O)(CC(O)=O)C(O)=O.CC(C)CC(C(=O)SCC(C)N1CCCC1)C1=CC=CC=C1-1065' prediction.modelResults.predictionError=OC(=O)CC(O)(CC(O)=O)C(O)=O.CC(C)CC(C(=O)SCC(C)N1CCCC1)C1=CC=CC=C1: model can't run mixtures
key='C1CC2=C(C1)N=CC=C2.OC1=C(C=C(C=C1[N+]([O-])=O)[N+]([O-])=O)[N+]([O-])=O-1065' prediction.modelResults.predictionError=C1CC2=C(C1)N=CC=C2.OC1=C(C=C(C=C1[N+]([O-])=O)[N+]([O-])=O)[N+]([O-])=O: model can't run mixtures
key='OC(=O)CC(O)(CC(O)=O)C(O)=O.CCCC(C1CCC=C1)C(=O)SCCN1CCCC1C-1065' prediction.modelResults.predictionError=OC(=O)CC(O)(CC(O)=O)C(O)=O.CCCC(C1CCC=C1)C(=O)SCCN1CCCC1C: model can't run mixtures
key='OCCN(CCO)CCO.OC1=C(C=C(C=C1[N+]([O-])=O)[N+]([O-])=O)[N+]([O-])=O-1065' prediction.modelResults.predictionError=OCCN(CCO)CCO.OC1=C(C=C(C=C1[N+]([O-])=O)[N+]([O-])=O)[N+]([O-])=O: model can't run mixtures
key='I[Pb](C1=CC=CC=C1)(C1=CC=CC=C1)C1=CC=CC=C1-1065' prediction.modelResults.predictionError=I[Pb](C1C=CC=CC=1)(C1C=CC=CC=1)C1C=CC=CC=1: Molecule contains unsupported element
key='CC[Ge](C1=CC=CC=C1)(C1=CC=CC=C1)C1=CC=CC=C1-1065' prediction.modelResults.predictionError=CC[Ge](C1C=CC=CC=1)(C1C=CC=CC=1)C1C=CC=CC=1: Molecule contains unsupported element
key='CCC[Ge](C1=CC=CC=C1)(C1=CC=CC=C1)C1=CC=CC=C1-1065' prediction.modelResults.predictionError=CCC[Ge](C1C=CC=CC=1)(C1C=CC=CC=1)C1C=CC=CC=1: Molecule contains unsupported element
key='[S-]C#N.CCCCCCCCCCCCCCCCCC[N+](C)(C)C-1065' prediction.modelResults.predictionError=[S-]C#N.CCCCCCCCCCCCCCCCCC[N+](C)(C)C: model can't run mixtures
key='OS(=O)(=O)C1=CC=CC=C1.[H]C12CC([H])(C=C1)C(C2N)C(O)=O-1065' prediction.modelResults.predictionError=OS(=O)(=O)C1=CC=CC=C1.[H]C12CC([H])(C=C1)C(C2N)C(O)=O: model can't run mixtures
key='CCN(CC)C1=C(CC2=CC(Cl)=C(C=C2)N(C)C)C=C(OC)C=C1.OC(=O)C1=CC2=CC=CC=C2C(CC2=C(O)C(=CC3=CC=CC=C23)C(O)=O)=C1O-1065' prediction.modelResults.predictionError=CCN(CC)C1=C(CC2=CC(Cl)=C(C=C2)N(C)C)C=C(OC)C=C1.OC(=O)C1=CC2=CC=CC=C2C(CC2=C(O)C(=CC3=CC=CC=C23)C(O)=O)=C1O: model can't run mixtures
key='CCCN(CCC)C1=CC=C(CC2=CC(Cl)=C(C=C2)N(C)C)C=C1.OC(=O)C1=CC2=CC=CC=C2C(CC2=C(O)C(=CC3=CC=CC=C23)C(O)=O)=C1O-1065' prediction.modelResults.predictionError=CCCN(CCC)C1=CC=C(CC2=CC(Cl)=C(C=C2)N(C)C)C=C1.OC(=O)C1=CC2=CC=CC=C2C(CC2=C(O)C(=CC3=CC=CC=C23)C(O)=O)=C1O: model can't run mixtures
key='CCCCN(CCCC)C1=CC=C(CC2=CC(Cl)=C(C=C2)N(C)C)C=C1.OC(=O)C1=CC2=CC=CC=C2C(CC2=C(O)C(=CC3=CC=CC=C23)C(O)=O)=C1O-1065' prediction.modelResults.predictionError=CCCCN(CCCC)C1=CC=C(CC2=CC(Cl)=C(C=C2)N(C)C)C=C1.OC(=O)C1=CC2=CC=CC=C2C(CC2=C(O)C(=CC3=CC=CC=C23)C(O)=O)=C1O: model can't run mixtures
key='OC(=O)CC(O)(CC(O)=O)C(O)=O.CCN(CC)CCSCCNC1=C2N=CC=CC2=CC(OC)=C1-1065' prediction.modelResults.predictionError=OC(=O)CC(O)(CC(O)=O)C(O)=O.CCN(CC)CCSCCNC1=C2N=CC=CC2=CC(OC)=C1: model can't run mixtures
key='OC(=O)C1=CC2=CC=CC=C2C(CC2=C(O)C(=CC3=CC=CC=C23)C(O)=O)=C1O.CCN(CC)CCCC(C)NCC(O)C1=CC(=NC2=CC=CC=C12)C1=CC=C(Cl)C=C1-1065' prediction.modelResults.predictionError=OC(=O)C1=CC2=CC=CC=C2C(CC2=C(O)C(=CC3=CC=CC=C23)C(O)=O)=C1O.CCN(CC)CCCC(C)NCC(O)C1=CC(=NC2=CC=CC=C12)C1=CC=C(Cl)C=C1: model can't run mixtures
key='BrC1=CC=C(C=C1)[Sb]=O-1065' prediction.modelResults.predictionError=O=[Sb]C1C=CC(Br)=CC=1: Molecule contains unsupported element
key='ClC1=CC=C(C=C1)[Sb]=O-1065' prediction.modelResults.predictionError=O=[Sb]C1C=CC(Cl)=CC=1: Molecule contains unsupported element
key='O[Sb](O)(=O)C1=CC(=C(Cl)C=C1)[N+]([O-])=O-1065' prediction.modelResults.predictionError=[O-][N+](=O)C1C=C(C=CC=1Cl)[Sb](O)(O)=O: Molecule contains unsupported element
key='CC(N)C1=CC=CC=C1.CN1C2=C(NC(Br)=N2)C(=O)N(C)C1=O-1065' prediction.modelResults.predictionError=CC(N)C1=CC=CC=C1.CN1C2=C(NC(Br)=N2)C(=O)N(C)C1=O: model can't run mixtures
key='NC1CCCCC1.CN1C2=C(NC(Br)=N2)C(=O)N(C)C1=O-1065' prediction.modelResults.predictionError=NC1CCCCC1.CN1C2=C(NC(Br)=N2)C(=O)N(C)C1=O: model can't run mixtures
key='COC1=CC=C(CN)C=C1.CN1C2=C(NC(Br)=N2)C(=O)N(C)C1=O-1065' prediction.modelResults.predictionError=COC1=CC=C(CN)C=C1.CN1C2=C(NC(Br)=N2)C(=O)N(C)C1=O: model can't run mixtures
key='CC(O)=O.NC(N)=N\\C(N)=N\\C1=CC=C(Cl)C=C1-1065' prediction.modelResults.predictionError=CC(O)=O.NC(N)=N\C(N)=N\C1=CC=C(Cl)C=C1: model can't run mixtures
key='NC1=CC=C(C=C1)S(=O)(=O)C1=CC=C(N)C=C1.OCCOCCOCCOCCOCCOCCOCCOCCOCCOCCOCCOCCOCCOS(O)(=O)=O-1065' prediction.modelResults.predictionError=NC1=CC=C(C=C1)S(=O)(=O)C1=CC=C(N)C=C1.OCCOCCOCCOCCOCCOCCOCCOCCOCCOCCOCCOCCOCCOS(O)(=O)=O: model can't run mixtures
key='CC(O)=O.NC(N)=N\\C(N)=N\\C1=CC=C(Cl)C=C1-1065' prediction.modelResults.predictionError=CC(O)=O.NC(N)=N\C(N)=N\C1=CC=C(Cl)C=C1: model can't run mixtures
key='NC1=CC=C(C=C1)S(=O)(=O)C1=CC=C(N)C=C1.OCCOCCOCCOCCOCCOCCOCCOCCOCCOCCOCCOCCOCCOS(O)(=O)=O-1065' prediction.modelResults.predictionError=NC1=CC=C(C=C1)S(=O)(=O)C1=CC=C(N)C=C1.OCCOCCOCCOCCOCCOCCOCCOCCOCCOCCOCCOCCOCCOS(O)(=O)=O: model can't run mixtures
key='OC(=O)C(O)=O.CNCCCCC1=CC=C(C=C1)[N+]([O-])=O-1065' prediction.modelResults.predictionError=OC(=O)C(O)=O.CNCCCCC1=CC=C(C=C1)[N+]([O-])=O: model can't run mixtures
key='CC(O)=O.NCC(=O)NCCCCC(N)C(O)=O-1065' prediction.modelResults.predictionError=CC(O)=O.NCC(=O)NCCCCC(N)C(O)=O: model can't run mixtures
key='OC(=O)C(O)=O.CCN(CC)CCNC(=O)C(CC=C)(C1=CC=CC=C1)C1=CC=CC=C1-1065' prediction.modelResults.predictionError=OC(=O)C(O)=O.CCN(CC)CCNC(=O)C(CC=C)(C1=CC=CC=C1)C1=CC=CC=C1: model can't run mixtures
key='CC1CCCCN1.CC1CCCCN1C(S)=S-1065' prediction.modelResults.predictionError=CC1CCCCN1.CC1CCCCN1C(S)=S: model can't run mixtures
key='NCC1=CC=CC=C1.OC(=O)NCC1=CC=CC=C1-1065' prediction.modelResults.predictionError=NCC1=CC=CC=C1.OC(=O)NCC1=CC=CC=C1: model can't run mixtures
key='NC1CCCCC1.CC1=CC(C)=C(C(O)=O)C(C)=C1-1065' prediction.modelResults.predictionError=NC1CCCCC1.CC1=CC(C)=C(C(O)=O)C(C)=C1: model can't run mixtures
key='OCCN(CCCl)CCCl.OS(=O)(=O)C1=C(C=C(C=C1[N+]([O-])=O)[N+]([O-])=O)[N+]([O-])=O-1065' prediction.modelResults.predictionError=OCCN(CCCl)CCCl.OS(=O)(=O)C1=C(C=C(C=C1[N+]([O-])=O)[N+]([O-])=O)[N+]([O-])=O: model can't run mixtures
key='CSCCN.OC(=O)C1=CC=CC=C1-1065' prediction.modelResults.predictionError=CSCCN.OC(=O)C1=CC=CC=C1: model can't run mixtures
key='CC(C)C1=C(O)C=C(C)C(=C1)S(O)(=O)=O.CCN(CC)CCNC1=C2C(=O)C3=CC=CC=C3SC2=C(C)C=C1-1065' prediction.modelResults.predictionError=CC(C)C1=C(O)C=C(C)C(=C1)S(O)(=O)=O.CCN(CC)CCNC1=C2C(=O)C3=CC=CC=C3SC2=C(C)C=C1: model can't run mixtures
key='CC1=CC=C(C=C1)S(O)(=O)=O.CN(C)CC(O)C1=CC=C(Cl)C2=CC=CC=C12-1065' prediction.modelResults.predictionError=CC1=CC=C(C=C1)S(O)(=O)=O.CN(C)CC(O)C1=CC=C(Cl)C2=CC=CC=C12: model can't run mixtures
key='C1=CC=C2C(C=CC3=CC=CC=C23)=C1.OC1=C(C=C(C=C1[N+]([O-])=O)[N+]([O-])=O)[N+]([O-])=O-1065' prediction.modelResults.predictionError=C1=CC=C2C(C=CC3=CC=CC=C23)=C1.OC1=C(C=C(C=C1[N+]([O-])=O)[N+]([O-])=O)[N+]([O-])=O: model can't run mixtures
key='N1C2=CC=CC=C2C2=CC=CC=C12.OC1=C(C=C(C=C1[N+]([O-])=O)[N+]([O-])=O)[N+]([O-])=O-1065' prediction.modelResults.predictionError=N1C2=CC=CC=C2C2=CC=CC=C12.OC1=C(C=C(C=C1[N+]([O-])=O)[N+]([O-])=O)[N+]([O-])=O: model can't run mixtures
key='CCCN(CCC)CCC.OC1=C(C=C(C=C1[N+]([O-])=O)[N+]([O-])=O)[N+]([O-])=O-1065' prediction.modelResults.predictionError=CCCN(CCC)CCC.OC1=C(C=C(C=C1[N+]([O-])=O)[N+]([O-])=O)[N+]([O-])=O: model can't run mixtures
key='C1=CC2=CC=CC=C2C=C1.OC1=C(C=C(C=C1[N+]([O-])=O)[N+]([O-])=O)[N+]([O-])=O-1065' prediction.modelResults.predictionError=C1=CC2=CC=CC=C2C=C1.OC1=C(C=C(C=C1[N+]([O-])=O)[N+]([O-])=O)[N+]([O-])=O: model can't run mixtures
key='NC1CCCCC1.OP(=O)(OCC1=CC=CC=C1)OCC1=CC=CC=C1-1065' prediction.modelResults.predictionError=NC1CCCCC1.OP(=O)(OCC1=CC=CC=C1)OCC1=CC=CC=C1: model can't run mixtures
key='NC1=CC=C(C=C1)C(O)=O.NC(=N)SC1=CC=C(C=C1)[N+]([O-])=O-1065' prediction.modelResults.predictionError=NC1=CC=C(C=C1)C(O)=O.NC(=N)SC1=CC=C(C=C1)[N+]([O-])=O: model can't run mixtures
key='CC(O)=O.NC(=N)SCC(=O)C1=CC=CC=C1-1065' prediction.modelResults.predictionError=CC(O)=O.NC(=N)SCC(=O)C1=CC=CC=C1: model can't run mixtures
key='CC1=CC(C)=C(C(C)=C1)S(O)(=O)=O.NC(=N)SCC(=O)C1=CC=CC=C1-1065' prediction.modelResults.predictionError=CC1=CC(C)=C(C(C)=C1)S(O)(=O)=O.NC(=N)SCC(=O)C1=CC=CC=C1: model can't run mixtures
key='CC(O)=O.O=C(CSC1=NCCN1)C1=CC=CC=C1-1065' prediction.modelResults.predictionError=CC(O)=O.O=C(CSC1=NCCN1)C1=CC=CC=C1: model can't run mixtures
key='O=C(CSC1=NCCN1)C1=CC=CC=C1.OS(=O)(=O)C1=CC=C(C=C1)C1=CC=CC=C1-1065' prediction.modelResults.predictionError=O=C(CSC1=NCCN1)C1=CC=CC=C1.OS(=O)(=O)C1=CC=C(C=C1)C1=CC=CC=C1: model can't run mixtures
key='CCCCCCCCCC(O)=O.CCCCCCCCCCSC(N)=N-1065' prediction.modelResults.predictionError=CCCCCCCCCC(O)=O.CCCCCCCCCCSC(N)=N: model can't run mixtures
key='C1CCNCC1.OC1=C(C=C(C=C1)[N+]([O-])=O)[N+]([O-])=O-1065' prediction.modelResults.predictionError=C1CCNCC1.OC1=C(C=C(C=C1)[N+]([O-])=O)[N+]([O-])=O: model can't run mixtures
key='C1CNC2=CC=CC=C2C1.OC1=C(C=C(C=C1)[N+]([O-])=O)[N+]([O-])=O-1065' prediction.modelResults.predictionError=C1CNC2=CC=CC=C2C1.OC1=C(C=C(C=C1)[N+]([O-])=O)[N+]([O-])=O: model can't run mixtures
key='NC1=CC=C(C=C1)S(O)(=O)=O.CCN(CC)CCNC1=C2C(=O)C3=CC=CC=C3SC2=C(C)C=C1-1065' prediction.modelResults.predictionError=NC1=CC=C(C=C1)S(O)(=O)=O.CCN(CC)CCNC1=C2C(=O)C3=CC=CC=C3SC2=C(C)C=C1: model can't run mixtures
key='[O-][N+](=O)C1C(=O)NC(=O)NC1=O.CCCCCCC(=O)C[N+]1=CC=CC=C1-1065' prediction.modelResults.predictionError=[O-][N+](=O)C1C(=O)NC(=O)NC1=O.CCCCCCC(=O)C[N+]1=CC=CC=C1: model can't run mixtures
key='CC1=CC=C(C=C1)S(O)(=O)=O.NC(=N)SCCCC(=O)C1=CC=CC=C1-1065' prediction.modelResults.predictionError=CC1=CC=C(C=C1)S(O)(=O)=O.NC(=N)SCCCC(=O)C1=CC=CC=C1: model can't run mixtures
key='CC1=CC=C(C=C1)S(O)(=O)=O.CC1=CC(C)=C(C(=O)CCCSC(N)=N)C(C)=C1-1065' prediction.modelResults.predictionError=CC1=CC=C(C=C1)S(O)(=O)=O.CC1=CC(C)=C(C(=O)CCCSC(N)=N)C(C)=C1: model can't run mixtures
key='CCS(O)(=O)=O.COC1=CC=C(CCC2CCCC(CCC3=CC=C(OC)C=C3)N2C)C=C1-1065' prediction.modelResults.predictionError=CCS(O)(=O)=O.COC1=CC=C(CCC2CCCC(CCC3=CC=C(OC)C=C3)N2C)C=C1: model can't run mixtures
key='NC(=N)SCC1=CC=CC=C1.OC1=C(C=C(C=C1)[N+]([O-])=O)[N+]([O-])=O-1065' prediction.modelResults.predictionError=NC(=N)SCC1=CC=CC=C1.OC1=C(C=C(C=C1)[N+]([O-])=O)[N+]([O-])=O: model can't run mixtures
key='OC(=O)CC(O)(CC(O)=O)C(O)=O.COC(=O)C1=COC(C)C2CN3CCC4=C(NC5=CC(OC)=C(OC)C=C45)C3CC12-1065' prediction.modelResults.predictionError=OC(=O)CC(O)(CC(O)=O)C(O)=O.COC(=O)C1=COC(C)C2CN3CCC4=C(NC5=CC(OC)=C(OC)C=C45)C3CC12: model can't run mixtures
key='NC1=CC(=CC=C1)S(O)(=O)=O.CCN(CC)CCNC1=C2C(=O)C3=CC=CC=C3SC2=C(C)C=C1-1065' prediction.modelResults.predictionError=NC1=CC(=CC=C1)S(O)(=O)=O.CCN(CC)CCNC1=C2C(=O)C3=CC=CC=C3SC2=C(C)C=C1: model can't run mixtures
key='CC(C)N.COC1=CC(=CC(OC)=C1OC)[C@H]1[C@@H]2[C@H](COC2=O)[C@@H](OC(=O)CCC(O)=O)C2=CC3=C(OCO3)C=C12-1065' prediction.modelResults.predictionError=CC(C)N.COC1=CC(=CC(OC)=C1OC)[C@H]1[C@@H]2[C@H](COC2=O)[C@@H](OC(=O)CCC(O)=O)C2=CC3=C(OCO3)C=C12: model can't run mixtures
key='C1CNCCN1.NC1=CC=C(C=C1)S(O)(=O)=O-1065' prediction.modelResults.predictionError=C1CNCCN1.NC1=CC=C(C=C1)S(O)(=O)=O: model can't run mixtures
key='C1CCNC1.SC(=S)N1CCCC1-1065' prediction.modelResults.predictionError=C1CCNC1.SC(=S)N1CCCC1: model can't run mixtures
key='CC1CCCNC1.CC1CCCN(C1)C(S)=S-1065' prediction.modelResults.predictionError=CC1CCCNC1.CC1CCCN(C1)C(S)=S: model can't run mixtures
key='N1C2=CC=CC=C2C2=CC=CC=C12.[O-][N+](=O)C1=CC(=CC(=C1)[N+]([O-])=O)[N+]([O-])=O-1065' prediction.modelResults.predictionError=N1C2=CC=CC=C2C2=CC=CC=C12.[O-][N+](=O)C1=CC(=CC(=C1)[N+]([O-])=O)[N+]([O-])=O: model can't run mixtures
key='C1=CC=C2C(C=CC3=CC=CC=C23)=C1.[O-][N+](=O)C1=CC(=CC(=C1)[N+]([O-])=O)[N+]([O-])=O-1065' prediction.modelResults.predictionError=C1=CC=C2C(C=CC3=CC=CC=C23)=C1.[O-][N+](=O)C1=CC(=CC(=C1)[N+]([O-])=O)[N+]([O-])=O: model can't run mixtures
key='OC(=O)C1=CC=C(C=C1)C(O)=O.NCCCOCCCCOCCCN-1065' prediction.modelResults.predictionError=OC(=O)C1=CC=C(C=C1)C(O)=O.NCCCOCCCCOCCCN: model can't run mixtures
key='CC(O)=O.CN1C2=C(C(=O)N=C(N)N2)C(C)(C)C2=C1C=C(C)C(C)=C2-1065' prediction.modelResults.predictionError=CC(O)=O.CN1C2=C(C(=O)N=C(N)N2)C(C)(C)C2=C1C=C(C)C(C)=C2: model can't run mixtures
key='NC1=CC=C(C=C1)C1=CC=C(N)C=C1.OS(=O)(=O)C1=CC2=C(C=C1)C=CC(=C2)S(O)(=O)=O-1065' prediction.modelResults.predictionError=NC1=CC=C(C=C1)C1=CC=C(N)C=C1.OS(=O)(=O)C1=CC2=C(C=C1)C=CC(=C2)S(O)(=O)=O: model can't run mixtures
key='C1CNCCN1.OC(=O)C1=CN=CC=C1-1065' prediction.modelResults.predictionError=C1CNCCN1.OC(=O)C1=CN=CC=C1: model can't run mixtures
key='OC(=O)C1=CC=CC=C1O.CCC1=C(C(N)=NC(N)=N1)C1=CC=C(Cl)C=C1-1065' prediction.modelResults.predictionError=OC(=O)C1=CC=CC=C1O.CCC1=C(C(N)=NC(N)=N1)C1=CC=C(Cl)C=C1: model can't run mixtures
key='OS(=O)(=O)C1=CC=CC=C1.CCCCCCOC1=CC=C(N)C=C1-1065' prediction.modelResults.predictionError=OS(=O)(=O)C1=CC=CC=C1.CCCCCCOC1=CC=C(N)C=C1: model can't run mixtures
key='CC(C)CC(O)=O.NC(=N)SCC1=CC=CC=C1-1065' prediction.modelResults.predictionError=CC(C)CC(O)=O.NC(=N)SCC1=CC=CC=C1: model can't run mixtures
key='OC(=O)CC(O)(CC(O)=O)C(O)=O.CCCCCCCCCCCCCCN-1065' prediction.modelResults.predictionError=OC(=O)CC(O)(CC(O)=O)C(O)=O.CCCCCCCCCCCCCCN: model can't run mixtures
key='CCCCCCCCCCCCN.CCCCCCCCCCCC(O)=O-1065' prediction.modelResults.predictionError=CCCCCCCCCCCCN.CCCCCCCCCCCC(O)=O: model can't run mixtures
key='CN1C=CN=C1.OC1=C(C=C(C=C1[N+]([O-])=O)[N+]([O-])=O)[N+]([O-])=O-1065' prediction.modelResults.predictionError=CN1C=CN=C1.OC1=C(C=C(C=C1[N+]([O-])=O)[N+]([O-])=O)[N+]([O-])=O: model can't run mixtures
key='C1=CN(C=N1)C1=CC=CC=C1.OC1=C(C=C(C=C1[N+]([O-])=O)[N+]([O-])=O)[N+]([O-])=O-1065' prediction.modelResults.predictionError=C1=CN(C=N1)C1=CC=CC=C1.OC1=C(C=C(C=C1[N+]([O-])=O)[N+]([O-])=O)[N+]([O-])=O: model can't run mixtures
key='CC1=CC=C(C=C1)S(O)(=O)=O.COC(=O)CCCC1=CC=CC=C1N-1065' prediction.modelResults.predictionError=CC1=CC=C(C=C1)S(O)(=O)=O.COC(=O)CCCC1=CC=CC=C1N: model can't run mixtures
key='CN1CCOCC1.OC1=C(C=C(C=C1[N+]([O-])=O)[N+]([O-])=O)[N+]([O-])=O-1065' prediction.modelResults.predictionError=CN1CCOCC1.OC1=C(C=C(C=C1[N+]([O-])=O)[N+]([O-])=O)[N+]([O-])=O: model can't run mixtures
key='CC1CCN(C)C1.OC1=C(C=C(C=C1[N+]([O-])=O)[N+]([O-])=O)[N+]([O-])=O-1065' prediction.modelResults.predictionError=CC1CCN(C)C1.OC1=C(C=C(C=C1[N+]([O-])=O)[N+]([O-])=O)[N+]([O-])=O: model can't run mixtures
key='OC(=O)C(O)=O.CCCNCCC(C)=O-1065' prediction.modelResults.predictionError=OC(=O)C(O)=O.CCCNCCC(C)=O: model can't run mixtures
key='C1=CC(=CN=C1)\\N=N\\C1=CN=CC=C1.OC1=C(C=C(C=C1[N+]([O-])=O)[N+]([O-])=O)[N+]([O-])=O-1065' prediction.modelResults.predictionError=C1=CC(=CN=C1)\N=N\C1=CN=CC=C1.OC1=C(C=C(C=C1[N+]([O-])=O)[N+]([O-])=O)[N+]([O-])=O: model can't run mixtures
key='CC(O)=O.NCCOC(=O)NC1=CC=CC2=CC=CC=C12-1065' prediction.modelResults.predictionError=CC(O)=O.NCCOC(=O)NC1=CC=CC2=CC=CC=C12: model can't run mixtures
key='CC(O)=O.CCCCCCCCCCCCN1CCN=C1-1065' prediction.modelResults.predictionError=CC(O)=O.CCCCCCCCCCCCN1CCN=C1: model can't run mixtures
key='CC1=CC=C(C=C1)S(O)(=O)=O.CNCCOC(=O)C1=CC=CC=C1-1065' prediction.modelResults.predictionError=CC1=CC=C(C=C1)S(O)(=O)=O.CNCCOC(=O)C1=CC=CC=C1: model can't run mixtures
key='C1CNCCN1.OC(=O)C1=CC=CO1-1065' prediction.modelResults.predictionError=C1CNCCN1.OC(=O)C1=CC=CO1: model can't run mixtures
key='OC(=O)C(O)=O.COC1=C(N)C=C(C)C(=C1)\\N=N\\C1=C(C=C(C)C=C1)S(N)(=O)=O-1065' prediction.modelResults.predictionError=OC(=O)C(O)=O.COC1=C(N)C=C(C)C(=C1)\N=N\C1=C(C=C(C)C=C1)S(N)(=O)=O: model can't run mixtures
key='OC(=O)C(O)=O.CCCCCCNN-1065' prediction.modelResults.predictionError=OC(=O)C(O)=O.CCCCCCNN: model can't run mixtures
key='OC(=O)C(O)=O.CCCCCCCNN-1065' prediction.modelResults.predictionError=OC(=O)C(O)=O.CCCCCCCNN: model can't run mixtures
key='NC(N)=N.OC(=O)C=C-1065' prediction.modelResults.predictionError=NC(N)=N.OC(=O)C=C: model can't run mixtures
key='NC(N)=N.CC(=C)C(O)=O-1065' prediction.modelResults.predictionError=NC(N)=N.CC(=C)C(O)=O: model can't run mixtures
key='CN1CCOCC1.ClC(Cl)(Cl)C1=NC(=O)N=C(N1)C(Cl)(Cl)Cl-1065' prediction.modelResults.predictionError=CN1CCOCC1.ClC(Cl)(Cl)C1=NC(=O)N=C(N1)C(Cl)(Cl)Cl: model can't run mixtures
key='CCN1CCCCC1.ClC(Cl)(Cl)C1=NC(=O)N=C(N1)C(Cl)(Cl)Cl-1065' prediction.modelResults.predictionError=CCN1CCCCC1.ClC(Cl)(Cl)C1=NC(=O)N=C(N1)C(Cl)(Cl)Cl: model can't run mixtures
key='CC(O)=O.CC(C)(C)CC(C)(C)N-1065' prediction.modelResults.predictionError=CC(O)=O.CC(C)(C)CC(C)(C)N: model can't run mixtures
key='NC1=CC=CC=C1.OP(O)(=O)C1=CC=CC=C1-1065' prediction.modelResults.predictionError=NC1=CC=CC=C1.OP(O)(=O)C1=CC=CC=C1: model can't run mixtures
key='ClC1=CC=C(C=C1)[Pb](Cl)(Cl)C1=CC=C(Cl)C=C1-1065' prediction.modelResults.predictionError=Cl[Pb](Cl)(C1C=CC(Cl)=CC=1)C1C=CC(Cl)=CC=1: Molecule contains unsupported element
key='I[Pb](I)(C1=CC=CC=C1)C1=CC=CC=C1-1065' prediction.modelResults.predictionError=I[Pb](I)(C1C=CC=CC=1)C1C=CC=CC=1: Molecule contains unsupported element
key='ClC1=CC=C(C=C1)[Pb](C1=CC=CS1)(C1=CC=CS1)C1=CC=C(Cl)C=C1-1065' prediction.modelResults.predictionError=ClC1C=CC(=CC=1)[Pb](C1=CC=CS1)(C1=CC=CS1)C1C=CC(Cl)=CC=1: Molecule contains unsupported element
key='CC1=CC=C(C=C1)[Pb](C1=CC=C(C)C=C1)(C1=CC=C(Cl)C=C1)C1=CC=C(Cl)C=C1-1065' prediction.modelResults.predictionError=CC1C=CC(=CC=1)[Pb](C1C=CC(Cl)=CC=1)(C1C=CC(Cl)=CC=1)C1C=CC(C)=CC=1: Molecule contains unsupported element
key='C(C1=CC=CC=C1)[Pb](CC1=CC=CC=C1)(C1=CC=CC=C1)C1=CC=CC=C1-1065' prediction.modelResults.predictionError=C(C1C=CC=CC=1)[Pb](CC1C=CC=CC=1)(C1C=CC=CC=1)C1C=CC=CC=1: Molecule contains unsupported element
key='C1CNCCN1.SC(=S)N1CCNCC1-1065' prediction.modelResults.predictionError=C1CNCCN1.SC(=S)N1CCNCC1: model can't run mixtures
key='C1CNCCN1.CCC1CN(C(CC)CN1)C(S)=S-1065' prediction.modelResults.predictionError=C1CNCCN1.CCC1CN(C(CC)CN1)C(S)=S: model can't run mixtures
key='C1COCCN1.OC(=O)C(C=C(Cl)Cl)N1CCOCC1-1065' prediction.modelResults.predictionError=C1COCCN1.OC(=O)C(C=C(Cl)Cl)N1CCOCC1: model can't run mixtures
key='C1CCC(CC1)NC1CCCCC1.[H]C12CCC(C)(C(=O)C1S(O)(=O)=O)C2(C)C-1065' prediction.modelResults.predictionError=C1CCC(CC1)NC1CCCCC1.[H]C12CCC(C)(C(=O)C1S(O)(=O)=O)C2(C)C: model can't run mixtures
key='OC(C(O)C(O)=O)C(O)=O.OCC(O)C(O)C(O)C(O)C(O)C1=NC2=CC=CC=C2N1-1065' prediction.modelResults.predictionError=OC(C(O)C(O)=O)C(O)=O.OCC(O)C(O)C(O)C(O)C(O)C1=NC2=CC=CC=C2N1: model can't run mixtures
key='CC(C)C1=CC2=C(C)C=CC=C2C=C1.OC1=C(C=C(C=C1[N+]([O-])=O)[N+]([O-])=O)[N+]([O-])=O-1065' prediction.modelResults.predictionError=CC(C)C1=CC2=C(C)C=CC=C2C=C1.OC1=C(C=C(C=C1[N+]([O-])=O)[N+]([O-])=O)[N+]([O-])=O: model can't run mixtures
key='C1=CC=NC=C1.CC(=O)NC1=CC=CC2=C1C=CC(=C2)S(O)(=O)=O-1065' prediction.modelResults.predictionError=C1=CC=NC=C1.CC(=O)NC1=CC=CC2=C1C=CC(=C2)S(O)(=O)=O: model can't run mixtures
key='C1=CC2=CC=CC=C2C=C1.[O-][N+](=O)C1=CC(=CC(=C1)[N+]([O-])=O)[N+]([O-])=O-1065' prediction.modelResults.predictionError=C1=CC2=CC=CC=C2C=C1.[O-][N+](=O)C1=CC(=CC(=C1)[N+]([O-])=O)[N+]([O-])=O: model can't run mixtures
key='OC1=CC=CC2=CC=CC=C12.[O-][N+](=O)C1=CC(=CC(=C1)[N+]([O-])=O)[N+]([O-])=O-1065' prediction.modelResults.predictionError=OC1=CC=CC2=CC=CC=C12.[O-][N+](=O)C1=CC(=CC(=C1)[N+]([O-])=O)[N+]([O-])=O: model can't run mixtures
key='OC(=O)C(O)=O.CC(CN(C)C)C(C#N)(C1=CC=CC=C1)C1=CC=CC=C1-1065' prediction.modelResults.predictionError=OC(=O)C(O)=O.CC(CN(C)C)C(C#N)(C1=CC=CC=C1)C1=CC=CC=C1: model can't run mixtures
key='NCCO.OC(=O)C(=CC1=CC=CC=C1O)C(O)=O-1065' prediction.modelResults.predictionError=NCCO.OC(=O)C(=CC1=CC=CC=C1O)C(O)=O: model can't run mixtures
key='CC1=CC=CC=C1SCN1CCOCC1.OC1=C(C=C(C=C1[N+]([O-])=O)[N+]([O-])=O)[N+]([O-])=O-1065' prediction.modelResults.predictionError=CC1=CC=CC=C1SCN1CCOCC1.OC1=C(C=C(C=C1[N+]([O-])=O)[N+]([O-])=O)[N+]([O-])=O: model can't run mixtures
key='CC1=CC=CC=C1SCN1CCCCC1.OC1=C(C=C(C=C1[N+]([O-])=O)[N+]([O-])=O)[N+]([O-])=O-1065' prediction.modelResults.predictionError=CC1=CC=CC=C1SCN1CCCCC1.OC1=C(C=C(C=C1[N+]([O-])=O)[N+]([O-])=O)[N+]([O-])=O: model can't run mixtures
key='[O-][N+](=O)C1=CC=C(C=C1)C(Cl)=O.CC1=CC=C(SCN2CCCCC2)C=C1-1065' prediction.modelResults.predictionError=[O-][N+](=O)C1=CC=C(C=C1)C(Cl)=O.CC1=CC=C(SCN2CCCCC2)C=C1: model can't run mixtures
key='CCCCCCC[Se]CCCCCCCC(O)=O-1065' prediction.modelResults.predictionError=CCCCCCC[Se]CCCCCCCC(O)=O: Molecule contains unsupported element
key='CC(C)NN.OC(=O)C(O)=O-1065' prediction.modelResults.predictionError=CC(C)NN.OC(=O)C(O)=O: model can't run mixtures
key='OCCC(O)=O.CCCCCCCCCCCCCCNCCC(C)O-1065' prediction.modelResults.predictionError=OCCC(O)=O.CCCCCCCCCCCCCCNCCC(C)O: model can't run mixtures
key='C=CS(=O)(=O)C=C.O=C1OC(=O)C=C1-1065' prediction.modelResults.predictionError=C=CS(=O)(=O)C=C.O=C1OC(=O)C=C1: model can't run mixtures
key='CC1=CC2=C(C=C1)C=C(C)C=C2.OC1=C(C=C(C=C1[N+]([O-])=O)[N+]([O-])=O)[N+]([O-])=O-1065' prediction.modelResults.predictionError=CC1=CC2=C(C=C1)C=C(C)C=C2.OC1=C(C=C(C=C1[N+]([O-])=O)[N+]([O-])=O)[N+]([O-])=O: model can't run mixtures
key='NCCO.OC1=C(C=C(C=C1[N+]([O-])=O)[N+]([O-])=O)[N+]([O-])=O-1065' prediction.modelResults.predictionError=NCCO.OC1=C(C=C(C=C1[N+]([O-])=O)[N+]([O-])=O)[N+]([O-])=O: model can't run mixtures
key='CC(C)(C)N.OP(=O)(CCl)N(CCCl)CCCl-1065' prediction.modelResults.predictionError=CC(C)(C)N.OP(=O)(CCl)N(CCCl)CCCl: model can't run mixtures
key='CC1=CC=C(C=C1)S(O)(=O)=O.CC1(C)OC2OC(C(O)CN)C(OCC3=CC=CC=C3)C2O1-1065' prediction.modelResults.predictionError=CC1=CC=C(C=C1)S(O)(=O)=O.CC1(C)OC2OC(C(O)CN)C(OCC3=CC=CC=C3)C2O1: model can't run mixtures
key='CC(O)=O.BrC1=CC=C(NC2C(=O)NC(=O)NC2=O)C=C1-1065' prediction.modelResults.predictionError=CC(O)=O.BrC1=CC=C(NC2C(=O)NC(=O)NC2=O)C=C1: model can't run mixtures
key='O=C1OC(=O)C=C1.C1C=CC2=CC=CC=C12-1065' prediction.modelResults.predictionError=O=C1OC(=O)C=C1.C1C=CC2=CC=CC=C12: model can't run mixtures
key='COC(N)=N.CC1=CC=C(C=C1)S(O)(=O)=O-1065' prediction.modelResults.predictionError=COC(N)=N.CC1=CC=C(C=C1)S(O)(=O)=O: model can't run mixtures
key='CC1=CC2=CC=CC=C2C=C1.OC(=O)C1=C(C=C(C=C1[N+]([O-])=O)[N+]([O-])=O)[N+]([O-])=O-1065' prediction.modelResults.predictionError=CC1=CC2=CC=CC=C2C=C1.OC(=O)C1=C(C=C(C=C1[N+]([O-])=O)[N+]([O-])=O)[N+]([O-])=O: model can't run mixtures
key='CC1=CC2=CC=CC=C2C=C1.OC1=C(C=C(C=C1[N+]([O-])=O)[N+]([O-])=O)[N+]([O-])=O-1065' prediction.modelResults.predictionError=CC1=CC2=CC=CC=C2C=C1.OC1=C(C=C(C=C1[N+]([O-])=O)[N+]([O-])=O)[N+]([O-])=O: model can't run mixtures
key='CCCCOCCOB(OCCOCCCC)OCCOCCCC-1065' prediction.modelResults.predictionError=CCCCOCCOB(OCCOCCCC)OCCOCCCC: Molecule contains unsupported element
key='OC(C(O)C(O)=O)C(O)=O.CCC1=C(C(N)=NC(N)=N1)C1=CC=C(Cl)C=C1-1065' prediction.modelResults.predictionError=OC(C(O)C(O)=O)C(O)=O.CCC1=C(C(N)=NC(N)=N1)C1=CC=C(Cl)C=C1: model can't run mixtures
key='NC1=CC=C(Cl)C=C1.CC1=CC=C(C=C1)S(O)(=O)=O-1065' prediction.modelResults.predictionError=NC1=CC=C(Cl)C=C1.CC1=CC=C(C=C1)S(O)(=O)=O: model can't run mixtures
key='CC1=CC=C(C=C1)S(O)(=O)=O.COC1OC(COCC2=CC=CC=C2)C(N)C(OCC2=CC=CC=C2)C1OCC1=CC=CC=C1-1065' prediction.modelResults.predictionError=CC1=CC=C(C=C1)S(O)(=O)=O.COC1OC(COCC2=CC=CC=C2)C(N)C(OCC2=CC=CC=C2)C1OCC1=CC=CC=C1: model can't run mixtures
key='CCC[GeH](CCC)CCC-1065' prediction.modelResults.predictionError=CCC[GeH](CCC)CCC: Molecule contains unsupported element
key='CC1CN1.OC1=C(C=C(C=C1[N+]([O-])=O)[N+]([O-])=O)[N+]([O-])=O-1065' prediction.modelResults.predictionError=CC1CN1.OC1=C(C=C(C=C1[N+]([O-])=O)[N+]([O-])=O)[N+]([O-])=O: model can't run mixtures
key='C1=CC=CC=C1.COC(=O)C(CC1=CC(NP(=O)(N2CC2)N2CC2)=CC=C1)N1C(=O)C2=CC=CC=C2C1=O-1065' prediction.modelResults.predictionError=C1=CC=CC=C1.COC(=O)C(CC1=CC(NP(=O)(N2CC2)N2CC2)=CC=C1)N1C(=O)C2=CC=CC=C2C1=O: model can't run mixtures
key='CCCCCCOS(O)(=O)=O.OC1=CC=CC=C1CN1CCOCC1-1065' prediction.modelResults.predictionError=CCCCCCOS(O)(=O)=O.OC1=CC=CC=C1CN1CCOCC1: model can't run mixtures
key='NC1=CC=C(N)C=C1.ClC1=C(Cl)C(=O)C(Cl)=C(Cl)C1=O-1065' prediction.modelResults.predictionError=NC1=CC=C(N)C=C1.ClC1=C(Cl)C(=O)C(Cl)=C(Cl)C1=O: model can't run mixtures
key='CC1=CC=C(C=C1)S(O)(=O)=O.CCOC1=CC=C(C=C1)\\N=C\\N(C)C-1065' prediction.modelResults.predictionError=CC1=CC=C(C=C1)S(O)(=O)=O.CCOC1=CC=C(C=C1)\N=C\N(C)C: model can't run mixtures
key='CN1CCCCC1.OC1=C(C=C(C=C1[N+]([O-])=O)[N+]([O-])=O)[N+]([O-])=O-1065' prediction.modelResults.predictionError=CN1CCCCC1.OC1=C(C=C(C=C1[N+]([O-])=O)[N+]([O-])=O)[N+]([O-])=O: model can't run mixtures
key='OCC1COCO1.OC1COCOC1-1065' prediction.modelResults.predictionError=OCC1COCO1.OC1COCOC1: model can't run mixtures
key='COC(=O)C1=CC=CC=C1N.OC1=C(C=C(C=C1[N+]([O-])=O)[N+]([O-])=O)[N+]([O-])=O-1065' prediction.modelResults.predictionError=COC(=O)C1=CC=CC=C1N.OC1=C(C=C(C=C1[N+]([O-])=O)[N+]([O-])=O)[N+]([O-])=O: model can't run mixtures
key='C1CCNCC1.OC1=C(C=C(C=C1[N+]([O-])=O)[N+]([O-])=O)[N+]([O-])=O-1065' prediction.modelResults.predictionError=C1CCNCC1.OC1=C(C=C(C=C1[N+]([O-])=O)[N+]([O-])=O)[N+]([O-])=O: model can't run mixtures
key='ClCCCOB(OCCCCl)OCCCCl-1065' prediction.modelResults.predictionError=ClCCCOB(OCCCCl)OCCCCl: Molecule contains unsupported element
key='NC1CCCCC1.OP(=O)(OC1=CC=CC=C1)N(CCCl)CCCl-1065' prediction.modelResults.predictionError=NC1CCCCC1.OP(=O)(OC1=CC=CC=C1)N(CCCl)CCCl: model can't run mixtures
key='NC1CCCCC1.COP(O)(=O)N(CCCl)CCCl-1065' prediction.modelResults.predictionError=NC1CCCCC1.COP(O)(=O)N(CCCl)CCCl: model can't run mixtures
key='[H]C12CCC([H])(CC(=O)C1)N2C.OC1=C(C=C(C=C1[N+]([O-])=O)[N+]([O-])=O)[N+]([O-])=O-1065' prediction.modelResults.predictionError=[H]C12CCC([H])(CC(=O)C1)N2C.OC1=C(C=C(C=C1[N+]([O-])=O)[N+]([O-])=O)[N+]([O-])=O: model can't run mixtures
key='C1=CC=NN=C1.OC1=C(C=C(C=C1[N+]([O-])=O)[N+]([O-])=O)[N+]([O-])=O-1065' prediction.modelResults.predictionError=C1=CC=NN=C1.OC1=C(C=C(C=C1[N+]([O-])=O)[N+]([O-])=O)[N+]([O-])=O: model can't run mixtures
key='C1=CC2=CC3=CC=CC=C3C=C2C=C1.[O-][N+](=O)C1=CC(=CC(=C1)[N+]([O-])=O)[N+]([O-])=O-1065' prediction.modelResults.predictionError=C1=CC2=CC3=CC=CC=C3C=C2C=C1.[O-][N+](=O)C1=CC(=CC(=C1)[N+]([O-])=O)[N+]([O-])=O: model can't run mixtures
key='CCCCNCCCC.CCCCN(CCCC)\\N=N\\C1=CC=C(C=C1)C(=O)NC(CCC(O)=O)C(O)=O-1065' prediction.modelResults.predictionError=CCCCNCCCC.CCCCN(CCCC)\N=N\C1=CC=C(C=C1)C(=O)NC(CCC(O)=O)C(O)=O: model can't run mixtures
key='NCC1=CC=CC=C1.OC1=C(C=C(C=C1[N+]([O-])=O)[N+]([O-])=O)[N+]([O-])=O-1065' prediction.modelResults.predictionError=NCC1=CC=CC=C1.OC1=C(C=C(C=C1[N+]([O-])=O)[N+]([O-])=O)[N+]([O-])=O: model can't run mixtures
key='C1CC2=CC=CC3=C2C1=CC=C3.OC1=C(C=C(C=C1[N+]([O-])=O)[N+]([O-])=O)[N+]([O-])=O-1065' prediction.modelResults.predictionError=C1CC2=CC=CC3=C2C1=CC=C3.OC1=C(C=C(C=C1[N+]([O-])=O)[N+]([O-])=O)[N+]([O-])=O: model can't run mixtures
key='OCCN(CCO)CCO.OC1=C(Cl)C(Cl)=C(Cl)C(Cl)=C1Cl-1065' prediction.modelResults.predictionError=OCCN(CCO)CCO.OC1=C(Cl)C(Cl)=C(Cl)C(Cl)=C1Cl: model can't run mixtures
key='NCCO.OC1=C(Cl)C(Cl)=C(Cl)C(Cl)=C1Cl-1065' prediction.modelResults.predictionError=NCCO.OC1=C(Cl)C(Cl)=C(Cl)C(Cl)=C1Cl: model can't run mixtures
key='ClCCN(CCCl)B1OCCO1-1065' prediction.modelResults.predictionError=ClCCN(CCCl)B1OCCO1: Molecule contains unsupported element
key='NC1=CC=CC=C1.OC(=O)C(Cl)(Cl)Cl-1065' prediction.modelResults.predictionError=NC1=CC=CC=C1.OC(=O)C(Cl)(Cl)Cl: model can't run mixtures
key='C=O.NC1=CC=C(O)C(=O)C=C1-1065' prediction.modelResults.predictionError=C=O.NC1=CC=C(O)C(=O)C=C1: model can't run mixtures
key='NC1CCCCC1.CCNP(O)(=O)N(CCCl)CCCl-1065' prediction.modelResults.predictionError=NC1CCCCC1.CCNP(O)(=O)N(CCCl)CCCl: model can't run mixtures
key='COC1=CC2=C(NC=C2CCO)C=C1.OC1=C(C=C(C=C1[N+]([O-])=O)[N+]([O-])=O)[N+]([O-])=O-1065' prediction.modelResults.predictionError=COC1=CC2=C(NC=C2CCO)C=C1.OC1=C(C=C(C=C1[N+]([O-])=O)[N+]([O-])=O)[N+]([O-])=O: model can't run mixtures
key='NC1=N[Se]N=C1C(O)=O-1065' prediction.modelResults.predictionError=NC1=N[Se]N=C1C(O)=O: Molecule contains unsupported element
key='NC1=CC(O)=C(C=C1)C(O)=O.OP(=O)(OC1=CC=CC=C1)OC1=CC=CC=C1-1065' prediction.modelResults.predictionError=NC1=CC(O)=C(C=C1)C(O)=O.OP(=O)(OC1=CC=CC=C1)OC1=CC=CC=C1: model can't run mixtures
key='NC1=CC(Cl)=C(C=C1)C(O)=O.OP(=O)(OC1=CC=CC=C1)OC1=CC=CC=C1-1065' prediction.modelResults.predictionError=NC1=CC(Cl)=C(C=C1)C(O)=O.OP(=O)(OC1=CC=CC=C1)OC1=CC=CC=C1: model can't run mixtures
key='CC1=CC(C)=C(N)C=C1.OP(=O)(OC1=CC=CC=C1)OC1=CC=CC=C1-1065' prediction.modelResults.predictionError=CC1=CC(C)=C(N)C=C1.OP(=O)(OC1=CC=CC=C1)OC1=CC=CC=C1: model can't run mixtures
key='C=CCC=C.O=C1OC(=O)C=C1-1065' prediction.modelResults.predictionError=C=CCC=C.O=C1OC(=O)C=C1: model can't run mixtures
key='C=COC=C.CCN1C(=O)C=CC1=O-1065' prediction.modelResults.predictionError=C=COC=C.CCN1C(=O)C=CC1=O: model can't run mixtures
key='C=COC=C.CC(C)N1C(=O)C=CC1=O-1065' prediction.modelResults.predictionError=C=COC=C.CC(C)N1C(=O)C=CC1=O: model can't run mixtures
key='C=COC=C.CCCCN1C(=O)C=CC1=O-1065' prediction.modelResults.predictionError=C=COC=C.CCCCN1C(=O)C=CC1=O: model can't run mixtures
key='C=COC=C.CC(C)CN1C(=O)C=CC1=O-1065' prediction.modelResults.predictionError=C=COC=C.CC(C)CN1C(=O)C=CC1=O: model can't run mixtures
key='C=COC=C.O=C1C=CC(=O)N1CC1=CC=CC=C1-1065' prediction.modelResults.predictionError=C=COC=C.O=C1C=CC(=O)N1CC1=CC=CC=C1: model can't run mixtures
key='C=COC=C.O=C1C=CC(=O)N1C1=CC=CC2=CC=CC=C12-1065' prediction.modelResults.predictionError=C=COC=C.O=C1C=CC(=O)N1C1=CC=CC2=CC=CC=C12: model can't run mixtures
key='CN(C)C(S)=S.NC(=N)SCC1=CC=CC=C1-1065' prediction.modelResults.predictionError=CN(C)C(S)=S.NC(=N)SCC1=CC=CC=C1: model can't run mixtures
key='NC(=N)SCC1=CC=CC=C1.CCCCCCCCCCCCC1=CC=C(C=C1)S(O)(=O)=O-1065' prediction.modelResults.predictionError=NC(=N)SCC1=CC=CC=C1.CCCCCCCCCCCCC1=CC=C(C=C1)S(O)(=O)=O: model can't run mixtures
key='NC(N)=N.OC1=C(Cl)C(Cl)=C(Cl)C(Cl)=C1Cl-1065' prediction.modelResults.predictionError=NC(N)=N.OC1=C(Cl)C(Cl)=C(Cl)C(Cl)=C1Cl: model can't run mixtures
key='OC(=O)C1=CC=CC=C1Cl.NC(=N)SCC1=CC=CC=C1-1065' prediction.modelResults.predictionError=OC(=O)C1=CC=CC=C1Cl.NC(=N)SCC1=CC=CC=C1: model can't run mixtures
key='OC(=O)C1=CC=CC=C1.C1CN(CCN1)C1=CC=CC=C1-1065' prediction.modelResults.predictionError=OC(=O)C1=CC=CC=C1.C1CN(CCN1)C1=CC=CC=C1: model can't run mixtures
key='NC1=CC=C(C=C1)C(O)=O.C1CN(CCN1)C1=CC=CC=C1-1065' prediction.modelResults.predictionError=NC1=CC=C(C=C1)C(O)=O.C1CN(CCN1)C1=CC=CC=C1: model can't run mixtures
key='C1CNCCN1.OC(=O)C1=CC=C(C=C1)C(O)=O-1065' prediction.modelResults.predictionError=C1CNCCN1.OC(=O)C1=CC=C(C=C1)C(O)=O: model can't run mixtures
key='C1CNCCN1.OC(=O)C1=CC(=CC=C1)C(O)=O-1065' prediction.modelResults.predictionError=C1CNCCN1.OC(=O)C1=CC(=CC=C1)C(O)=O: model can't run mixtures
key='C1CN(CCN1)C1=CC=CC=C1.CCCCCCCCCCC(O)=O-1065' prediction.modelResults.predictionError=C1CN(CCN1)C1=CC=CC=C1.CCCCCCCCCCC(O)=O: model can't run mixtures
key='CC(O)CNCCN.OC1=C(C=C(C=C1[N+]([O-])=O)[N+]([O-])=O)[N+]([O-])=O-1065' prediction.modelResults.predictionError=CC(O)CNCCN.OC1=C(C=C(C=C1[N+]([O-])=O)[N+]([O-])=O)[N+]([O-])=O: model can't run mixtures
key='C1CN(CCN1)C1=CC=CC=C1.OC1=C(C=C(C=C1[N+]([O-])=O)[N+]([O-])=O)[N+]([O-])=O-1065' prediction.modelResults.predictionError=C1CN(CCN1)C1=CC=CC=C1.OC1=C(C=C(C=C1[N+]([O-])=O)[N+]([O-])=O)[N+]([O-])=O: model can't run mixtures
key='C1CC2=CC=CC3=C2C1=CC=C3.[O-][N+](=O)C1=CC(=CC(=C1)[N+]([O-])=O)[N+]([O-])=O-1065' prediction.modelResults.predictionError=C1CC2=CC=CC3=C2C1=CC=C3.[O-][N+](=O)C1=CC(=CC(=C1)[N+]([O-])=O)[N+]([O-])=O: model can't run mixtures
key='OCCN(CCCl)CCCl.OC1=C(C=C(C=C1[N+]([O-])=O)[N+]([O-])=O)[N+]([O-])=O-1065' prediction.modelResults.predictionError=OCCN(CCCl)CCCl.OC1=C(C=C(C=C1[N+]([O-])=O)[N+]([O-])=O)[N+]([O-])=O: model can't run mixtures
key='C1CNCCN1.NC(CCC(O)=O)C(O)=O-1065' prediction.modelResults.predictionError=C1CNCCN1.NC(CCC(O)=O)C(O)=O: model can't run mixtures
key='CC(O)=O.NCC(=O)NC(CC1=CC=CC=C1)C(N)=O-1065' prediction.modelResults.predictionError=CC(O)=O.NCC(=O)NC(CC1=CC=CC=C1)C(N)=O: model can't run mixtures
key='C1CNCCN1.OC(=O)C(F)(F)C(F)(F)C(F)(F)C(O)=O-1065' prediction.modelResults.predictionError=C1CNCCN1.OC(=O)C(F)(F)C(F)(F)C(F)(F)C(O)=O: model can't run mixtures
key='OC(=O)C(F)(F)C(F)(F)F.C1CN(CCN1)C1=CC=CC=C1-1065' prediction.modelResults.predictionError=OC(=O)C(F)(F)C(F)(F)F.C1CN(CCN1)C1=CC=CC=C1: model can't run mixtures
key='C1CN(CCN1)C1=CC=CC=C1.OC(=O)C(F)(F)C(F)(Cl)C(F)(F)C(F)(Cl)C(F)(F)Cl-1065' prediction.modelResults.predictionError=C1CN(CCN1)C1=CC=CC=C1.OC(=O)C(F)(F)C(F)(Cl)C(F)(F)C(F)(Cl)C(F)(F)Cl: model can't run mixtures
key='C1CN(CCN1)C1=CC=CC=C1.OC(=O)C(F)(F)C(F)(F)C(F)(F)C(F)(F)C(F)(F)C(F)(F)C(F)(F)F-1065' prediction.modelResults.predictionError=C1CN(CCN1)C1=CC=CC=C1.OC(=O)C(F)(F)C(F)(F)C(F)(F)C(F)(F)C(F)(F)C(F)(F)C(F)(F)F: model can't run mixtures
key='C1CN(CCN1)C1=CC=CC=C1.OC(=O)C(F)(F)C(F)(F)C(F)(F)C(F)(F)C(F)(F)F-1065' prediction.modelResults.predictionError=C1CN(CCN1)C1=CC=CC=C1.OC(=O)C(F)(F)C(F)(F)C(F)(F)C(F)(F)C(F)(F)F: model can't run mixtures
key='C1CN(CCN1)C1=CC=CC=C1.OC(=O)C(F)(F)C(F)(F)C(F)(F)F-1065' prediction.modelResults.predictionError=C1CN(CCN1)C1=CC=CC=C1.OC(=O)C(F)(F)C(F)(F)C(F)(F)F: model can't run mixtures
key='OC(=O)C(F)(F)F.C1CN(CCN1)C1=CC=CC=C1-1065' prediction.modelResults.predictionError=OC(=O)C(F)(F)F.C1CN(CCN1)C1=CC=CC=C1: model can't run mixtures
key='OC(=O)C(O)=O.CNCCC1=CNC2=C1C=C(O)C=C2-1065' prediction.modelResults.predictionError=OC(=O)C(O)=O.CNCCC1=CNC2=C1C=C(O)C=C2: model can't run mixtures
key='C1CNCCN1.O=CC1=CC=CC=C1-1065' prediction.modelResults.predictionError=C1CNCCN1.O=CC1=CC=CC=C1: model can't run mixtures
key='[H]C12CC(N)C([H])(C1)C1CCCC21.OC1=C(C=C(C=C1[N+]([O-])=O)[N+]([O-])=O)[N+]([O-])=O-1065' prediction.modelResults.predictionError=[H]C12CC(N)C([H])(C1)C1CCCC21.OC1=C(C=C(C=C1[N+]([O-])=O)[N+]([O-])=O)[N+]([O-])=O: model can't run mixtures
key='OCCNCCO.OC(=O)CC1=CC(I)=C(OC2=CC(I)=C(O)C(I)=C2)C(I)=C1-1065' prediction.modelResults.predictionError=OCCNCCO.OC(=O)CC1=CC(I)=C(OC2=CC(I)=C(O)C(I)=C2)C(I)=C1: model can't run mixtures
key='CC(SC1=CC=CC=N1)C(C)=O.OC1=C(C=C(C=C1[N+]([O-])=O)[N+]([O-])=O)[N+]([O-])=O-1065' prediction.modelResults.predictionError=CC(SC1=CC=CC=N1)C(C)=O.OC1=C(C=C(C=C1[N+]([O-])=O)[N+]([O-])=O)[N+]([O-])=O: model can't run mixtures
key='CNC1=CC=CC=C1.OC1=C(C=C(C=C1[N+]([O-])=O)[N+]([O-])=O)[N+]([O-])=O-1065' prediction.modelResults.predictionError=CNC1=CC=CC=C1.OC1=C(C=C(C=C1[N+]([O-])=O)[N+]([O-])=O)[N+]([O-])=O: model can't run mixtures
key='C1C2=CC=CC=C2C2=CC=CC=C12.OC1=C(C=C(C=C1[N+]([O-])=O)[N+]([O-])=O)[N+]([O-])=O-1065' prediction.modelResults.predictionError=C1C2=CC=CC=C2C2=CC=CC=C12.OC1=C(C=C(C=C1[N+]([O-])=O)[N+]([O-])=O)[N+]([O-])=O: model can't run mixtures
key='CC(=O)C1=CC=CC=C1OB(F)F-1065' prediction.modelResults.predictionError=CC(=O)C1=CC=CC=C1OB(F)F: Molecule contains unsupported element
key='CN(C)CC1=C(C=CC(C)=C1C)C(C)(C)O.OC1=C(C=C(C=C1[N+]([O-])=O)[N+]([O-])=O)[N+]([O-])=O-1065' prediction.modelResults.predictionError=CN(C)CC1=C(C=CC(C)=C1C)C(C)(C)O.OC1=C(C=C(C=C1[N+]([O-])=O)[N+]([O-])=O)[N+]([O-])=O: model can't run mixtures
key='NC(=N)SCC1=CC=CC=C1.OC(=O)CCCC1=CC=CC=C1-1065' prediction.modelResults.predictionError=NC(=N)SCC1=CC=CC=C1.OC(=O)CCCC1=CC=CC=C1: model can't run mixtures
key='O=C1OC(=O)C=C1.C=CC1CCC=CC1-1065' prediction.modelResults.predictionError=O=C1OC(=O)C=C1.C=CC1CCC=CC1: model can't run mixtures
key='OC1=C(C=C(C=C1[N+]([O-])=O)[N+]([O-])=O)[N+]([O-])=O.CCOC(=O)C1=CC=C(C=C1)N(CCC(=O)CN)C(C)=O-1065' prediction.modelResults.predictionError=OC1=C(C=C(C=C1[N+]([O-])=O)[N+]([O-])=O)[N+]([O-])=O.CCOC(=O)C1=CC=C(C=C1)N(CCC(=O)CN)C(C)=O: model can't run mixtures
key='CCC1=C(C)C=NC2=CC=CC=C12.OC1=C(C=C(C=C1[N+]([O-])=O)[N+]([O-])=O)[N+]([O-])=O-1065' prediction.modelResults.predictionError=CCC1=C(C)C=NC2=CC=CC=C12.OC1=C(C=C(C=C1[N+]([O-])=O)[N+]([O-])=O)[N+]([O-])=O: model can't run mixtures
key='ClCCN(CCCl)B1OCCCO1-1065' prediction.modelResults.predictionError=ClCCN(CCCl)B1OCCCO1: Molecule contains unsupported element
key='ClCCN(CCCl)B1SCCCS1-1065' prediction.modelResults.predictionError=ClCCN(CCCl)B1SCCCS1: Molecule contains unsupported element
key='CC(C)(C)NN.OC(=O)C(O)=O-1065' prediction.modelResults.predictionError=CC(C)(C)NN.OC(=O)C(O)=O: model can't run mixtures
key='OCC(O)=O.C1CN(CCN1)C1=CC=CC=C1-1065' prediction.modelResults.predictionError=OCC(O)=O.C1CN(CCN1)C1=CC=CC=C1: model can't run mixtures
key='OC(=O)C1=CC=C(O)C=C1.C1CN(CCN1)C1=CC=CC=C1-1065' prediction.modelResults.predictionError=OC(=O)C1=CC=C(O)C=C1.C1CN(CCN1)C1=CC=CC=C1: model can't run mixtures
key='OC(=O)CC1=CC=CC=C1.C1CN(CCN1)C1=CC=CC=C1-1065' prediction.modelResults.predictionError=OC(=O)CC1=CC=CC=C1.C1CN(CCN1)C1=CC=CC=C1: model can't run mixtures
key='C1CN(CCN1)C1=CC=CC=C1.OC(=O)CNC(=O)C1=CC=CC=C1-1065' prediction.modelResults.predictionError=C1CN(CCN1)C1=CC=CC=C1.OC(=O)CNC(=O)C1=CC=CC=C1: model can't run mixtures
key='C1CN(CCN1)C1=CC=CC=C1.CCCCCCCCCCCCCC(O)=O-1065' prediction.modelResults.predictionError=C1CN(CCN1)C1=CC=CC=C1.CCCCCCCCCCCCCC(O)=O: model can't run mixtures
key='C1CCNCC1.CC1(COP(O)(=O)OC1)[N+]([O-])=O-1065' prediction.modelResults.predictionError=C1CCNCC1.CC1(COP(O)(=O)OC1)[N+]([O-])=O: model can't run mixtures
key='NCC1CCCO1.CC1(COP(O)(=O)OC1)[N+]([O-])=O-1065' prediction.modelResults.predictionError=NCC1CCCO1.CC1(COP(O)(=O)OC1)[N+]([O-])=O: model can't run mixtures
key='NCC1=CC=CO1.CC1(COP(O)(=O)OC1)[N+]([O-])=O-1065' prediction.modelResults.predictionError=NCC1=CC=CO1.CC1(COP(O)(=O)OC1)[N+]([O-])=O: model can't run mixtures
key='NC1=CC=CC=C1.CC1(COP(O)(=O)OC1)[N+]([O-])=O-1065' prediction.modelResults.predictionError=NC1=CC=CC=C1.CC1(COP(O)(=O)OC1)[N+]([O-])=O: model can't run mixtures
key='NCC1=CC=CO1.CCC1(COP(O)(=O)OC1)[N+]([O-])=O-1065' prediction.modelResults.predictionError=NCC1=CC=CO1.CCC1(COP(O)(=O)OC1)[N+]([O-])=O: model can't run mixtures
key='CC(C)(N)CO.CCC1(COP(O)(=O)OC1)[N+]([O-])=O-1065' prediction.modelResults.predictionError=CC(C)(N)CO.CCC1(COP(O)(=O)OC1)[N+]([O-])=O: model can't run mixtures
key='NC1=CC=CC=C1.OC(=O)C(F)(F)C(F)(Cl)C(F)(F)C(F)(Cl)C(F)(F)C(F)(Cl)C(F)(F)Cl-1065' prediction.modelResults.predictionError=NC1=CC=CC=C1.OC(=O)C(F)(F)C(F)(Cl)C(F)(F)C(F)(Cl)C(F)(F)C(F)(Cl)C(F)(F)Cl: model can't run mixtures
key='C1CCC(CC1)NC1CCCCC1.CSCCC(NC(=O)OC=C)C(O)=O-1065' prediction.modelResults.predictionError=C1CCC(CC1)NC1CCCCC1.CSCCC(NC(=O)OC=C)C(O)=O: model can't run mixtures
key='CCS(O)(=O)=O.NC1=CC=C(CCC(=O)NC2=CC=C(C=C2)S(F)(=O)=O)C=C1-1065' prediction.modelResults.predictionError=CCS(O)(=O)=O.NC1=CC=C(CCC(=O)NC2=CC=C(C=C2)S(F)(=O)=O)C=C1: model can't run mixtures
key='CCS(O)(=O)=O.CC1(C)N=C(N)N=C(N)N1C1=CC=C(CCC(=O)NC2=CC=C(C=C2)S(F)(=O)=O)C=C1-1065' prediction.modelResults.predictionError=CCS(O)(=O)=O.CC1(C)N=C(N)N=C(N)N1C1=CC=C(CCC(=O)NC2=CC=C(C=C2)S(F)(=O)=O)C=C1: model can't run mixtures
key='CCS(O)(=O)=O.CC1(C)N=C(N)N=C(N)N1C1=CC=C(CC(=O)NC2=CC=C(C=C2)S(F)(=O)=O)C=C1-1065' prediction.modelResults.predictionError=CCS(O)(=O)=O.CC1(C)N=C(N)N=C(N)N1C1=CC=C(CC(=O)NC2=CC=C(C=C2)S(F)(=O)=O)C=C1: model can't run mixtures
key='CCS(O)(=O)=O.CC1(C)N=C(N)N=C(N)N1C1=CC=C(C=C1)C(=O)NC1=CC=C(C=C1)S(F)(=O)=O-1065' prediction.modelResults.predictionError=CCS(O)(=O)=O.CC1(C)N=C(N)N=C(N)N1C1=CC=C(C=C1)C(=O)NC1=CC=C(C=C1)S(F)(=O)=O: model can't run mixtures
key='CCS(O)(=O)=O.CC1(C)N=C(N)N=C(N)N1C1=CC(=CC=C1)S(F)(=O)=O-1065' prediction.modelResults.predictionError=CCS(O)(=O)=O.CC1(C)N=C(N)N=C(N)N1C1=CC(=CC=C1)S(F)(=O)=O: model can't run mixtures
key='CCS(O)(=O)=O.NC1=CC=C(CCC(=O)NC2=CC=C(C=C2)S(F)(=O)=O)C=C1-1065' prediction.modelResults.predictionError=CCS(O)(=O)=O.NC1=CC=C(CCC(=O)NC2=CC=C(C=C2)S(F)(=O)=O)C=C1: model can't run mixtures
key='CCS(O)(=O)=O.CC1(C)N=C(N)N=C(N)N1C1=CC=C(CCC(=O)NC2=CC=C(C=C2)S(F)(=O)=O)C=C1-1065' prediction.modelResults.predictionError=CCS(O)(=O)=O.CC1(C)N=C(N)N=C(N)N1C1=CC=C(CCC(=O)NC2=CC=C(C=C2)S(F)(=O)=O)C=C1: model can't run mixtures
key='CCS(O)(=O)=O.CC1(C)N=C(N)N=C(N)N1C1=CC=C(CC(=O)NC2=CC=C(C=C2)S(F)(=O)=O)C=C1-1065' prediction.modelResults.predictionError=CCS(O)(=O)=O.CC1(C)N=C(N)N=C(N)N1C1=CC=C(CC(=O)NC2=CC=C(C=C2)S(F)(=O)=O)C=C1: model can't run mixtures
key='CCS(O)(=O)=O.CC1(C)N=C(N)N=C(N)N1C1=CC=C(C=C1)C(=O)NC1=CC=C(C=C1)S(F)(=O)=O-1065' prediction.modelResults.predictionError=CCS(O)(=O)=O.CC1(C)N=C(N)N=C(N)N1C1=CC=C(C=C1)C(=O)NC1=CC=C(C=C1)S(F)(=O)=O: model can't run mixtures
key='CCS(O)(=O)=O.CC1(C)N=C(N)N=C(N)N1C1=CC(=CC=C1)S(F)(=O)=O-1065' prediction.modelResults.predictionError=CCS(O)(=O)=O.CC1(C)N=C(N)N=C(N)N1C1=CC(=CC=C1)S(F)(=O)=O: model can't run mixtures
key='CCS(O)(=O)=O.CC1(C)N=C(N)N=C(N)N1C1=CC=C(C=C1)C(=O)NC1=CC(=CC=C1)S(F)(=O)=O-1065' prediction.modelResults.predictionError=CCS(O)(=O)=O.CC1(C)N=C(N)N=C(N)N1C1=CC=C(C=C1)C(=O)NC1=CC(=CC=C1)S(F)(=O)=O: model can't run mixtures
key='CCS(O)(=O)=O.CC1(C)N=C(N)N=C(N)N1C1=CC=CC(CCC(=O)NC2=CC=C(C=C2)S(F)(=O)=O)=C1-1065' prediction.modelResults.predictionError=CCS(O)(=O)=O.CC1(C)N=C(N)N=C(N)N1C1=CC=CC(CCC(=O)NC2=CC=C(C=C2)S(F)(=O)=O)=C1: model can't run mixtures
key='CCS(O)(=O)=O.CC1(C)N=C(N)N=C(N)N1C1=CC=C(CCC(=O)NC2=CC(=CC=C2)S(F)(=O)=O)C=C1-1065' prediction.modelResults.predictionError=CCS(O)(=O)=O.CC1(C)N=C(N)N=C(N)N1C1=CC=C(CCC(=O)NC2=CC(=CC=C2)S(F)(=O)=O)C=C1: model can't run mixtures
key='CCS(O)(=O)=O.CC1(C)N=C(N)N=C(N)N1C1=CC=C(CCNS(=O)(=O)C2=CC=C(C=C2)S(F)(=O)=O)C=C1-1065' prediction.modelResults.predictionError=CCS(O)(=O)=O.CC1(C)N=C(N)N=C(N)N1C1=CC=C(CCNS(=O)(=O)C2=CC=C(C=C2)S(F)(=O)=O)C=C1: model can't run mixtures
key='CCS(O)(=O)=O.CC1(C)N=C(N)N=C(N)N1C1=CC=C(OCC(=O)NC2=CC=C(C=C2)S(F)(=O)=O)C=C1-1065' prediction.modelResults.predictionError=CCS(O)(=O)=O.CC1(C)N=C(N)N=C(N)N1C1=CC=C(OCC(=O)NC2=CC=C(C=C2)S(F)(=O)=O)C=C1: model can't run mixtures
key='C=CN1CCCC1=O.CCCCCCCC(=O)OC=C-1065' prediction.modelResults.predictionError=C=CN1CCCC1=O.CCCCCCCC(=O)OC=C: model can't run mixtures
key='OC=C.C=CN1C=CN=C1-1065' prediction.modelResults.predictionError=OC=C.C=CN1C=CN=C1: model can't run mixtures
key='C=CC1=CN=CN1.OC1=CC=C(C=C)C=C1-1065' prediction.modelResults.predictionError=C=CC1=CN=CN1.OC1=CC=C(C=C)C=C1: model can't run mixtures
key='CSC1=CC=C(N)C=C1.COC(=O)C1(C)COP(O)(=O)OC1-1065' prediction.modelResults.predictionError=CSC1=CC=C(N)C=C1.COC(=O)C1(C)COP(O)(=O)OC1: model can't run mixtures
key='NC1=CC=C(F)C=C1.COC(=O)C1(C)COP(O)(=O)OC1-1065' prediction.modelResults.predictionError=NC1=CC=C(F)C=C1.COC(=O)C1(C)COP(O)(=O)OC1: model can't run mixtures
key='C1CCNCC1.COC(=O)C1(C)COP(O)(=O)OC1-1065' prediction.modelResults.predictionError=C1CCNCC1.COC(=O)C1(C)COP(O)(=O)OC1: model can't run mixtures
key='NC1=CC=C(Cl)C=C1.COC(=O)C1(C)COP(O)(=O)OC1-1065' prediction.modelResults.predictionError=NC1=CC=C(Cl)C=C1.COC(=O)C1(C)COP(O)(=O)OC1: model can't run mixtures
key='CC(=O)OC=C.C=CC1=CN=CN1-1065' prediction.modelResults.predictionError=CC(=O)OC=C.C=CC1=CN=CN1: model can't run mixtures
key='CC1=CC=CC=C1[Sb](O)(O)=O-1065' prediction.modelResults.predictionError=CC1=CC=CC=C1[Sb](O)(O)=O: Molecule contains unsupported element
key='CCS(O)(=O)=O.CC1(C)N=C(N)N=C(N)N1C1=CC=CC(=C1)C#N-1065' prediction.modelResults.predictionError=CCS(O)(=O)=O.CC1(C)N=C(N)N=C(N)N1C1=CC=CC(=C1)C#N: model can't run mixtures
key='CCS(O)(=O)=O.CC1(C)N=C(N)N=C(N)N1C1=CC=C(CC(=O)NC2=CC(=CC=C2)S(F)(=O)=O)C=C1-1065' prediction.modelResults.predictionError=CCS(O)(=O)=O.CC1(C)N=C(N)N=C(N)N1C1=CC=C(CC(=O)NC2=CC(=CC=C2)S(F)(=O)=O)C=C1: model can't run mixtures
key='CCS(O)(=O)=O.CC1(C)N=C(N)N=C(N)N1C1=CC=CC(CNC(=O)NC2=CC(=CC=C2)S(F)(=O)=O)=C1-1065' prediction.modelResults.predictionError=CCS(O)(=O)=O.CC1(C)N=C(N)N=C(N)N1C1=CC=CC(CNC(=O)NC2=CC(=CC=C2)S(F)(=O)=O)=C1: model can't run mixtures
key='CCS(O)(=O)=O.NC1=CC=CC(=C1)C#N-1065' prediction.modelResults.predictionError=CCS(O)(=O)=O.NC1=CC=CC(=C1)C#N: model can't run mixtures
key='O=C1OC(=O)C2=CC3=C(C=C12)C(=O)OC3=O.O=C=NC1=CC=C(CC2=CC=C(C=C2)N=C=O)C=C1-1065' prediction.modelResults.predictionError=O=C1OC(=O)C2=CC3=C(C=C12)C(=O)OC3=O.O=C=NC1=CC=C(CC2=CC=C(C=C2)N=C=O)C=C1: model can't run mixtures
key='CCN(CC)CC.CC1(C)SC2C(NC(=O)CC3=CC=CC=C3)C(=O)N2C1C(O)=O-1065' prediction.modelResults.predictionError=CCN(CC)CC.CC1(C)SC2C(NC(=O)CC3=CC=CC=C3)C(=O)N2C1C(O)=O: model can't run mixtures
key='NC(=O)CC1=NC2=C(N)N=CN=C2N=N1-1065' prediction.modelResults.predictionError=Number of atoms equals zero
key='CCS(O)(=O)=O.CC(CC(=O)NC1=CC=C(C=C1)S(F)(=O)=O)C1=CC=C(C=C1)N1C(N)=NC(N)=NC1(C)C-1065' prediction.modelResults.predictionError=CCS(O)(=O)=O.CC(CC(=O)NC1=CC=C(C=C1)S(F)(=O)=O)C1=CC=C(C=C1)N1C(N)=NC(N)=NC1(C)C: model can't run mixtures
key='CCS(O)(=O)=O.CC1=C(CCCOC2=CC=C(NC(=O)C3=CC(=CC=C3)S(F)(=O)=O)C=C2)C(N)=NC(N)=N1-1065' prediction.modelResults.predictionError=CCS(O)(=O)=O.CC1=C(CCCOC2=CC=C(NC(=O)C3=CC(=CC=C3)S(F)(=O)=O)C=C2)C(N)=NC(N)=N1: model can't run mixtures
key='NC(O)=O.C1COCCN1-1065' prediction.modelResults.predictionError=NC(O)=O.C1COCCN1: model can't run mixtures
key='CCS(O)(=O)=O.CC1(C)N=C(N)N=C(N)N1C1=CC=C(CCCC(=O)NC2=CC(=CC=C2)S(F)(=O)=O)C=C1-1065' prediction.modelResults.predictionError=CCS(O)(=O)=O.CC1(C)N=C(N)N=C(N)N1C1=CC=C(CCCC(=O)NC2=CC(=CC=C2)S(F)(=O)=O)C=C1: model can't run mixtures
key='CCS(O)(=O)=O.CC1(C)N=C(N)N=C(N)N1C1=CC=C(OCC(=O)NC2=CC(=CC=C2)S(F)(=O)=O)C=C1-1065' prediction.modelResults.predictionError=CCS(O)(=O)=O.CC1(C)N=C(N)N=C(N)N1C1=CC=C(OCC(=O)NC2=CC(=CC=C2)S(F)(=O)=O)C=C1: model can't run mixtures
key='CCS(O)(=O)=O.CC1(C)N=C(N)N=C(N)N1C1=CC=C(CCNS(=O)(=O)C2=CC(=CC=C2)S(F)(=O)=O)C=C1-1065' prediction.modelResults.predictionError=CCS(O)(=O)=O.CC1(C)N=C(N)N=C(N)N1C1=CC=C(CCNS(=O)(=O)C2=CC(=CC=C2)S(F)(=O)=O)C=C1: model can't run mixtures
key='OC(=O)C(F)(F)F.CC(=O)OCC1OC(C(O)C1O)N1C(Br)=NC2=C(N)N=CN=C12-1065' prediction.modelResults.predictionError=OC(=O)C(F)(F)F.CC(=O)OCC1OC(C(O)C1O)N1C(Br)=NC2=C(N)N=CN=C12: model can't run mixtures
key='CC1=CC=C(C=C1)S(O)(=O)=O.NC(CSCC1=CC=CC=C1)C(=O)OCC1=CC=CC=C1-1065' prediction.modelResults.predictionError=CC1=CC=C(C=C1)S(O)(=O)=O.NC(CSCC1=CC=CC=C1)C(=O)OCC1=CC=CC=C1: model can't run mixtures
key='CCS(O)(=O)=O.CC1(C)N=C(N)N=C(N)N1C1=CC=C(CCCC(=O)NC2=CC=CC=C2S(F)(=O)=O)C=C1-1065' prediction.modelResults.predictionError=CCS(O)(=O)=O.CC1(C)N=C(N)N=C(N)N1C1=CC=C(CCCC(=O)NC2=CC=CC=C2S(F)(=O)=O)C=C1: model can't run mixtures
key='CCS(O)(=O)=O.CC1(C)N=C(N)N=C(N)N1C1=CC=C(C=C1)C(=O)NC1=CC(=CC=C1)S(F)(=O)=O-1065' prediction.modelResults.predictionError=CCS(O)(=O)=O.CC1(C)N=C(N)N=C(N)N1C1=CC=C(C=C1)C(=O)NC1=CC(=CC=C1)S(F)(=O)=O: model can't run mixtures
key='CCS(O)(=O)=O.CC1(C)N=C(N)N=C(N)N1C1=CC=CC(CCC(=O)NC2=CC=C(C=C2)S(F)(=O)=O)=C1-1065' prediction.modelResults.predictionError=CCS(O)(=O)=O.CC1(C)N=C(N)N=C(N)N1C1=CC=CC(CCC(=O)NC2=CC=C(C=C2)S(F)(=O)=O)=C1: model can't run mixtures
key='CCS(O)(=O)=O.CC1(C)N=C(N)N=C(N)N1C1=CC=C(CCC(=O)NC2=CC(=CC=C2)S(F)(=O)=O)C=C1-1065' prediction.modelResults.predictionError=CCS(O)(=O)=O.CC1(C)N=C(N)N=C(N)N1C1=CC=C(CCC(=O)NC2=CC(=CC=C2)S(F)(=O)=O)C=C1: model can't run mixtures
key='CCS(O)(=O)=O.CC1(C)N=C(N)N=C(N)N1C1=CC=C(CCNS(=O)(=O)C2=CC=C(C=C2)S(F)(=O)=O)C=C1-1065' prediction.modelResults.predictionError=CCS(O)(=O)=O.CC1(C)N=C(N)N=C(N)N1C1=CC=C(CCNS(=O)(=O)C2=CC=C(C=C2)S(F)(=O)=O)C=C1: model can't run mixtures
key='CCS(O)(=O)=O.CC1(C)N=C(N)N=C(N)N1C1=CC=C(OCC(=O)NC2=CC=C(C=C2)S(F)(=O)=O)C=C1-1065' prediction.modelResults.predictionError=CCS(O)(=O)=O.CC1(C)N=C(N)N=C(N)N1C1=CC=C(OCC(=O)NC2=CC=C(C=C2)S(F)(=O)=O)C=C1: model can't run mixtures
key='C=CN1CCCC1=O.CCCCCCCC(=O)OC=C-1065' prediction.modelResults.predictionError=C=CN1CCCC1=O.CCCCCCCC(=O)OC=C: model can't run mixtures
key='OC=C.C=CN1C=CN=C1-1065' prediction.modelResults.predictionError=OC=C.C=CN1C=CN=C1: model can't run mixtures
key='C=CC1=CN=CN1.OC1=CC=C(C=C)C=C1-1065' prediction.modelResults.predictionError=C=CC1=CN=CN1.OC1=CC=C(C=C)C=C1: model can't run mixtures
key='CSC1=CC=C(N)C=C1.COC(=O)C1(C)COP(O)(=O)OC1-1065' prediction.modelResults.predictionError=CSC1=CC=C(N)C=C1.COC(=O)C1(C)COP(O)(=O)OC1: model can't run mixtures
key='NC1=CC=C(F)C=C1.COC(=O)C1(C)COP(O)(=O)OC1-1065' prediction.modelResults.predictionError=NC1=CC=C(F)C=C1.COC(=O)C1(C)COP(O)(=O)OC1: model can't run mixtures
key='C1CCNCC1.COC(=O)C1(C)COP(O)(=O)OC1-1065' prediction.modelResults.predictionError=C1CCNCC1.COC(=O)C1(C)COP(O)(=O)OC1: model can't run mixtures
key='NC1=CC=C(Cl)C=C1.COC(=O)C1(C)COP(O)(=O)OC1-1065' prediction.modelResults.predictionError=NC1=CC=C(Cl)C=C1.COC(=O)C1(C)COP(O)(=O)OC1: model can't run mixtures
key='CC(=O)OC=C.C=CC1=CN=CN1-1065' prediction.modelResults.predictionError=CC(=O)OC=C.C=CC1=CN=CN1: model can't run mixtures
key='CC1=CC=CC=C1[Sb](O)(O)=O-1065' prediction.modelResults.predictionError=CC1=CC=CC=C1[Sb](O)(O)=O: Molecule contains unsupported element
key='CCS(O)(=O)=O.CC1(C)N=C(N)N=C(N)N1C1=CC=CC(=C1)C#N-1065' prediction.modelResults.predictionError=CCS(O)(=O)=O.CC1(C)N=C(N)N=C(N)N1C1=CC=CC(=C1)C#N: model can't run mixtures
key='CCS(O)(=O)=O.CC1(C)N=C(N)N=C(N)N1C1=CC=C(CC(=O)NC2=CC(=CC=C2)S(F)(=O)=O)C=C1-1065' prediction.modelResults.predictionError=CCS(O)(=O)=O.CC1(C)N=C(N)N=C(N)N1C1=CC=C(CC(=O)NC2=CC(=CC=C2)S(F)(=O)=O)C=C1: model can't run mixtures
key='CCS(O)(=O)=O.CC1(C)N=C(N)N=C(N)N1C1=CC=CC(CNC(=O)NC2=CC(=CC=C2)S(F)(=O)=O)=C1-1065' prediction.modelResults.predictionError=CCS(O)(=O)=O.CC1(C)N=C(N)N=C(N)N1C1=CC=CC(CNC(=O)NC2=CC(=CC=C2)S(F)(=O)=O)=C1: model can't run mixtures
key='CCS(O)(=O)=O.NC1=CC=CC(=C1)C#N-1065' prediction.modelResults.predictionError=CCS(O)(=O)=O.NC1=CC=CC(=C1)C#N: model can't run mixtures
key='O=C1OC(=O)C2=CC3=C(C=C12)C(=O)OC3=O.O=C=NC1=CC=C(CC2=CC=C(C=C2)N=C=O)C=C1-1065' prediction.modelResults.predictionError=O=C1OC(=O)C2=CC3=C(C=C12)C(=O)OC3=O.O=C=NC1=CC=C(CC2=CC=C(C=C2)N=C=O)C=C1: model can't run mixtures
key='CCN(CC)CC.CC1(C)SC2C(NC(=O)CC3=CC=CC=C3)C(=O)N2C1C(O)=O-1065' prediction.modelResults.predictionError=CCN(CC)CC.CC1(C)SC2C(NC(=O)CC3=CC=CC=C3)C(=O)N2C1C(O)=O: model can't run mixtures
key='NC(=O)CC1=NC2=C(N)N=CN=C2N=N1-1065' prediction.modelResults.predictionError=Number of atoms equals zero
key='CCS(O)(=O)=O.CC(CC(=O)NC1=CC=C(C=C1)S(F)(=O)=O)C1=CC=C(C=C1)N1C(N)=NC(N)=NC1(C)C-1065' prediction.modelResults.predictionError=CCS(O)(=O)=O.CC(CC(=O)NC1=CC=C(C=C1)S(F)(=O)=O)C1=CC=C(C=C1)N1C(N)=NC(N)=NC1(C)C: model can't run mixtures
key='CCS(O)(=O)=O.CC1=C(CCCOC2=CC=C(NC(=O)C3=CC(=CC=C3)S(F)(=O)=O)C=C2)C(N)=NC(N)=N1-1065' prediction.modelResults.predictionError=CCS(O)(=O)=O.CC1=C(CCCOC2=CC=C(NC(=O)C3=CC(=CC=C3)S(F)(=O)=O)C=C2)C(N)=NC(N)=N1: model can't run mixtures
key='NC(O)=O.C1COCCN1-1065' prediction.modelResults.predictionError=NC(O)=O.C1COCCN1: model can't run mixtures
key='CCS(O)(=O)=O.CC1(C)N=C(N)N=C(N)N1C1=CC=C(CCCC(=O)NC2=CC(=CC=C2)S(F)(=O)=O)C=C1-1065' prediction.modelResults.predictionError=CCS(O)(=O)=O.CC1(C)N=C(N)N=C(N)N1C1=CC=C(CCCC(=O)NC2=CC(=CC=C2)S(F)(=O)=O)C=C1: model can't run mixtures
key='CCS(O)(=O)=O.CC1(C)N=C(N)N=C(N)N1C1=CC=C(OCC(=O)NC2=CC(=CC=C2)S(F)(=O)=O)C=C1-1065' prediction.modelResults.predictionError=CCS(O)(=O)=O.CC1(C)N=C(N)N=C(N)N1C1=CC=C(OCC(=O)NC2=CC(=CC=C2)S(F)(=O)=O)C=C1: model can't run mixtures
key='CCS(O)(=O)=O.CC1(C)N=C(N)N=C(N)N1C1=CC=C(CCNS(=O)(=O)C2=CC(=CC=C2)S(F)(=O)=O)C=C1-1065' prediction.modelResults.predictionError=CCS(O)(=O)=O.CC1(C)N=C(N)N=C(N)N1C1=CC=C(CCNS(=O)(=O)C2=CC(=CC=C2)S(F)(=O)=O)C=C1: model can't run mixtures
key='OC(=O)C(F)(F)F.CC(=O)OCC1OC(C(O)C1O)N1C(Br)=NC2=C(N)N=CN=C12-1065' prediction.modelResults.predictionError=OC(=O)C(F)(F)F.CC(=O)OCC1OC(C(O)C1O)N1C(Br)=NC2=C(N)N=CN=C12: model can't run mixtures
key='CC1=CC=C(C=C1)S(O)(=O)=O.NC(CSCC1=CC=CC=C1)C(=O)OCC1=CC=CC=C1-1065' prediction.modelResults.predictionError=CC1=CC=C(C=C1)S(O)(=O)=O.NC(CSCC1=CC=CC=C1)C(=O)OCC1=CC=CC=C1: model can't run mixtures
key='CCS(O)(=O)=O.CC1(C)N=C(N)N=C(N)N1C1=CC=C(CCCC(=O)NC2=CC=CC=C2S(F)(=O)=O)C=C1-1065' prediction.modelResults.predictionError=CCS(O)(=O)=O.CC1(C)N=C(N)N=C(N)N1C1=CC=C(CCCC(=O)NC2=CC=CC=C2S(F)(=O)=O)C=C1: model can't run mixtures
run=1	request=8	smiles=<batch-level>	error=batch failed but single-smile checks passed: HTTPConnectionPool(host='192.168.1.7', port=5004): Read timed out. (read timeout=600)
key='CCN(CC)CC1=CC=CC=C1.OC1=C(C=C(C=C1[N+]([O-])=O)[N+]([O-])=O)[N+]([O-])=O-1065' prediction.modelResults.predictionError=CCN(CC)CC1=CC=CC=C1.OC1=C(C=C(C=C1[N+]([O-])=O)[N+]([O-])=O)[N+]([O-])=O: model can't run mixtures
key='CCS(O)(=O)=O.CC1(C)N=C(N)N=C(N)N1C1=CC(Cl)=C(OCC(=O)NC2=CC(=CC=C2)S(F)(=O)=O)C=C1-1065' prediction.modelResults.predictionError=CCS(O)(=O)=O.CC1(C)N=C(N)N=C(N)N1C1=CC(Cl)=C(OCC(=O)NC2=CC(=CC=C2)S(F)(=O)=O)C=C1: model can't run mixtures
key='CCS(O)(=O)=O.CC1(C)N=C(N)N=C(N)N1C1=CC(Cl)=C(OCCNC(=O)NC2=CC(=CC=C2)S(F)(=O)=O)C=C1-1065' prediction.modelResults.predictionError=CCS(O)(=O)=O.CC1(C)N=C(N)N=C(N)N1C1=CC(Cl)=C(OCCNC(=O)NC2=CC(=CC=C2)S(F)(=O)=O)C=C1: model can't run mixtures
key='CCS(O)(=O)=O.CC1(C)N=C(N)N=C(N)N1C1=CC=C(OCCCNC(=O)NC2=CC(=CC=C2)S(F)(=O)=O)C=C1-1065' prediction.modelResults.predictionError=CCS(O)(=O)=O.CC1(C)N=C(N)N=C(N)N1C1=CC=C(OCCCNC(=O)NC2=CC(=CC=C2)S(F)(=O)=O)C=C1: model can't run mixtures
key='N1C=CN=C1.OS(=O)(=O)N1C=CN=C1-1065' prediction.modelResults.predictionError=N1C=CN=C1.OS(=O)(=O)N1C=CN=C1: model can't run mixtures
key='CC[Pb](CC)(CC)C(=C)C=C-1065' prediction.modelResults.predictionError=CC[Pb](CC)(CC)C(=C)C=C: Molecule contains unsupported element
key='CCS(O)(=O)=O.CC1=C(C=C(NC(=O)NCCCOC2=C(Cl)C=C(C=C2)N2C(N)=NC(N)=NC2(C)C)C=C1)S(F)(=O)=O-1065' prediction.modelResults.predictionError=CCS(O)(=O)=O.CC1=C(C=C(NC(=O)NCCCOC2=C(Cl)C=C(C=C2)N2C(N)=NC(N)=NC2(C)C)C=C1)S(F)(=O)=O: model can't run mixtures
key='NC1CCCCC1.OP(O)(=O)OC1=CC=CC=C1-1065' prediction.modelResults.predictionError=NC1CCCCC1.OP(O)(=O)OC1=CC=CC=C1: model can't run mixtures
key='CCS(O)(=O)=O.CC1(C)N=C(N)N=C(N)N1C1=CC(Cl)=C(CCC2=CC=C(C=C2)S(F)(=O)=O)C=C1-1065' prediction.modelResults.predictionError=CCS(O)(=O)=O.CC1(C)N=C(N)N=C(N)N1C1=CC(Cl)=C(CCC2=CC=C(C=C2)S(F)(=O)=O)C=C1: model can't run mixtures
key='CCS(O)(=O)=O.CC1(C)N=C(N)N=C(N)N1C1=CC=C(CCC2=CC=C(C=C2)S(F)(=O)=O)C=C1-1065' prediction.modelResults.predictionError=CCS(O)(=O)=O.CC1(C)N=C(N)N=C(N)N1C1=CC=C(CCC2=CC=C(C=C2)S(F)(=O)=O)C=C1: model can't run mixtures
key='CCS(O)(=O)=O.CC1(C)N=C(N)N=C(N)N1C1=CC=C(CCCCC2=CC=C(C=C2)S(F)(=O)=O)C=C1-1065' prediction.modelResults.predictionError=CCS(O)(=O)=O.CC1(C)N=C(N)N=C(N)N1C1=CC=C(CCCCC2=CC=C(C=C2)S(F)(=O)=O)C=C1: model can't run mixtures
key='CCS(O)(=O)=O.CC1(C)N=C(N)N=C(N)N1C1=CC(Cl)=C(OCCCCNC(=O)NC2=CC=C(C=C2)S(F)(=O)=O)C=C1-1065' prediction.modelResults.predictionError=CCS(O)(=O)=O.CC1(C)N=C(N)N=C(N)N1C1=CC(Cl)=C(OCCCCNC(=O)NC2=CC=C(C=C2)S(F)(=O)=O)C=C1: model can't run mixtures
key='CCS(O)(=O)=O.CC1(C)N=C(N)N=C(N)N1C1=CC(Cl)=C(OCCCCNC(=O)C2=CC=C(C=C2)S(F)(=O)=O)C=C1-1065' prediction.modelResults.predictionError=CCS(O)(=O)=O.CC1(C)N=C(N)N=C(N)N1C1=CC(Cl)=C(OCCCCNC(=O)C2=CC=C(C=C2)S(F)(=O)=O)C=C1: model can't run mixtures
key='CCS(O)(=O)=O.CC1(C)N=C(N)N=C(N)N1C1=CC(Cl)=C(OCCCCNC(=O)C2=CC(=CC=C2)S(F)(=O)=O)C=C1-1065' prediction.modelResults.predictionError=CCS(O)(=O)=O.CC1(C)N=C(N)N=C(N)N1C1=CC(Cl)=C(OCCCCNC(=O)C2=CC(=CC=C2)S(F)(=O)=O)C=C1: model can't run mixtures
key='CCS(O)(=O)=O.CC1(C)N=C(N)N=C(N)N1C1=CC(Cl)=C(OCCCCNC(=O)NC2=CC(=CC=C2)S(F)(=O)=O)C=C1-1065' prediction.modelResults.predictionError=CCS(O)(=O)=O.CC1(C)N=C(N)N=C(N)N1C1=CC(Cl)=C(OCCCCNC(=O)NC2=CC(=CC=C2)S(F)(=O)=O)C=C1: model can't run mixtures
key='CCS(O)(=O)=O.CC1=C(C=CC(NC(=O)NCCCOC2=C(Cl)C=C(C=C2)N2C(N)=NC(N)=NC2(C)C)=C1)S(F)(=O)=O-1065' prediction.modelResults.predictionError=CCS(O)(=O)=O.CC1=C(C=CC(NC(=O)NCCCOC2=C(Cl)C=C(C=C2)N2C(N)=NC(N)=NC2(C)C)=C1)S(F)(=O)=O: model can't run mixtures
key='NCCCO.OC1=C(C=C(C=C1[N+]([O-])=O)[N+]([O-])=O)[N+]([O-])=O-1065' prediction.modelResults.predictionError=NCCCO.OC1=C(C=C(C=C1[N+]([O-])=O)[N+]([O-])=O)[N+]([O-])=O: model can't run mixtures
key='CC1=CC(=CC=C1)C(O)C(O)=O-1065' prediction.modelResults.predictionError=Number of atoms equals zero
key='NCC1=CC=CC=C1.OC(=O)C1=CC=CC=C1-1065' prediction.modelResults.predictionError=NCC1=CC=CC=C1.OC(=O)C1=CC=CC=C1: model can't run mixtures
key='CCS(O)(=O)=O.CC1(C)N=C(N)N=C(N)N1C1=CC=CC(CCCCC2=C(Cl)C=C(C=C2)S(F)(=O)=O)=C1-1065' prediction.modelResults.predictionError=CCS(O)(=O)=O.CC1(C)N=C(N)N=C(N)N1C1=CC=CC(CCCCC2=C(Cl)C=C(C=C2)S(F)(=O)=O)=C1: model can't run mixtures
key='CCS(O)(=O)=O.CC1(C)N=C(N)N=C(N)N1C1=CC=C(CCCCC2=C(Cl)C=C(C=C2)S(F)(=O)=O)C=C1-1065' prediction.modelResults.predictionError=CCS(O)(=O)=O.CC1(C)N=C(N)N=C(N)N1C1=CC=C(CCCCC2=C(Cl)C=C(C=C2)S(F)(=O)=O)C=C1: model can't run mixtures
key='CCS(O)(=O)=O.CC1(C)N=C(N)N=C(N)N1C1=CC(Cl)=C(CCCCC2=CC=C(C=C2)S(F)(=O)=O)C=C1-1065' prediction.modelResults.predictionError=CCS(O)(=O)=O.CC1(C)N=C(N)N=C(N)N1C1=CC(Cl)=C(CCCCC2=CC=C(C=C2)S(F)(=O)=O)C=C1: model can't run mixtures
key='CN(C)CC=C.OC1=C(C=C(C=C1[N+]([O-])=O)[N+]([O-])=O)[N+]([O-])=O-1065' prediction.modelResults.predictionError=CN(C)CC=C.OC1=C(C=C(C=C1[N+]([O-])=O)[N+]([O-])=O)[N+]([O-])=O: model can't run mixtures
key='CCS(O)(=O)=O.CC1(C)N=C(N)N=C(N)N1C1=CC(Cl)=C(CCCCC2=C(C=C(Cl)C=C2)S(F)(=O)=O)C=C1-1065' prediction.modelResults.predictionError=CCS(O)(=O)=O.CC1(C)N=C(N)N=C(N)N1C1=CC(Cl)=C(CCCCC2=C(C=C(Cl)C=C2)S(F)(=O)=O)C=C1: model can't run mixtures
key='CCS(O)(=O)=O.CC1(C)N=C(N)N=C(N)N1C1=CC(Cl)=C(CCCCC2=CC(=CC=C2)S(F)(=O)=O)C=C1-1065' prediction.modelResults.predictionError=CCS(O)(=O)=O.CC1(C)N=C(N)N=C(N)N1C1=CC(Cl)=C(CCCCC2=CC(=CC=C2)S(F)(=O)=O)C=C1: model can't run mixtures
key='CCS(O)(=O)=O.CC1(C)N=C(N)N=C(N)N1C1=CC(Cl)=C(CCCCC2=CC(=C(Cl)C=C2)S(F)(=O)=O)C=C1-1065' prediction.modelResults.predictionError=CCS(O)(=O)=O.CC1(C)N=C(N)N=C(N)N1C1=CC(Cl)=C(CCCCC2=CC(=C(Cl)C=C2)S(F)(=O)=O)C=C1: model can't run mixtures
key='CCS(O)(=O)=O.CC1(C)N=C(N)N=C(N)N1C1=CC=CC(CCCCC2=CC(=C(Cl)C=C2)S(F)(=O)=O)=C1-1065' prediction.modelResults.predictionError=CCS(O)(=O)=O.CC1(C)N=C(N)N=C(N)N1C1=CC=CC(CCCCC2=CC(=C(Cl)C=C2)S(F)(=O)=O)=C1: model can't run mixtures
key='CCS(O)(=O)=O.CC1(C)N=C(N)N=C(N)N1C1=CC(Cl)=C(CCC2=CC(=C(Cl)C=C2)S(F)(=O)=O)C=C1-1065' prediction.modelResults.predictionError=CCS(O)(=O)=O.CC1(C)N=C(N)N=C(N)N1C1=CC(Cl)=C(CCC2=CC(=C(Cl)C=C2)S(F)(=O)=O)C=C1: model can't run mixtures
key='CCNCC.OC(=O)C(CSC(C1=CC=CC=C1)(C1=CC=CC=C1)C1=CC=CC=C1)NC(=O)OCC1=CC=CC=C1-1065' prediction.modelResults.predictionError=CCNCC.OC(=O)C(CSC(C1=CC=CC=C1)(C1=CC=CC=C1)C1=CC=CC=C1)NC(=O)OCC1=CC=CC=C1: model can't run mixtures
key='CCS(O)(=O)=O.CC1(C)N=C(N)N=C(N)N1C1=CC(Cl)=C(OCC2=C(C=CC(Cl)=C2)S(F)(=O)=O)C=C1-1065' prediction.modelResults.predictionError=CCS(O)(=O)=O.CC1(C)N=C(N)N=C(N)N1C1=CC(Cl)=C(OCC2=C(C=CC(Cl)=C2)S(F)(=O)=O)C=C1: model can't run mixtures
key='CCS(O)(=O)=O.CC1(C)N=C(N)N=C(N)N1C1=CC(Cl)=C(OCC2=C(Cl)C=C(C=C2)S(F)(=O)=O)C=C1-1065' prediction.modelResults.predictionError=CCS(O)(=O)=O.CC1(C)N=C(N)N=C(N)N1C1=CC(Cl)=C(OCC2=C(Cl)C=C(C=C2)S(F)(=O)=O)C=C1: model can't run mixtures
key='CCS(O)(=O)=O.CC1(C)N=C(N)N=C(N)N1C1=CC(Cl)=C(OCC2=CC=CC=C2S(F)(=O)=O)C=C1-1065' prediction.modelResults.predictionError=CCS(O)(=O)=O.CC1(C)N=C(N)N=C(N)N1C1=CC(Cl)=C(OCC2=CC=CC=C2S(F)(=O)=O)C=C1: model can't run mixtures
key='CCS(O)(=O)=O.CC1(C)N=C(N)N=C(N)N1C1=CC(Cl)=C(CCC2=C(Cl)C=C(C=C2)S(F)(=O)=O)C=C1-1065' prediction.modelResults.predictionError=CCS(O)(=O)=O.CC1(C)N=C(N)N=C(N)N1C1=CC(Cl)=C(CCC2=C(Cl)C=C(C=C2)S(F)(=O)=O)C=C1: model can't run mixtures
key='CCS(O)(=O)=O.CC1(C)N=C(N)N=C(N)N1C1=CC(Cl)=C(CCC2=CC(Cl)=C(C=C2)S(F)(=O)=O)C=C1-1065' prediction.modelResults.predictionError=CCS(O)(=O)=O.CC1(C)N=C(N)N=C(N)N1C1=CC(Cl)=C(CCC2=CC(Cl)=C(C=C2)S(F)(=O)=O)C=C1: model can't run mixtures
key='CCS(O)(=O)=O.CC1(C)N=C(N)N=C(N)N1C1=CC(Cl)=C(OCC2=CC(=CC=C2)S(F)(=O)=O)C=C1-1065' prediction.modelResults.predictionError=CCS(O)(=O)=O.CC1(C)N=C(N)N=C(N)N1C1=CC(Cl)=C(OCC2=CC(=CC=C2)S(F)(=O)=O)C=C1: model can't run mixtures
key='CCS(O)(=O)=O.CC1(C)N=C(N)N=C(N)N1C1=CC(Cl)=C(OCC2=CC(Cl)=C(C=C2)S(F)(=O)=O)C=C1-1065' prediction.modelResults.predictionError=CCS(O)(=O)=O.CC1(C)N=C(N)N=C(N)N1C1=CC(Cl)=C(OCC2=CC(Cl)=C(C=C2)S(F)(=O)=O)C=C1: model can't run mixtures
key='CCS(O)(=O)=O.CC1(C)N=C(N)N=C(N)N1C1=CC(Cl)=C(OCC2=C(C(Cl)=CC=C2)S(F)(=O)=O)C=C1-1065' prediction.modelResults.predictionError=CCS(O)(=O)=O.CC1(C)N=C(N)N=C(N)N1C1=CC(Cl)=C(OCC2=C(C(Cl)=CC=C2)S(F)(=O)=O)C=C1: model can't run mixtures
key='CCS(O)(=O)=O.CC1(C)N=C(N)N=C(N)N1C1=CC(Cl)=C(OCC2=C(C=CC=C2Cl)S(F)(=O)=O)C=C1-1065' prediction.modelResults.predictionError=CCS(O)(=O)=O.CC1(C)N=C(N)N=C(N)N1C1=CC(Cl)=C(OCC2=C(C=CC=C2Cl)S(F)(=O)=O)C=C1: model can't run mixtures
key='CCS(O)(=O)=O.CC1(C)N=C(N)N=C(N)N1C1=CC(Cl)=C(OCC2=CC(=C(Cl)C=C2)S(F)(=O)=O)C=C1-1065' prediction.modelResults.predictionError=CCS(O)(=O)=O.CC1(C)N=C(N)N=C(N)N1C1=CC(Cl)=C(OCC2=CC(=C(Cl)C=C2)S(F)(=O)=O)C=C1: model can't run mixtures
key='CCS(O)(=O)=O.CC(OC1=C(Cl)C=C(C=C1)N1C(N)=NC(N)=NC1(C)C)C1=CC=C(C=C1)S(F)(=O)=O-1065' prediction.modelResults.predictionError=CCS(O)(=O)=O.CC(OC1=C(Cl)C=C(C=C1)N1C(N)=NC(N)=NC1(C)C)C1=CC=C(C=C1)S(F)(=O)=O: model can't run mixtures
key='CCS(O)(=O)=O.CC1(C)N=C(N)N=C(N)N1C1=CC(Cl)=C(OCC2=C(C=C(Cl)C=C2)S(F)(=O)=O)C=C1-1065' prediction.modelResults.predictionError=CCS(O)(=O)=O.CC1(C)N=C(N)N=C(N)N1C1=CC(Cl)=C(OCC2=C(C=C(Cl)C=C2)S(F)(=O)=O)C=C1: model can't run mixtures
key='CC(O)=O.CCOC(=O)C1=CC=C(NCC2CCCCN2)C=C1-1065' prediction.modelResults.predictionError=CC(O)=O.CCOC(=O)C1=CC=C(NCC2CCCCN2)C=C1: model can't run mixtures
key='CCS(O)(=O)=O.CC1(C)N=C(N)N=C(N)N1C1=CC(Cl)=C(CCC2=C(C=CC(Cl)=C2)S(F)(=O)=O)C=C1-1065' prediction.modelResults.predictionError=CCS(O)(=O)=O.CC1(C)N=C(N)N=C(N)N1C1=CC(Cl)=C(CCC2=C(C=CC(Cl)=C2)S(F)(=O)=O)C=C1: model can't run mixtures
key='CCS(O)(=O)=O.CC1(C)N=C(N)N=C(N)N1C1=CC=C(CCCCCCC2=CC=C(C=C2)S(F)(=O)=O)C=C1-1065' prediction.modelResults.predictionError=CCS(O)(=O)=O.CC1(C)N=C(N)N=C(N)N1C1=CC=C(CCCCCCC2=CC=C(C=C2)S(F)(=O)=O)C=C1: model can't run mixtures
key='CCS(O)(=O)=O.CC1(C)N=C(N)N=C(N)N1C1=CC(Cl)=C(CCCCC2=C(C=CC(Cl)=C2)S(F)(=O)=O)C=C1-1065' prediction.modelResults.predictionError=CCS(O)(=O)=O.CC1(C)N=C(N)N=C(N)N1C1=CC(Cl)=C(CCCCC2=C(C=CC(Cl)=C2)S(F)(=O)=O)C=C1: model can't run mixtures
key='CCS(O)(=O)=O.CC1(C)N=C(N)N=C(N)N1C1=CC(Cl)=C(CCC2=C(C(Cl)=CC=C2)S(F)(=O)=O)C=C1-1065' prediction.modelResults.predictionError=CCS(O)(=O)=O.CC1(C)N=C(N)N=C(N)N1C1=CC(Cl)=C(CCC2=C(C(Cl)=CC=C2)S(F)(=O)=O)C=C1: model can't run mixtures
key='CCS(O)(=O)=O.CC1(C)N=C(N)N=C(N)N1C1=CC(Cl)=C(CCCCC2=C(C(Cl)=CC=C2)S(F)(=O)=O)C=C1-1065' prediction.modelResults.predictionError=CCS(O)(=O)=O.CC1(C)N=C(N)N=C(N)N1C1=CC(Cl)=C(CCCCC2=C(C(Cl)=CC=C2)S(F)(=O)=O)C=C1: model can't run mixtures
key='OC(=O)C(O)=O.C1CCNCC1-1065' prediction.modelResults.predictionError=OC(=O)C(O)=O.C1CCNCC1: model can't run mixtures
key='C1COCCN1.OC1=C(C=C(C=C1[N+]([O-])=O)[N+]([O-])=O)[N+]([O-])=O-1065' prediction.modelResults.predictionError=C1COCCN1.OC1=C(C=C(C=C1[N+]([O-])=O)[N+]([O-])=O)[N+]([O-])=O: model can't run mixtures
key='[H]C12CCC([H])(CCC1)N2C.OC1=C(C=C(C=C1[N+]([O-])=O)[N+]([O-])=O)[N+]([O-])=O-1065' prediction.modelResults.predictionError=[H]C12CCC([H])(CCC1)N2C.OC1=C(C=C(C=C1[N+]([O-])=O)[N+]([O-])=O)[N+]([O-])=O: model can't run mixtures
key='CCS(O)(=O)=O.CC1(C)N=C(N)N=C(N)N1C1=CC(Cl)=C(CCCCC2=CC=CC=C2S(F)(=O)=O)C=C1-1065' prediction.modelResults.predictionError=CCS(O)(=O)=O.CC1(C)N=C(N)N=C(N)N1C1=CC(Cl)=C(CCCCC2=CC=CC=C2S(F)(=O)=O)C=C1: model can't run mixtures
key='ClCCOC=C.O=C1OC(=O)C=C1-1065' prediction.modelResults.predictionError=ClCCOC=C.O=C1OC(=O)C=C1: model can't run mixtures
key='C1OCC=C1.O=C1OC(=O)C=C1-1065' prediction.modelResults.predictionError=C1OCC=C1.O=C1OC(=O)C=C1: model can't run mixtures
key='CC1=CCCO1.O=C1OC(=O)C=C1-1065' prediction.modelResults.predictionError=CC1=CCCO1.O=C1OC(=O)C=C1: model can't run mixtures
key='CCS(O)(=O)=O.CC1(C)N=C(N)N=C(N)N1C1=CC(Cl)=C(OCC2=C(Cl)C=CC(=C2)S(F)(=O)=O)C=C1-1065' prediction.modelResults.predictionError=CCS(O)(=O)=O.CC1(C)N=C(N)N=C(N)N1C1=CC(Cl)=C(OCC2=C(Cl)C=CC(=C2)S(F)(=O)=O)C=C1: model can't run mixtures
key='CCS(O)(=O)=O.CC1(C)N=C(N)N=C(N)N1C1=CC(Cl)=C(OCC2=C(Cl)C(=CC=C2)S(F)(=O)=O)C=C1-1065' prediction.modelResults.predictionError=CCS(O)(=O)=O.CC1(C)N=C(N)N=C(N)N1C1=CC(Cl)=C(OCC2=C(Cl)C(=CC=C2)S(F)(=O)=O)C=C1: model can't run mixtures
key='CCS(O)(=O)=O.CC1(C)N=C(N)N=C(N)N1C1=CC(OCC(=O)NC2=CC=C(C=C2)S(F)(=O)=O)=CC=C1-1065' prediction.modelResults.predictionError=CCS(O)(=O)=O.CC1(C)N=C(N)N=C(N)N1C1=CC(OCC(=O)NC2=CC=C(C=C2)S(F)(=O)=O)=CC=C1: model can't run mixtures
key='CCS(O)(=O)=O.CC1(C)N=C(N)N=C(N)N1C1=CC(Cl)=C(OCC2=CC=C(C=C2)C(=O)NC2=CC=C(C=C2)S(F)(=O)=O)C=C1-1065' prediction.modelResults.predictionError=CCS(O)(=O)=O.CC1(C)N=C(N)N=C(N)N1C1=CC(Cl)=C(OCC2=CC=C(C=C2)C(=O)NC2=CC=C(C=C2)S(F)(=O)=O)C=C1: model can't run mixtures
key='CCS(O)(=O)=O.CC1(C)N=C(N)N=C(N)N1C1=CC(Cl)=C(CCCCC2=CC(Cl)=C(C=C2)S(F)(=O)=O)C=C1-1065' prediction.modelResults.predictionError=CCS(O)(=O)=O.CC1(C)N=C(N)N=C(N)N1C1=CC(Cl)=C(CCCCC2=CC(Cl)=C(C=C2)S(F)(=O)=O)C=C1: model can't run mixtures
key='CS(O)(=O)=O.COC1=C(OC)C=C(C=C1)C1=C(C)CC2N(CCC3=CC(OC)=C(OC)C=C23)C1-1065' prediction.modelResults.predictionError=CS(O)(=O)=O.COC1=C(OC)C=C(C=C1)C1=C(C)CC2N(CCC3=CC(OC)=C(OC)C=C23)C1: model can't run mixtures
key='CCCCC1=CN=C(C)C=C1.OC1=C(C=C(C=C1[N+]([O-])=O)[N+]([O-])=O)[N+]([O-])=O-1065' prediction.modelResults.predictionError=CCCCC1=CN=C(C)C=C1.OC1=C(C=C(C=C1[N+]([O-])=O)[N+]([O-])=O)[N+]([O-])=O: model can't run mixtures
key='CCS(O)(=O)=O.CC(OC1=C(Cl)C=C(C=C1)N1C(N)=NC(N)=NC1(C)C)C(=O)NC1=CC=C(C=C1)S(F)(=O)=O-1065' prediction.modelResults.predictionError=CCS(O)(=O)=O.CC(OC1=C(Cl)C=C(C=C1)N1C(N)=NC(N)=NC1(C)C)C(=O)NC1=CC=C(C=C1)S(F)(=O)=O: model can't run mixtures
key='CCS(O)(=O)=O.CC1(C)N=C(N)N=C(N)N1C1=CC=C(SCC(=O)NC2=CC=C(C=C2)S(F)(=O)=O)C=C1-1065' prediction.modelResults.predictionError=CCS(O)(=O)=O.CC1(C)N=C(N)N=C(N)N1C1=CC=C(SCC(=O)NC2=CC=C(C=C2)S(F)(=O)=O)C=C1: model can't run mixtures
key='CCS(O)(=O)=O.CC1(C)N=C(N)N=C(N)N1C1=CC(Cl)=C(SCC(=O)NC2=CC=C(C=C2)S(F)(=O)=O)C=C1-1065' prediction.modelResults.predictionError=CCS(O)(=O)=O.CC1(C)N=C(N)N=C(N)N1C1=CC(Cl)=C(SCC(=O)NC2=CC=C(C=C2)S(F)(=O)=O)C=C1: model can't run mixtures
key='CCS(O)(=O)=O.CC1(C)N=C(N)N=C(N)N1C1=CC(Cl)=C(OCC2=CC=C(C=C2)C(=O)NC2=CC(=CC=C2)S(F)(=O)=O)C=C1-1065' prediction.modelResults.predictionError=CCS(O)(=O)=O.CC1(C)N=C(N)N=C(N)N1C1=CC(Cl)=C(OCC2=CC=C(C=C2)C(=O)NC2=CC(=CC=C2)S(F)(=O)=O)C=C1: model can't run mixtures
key='CC1=CC=CC(C)=N1.OC1=C(C=C(C=C1[N+]([O-])=O)[N+]([O-])=O)[N+]([O-])=O-1065' prediction.modelResults.predictionError=CC1=CC=CC(C)=N1.OC1=C(C=C(C=C1[N+]([O-])=O)[N+]([O-])=O)[N+]([O-])=O: model can't run mixtures
key='CCS(O)(=O)=O.CC1(C)N=C(N)N=C(N)N1C1=CC(Cl)=C(OCC2=CC(=CC=C2)C(=O)NC2=CC=C(C=C2)S(F)(=O)=O)C=C1-1065' prediction.modelResults.predictionError=CCS(O)(=O)=O.CC1(C)N=C(N)N=C(N)N1C1=CC(Cl)=C(OCC2=CC(=CC=C2)C(=O)NC2=CC=C(C=C2)S(F)(=O)=O)C=C1: model can't run mixtures
key='CCS(O)(=O)=O.CC1(C)N=C(N)N=C(N)N1C1=CC(Cl)=C(OCC2=CC(=CC=C2)C(=O)NC2=CC(=CC=C2)S(F)(=O)=O)C=C1-1065' prediction.modelResults.predictionError=CCS(O)(=O)=O.CC1(C)N=C(N)N=C(N)N1C1=CC(Cl)=C(OCC2=CC(=CC=C2)C(=O)NC2=CC(=CC=C2)S(F)(=O)=O)C=C1: model can't run mixtures
key='C1COCCN1.CCCCCCCCC(=O)C[N+]([O-])=O-1065' prediction.modelResults.predictionError=C1COCCN1.CCCCCCCCC(=O)C[N+]([O-])=O: model can't run mixtures
key='CCS(O)(=O)=O.CC1(C)N=C(N)N=C(N)N1C1=CC(OCC(=O)NC2=CC=CC=C2)=CC=C1-1065' prediction.modelResults.predictionError=CCS(O)(=O)=O.CC1(C)N=C(N)N=C(N)N1C1=CC(OCC(=O)NC2=CC=CC=C2)=CC=C1: model can't run mixtures
key='CCS(O)(=O)=O.CCN(CC)C(=O)COC1=C(Cl)C=C(C=C1)N1C(N)=NC(N)=NC1(C)C-1065' prediction.modelResults.predictionError=CCS(O)(=O)=O.CCN(CC)C(=O)COC1=C(Cl)C=C(C=C1)N1C(N)=NC(N)=NC1(C)C: model can't run mixtures
key='CCS(O)(=O)=O.CC1(C)N=C(N)N=C(N)N1C1=CC=C(CCC(=O)N2CCOCC2)C=C1-1065' prediction.modelResults.predictionError=CCS(O)(=O)=O.CC1(C)N=C(N)N=C(N)N1C1=CC=C(CCC(=O)N2CCOCC2)C=C1: model can't run mixtures
key='CCS(O)(=O)=O.CN(C(=O)CCC1=CC=C(C=C1)N1C(N)=NC(N)=NC1(C)C)C1=CC=CC=C1-1065' prediction.modelResults.predictionError=CCS(O)(=O)=O.CN(C(=O)CCC1=CC=C(C=C1)N1C(N)=NC(N)=NC1(C)C)C1=CC=CC=C1: model can't run mixtures
key='CCS(O)(=O)=O.CN(C)C(=O)COC1=CC=C(C=C1)N1C(N)=NC(N)=NC1(C)C-1065' prediction.modelResults.predictionError=CCS(O)(=O)=O.CN(C)C(=O)COC1=CC=C(C=C1)N1C(N)=NC(N)=NC1(C)C: model can't run mixtures
key='CCS(O)(=O)=O.CN(C)C(=O)COC1=CC=CC(=C1)N1C(N)=NC(N)=NC1(C)C-1065' prediction.modelResults.predictionError=CCS(O)(=O)=O.CN(C)C(=O)COC1=CC=CC(=C1)N1C(N)=NC(N)=NC1(C)C: model can't run mixtures
key='CCS(O)(=O)=O.CC1(C)N=C(N)N=C(N)N1C1=CC(OCC(=O)N2CCOCC2)=CC=C1-1065' prediction.modelResults.predictionError=CCS(O)(=O)=O.CC1(C)N=C(N)N=C(N)N1C1=CC(OCC(=O)N2CCOCC2)=CC=C1: model can't run mixtures
key='CCS(O)(=O)=O.CC1(C)N=C(N)N=C(N)N1C1=CC=C(OCC(=O)N2CCOCC2)C=C1-1065' prediction.modelResults.predictionError=CCS(O)(=O)=O.CC1(C)N=C(N)N=C(N)N1C1=CC=C(OCC(=O)N2CCOCC2)C=C1: model can't run mixtures
key='CCS(O)(=O)=O.CN(C(=O)CC1=CC=C(C=C1)N1C(N)=NC(N)=NC1(C)C)C1=CC=CC=C1-1065' prediction.modelResults.predictionError=CCS(O)(=O)=O.CN(C(=O)CC1=CC=C(C=C1)N1C(N)=NC(N)=NC1(C)C)C1=CC=CC=C1: model can't run mixtures
key='CCS(O)(=O)=O.CC1(C)N=C(N)N=C(N)N1C1=CC=C(CC#N)C=C1-1065' prediction.modelResults.predictionError=CCS(O)(=O)=O.CC1(C)N=C(N)N=C(N)N1C1=CC=C(CC#N)C=C1: model can't run mixtures
key='CN1C=NC(=C1[Se]C1=NC(N)=NC2=C1N=CN2C1OC(CO)C(O)C1O)[N+]([O-])=O-1065' prediction.modelResults.predictionError=CN1C=NC(=C1[Se]C1=NC(N)=NC2=C1N=CN2C1OC(CO)C(O)C1O)[N+]([O-])=O: Molecule contains unsupported element
key='CC1=CC=C(C=C1)S(O)(=O)=O.CN(CCCOS(C)(=O)=O)CCCOS(C)(=O)=O-1065' prediction.modelResults.predictionError=CC1=CC=C(C=C1)S(O)(=O)=O.CN(CCCOS(C)(=O)=O)CCCOS(C)(=O)=O: model can't run mixtures
key='CCS(O)(=O)=O.CC1(C)N=C(N)N=C(N)N1C1=CC=C(CC(=O)N2CCOCC2)C=C1-1065' prediction.modelResults.predictionError=CCS(O)(=O)=O.CC1(C)N=C(N)N=C(N)N1C1=CC=C(CC(=O)N2CCOCC2)C=C1: model can't run mixtures
key='CCS(O)(=O)=O.CC1(C)N=C(N)N=C(N)N1C1=CC(Cl)=C(OCC(=O)N2CCOCC2)C=C1-1065' prediction.modelResults.predictionError=CCS(O)(=O)=O.CC1(C)N=C(N)N=C(N)N1C1=CC(Cl)=C(OCC(=O)N2CCOCC2)C=C1: model can't run mixtures
key='CCS(O)(=O)=O.CC1(C)N=C(N)N=C(N)N1C1=CC(Cl)=C(OCC(=O)N2CCCC2)C=C1-1065' prediction.modelResults.predictionError=CCS(O)(=O)=O.CC1(C)N=C(N)N=C(N)N1C1=CC(Cl)=C(OCC(=O)N2CCCC2)C=C1: model can't run mixtures
key='CCS(O)(=O)=O.CC1(C)N=C(N)N=C(N)N1C1=CC(Cl)=C(OCC2=CC=CC=C2)C=C1-1065' prediction.modelResults.predictionError=CCS(O)(=O)=O.CC1(C)N=C(N)N=C(N)N1C1=CC(Cl)=C(OCC2=CC=CC=C2)C=C1: model can't run mixtures
key='CCS(O)(=O)=O.CN(CC1=CC=CC=C1)C(=O)CCC1=CC=C(C=C1)N1C(N)=NC(N)=NC1(C)C-1065' prediction.modelResults.predictionError=CCS(O)(=O)=O.CN(CC1=CC=CC=C1)C(=O)CCC1=CC=C(C=C1)N1C(N)=NC(N)=NC1(C)C: model can't run mixtures
key='CCS(O)(=O)=O.CCCN(CCC)C(=O)CCC1=CC=C(C=C1)N1C(N)=NC(N)=NC1(C)C-1065' prediction.modelResults.predictionError=CCS(O)(=O)=O.CCCN(CCC)C(=O)CCC1=CC=C(C=C1)N1C(N)=NC(N)=NC1(C)C: model can't run mixtures
key='CCS(O)(=O)=O.CN(C)C(=O)COC1=C(Cl)C=C(C=C1)N1C(N)=NC(N)=NC1(C)C-1065' prediction.modelResults.predictionError=CCS(O)(=O)=O.CN(C)C(=O)COC1=C(Cl)C=C(C=C1)N1C(N)=NC(N)=NC1(C)C: model can't run mixtures
key='CN1CCCC1C1=CC=CC=C1.OC1=C(C=C(C=C1[N+]([O-])=O)[N+]([O-])=O)[N+]([O-])=O-1065' prediction.modelResults.predictionError=CN1CCCC1C1=CC=CC=C1.OC1=C(C=C(C=C1[N+]([O-])=O)[N+]([O-])=O)[N+]([O-])=O: model can't run mixtures
key='CN1CCCC1.OC1=C(C=C(C=C1[N+]([O-])=O)[N+]([O-])=O)[N+]([O-])=O-1065' prediction.modelResults.predictionError=CN1CCCC1.OC1=C(C=C(C=C1[N+]([O-])=O)[N+]([O-])=O)[N+]([O-])=O: model can't run mixtures
key='C1COCCN1.NC1=CC=C(C=C1)S(=O)(=O)C1=CC=C(NCC(O)=O)C=C1-1065' prediction.modelResults.predictionError=C1COCCN1.NC1=CC=C(C=C1)S(=O)(=O)C1=CC=C(NCC(O)=O)C=C1: model can't run mixtures
key='CCNCCO.OC1=C(Cl)C(Cl)=C(Cl)C(Cl)=C1Cl-1065' prediction.modelResults.predictionError=CCNCCO.OC1=C(Cl)C(Cl)=C(Cl)C(Cl)=C1Cl: model can't run mixtures
key='C1=CC=C2N=CC=CC2=C1.OC1=C(Cl)C(Cl)=C(Cl)C(Cl)=C1Cl-1065' prediction.modelResults.predictionError=C1=CC=C2N=CC=CC2=C1.OC1=C(Cl)C(Cl)=C(Cl)C(Cl)=C1Cl: model can't run mixtures
key='CC1=C(NC(=O)C2=CC=CC=C2)C=CC(=C1)N(O)O-1065' prediction.modelResults.predictionError=CC1=C(NC(=O)C2=CC=CC=C2)C=CC(=C1)N(O)O failed standardization
key='OC(=O)C1=CN=CC=C1.CN1C2=C(NC=N2)C(=O)N(C)C1=O-1065' prediction.modelResults.predictionError=OC(=O)C1=CN=CC=C1.CN1C2=C(NC=N2)C(=O)N(C)C1=O: model can't run mixtures
key='OB(O)C1=CC=C(F)C=C1-1065' prediction.modelResults.predictionError=OB(O)C1C=CC(F)=CC=1: Molecule contains unsupported element
key='CC1CO1.CCN1CC1-1065' prediction.modelResults.predictionError=CC1CO1.CCN1CC1: model can't run mixtures
key='C1CO1.CCN1CC1-1065' prediction.modelResults.predictionError=C1CO1.CCN1CC1: model can't run mixtures
key='CCS(O)(=O)=O.CC1(C)N=C(N)N=C(N)N1C1=CC(Cl)=C(OCC(=O)N2CCCCC2)C=C1-1065' prediction.modelResults.predictionError=CCS(O)(=O)=O.CC1(C)N=C(N)N=C(N)N1C1=CC(Cl)=C(OCC(=O)N2CCCCC2)C=C1: model can't run mixtures
key='CCS(O)(=O)=O.CC1(C)N=C(N)N=C(N)N1C1=CC=C(OCC(=O)N2CCCCC2)C=C1-1065' prediction.modelResults.predictionError=CCS(O)(=O)=O.CC1(C)N=C(N)N=C(N)N1C1=CC=C(OCC(=O)N2CCCCC2)C=C1: model can't run mixtures
key='CCS(O)(=O)=O.CCN(CC)C(=O)C1=CC=CC(COC2=C(Cl)C=C(C=C2)N2C(N)=NC(N)=NC2(C)C)=C1-1065' prediction.modelResults.predictionError=CCS(O)(=O)=O.CCN(CC)C(=O)C1=CC=CC(COC2=C(Cl)C=C(C=C2)N2C(N)=NC(N)=NC2(C)C)=C1: model can't run mixtures
key='CCS(O)(=O)=O.CC1(C)N=C(N)N=C(N)N1C1=CC(Cl)=C(OCC2=CC(=CC=C2)C(=O)N2CCOCC2)C=C1-1065' prediction.modelResults.predictionError=CCS(O)(=O)=O.CC1(C)N=C(N)N=C(N)N1C1=CC(Cl)=C(OCC2=CC(=CC=C2)C(=O)N2CCOCC2)C=C1: model can't run mixtures
key='CCS(O)(=O)=O.CC1(C)N=C(N)N=C(N)N1C1=CC(Cl)=C(OCC2=CC(=CC=C2)C(=O)N2CCCCC2)C=C1-1065' prediction.modelResults.predictionError=CCS(O)(=O)=O.CC1(C)N=C(N)N=C(N)N1C1=CC(Cl)=C(OCC2=CC(=CC=C2)C(=O)N2CCCCC2)C=C1: model can't run mixtures
key='CCS(O)(=O)=O.CN(CC1=CC=CC=C1)C(=O)CC1=CC=C(C=C1)N1C(N)=NC(N)=NC1(C)C-1065' prediction.modelResults.predictionError=CCS(O)(=O)=O.CN(CC1=CC=CC=C1)C(=O)CC1=CC=C(C=C1)N1C(N)=NC(N)=NC1(C)C: model can't run mixtures
key='CCS(O)(=O)=O.CC1(C)N=C(N)N=C(N)N1C1=CC=CC(CNC(=O)NC2=CC=CC=C2)=C1-1065' prediction.modelResults.predictionError=CCS(O)(=O)=O.CC1(C)N=C(N)N=C(N)N1C1=CC=CC(CNC(=O)NC2=CC=CC=C2)=C1: model can't run mixtures
key='CCS(O)(=O)=O.COC1=CC=CC(NC(=O)NCC2=CC(=CC=C2)N2C(N)=NC(N)=NC2(C)C)=C1-1065' prediction.modelResults.predictionError=CCS(O)(=O)=O.COC1=CC=CC(NC(=O)NCC2=CC(=CC=C2)N2C(N)=NC(N)=NC2(C)C)=C1: model can't run mixtures
key='CCS(O)(=O)=O.CC1(C)N=C(N)N=C(N)N1C1=CC=CC(CNC(=O)NC2=CC=CC(=C2)C#N)=C1-1065' prediction.modelResults.predictionError=CCS(O)(=O)=O.CC1(C)N=C(N)N=C(N)N1C1=CC=CC(CNC(=O)NC2=CC=CC(=C2)C#N)=C1: model can't run mixtures
key='CCS(O)(=O)=O.CCN(CC)C(=O)NCC1=CC(=CC=C1)N1C(N)=NC(N)=NC1(C)C-1065' prediction.modelResults.predictionError=CCS(O)(=O)=O.CCN(CC)C(=O)NCC1=CC(=CC=C1)N1C(N)=NC(N)=NC1(C)C: model can't run mixtures
key='OC(=O)C(O)=O.CN1CCN(CC1)C1CCCC2=C(C=C(C)C(C)=C2)C1=O-1065' prediction.modelResults.predictionError=OC(=O)C(O)=O.CN1CCN(CC1)C1CCCC2=C(C=C(C)C(C)=C2)C1=O: model can't run mixtures
key='CC(=C)C=C.O=C1OC(=O)C=C1-1065' prediction.modelResults.predictionError=CC(=C)C=C.O=C1OC(=O)C=C1: model can't run mixtures
key='O=C1OC(=O)C=C1.[H]C12CC(C=C)C([H])(C1)C=C2-1065' prediction.modelResults.predictionError=O=C1OC(=O)C=C1.[H]C12CC(C=C)C([H])(C1)C=C2: model can't run mixtures
key='C=CC1=CC=CC=C1.CC(=O)OC1=CC=C(C=C1)N1C(=O)C=CC1=O-1065' prediction.modelResults.predictionError=C=CC1=CC=CC=C1.CC(=O)OC1=CC=C(C=C1)N1C(=O)C=CC1=O: model can't run mixtures
key='CCOC(=O)C(C(C)=O)C1=C(O)C=CC(NS(=O)(=O)C2=CC=CC=C2)=C1-1065' prediction.modelResults.predictionError=Number of atoms equals zero
key='CCOC(=O)C(N)C#N.CC1=CC=C(C=C1)S(O)(=O)=O-1065' prediction.modelResults.predictionError=CCOC(=O)C(N)C#N.CC1=CC=C(C=C1)S(O)(=O)=O: model can't run mixtures
key='CC(C)(C)N1CC(C)(O)C1.OC1=C(C=C(C=C1[N+]([O-])=O)[N+]([O-])=O)[N+]([O-])=O-1065' prediction.modelResults.predictionError=CC(C)(C)N1CC(C)(O)C1.OC1=C(C=C(C=C1[N+]([O-])=O)[N+]([O-])=O)[N+]([O-])=O: model can't run mixtures
key='OCC1OC(C(O)C1O)N1C=NC2=C1N=CN=C2[Se]CC1=CC=CC=C1-1065' prediction.modelResults.predictionError=OCC1OC(C(O)C1O)N1C=NC2C(=NC=NC1=2)[Se]CC1C=CC=CC=1: Molecule contains unsupported element
key='OCC1OC(C(O)C1O)N1C=CC2=C1N=CN=C2[Se]CC1=CC=CC=C1-1065' prediction.modelResults.predictionError=OCC1OC(C(O)C1O)N1C=CC2C(=NC=NC1=2)[Se]CC1C=CC=CC=1: Molecule contains unsupported element
key='C1CCC(CC1)NC1CCCCC1.OC(=O)C(CSC(=O)C1=CC=CC=C1)NSC1=CC=CC=C1[N+]([O-])=O-1065' prediction.modelResults.predictionError=C1CCC(CC1)NC1CCCCC1.OC(=O)C(CSC(=O)C1=CC=CC=C1)NSC1=CC=CC=C1[N+]([O-])=O: model can't run mixtures
key='CS(O)(=O)=O.CC1=C(NS(C)(=O)=O)C=CC(NC2=C3C=CC=CC3=NC3=CC=CC=C23)=C1-1065' prediction.modelResults.predictionError=CS(O)(=O)=O.CC1=C(NS(C)(=O)=O)C=CC(NC2=C3C=CC=CC3=NC3=CC=CC=C23)=C1: model can't run mixtures
key='COC1=CC=NC=C1.OC1=C(C=C(C=C1[N+]([O-])=O)[N+]([O-])=O)[N+]([O-])=O-1065' prediction.modelResults.predictionError=COC1=CC=NC=C1.OC1=C(C=C(C=C1[N+]([O-])=O)[N+]([O-])=O)[N+]([O-])=O: model can't run mixtures
key='COC1=NC2=CC=CC=C2C=C1.OC1=C(C=C(C=C1[N+]([O-])=O)[N+]([O-])=O)[N+]([O-])=O-1065' prediction.modelResults.predictionError=COC1=NC2=CC=CC=C2C=C1.OC1=C(C=C(C=C1[N+]([O-])=O)[N+]([O-])=O)[N+]([O-])=O: model can't run mixtures
key='COC1=NN=CC2=CC=CC=C12.OC1=C(C=C(C=C1[N+]([O-])=O)[N+]([O-])=O)[N+]([O-])=O-1065' prediction.modelResults.predictionError=COC1=NN=CC2=CC=CC=C12.OC1=C(C=C(C=C1[N+]([O-])=O)[N+]([O-])=O)[N+]([O-])=O: model can't run mixtures
key='CS(O)(=O)=O.NC1=NCCN1[N+]([O-])=O-1065' prediction.modelResults.predictionError=CS(O)(=O)=O.NC1=NCCN1[N+]([O-])=O: model can't run mixtures
key='OS(=O)(=O)NC1CCCCC1.CCN(CC)CCNC1=C(C)C(Cl)=C(CO)C=C1C-1065' prediction.modelResults.predictionError=OS(=O)(=O)NC1CCCCC1.CCN(CC)CCNC1=C(C)C(Cl)=C(CO)C=C1C: model can't run mixtures
key='CC1=C2C=CC3=C(C(F)=CC=C3)C2=CC2=CC=CC=C12.[O-][N+](=O)C1=CC2=C(C=C1)C1=C(C=C(C=C1[N+]([O-])=O)[N+]([O-])=O)C2=O-1065' prediction.modelResults.predictionError=CC1=C2C=CC3=C(C(F)=CC=C3)C2=CC2=CC=CC=C12.[O-][N+](=O)C1=CC2=C(C=C1)C1=C(C=C(C=C1[N+]([O-])=O)[N+]([O-])=O)C2=O: model can't run mixtures
key='C1CCC(CC1)NC1CCCCC1.OC(=O)CCC(NC(=O)OCC1=CC=CC=C1)C(=O)OCC1=CC=CC=C1-1065' prediction.modelResults.predictionError=C1CCC(CC1)NC1CCCCC1.OC(=O)CCC(NC(=O)OCC1=CC=CC=C1)C(=O)OCC1=CC=CC=C1: model can't run mixtures
key='C1=CC=NC=C1.OS(=O)(=O)ONC(=O)C1=CC=CC=C1-1065' prediction.modelResults.predictionError=C1=CC=NC=C1.OS(=O)(=O)ONC(=O)C1=CC=CC=C1: model can't run mixtures
key='OCC1OC(C(O)C1O)N1C=C(C#N)C2=C1N=CN=C2[Se]CC1=CC=C(C=C1)[N+]([O-])=O-1065' prediction.modelResults.predictionError=N#CC1=CN(C2OC(CO)C(O)C2O)C2N=CN=C([Se]CC3C=CC(=CC=3)[N+]([O-])=O)C1=2: Molecule contains unsupported element
key='OCC1OC(C(O)C1O)N1C=NC2=C1N=CN=C2[Se]CC1=CC=C(C=C1)[N+]([O-])=O-1065' prediction.modelResults.predictionError=[O-][N+](=O)C1C=CC(C[Se]C2=NC=NC3=C2N=CN3C2OC(CO)C(O)C2O)=CC=1: Molecule contains unsupported element
key='CC1=CC=C(C=C1)S(O)(=O)=O.CC1(C)OCC(O1)C1OC(N)C2OC(C)(C)OC12-1065' prediction.modelResults.predictionError=CC1=CC=C(C=C1)S(O)(=O)=O.CC1(C)OCC(O1)C1OC(N)C2OC(C)(C)OC12: model can't run mixtures
key='CC1=CC=C(C=C1)S(O)(=O)=O.CC1(C)OCC2OC(N)C(O)C2O1-1065' prediction.modelResults.predictionError=CC1=CC=C(C=C1)S(O)(=O)=O.CC1(C)OCC2OC(N)C(O)C2O1: model can't run mixtures
key='CC(ON=C(C)C)C(O)=O.CNC(C)C(O)C1=CC=CC=C1-1065' prediction.modelResults.predictionError=CC(ON=C(C)C)C(O)=O.CNC(C)C(O)C1=CC=CC=C1: model can't run mixtures
key='CC1=C2C=CC3=C(C=CC=C3Cl)C2=CC2=CC=CC=C12.[O-][N+](=O)C1=CC2=C(C=C1)C1=C(C=C(C=C1[N+]([O-])=O)[N+]([O-])=O)C2=O-1065' prediction.modelResults.predictionError=CC1=C2C=CC3=C(C=CC=C3Cl)C2=CC2=CC=CC=C12.[O-][N+](=O)C1=CC2=C(C=C1)C1=C(C=C(C=C1[N+]([O-])=O)[N+]([O-])=O)C2=O: model can't run mixtures
key='CC1=C2C=CC3=C(C=CC=C3Br)C2=CC2=CC=CC=C12.[O-][N+](=O)C1=CC2=C(C=C1)C1=C(C=C(C=C1[N+]([O-])=O)[N+]([O-])=O)C2=O-1065' prediction.modelResults.predictionError=CC1=C2C=CC3=C(C=CC=C3Br)C2=CC2=CC=CC=C12.[O-][N+](=O)C1=CC2=C(C=C1)C1=C(C=C(C=C1[N+]([O-])=O)[N+]([O-])=O)C2=O: model can't run mixtures
key='C1=CC=CC=C1.[O-][N+](=O)C1=CC2=C(C3=C(C=C(C=C3[N+]([O-])=O)[N+]([O-])=O)C2=O)C(Br)=C1-1065' prediction.modelResults.predictionError=C1=CC=CC=C1.[O-][N+](=O)C1=CC2=C(C3=C(C=C(C=C3[N+]([O-])=O)[N+]([O-])=O)C2=O)C(Br)=C1: model can't run mixtures
key='C1=CC2=CC3=CC=CC=C3C=C2C=C1.[O-][N+](=O)C1=CC2=C(C3=C(C=C(C=C3[N+]([O-])=O)[N+]([O-])=O)C2=O)C(Br)=C1-1065' prediction.modelResults.predictionError=C1=CC2=CC3=CC=CC=C3C=C2C=C1.[O-][N+](=O)C1=CC2=C(C3=C(C=C(C=C3[N+]([O-])=O)[N+]([O-])=O)C2=O)C(Br)=C1: model can't run mixtures
key='C1=CC=C2C(C=CC3=CC=CC=C23)=C1.[O-][N+](=O)C1=CC2=C(C3=C(C=C(C=C3[N+]([O-])=O)[N+]([O-])=O)C2=O)C(I)=C1-1065' prediction.modelResults.predictionError=C1=CC=C2C(C=CC3=CC=CC=C23)=C1.[O-][N+](=O)C1=CC2=C(C3=C(C=C(C=C3[N+]([O-])=O)[N+]([O-])=O)C2=O)C(I)=C1: model can't run mixtures
key='CC1=CC=CC=C1.[O-][N+](=O)C1=CC2=C(C3=C(C=C(C=C3[N+]([O-])=O)[N+]([O-])=O)C2=O)C(I)=C1-1065' prediction.modelResults.predictionError=CC1=CC=CC=C1.[O-][N+](=O)C1=CC2=C(C3=C(C=C(C=C3[N+]([O-])=O)[N+]([O-])=O)C2=O)C(I)=C1: model can't run mixtures
key='C1=CC=C2C=C3C(C=CC4=CC=CC=C34)=CC2=C1.[O-][N+](=O)C1=CC2=C(C3=C(C=C(C=C3[N+]([O-])=O)[N+]([O-])=O)C2=O)C(I)=C1-1065' prediction.modelResults.predictionError=C1=CC=C2C=C3C(C=CC4=CC=CC=C34)=CC2=C1.[O-][N+](=O)C1=CC2=C(C3=C(C=C(C=C3[N+]([O-])=O)[N+]([O-])=O)C2=O)C(I)=C1: model can't run mixtures
key='C1=CC2=CC3=CC4=CC=CC=C4C=C3C=C2C=C1.[O-][N+](=O)C1=CC2=C(C3=C(C=C(C=C3[N+]([O-])=O)[N+]([O-])=O)C2=O)C(Br)=C1-1065' prediction.modelResults.predictionError=C1=CC2=CC3=CC4=CC=CC=C4C=C3C=C2C=C1.[O-][N+](=O)C1=CC2=C(C3=C(C=C(C=C3[N+]([O-])=O)[N+]([O-])=O)C2=O)C(Br)=C1: model can't run mixtures
key='CC1=C2C(C=CC3=C2C2=C(C)C=CC=C2C=C3)=CC=C1.[O-][N+](=O)C1=CC2=C(C3=C(C=C(C=C3[N+]([O-])=O)[N+]([O-])=O)C2=O)C(Br)=C1-1065' prediction.modelResults.predictionError=CC1=C2C(C=CC3=C2C2=C(C)C=CC=C2C=C3)=CC=C1.[O-][N+](=O)C1=CC2=C(C3=C(C=C(C=C3[N+]([O-])=O)[N+]([O-])=O)C2=O)C(Br)=C1: model can't run mixtures
key='CC1=CC2=CC=CC=C2C=C1.[O-][N+](=O)C1=CC2=C(C3=C(C=C(C=C3[N+]([O-])=O)[N+]([O-])=O)C2=O)C(I)=C1-1065' prediction.modelResults.predictionError=CC1=CC2=CC=CC=C2C=C1.[O-][N+](=O)C1=CC2=C(C3=C(C=C(C=C3[N+]([O-])=O)[N+]([O-])=O)C2=O)C(I)=C1: model can't run mixtures
key='[O-][N+](=O)C1=CC(=CC(=C1)[N+]([O-])=O)[N+]([O-])=O.CC1=C(C)C2=C(C=C1)C=CC1=C2C(C)=C(C)C=C1-1065' prediction.modelResults.predictionError=[O-][N+](=O)C1=CC(=CC(=C1)[N+]([O-])=O)[N+]([O-])=O.CC1=C(C)C2=C(C=C1)C=CC1=C2C(C)=C(C)C=C1: model can't run mixtures
key='[O-][N+](=O)C1=CC(=CC(=C1)[N+]([O-])=O)[N+]([O-])=O.CC1=CC(C)=C2C(C=CC3=CC(C)=CC(C)=C23)=C1-1065' prediction.modelResults.predictionError=[O-][N+](=O)C1=CC(=CC(=C1)[N+]([O-])=O)[N+]([O-])=O.CC1=CC(C)=C2C(C=CC3=CC(C)=CC(C)=C23)=C1: model can't run mixtures
key='CN1C(=O)C=CC1=O.C=CC1=CC=CC=C1-1065' prediction.modelResults.predictionError=CN1C(=O)C=CC1=O.C=CC1=CC=CC=C1: model can't run mixtures
key='C1CC2CCCN2C1.OC1=C(C=C(C=C1[N+]([O-])=O)[N+]([O-])=O)[N+]([O-])=O-1065' prediction.modelResults.predictionError=C1CC2CCCN2C1.OC1=C(C=C(C=C1[N+]([O-])=O)[N+]([O-])=O)[N+]([O-])=O: model can't run mixtures
key='[H]C12CN(C)C([H])(C1)CCC2.OC1=C(C=C(C=C1[N+]([O-])=O)[N+]([O-])=O)[N+]([O-])=O-1065' prediction.modelResults.predictionError=[H]C12CN(C)C([H])(C1)CCC2.OC1=C(C=C(C=C1[N+]([O-])=O)[N+]([O-])=O)[N+]([O-])=O: model can't run mixtures
key='CC1=CC=C(C=C1)S(O)(=O)=O.CC1(C)OCC(O1)C1OC(N)C(O)C1O-1065' prediction.modelResults.predictionError=CC1=CC=C(C=C1)S(O)(=O)=O.CC1(C)OCC(O1)C1OC(N)C(O)C1O: model can't run mixtures
key='NCCO.CCCCCCCCCCCCN.C=CC(=O)N1CCN(CC1)C(=O)C=C-1065' prediction.modelResults.predictionError=NCCO.CCCCCCCCCCCCN.C=CC(=O)N1CCN(CC1)C(=O)C=C: model can't run mixtures
key='OC(=O)C=CC(O)=O.CCSC1=CC2=C(SC3=CC=CC=C3N2CCCN2CCN(C)CC2)C=C1-1065' prediction.modelResults.predictionError=OC(=O)C=CC(O)=O.CCSC1=CC2=C(SC3=CC=CC=C3N2CCCN2CCN(C)CC2)C=C1: model can't run mixtures
key='SC#N.CC(C)NC(C)C-1065' prediction.modelResults.predictionError=SC#N.CC(C)NC(C)C: model can't run mixtures
key='SC#N.CCN(CC)CC-1065' prediction.modelResults.predictionError=SC#N.CCN(CC)CC: model can't run mixtures
key='CCCCCCCCCCCC(O)=O.OCC(O)C(OC1OC(CO)C(O)C(O)C1O)C(O)C(O)C=O-1065' prediction.modelResults.predictionError=CCCCCCCCCCCC(O)=O.OCC(O)C(OC1OC(CO)C(O)C(O)C1O)C(O)C(O)C=O: model can't run mixtures
key='CCCCCCCCCCCCCCCCCC(O)=O.OCC(O)C(OC1OC(CO)C(O)C(O)C1O)C(O)C(O)C=O-1065' prediction.modelResults.predictionError=CCCCCCCCCCCCCCCCCC(O)=O.OCC(O)C(OC1OC(CO)C(O)C(O)C1O)C(O)C(O)C=O: model can't run mixtures
key='CCCCCCCCCCCCCC(O)=O.OCC(O)C(OC1OC(CO)C(O)C(O)C1O)C(O)C(O)C=O-1065' prediction.modelResults.predictionError=CCCCCCCCCCCCCC(O)=O.OCC(O)C(OC1OC(CO)C(O)C(O)C1O)C(O)C(O)C=O: model can't run mixtures
key='CS(O)(=O)=O.NC(=N)SCC1=CC=CC=C1-1065' prediction.modelResults.predictionError=CS(O)(=O)=O.NC(=N)SCC1=CC=CC=C1: model can't run mixtures
key='OC1=C(C=C(C=C1[N+]([O-])=O)[N+]([O-])=O)[N+]([O-])=O.CCCCN(CCCC1=C(C)NC(N)=NC1=O)C(=O)C1=CC=CC=C1-1065' prediction.modelResults.predictionError=OC1=C(C=C(C=C1[N+]([O-])=O)[N+]([O-])=O)[N+]([O-])=O.CCCCN(CCCC1=C(C)NC(N)=NC1=O)C(=O)C1=CC=CC=C1: model can't run mixtures
key='CCS(O)(=O)=O.CC1(C)N=C(N)N=C(N)N1C1=CC=C(C=C1)C#N-1065' prediction.modelResults.predictionError=CCS(O)(=O)=O.CC1(C)N=C(N)N=C(N)N1C1=CC=C(C=C1)C#N: model can't run mixtures
key='CCS(O)(=O)=O.NC1=CC=CC(CCCCC2=CC=C(C=C2)S(F)(=O)=O)=C1-1065' prediction.modelResults.predictionError=CCS(O)(=O)=O.NC1=CC=CC(CCCCC2=CC=C(C=C2)S(F)(=O)=O)=C1: model can't run mixtures
key='CCS(O)(=O)=O.CC1=CC=CC=C1C(CC1=CC=C(C=C1)N1C(N)=NC(N)=NC1(C)C)C(=O)NC1=CC=C(C=C1)S(F)(=O)=O-1065' prediction.modelResults.predictionError=CCS(O)(=O)=O.CC1=CC=CC=C1C(CC1=CC=C(C=C1)N1C(N)=NC(N)=NC1(C)C)C(=O)NC1=CC=C(C=C1)S(F)(=O)=O: model can't run mixtures
key='CCS(O)(=O)=O.CC1=CC=C(C=C1)C(CC1=CC=C(C=C1)N1C(N)=NC(N)=NC1(C)C)C(=O)NC1=CC=C(C=C1)S(F)(=O)=O-1065' prediction.modelResults.predictionError=CCS(O)(=O)=O.CC1=CC=C(C=C1)C(CC1=CC=C(C=C1)N1C(N)=NC(N)=NC1(C)C)C(=O)NC1=CC=C(C=C1)S(F)(=O)=O: model can't run mixtures
key='CCS(O)(=O)=O.CC1=CC(=CC=C1)C(CC1=CC=C(C=C1)N1C(N)=NC(N)=NC1(C)C)C(=O)NC1=CC=C(C=C1)S(F)(=O)=O-1065' prediction.modelResults.predictionError=CCS(O)(=O)=O.CC1=CC(=CC=C1)C(CC1=CC=C(C=C1)N1C(N)=NC(N)=NC1(C)C)C(=O)NC1=CC=C(C=C1)S(F)(=O)=O: model can't run mixtures
key='CCS(O)(=O)=O.CC(CC1=CC=C(C=C1)N1C(N)=NC(N)=NC1(C)C)C(=O)NC1=CC=C(C=C1)S(F)(=O)=O-1065' prediction.modelResults.predictionError=CCS(O)(=O)=O.CC(CC1=CC=C(C=C1)N1C(N)=NC(N)=NC1(C)C)C(=O)NC1=CC=C(C=C1)S(F)(=O)=O: model can't run mixtures
key='OC1=C(C=C(C=C1[N+]([O-])=O)[N+]([O-])=O)[N+]([O-])=O.NC1=NC(C2=CC=CC=C2)=C(NCC2=CC=C(NC(=O)CBr)C=C2)C(N)=N1-1065' prediction.modelResults.predictionError=OC1=C(C=C(C=C1[N+]([O-])=O)[N+]([O-])=O)[N+]([O-])=O.NC1=NC(C2=CC=CC=C2)=C(NCC2=CC=C(NC(=O)CBr)C=C2)C(N)=N1: model can't run mixtures
key='OC1=C(C=C(C=C1[N+]([O-])=O)[N+]([O-])=O)[N+]([O-])=O.CC(=O)NC1=CC=C(C=C1)C1N=C(N)N=C(N)N1CCCCC1=CC=CC=C1-1065' prediction.modelResults.predictionError=OC1=C(C=C(C=C1[N+]([O-])=O)[N+]([O-])=O)[N+]([O-])=O.CC(=O)NC1=CC=C(C=C1)C1N=C(N)N=C(N)N1CCCCC1=CC=CC=C1: model can't run mixtures
key='CCS(O)(=O)=O.CC1(C)N=C(N)N=C(N)N1C1=CC=CC(=C1)C(CCCC1=CC=CC=C1)C#N-1065' prediction.modelResults.predictionError=CCS(O)(=O)=O.CC1(C)N=C(N)N=C(N)N1C1=CC=CC(=C1)C(CCCC1=CC=CC=C1)C#N: model can't run mixtures
key='CCS(O)(=O)=O.CC1(C)N=C(N)N=C(N)N1C1=CC=C(C=C1)C(CCCC1=CC=CC=C1)C#N-1065' prediction.modelResults.predictionError=CCS(O)(=O)=O.CC1(C)N=C(N)N=C(N)N1C1=CC=C(C=C1)C(CCCC1=CC=CC=C1)C#N: model can't run mixtures
key='OS(=O)(=O)C1=CC=CC=C1.NC(=N)C1=CC=C(OCCCCOC2=CC=C(N)C=C2)C=C1-1065' prediction.modelResults.predictionError=OS(=O)(=O)C1=CC=CC=C1.NC(=N)C1=CC=C(OCCCCOC2=CC=C(N)C=C2)C=C1: model can't run mixtures
key='OS(=O)(=O)C1=CC=CC=C1.NC(=N)C1=CC=C(OCCCCOC2=C(Cl)C=C(N)C=C2)C=C1-1065' prediction.modelResults.predictionError=OS(=O)(=O)C1=CC=CC=C1.NC(=N)C1=CC=C(OCCCCOC2=C(Cl)C=C(N)C=C2)C=C1: model can't run mixtures
key='CCS(O)(=O)=O.CC1=C(NC(=O)NCC2=CC=C(C=C2)N2C(N)=NC(N)=NC2(C)C)C=CC(=C1)S(F)(=O)=O-1065' prediction.modelResults.predictionError=CCS(O)(=O)=O.CC1=C(NC(=O)NCC2=CC=C(C=C2)N2C(N)=NC(N)=NC2(C)C)C=CC(=C1)S(F)(=O)=O: model can't run mixtures
key='CC1=CC=C(C=C1)S(O)(=O)=O.CCCOC1=CC=CC(=C1)C(N)=N-1065' prediction.modelResults.predictionError=CC1=CC=C(C=C1)S(O)(=O)=O.CCCOC1=CC=CC(=C1)C(N)=N: model can't run mixtures
key='CC1=CC=C(C=C1)S(O)(=O)=O.NC(=N)C1=CC(OCCCC2=CC=CC=C2)=CC=C1-1065' prediction.modelResults.predictionError=CC1=CC=C(C=C1)S(O)(=O)=O.NC(=N)C1=CC(OCCCC2=CC=CC=C2)=CC=C1: model can't run mixtures
key='CC1=CC=C(C=C1)S(O)(=O)=O.NC(=N)C1=CC(OCC2=CC=CC=C2)=CC=C1-1065' prediction.modelResults.predictionError=CC1=CC=C(C=C1)S(O)(=O)=O.NC(=N)C1=CC(OCC2=CC=CC=C2)=CC=C1: model can't run mixtures
key='CCS(O)(=O)=O.CC1(C)N=C(N)N=C(N)N1C1=CC=C(OC2=CC=C(C=C2)S(F)(=O)=O)C=C1-1065' prediction.modelResults.predictionError=CCS(O)(=O)=O.CC1(C)N=C(N)N=C(N)N1C1=CC=C(OC2=CC=C(C=C2)S(F)(=O)=O)C=C1: model can't run mixtures
key='CCS(O)(=O)=O.CC1(C)N=C(N)N=C(N)N1C1=CC=C(CC(C(=O)NC2=CC=C(C=C2)S(F)(=O)=O)C2=CC=CC=C2)C=C1-1065' prediction.modelResults.predictionError=CCS(O)(=O)=O.CC1(C)N=C(N)N=C(N)N1C1=CC=C(CC(C(=O)NC2=CC=C(C=C2)S(F)(=O)=O)C2=CC=CC=C2)C=C1: model can't run mixtures
key='OS(=O)(=O)C1=CC=CC=C1.NC(=N)C1=CC=C(OCCCCOC2=CC=C(NC(=O)NC3=CC(=CC=C3)S(F)(=O)=O)C=C2)C=C1-1065' prediction.modelResults.predictionError=OS(=O)(=O)C1=CC=CC=C1.NC(=N)C1=CC=C(OCCCCOC2=CC=C(NC(=O)NC3=CC(=CC=C3)S(F)(=O)=O)C=C2)C=C1: model can't run mixtures
key='CCS(O)(=O)=O.CC1(C)N=C(N)N=C(N)N1C1=CC=C(CC(CCC2=CC=CC=C2)C(=O)NC2=CC=C(C=C2)S(F)(=O)=O)C=C1-1065' prediction.modelResults.predictionError=CCS(O)(=O)=O.CC1(C)N=C(N)N=C(N)N1C1=CC=C(CC(CCC2=CC=CC=C2)C(=O)NC2=CC=C(C=C2)S(F)(=O)=O)C=C1: model can't run mixtures
key='CC1=CC=C(C=C1)S(O)(=O)=O.NC(=N)C1=CC(OCCCOC2=CC=CC=C2)=CC=C1-1065' prediction.modelResults.predictionError=CC1=CC=C(C=C1)S(O)(=O)=O.NC(=N)C1=CC(OCCCOC2=CC=CC=C2)=CC=C1: model can't run mixtures
key='OS(=O)(=O)C1=CC=CC=C1.CC1=C(NC(=O)NC2=CC=C(C=C2)S(F)(=O)=O)C=CC(OCCCCOC2=CC=C(C=C2)C(N)=N)=C1-1065' prediction.modelResults.predictionError=OS(=O)(=O)C1=CC=CC=C1.CC1=C(NC(=O)NC2=CC=C(C=C2)S(F)(=O)=O)C=CC(OCCCCOC2=CC=C(C=C2)C(N)=N)=C1: model can't run mixtures
key='CCS(O)(=O)=O.CC1(C)N=C(N)N=C(N)N1C1=CC=C(OCCCOC2=CC=C(C=C2)S(F)(=O)=O)C=C1-1065' prediction.modelResults.predictionError=CCS(O)(=O)=O.CC1(C)N=C(N)N=C(N)N1C1=CC=C(OCCCOC2=CC=C(C=C2)S(F)(=O)=O)C=C1: model can't run mixtures
key='OS(=O)(=O)C1=CC=CC=C1.NC(=N)C1=CC=C(OCCCOC2=CC=C(NC(=O)NC3=CC=C(C=C3)S(F)(=O)=O)C=C2)C=C1-1065' prediction.modelResults.predictionError=OS(=O)(=O)C1=CC=CC=C1.NC(=N)C1=CC=C(OCCCOC2=CC=C(NC(=O)NC3=CC=C(C=C3)S(F)(=O)=O)C=C2)C=C1: model can't run mixtures
key='CC1=CC=C(C=C1)S(O)(=O)=O.NC(=N)C1=CC(NC(=O)CCC2=CC=CC=C2)=CC=C1-1065' prediction.modelResults.predictionError=CC1=CC=C(C=C1)S(O)(=O)=O.NC(=N)C1=CC(NC(=O)CCC2=CC=CC=C2)=CC=C1: model can't run mixtures
key='CCS(O)(=O)=O.NCC1=CC(OCCOC2=CC=CC=C2)=CC=C1-1065' prediction.modelResults.predictionError=CCS(O)(=O)=O.NCC1=CC(OCCOC2=CC=CC=C2)=CC=C1: model can't run mixtures
key='OS(=O)(=O)C1=CC=CC=C1.NC(=N)C1=CC=C(OCCCCOC2=CC=C(NC(=O)NC3=C(Cl)C=C(C=C3)S(F)(=O)=O)C=C2)C=C1-1065' prediction.modelResults.predictionError=OS(=O)(=O)C1=CC=CC=C1.NC(=N)C1=CC=C(OCCCCOC2=CC=C(NC(=O)NC3=C(Cl)C=C(C=C3)S(F)(=O)=O)C=C2)C=C1: model can't run mixtures
key='OS(=O)(=O)C1=CC=CC=C1.NC(=N)C1=CC=C(OCCCCOC2=CC=C(NC(=O)C3=CC(=CC=C3)S(F)(=O)=O)C=C2)C=C1-1065' prediction.modelResults.predictionError=OS(=O)(=O)C1=CC=CC=C1.NC(=N)C1=CC=C(OCCCCOC2=CC=C(NC(=O)C3=CC(=CC=C3)S(F)(=O)=O)C=C2)C=C1: model can't run mixtures
key='OS(=O)(=O)C1=CC=CC=C1.NC(=N)C1=CC=C(OCCCCOC2=CC=C(NC(=O)NC3=C(Cl)C=CC(=C3)S(F)(=O)=O)C=C2)C=C1-1065' prediction.modelResults.predictionError=OS(=O)(=O)C1=CC=CC=C1.NC(=N)C1=CC=C(OCCCCOC2=CC=C(NC(=O)NC3=C(Cl)C=CC(=C3)S(F)(=O)=O)C=C2)C=C1: model can't run mixtures
key='OS(=O)(=O)C1=CC=CC=C1.CC1=C(N)C=CC(OCCCCOC2=CC=C(C=C2)C(N)=N)=C1-1065' prediction.modelResults.predictionError=OS(=O)(=O)C1=CC=CC=C1.CC1=C(N)C=CC(OCCCCOC2=CC=C(C=C2)C(N)=N)=C1: model can't run mixtures
key='OS(=O)(=O)C1=CC=CC=C1.NC(=N)C1=CC=C(OCCOC2=CC=CC(N)=C2)C=C1-1065' prediction.modelResults.predictionError=OS(=O)(=O)C1=CC=CC=C1.NC(=N)C1=CC=C(OCCOC2=CC=CC(N)=C2)C=C1: model can't run mixtures
key='OC1=C(C=C(C=C1[N+]([O-])=O)[N+]([O-])=O)[N+]([O-])=O.CCCCN(CCCC1=C(C)NC(N)=NC1=O)C(=O)C1=CC=CC=C1-1065' prediction.modelResults.predictionError=OC1=C(C=C(C=C1[N+]([O-])=O)[N+]([O-])=O)[N+]([O-])=O.CCCCN(CCCC1=C(C)NC(N)=NC1=O)C(=O)C1=CC=CC=C1: model can't run mixtures
key='CCS(O)(=O)=O.CC1(C)N=C(N)N=C(N)N1C1=CC=C(C=C1)C#N-1065' prediction.modelResults.predictionError=CCS(O)(=O)=O.CC1(C)N=C(N)N=C(N)N1C1=CC=C(C=C1)C#N: model can't run mixtures
key='CCS(O)(=O)=O.NC1=CC=CC(CCCCC2=CC=C(C=C2)S(F)(=O)=O)=C1-1065' prediction.modelResults.predictionError=CCS(O)(=O)=O.NC1=CC=CC(CCCCC2=CC=C(C=C2)S(F)(=O)=O)=C1: model can't run mixtures
key='CCS(O)(=O)=O.CC1=CC=CC=C1C(CC1=CC=C(C=C1)N1C(N)=NC(N)=NC1(C)C)C(=O)NC1=CC=C(C=C1)S(F)(=O)=O-1065' prediction.modelResults.predictionError=CCS(O)(=O)=O.CC1=CC=CC=C1C(CC1=CC=C(C=C1)N1C(N)=NC(N)=NC1(C)C)C(=O)NC1=CC=C(C=C1)S(F)(=O)=O: model can't run mixtures
key='CCS(O)(=O)=O.CC1=CC=C(C=C1)C(CC1=CC=C(C=C1)N1C(N)=NC(N)=NC1(C)C)C(=O)NC1=CC=C(C=C1)S(F)(=O)=O-1065' prediction.modelResults.predictionError=CCS(O)(=O)=O.CC1=CC=C(C=C1)C(CC1=CC=C(C=C1)N1C(N)=NC(N)=NC1(C)C)C(=O)NC1=CC=C(C=C1)S(F)(=O)=O: model can't run mixtures
key='CCS(O)(=O)=O.CC1=CC(=CC=C1)C(CC1=CC=C(C=C1)N1C(N)=NC(N)=NC1(C)C)C(=O)NC1=CC=C(C=C1)S(F)(=O)=O-1065' prediction.modelResults.predictionError=CCS(O)(=O)=O.CC1=CC(=CC=C1)C(CC1=CC=C(C=C1)N1C(N)=NC(N)=NC1(C)C)C(=O)NC1=CC=C(C=C1)S(F)(=O)=O: model can't run mixtures
key='CCS(O)(=O)=O.CC(CC1=CC=C(C=C1)N1C(N)=NC(N)=NC1(C)C)C(=O)NC1=CC=C(C=C1)S(F)(=O)=O-1065' prediction.modelResults.predictionError=CCS(O)(=O)=O.CC(CC1=CC=C(C=C1)N1C(N)=NC(N)=NC1(C)C)C(=O)NC1=CC=C(C=C1)S(F)(=O)=O: model can't run mixtures
key='OC1=C(C=C(C=C1[N+]([O-])=O)[N+]([O-])=O)[N+]([O-])=O.NC1=NC(C2=CC=CC=C2)=C(NCC2=CC=C(NC(=O)CBr)C=C2)C(N)=N1-1065' prediction.modelResults.predictionError=OC1=C(C=C(C=C1[N+]([O-])=O)[N+]([O-])=O)[N+]([O-])=O.NC1=NC(C2=CC=CC=C2)=C(NCC2=CC=C(NC(=O)CBr)C=C2)C(N)=N1: model can't run mixtures
key='OC1=C(C=C(C=C1[N+]([O-])=O)[N+]([O-])=O)[N+]([O-])=O.CC(=O)NC1=CC=C(C=C1)C1N=C(N)N=C(N)N1CCCCC1=CC=CC=C1-1065' prediction.modelResults.predictionError=OC1=C(C=C(C=C1[N+]([O-])=O)[N+]([O-])=O)[N+]([O-])=O.CC(=O)NC1=CC=C(C=C1)C1N=C(N)N=C(N)N1CCCCC1=CC=CC=C1: model can't run mixtures
key='CCS(O)(=O)=O.CC1(C)N=C(N)N=C(N)N1C1=CC=CC(=C1)C(CCCC1=CC=CC=C1)C#N-1065' prediction.modelResults.predictionError=CCS(O)(=O)=O.CC1(C)N=C(N)N=C(N)N1C1=CC=CC(=C1)C(CCCC1=CC=CC=C1)C#N: model can't run mixtures
key='CCS(O)(=O)=O.CC1(C)N=C(N)N=C(N)N1C1=CC=C(C=C1)C(CCCC1=CC=CC=C1)C#N-1065' prediction.modelResults.predictionError=CCS(O)(=O)=O.CC1(C)N=C(N)N=C(N)N1C1=CC=C(C=C1)C(CCCC1=CC=CC=C1)C#N: model can't run mixtures
key='OS(=O)(=O)C1=CC=CC=C1.NC(=N)C1=CC=C(OCCCCOC2=CC=C(N)C=C2)C=C1-1065' prediction.modelResults.predictionError=OS(=O)(=O)C1=CC=CC=C1.NC(=N)C1=CC=C(OCCCCOC2=CC=C(N)C=C2)C=C1: model can't run mixtures
key='OS(=O)(=O)C1=CC=CC=C1.NC(=N)C1=CC=C(OCCCCOC2=C(Cl)C=C(N)C=C2)C=C1-1065' prediction.modelResults.predictionError=OS(=O)(=O)C1=CC=CC=C1.NC(=N)C1=CC=C(OCCCCOC2=C(Cl)C=C(N)C=C2)C=C1: model can't run mixtures
key='CCS(O)(=O)=O.CC1=C(NC(=O)NCC2=CC=C(C=C2)N2C(N)=NC(N)=NC2(C)C)C=CC(=C1)S(F)(=O)=O-1065' prediction.modelResults.predictionError=CCS(O)(=O)=O.CC1=C(NC(=O)NCC2=CC=C(C=C2)N2C(N)=NC(N)=NC2(C)C)C=CC(=C1)S(F)(=O)=O: model can't run mixtures
key='CCS(O)(=O)=O.CC1(C)N=C(N)N=C(N)N1C1=CC=C(OC2=CC=C(C=C2)S(F)(=O)=O)C=C1-1065' prediction.modelResults.predictionError=CCS(O)(=O)=O.CC1(C)N=C(N)N=C(N)N1C1=CC=C(OC2=CC=C(C=C2)S(F)(=O)=O)C=C1: model can't run mixtures
key='CCS(O)(=O)=O.CC1(C)N=C(N)N=C(N)N1C1=CC=C(CC(C(=O)NC2=CC=C(C=C2)S(F)(=O)=O)C2=CC=CC=C2)C=C1-1065' prediction.modelResults.predictionError=CCS(O)(=O)=O.CC1(C)N=C(N)N=C(N)N1C1=CC=C(CC(C(=O)NC2=CC=C(C=C2)S(F)(=O)=O)C2=CC=CC=C2)C=C1: model can't run mixtures
key='OS(=O)(=O)C1=CC=CC=C1.NC(=N)C1=CC=C(OCCCCOC2=CC=C(NC(=O)NC3=CC(=CC=C3)S(F)(=O)=O)C=C2)C=C1-1065' prediction.modelResults.predictionError=OS(=O)(=O)C1=CC=CC=C1.NC(=N)C1=CC=C(OCCCCOC2=CC=C(NC(=O)NC3=CC(=CC=C3)S(F)(=O)=O)C=C2)C=C1: model can't run mixtures
key='CCS(O)(=O)=O.CC1(C)N=C(N)N=C(N)N1C1=CC=C(CC(CCC2=CC=CC=C2)C(=O)NC2=CC=C(C=C2)S(F)(=O)=O)C=C1-1065' prediction.modelResults.predictionError=CCS(O)(=O)=O.CC1(C)N=C(N)N=C(N)N1C1=CC=C(CC(CCC2=CC=CC=C2)C(=O)NC2=CC=C(C=C2)S(F)(=O)=O)C=C1: model can't run mixtures
key='CC1=CC=C(C=C1)S(O)(=O)=O.NC(=N)C1=CC(OCCCOC2=CC=CC=C2)=CC=C1-1065' prediction.modelResults.predictionError=CC1=CC=C(C=C1)S(O)(=O)=O.NC(=N)C1=CC(OCCCOC2=CC=CC=C2)=CC=C1: model can't run mixtures
key='OS(=O)(=O)C1=CC=CC=C1.CC1=C(NC(=O)NC2=CC=C(C=C2)S(F)(=O)=O)C=CC(OCCCCOC2=CC=C(C=C2)C(N)=N)=C1-1065' prediction.modelResults.predictionError=OS(=O)(=O)C1=CC=CC=C1.CC1=C(NC(=O)NC2=CC=C(C=C2)S(F)(=O)=O)C=CC(OCCCCOC2=CC=C(C=C2)C(N)=N)=C1: model can't run mixtures
key='CCS(O)(=O)=O.CC1(C)N=C(N)N=C(N)N1C1=CC=C(OCCCOC2=CC=C(C=C2)S(F)(=O)=O)C=C1-1065' prediction.modelResults.predictionError=CCS(O)(=O)=O.CC1(C)N=C(N)N=C(N)N1C1=CC=C(OCCCOC2=CC=C(C=C2)S(F)(=O)=O)C=C1: model can't run mixtures
key='OS(=O)(=O)C1=CC=CC=C1.NC(=N)C1=CC=C(OCCCOC2=CC=C(NC(=O)NC3=CC=C(C=C3)S(F)(=O)=O)C=C2)C=C1-1065' prediction.modelResults.predictionError=OS(=O)(=O)C1=CC=CC=C1.NC(=N)C1=CC=C(OCCCOC2=CC=C(NC(=O)NC3=CC=C(C=C3)S(F)(=O)=O)C=C2)C=C1: model can't run mixtures
key='CC1=CC=C(C=C1)S(O)(=O)=O.NC(=N)C1=CC(NC(=O)CCC2=CC=CC=C2)=CC=C1-1065' prediction.modelResults.predictionError=CC1=CC=C(C=C1)S(O)(=O)=O.NC(=N)C1=CC(NC(=O)CCC2=CC=CC=C2)=CC=C1: model can't run mixtures
key='CCS(O)(=O)=O.NCC1=CC(OCCOC2=CC=CC=C2)=CC=C1-1065' prediction.modelResults.predictionError=CCS(O)(=O)=O.NCC1=CC(OCCOC2=CC=CC=C2)=CC=C1: model can't run mixtures
key='OS(=O)(=O)C1=CC=CC=C1.NC(=N)C1=CC=C(OCCCCOC2=CC=C(NC(=O)NC3=C(Cl)C=C(C=C3)S(F)(=O)=O)C=C2)C=C1-1065' prediction.modelResults.predictionError=OS(=O)(=O)C1=CC=CC=C1.NC(=N)C1=CC=C(OCCCCOC2=CC=C(NC(=O)NC3=C(Cl)C=C(C=C3)S(F)(=O)=O)C=C2)C=C1: model can't run mixtures
key='OS(=O)(=O)C1=CC=CC=C1.NC(=N)C1=CC=C(OCCCCOC2=CC=C(NC(=O)C3=CC(=CC=C3)S(F)(=O)=O)C=C2)C=C1-1065' prediction.modelResults.predictionError=OS(=O)(=O)C1=CC=CC=C1.NC(=N)C1=CC=C(OCCCCOC2=CC=C(NC(=O)C3=CC(=CC=C3)S(F)(=O)=O)C=C2)C=C1: model can't run mixtures
key='OS(=O)(=O)C1=CC=CC=C1.NC(=N)C1=CC=C(OCCCCOC2=CC=C(NC(=O)NC3=C(Cl)C=CC(=C3)S(F)(=O)=O)C=C2)C=C1-1065' prediction.modelResults.predictionError=OS(=O)(=O)C1=CC=CC=C1.NC(=N)C1=CC=C(OCCCCOC2=CC=C(NC(=O)NC3=C(Cl)C=CC(=C3)S(F)(=O)=O)C=C2)C=C1: model can't run mixtures
key='OS(=O)(=O)C1=CC=CC=C1.CC1=C(N)C=CC(OCCCCOC2=CC=C(C=C2)C(N)=N)=C1-1065' prediction.modelResults.predictionError=OS(=O)(=O)C1=CC=CC=C1.CC1=C(N)C=CC(OCCCCOC2=CC=C(C=C2)C(N)=N)=C1: model can't run mixtures
key='OS(=O)(=O)C1=CC=CC=C1.NC(=N)C1=CC=C(OCCOC2=CC=CC(N)=C2)C=C1-1065' prediction.modelResults.predictionError=OS(=O)(=O)C1=CC=CC=C1.NC(=N)C1=CC=C(OCCOC2=CC=CC(N)=C2)C=C1: model can't run mixtures
key='NC(N)=N.OS(=O)(=O)C1=CC=CC(NC(=O)COC2=CC(Cl)=CC=C2)=C1-1065' prediction.modelResults.predictionError=NC(N)=N.OS(=O)(=O)C1=CC=CC(NC(=O)COC2=CC(Cl)=CC=C2)=C1: model can't run mixtures
key='CCO.OC(=O)COC1=CC=C(NC(=O)COC2=CC(Cl)=C(Cl)C=C2)C=C1-1065' prediction.modelResults.predictionError=CCO.OC(=O)COC1=CC=C(NC(=O)COC2=CC(Cl)=C(Cl)C=C2)C=C1: model can't run mixtures
key='CCCCC1=C(N=C(N)N=C1N)C1=CC=CC=C1-1065' prediction.modelResults.predictionError=Number of atoms equals zero
key='OC1=C(C=C(C=C1[N+]([O-])=O)[N+]([O-])=O)[N+]([O-])=O.NC1=NC(N(CCCCC2=CC=CC=C2)C(N)=N1)C1=CC=CC=C1-1065' prediction.modelResults.predictionError=OC1=C(C=C(C=C1[N+]([O-])=O)[N+]([O-])=O)[N+]([O-])=O.NC1=NC(N(CCCCC2=CC=CC=C2)C(N)=N1)C1=CC=CC=C1: model can't run mixtures
key='CCS(O)(=O)=O.CC1=C(C=C(NC(=O)CCC2=CC=C(C=C2)N2C(N)=NC(N)=NC2(C)C)C=C1)S(F)(=O)=O-1065' prediction.modelResults.predictionError=CCS(O)(=O)=O.CC1=C(C=C(NC(=O)CCC2=CC=C(C=C2)N2C(N)=NC(N)=NC2(C)C)C=C1)S(F)(=O)=O: model can't run mixtures
key='CCS(O)(=O)=O.CC1(C)N=C(N)N=C(N)N1C1=CC=C(OCCCCOC2=CC=C(C=C2)S(F)(=O)=O)C=C1-1065' prediction.modelResults.predictionError=CCS(O)(=O)=O.CC1(C)N=C(N)N=C(N)N1C1=CC=C(OCCCCOC2=CC=C(C=C2)S(F)(=O)=O)C=C1: model can't run mixtures
key='CCS(O)(=O)=O.COC1=C(C=C(NC(=O)CCC2=CC=C(C=C2)N2C(N)=NC(N)=NC2(C)C)C=C1)S(F)(=O)=O-1065' prediction.modelResults.predictionError=CCS(O)(=O)=O.COC1=C(C=C(NC(=O)CCC2=CC=C(C=C2)N2C(N)=NC(N)=NC2(C)C)C=C1)S(F)(=O)=O: model can't run mixtures
key='CCS(O)(=O)=O.CC1(C)N=C(N)N=C(N)N1C1=CC=C(OCCOC2=CC=C(C=C2)S(F)(=O)=O)C=C1-1065' prediction.modelResults.predictionError=CCS(O)(=O)=O.CC1(C)N=C(N)N=C(N)N1C1=CC=C(OCCOC2=CC=C(C=C2)S(F)(=O)=O)C=C1: model can't run mixtures
key='CCS(O)(=O)=O.COC1=C(NC(=O)CCC2=CC=C(C=C2)N2C(N)=NC(N)=NC2(C)C)C=C(C=C1)S(F)(=O)=O-1065' prediction.modelResults.predictionError=CCS(O)(=O)=O.COC1=C(NC(=O)CCC2=CC=C(C=C2)N2C(N)=NC(N)=NC2(C)C)C=C(C=C1)S(F)(=O)=O: model can't run mixtures
key='CCS(O)(=O)=O.CC1=C(NC(=O)CCC2=CC=C(C=C2)N2C(N)=NC(N)=NC2(C)C)C=CC(=C1)S(F)(=O)=O-1065' prediction.modelResults.predictionError=CCS(O)(=O)=O.CC1=C(NC(=O)CCC2=CC=C(C=C2)N2C(N)=NC(N)=NC2(C)C)C=CC(=C1)S(F)(=O)=O: model can't run mixtures
key='OS(=O)(=O)C1=CC=CC=C1.NC(=N)C1=CC=C(OCCCCOC2=C(Cl)C=C(C=C2)[N+]([O-])=O)C=C1-1065' prediction.modelResults.predictionError=OS(=O)(=O)C1=CC=CC=C1.NC(=N)C1=CC=C(OCCCCOC2=C(Cl)C=C(C=C2)[N+]([O-])=O)C=C1: model can't run mixtures
key='CN1C=CC2=CC=CC=C12.[O-][N+](=O)C1=CC(=CC(=C1)[N+]([O-])=O)[N+]([O-])=O-1065' prediction.modelResults.predictionError=CN1C=CC2=CC=CC=C12.[O-][N+](=O)C1=CC(=CC(=C1)[N+]([O-])=O)[N+]([O-])=O: model can't run mixtures
key='OC1=C(C=C(C=C1[N+]([O-])=O)[N+]([O-])=O)[N+]([O-])=O.OC(C(C1=CC(=NN1)C1=CC=CC=C1)C1=CC=CC=C1)C1=CC=CC=C1-1065' prediction.modelResults.predictionError=OC1=C(C=C(C=C1[N+]([O-])=O)[N+]([O-])=O)[N+]([O-])=O.OC(C(C1=CC(=NN1)C1=CC=CC=C1)C1=CC=CC=C1)C1=CC=CC=C1: model can't run mixtures
key='NC(N)=N.OS(=O)(=O)C1=CC=CC(NC(=O)COC2=CC(Cl)=CC=C2)=C1-1065' prediction.modelResults.predictionError=NC(N)=N.OS(=O)(=O)C1=CC=CC(NC(=O)COC2=CC(Cl)=CC=C2)=C1: model can't run mixtures
key='CCO.OC(=O)COC1=CC=C(NC(=O)COC2=CC(Cl)=C(Cl)C=C2)C=C1-1065' prediction.modelResults.predictionError=CCO.OC(=O)COC1=CC=C(NC(=O)COC2=CC(Cl)=C(Cl)C=C2)C=C1: model can't run mixtures
key='CCCCC1=C(N=C(N)N=C1N)C1=CC=CC=C1-1065' prediction.modelResults.predictionError=Number of atoms equals zero
key='OC1=C(C=C(C=C1[N+]([O-])=O)[N+]([O-])=O)[N+]([O-])=O.NC1=NC(N(CCCCC2=CC=CC=C2)C(N)=N1)C1=CC=CC=C1-1065' prediction.modelResults.predictionError=OC1=C(C=C(C=C1[N+]([O-])=O)[N+]([O-])=O)[N+]([O-])=O.NC1=NC(N(CCCCC2=CC=CC=C2)C(N)=N1)C1=CC=CC=C1: model can't run mixtures
key='CCS(O)(=O)=O.CC1=C(C=C(NC(=O)CCC2=CC=C(C=C2)N2C(N)=NC(N)=NC2(C)C)C=C1)S(F)(=O)=O-1065' prediction.modelResults.predictionError=CCS(O)(=O)=O.CC1=C(C=C(NC(=O)CCC2=CC=C(C=C2)N2C(N)=NC(N)=NC2(C)C)C=C1)S(F)(=O)=O: model can't run mixtures
key='CCS(O)(=O)=O.CC1(C)N=C(N)N=C(N)N1C1=CC=C(OCCCCOC2=CC=C(C=C2)S(F)(=O)=O)C=C1-1065' prediction.modelResults.predictionError=CCS(O)(=O)=O.CC1(C)N=C(N)N=C(N)N1C1=CC=C(OCCCCOC2=CC=C(C=C2)S(F)(=O)=O)C=C1: model can't run mixtures
key='CCS(O)(=O)=O.COC1=C(C=C(NC(=O)CCC2=CC=C(C=C2)N2C(N)=NC(N)=NC2(C)C)C=C1)S(F)(=O)=O-1065' prediction.modelResults.predictionError=CCS(O)(=O)=O.COC1=C(C=C(NC(=O)CCC2=CC=C(C=C2)N2C(N)=NC(N)=NC2(C)C)C=C1)S(F)(=O)=O: model can't run mixtures
key='CCS(O)(=O)=O.CC1(C)N=C(N)N=C(N)N1C1=CC=C(OCCOC2=CC=C(C=C2)S(F)(=O)=O)C=C1-1065' prediction.modelResults.predictionError=CCS(O)(=O)=O.CC1(C)N=C(N)N=C(N)N1C1=CC=C(OCCOC2=CC=C(C=C2)S(F)(=O)=O)C=C1: model can't run mixtures
key='CCS(O)(=O)=O.COC1=C(NC(=O)CCC2=CC=C(C=C2)N2C(N)=NC(N)=NC2(C)C)C=C(C=C1)S(F)(=O)=O-1065' prediction.modelResults.predictionError=CCS(O)(=O)=O.COC1=C(NC(=O)CCC2=CC=C(C=C2)N2C(N)=NC(N)=NC2(C)C)C=C(C=C1)S(F)(=O)=O: model can't run mixtures
key='CCS(O)(=O)=O.CC1=C(NC(=O)CCC2=CC=C(C=C2)N2C(N)=NC(N)=NC2(C)C)C=CC(=C1)S(F)(=O)=O-1065' prediction.modelResults.predictionError=CCS(O)(=O)=O.CC1=C(NC(=O)CCC2=CC=C(C=C2)N2C(N)=NC(N)=NC2(C)C)C=CC(=C1)S(F)(=O)=O: model can't run mixtures
key='OS(=O)(=O)C1=CC=CC=C1.NC(=N)C1=CC=C(OCCCCOC2=C(Cl)C=C(C=C2)[N+]([O-])=O)C=C1-1065' prediction.modelResults.predictionError=OS(=O)(=O)C1=CC=CC=C1.NC(=N)C1=CC=C(OCCCCOC2=C(Cl)C=C(C=C2)[N+]([O-])=O)C=C1: model can't run mixtures
key='CN1C=CC2=CC=CC=C12.[O-][N+](=O)C1=CC(=CC(=C1)[N+]([O-])=O)[N+]([O-])=O-1065' prediction.modelResults.predictionError=CN1C=CC2=CC=CC=C12.[O-][N+](=O)C1=CC(=CC(=C1)[N+]([O-])=O)[N+]([O-])=O: model can't run mixtures
key='OC1=C(C=C(C=C1[N+]([O-])=O)[N+]([O-])=O)[N+]([O-])=O.OC(C(C1=CC(=NN1)C1=CC=CC=C1)C1=CC=CC=C1)C1=CC=CC=C1-1065' prediction.modelResults.predictionError=OC1=C(C=C(C=C1[N+]([O-])=O)[N+]([O-])=O)[N+]([O-])=O.OC(C(C1=CC(=NN1)C1=CC=CC=C1)C1=CC=CC=C1)C1=CC=CC=C1: model can't run mixtures
run=1	request=20	smiles=<batch-level>	error=batch failed but single-smile checks passed: HTTPConnectionPool(host='192.168.1.7', port=5004): Read timed out. (read timeout=600)
key='OCC(O)C(O)C(O)C(O)C(O)C(O)=O.[H]C12CC3([H])C4C5N6C7=CC(OC)=C(OC)C=C7C15CCN2CC3=CCOC4CC6=O-1065' prediction.modelResults.predictionError=OCC(O)C(O)C(O)C(O)C(O)C(O)=O.[H]C12CC3([H])C4C5N6C7=CC(OC)=C(OC)C=C7C15CCN2CC3=CCOC4CC6=O: model can't run mixtures
key='OCO.OCC(O)C(O)C(O)C(O)CO-1065' prediction.modelResults.predictionError=OCO.OCC(O)C(O)C(O)C(O)CO: model can't run mixtures
key='COC1=CC2=C(C=C1)N=CC=C2.OC1=C(C=C(C=C1[N+]([O-])=O)[N+]([O-])=O)[N+]([O-])=O-1065' prediction.modelResults.predictionError=COC1=CC2=C(C=C1)N=CC=C2.OC1=C(C=C(C=C1[N+]([O-])=O)[N+]([O-])=O)[N+]([O-])=O: model can't run mixtures
key='NC(N)=NC(=O)NC1OC(CO)C(O)C1O.OC1=C(C=C(C=C1[N+]([O-])=O)[N+]([O-])=O)[N+]([O-])=O-1065' prediction.modelResults.predictionError=NC(N)=NC(=O)NC1OC(CO)C(O)C1O.OC1=C(C=C(C=C1[N+]([O-])=O)[N+]([O-])=O)[N+]([O-])=O: model can't run mixtures
key='NC(N)=N.OC(=O)CS-1065' prediction.modelResults.predictionError=NC(N)=N.OC(=O)CS: model can't run mixtures
key='OC=O.CN(CC1=CC=CC=C1)C1CCC(CC1)C(O)=O-1065' prediction.modelResults.predictionError=OC=O.CN(CC1=CC=CC=C1)C1CCC(CC1)C(O)=O: model can't run mixtures
key='CC1=CC=CC(C)=N1.OS(=O)(=O)OC1=CC=C(C=C1)N(CCCl)CCCl-1065' prediction.modelResults.predictionError=CC1=CC=CC(C)=N1.OS(=O)(=O)OC1=CC=C(C=C1)N(CCCl)CCCl: model can't run mixtures
key='CC(O)=O.NC(CC1=CN=CN1)C(=O)N1CCCC1C(=O)NC(CCC(O)=O)C(O)=O-1065' prediction.modelResults.predictionError=CC(O)=O.NC(CC1=CN=CN1)C(=O)N1CCCC1C(=O)NC(CCC(O)=O)C(O)=O: model can't run mixtures
key='CC1=CC=C(N)C=C1.CC1=CC=C(C=C1)S(O)(=O)=O-1065' prediction.modelResults.predictionError=CC1=CC=C(N)C=C1.CC1=CC=C(C=C1)S(O)(=O)=O: model can't run mixtures
key='CS(O)(=O)=O.CC1=CC2=NC3=CC=CC=C3C(NC3=C(C)C=C(NS(C)(=O)=O)C=C3)=C2C=C1-1065' prediction.modelResults.predictionError=CS(O)(=O)=O.CC1=CC2=NC3=CC=CC=C3C(NC3=C(C)C=C(NS(C)(=O)=O)C=C3)=C2C=C1: model can't run mixtures
key='CC1=NC2=CC=CC=C2C=C1.OC1=C(C=C(C=C1[N+]([O-])=O)[N+]([O-])=O)[N+]([O-])=O-1065' prediction.modelResults.predictionError=CC1=NC2=CC=CC=C2C=C1.OC1=C(C=C(C=C1[N+]([O-])=O)[N+]([O-])=O)[N+]([O-])=O: model can't run mixtures
key='OC(=O)C(O)=O.C1C(N=C2SC=CN12)C1=CC=CC=C1-1065' prediction.modelResults.predictionError=OC(=O)C(O)=O.C1C(N=C2SC=CN12)C1=CC=CC=C1: model can't run mixtures
key='OC(=O)C(O)=O.CNNCCCCC(=O)NC(C)C-1065' prediction.modelResults.predictionError=OC(=O)C(O)=O.CNNCCCCC(=O)NC(C)C: model can't run mixtures
key='CN1CCCN(CC1)C(C1=CC=CC=C1)C1=CC=C(Cl)C=C1.CCCCCCCCCCCCCCCCCCOS(O)(=O)=O-1065' prediction.modelResults.predictionError=CN1CCCN(CC1)C(C1=CC=CC=C1)C1=CC=C(Cl)C=C1.CCCCCCCCCCCCCCCCCCOS(O)(=O)=O: model can't run mixtures
key='OS(=O)(=O)C1=CC=CC2=C1C=CC=C2S(O)(=O)=O.CCN(CC)CCCC(C)NC1=CC(OC)=C2N=C(C)C=CC2=C1OC-1065' prediction.modelResults.predictionError=OS(=O)(=O)C1=CC=CC2=C1C=CC=C2S(O)(=O)=O.CCN(CC)CCCC(C)NC1=CC(OC)=C2N=C(C)C=CC2=C1OC: model can't run mixtures
key='NNC1=CC=CC=C1.OC(=O)CCCCC=C-1065' prediction.modelResults.predictionError=NNC1=CC=CC=C1.OC(=O)CCCCC=C: model can't run mixtures
key='OC(C(O)C(O)=O)C(O)=O.CN(C)C1CC2CCCCC2CC1O-1065' prediction.modelResults.predictionError=OC(C(O)C(O)=O)C(O)=O.CN(C)C1CC2CCCCC2CC1O: model can't run mixtures
key='[H]C12CCN(CC1)C(=C)C2=O.OC1=C(C=C(C=C1[N+]([O-])=O)[N+]([O-])=O)[N+]([O-])=O-1065' prediction.modelResults.predictionError=[H]C12CCN(CC1)C(=C)C2=O.OC1=C(C=C(C=C1[N+]([O-])=O)[N+]([O-])=O)[N+]([O-])=O: model can't run mixtures
key='NC(CCCN=C(N)N)C(O)=O.OC(=O)C(CC1=CC=CC=C1)NSC1=CC=CC=C1[N+]([O-])=O-1065' prediction.modelResults.predictionError=NC(CCCN=C(N)N)C(O)=O.OC(=O)C(CC1=CC=CC=C1)NSC1=CC=CC=C1[N+]([O-])=O: model can't run mixtures
key='Cl[Sn](C1=CC=CC=C1)(C1=CC=CC=C1)C1=CC=CC=C1.O=P(C1=CC=CC=C1)(C1=CC=CC=C1)C1=CC=CC=C1-1065' prediction.modelResults.predictionError=Cl[Sn](C1=CC=CC=C1)(C1=CC=CC=C1)C1=CC=CC=C1.O=P(C1=CC=CC=C1)(C1=CC=CC=C1)C1=CC=CC=C1: model can't run mixtures
key='OC(=O)C(O)=O.COC1=CC=C(C=C1)C(CN1C=CN=C1)SC1=CC(Cl)=C(Cl)C=C1-1065' prediction.modelResults.predictionError=OC(=O)C(O)=O.COC1=CC=C(C=C1)C(CN1C=CN=C1)SC1=CC(Cl)=C(Cl)C=C1: model can't run mixtures
key='CC(O)=O.NC1=NC2=C(C(N)=N1)C(Cl)=C(CNC1=CC(Br)=CC=C1)C=C2-1065' prediction.modelResults.predictionError=CC(O)=O.NC1=NC2=C(C(N)=N1)C(Cl)=C(CNC1=CC(Br)=CC=C1)C=C2: model can't run mixtures
key='CC(O)=O.NC1=NC2=C(C=C(CNC3=CC4=C(C=C3)C=C(Cl)C=C4)C=C2)C(N)=N1-1065' prediction.modelResults.predictionError=CC(O)=O.NC1=NC2=C(C=C(CNC3=CC4=C(C=C3)C=C(Cl)C=C4)C=C2)C(N)=N1: model can't run mixtures
key='C1CCC(CC1)NC1CCCCC1.CC(C)CC(NP(=S)(C1=CC=CC=C1)C1=CC=CC=C1)C(O)=O-1065' prediction.modelResults.predictionError=C1CCC(CC1)NC1CCCCC1.CC(C)CC(NP(=S)(C1=CC=CC=C1)C1=CC=CC=C1)C(O)=O: model can't run mixtures
key='C1CCC(CC1)NC1CCCCC1.OC(=O)C(CC1=CC=CC=C1)NP(=S)(C1=CC=CC=C1)C1=CC=CC=C1-1065' prediction.modelResults.predictionError=C1CCC(CC1)NC1CCCCC1.OC(=O)C(CC1=CC=CC=C1)NP(=S)(C1=CC=CC=C1)C1=CC=CC=C1: model can't run mixtures
key='CC1=CC=C(C=C1)S(O)(=O)=O.NC(=N)C1=CC(=CC=C1)C(F)(F)F-1065' prediction.modelResults.predictionError=CC1=CC=C(C=C1)S(O)(=O)=O.NC(=N)C1=CC(=CC=C1)C(F)(F)F: model can't run mixtures
key='CC1=CC=C(C=C1)S(O)(=O)=O.NC(=N)C1=CC(OCCCOC2=CC=CC(=C2)C(F)(F)F)=CC=C1-1065' prediction.modelResults.predictionError=CC1=CC=C(C=C1)S(O)(=O)=O.NC(=N)C1=CC(OCCCOC2=CC=CC(=C2)C(F)(F)F)=CC=C1: model can't run mixtures
key='N1N=C(N=C1C1=C[Se]C=C1)C1=C[Se]C=C1-1065' prediction.modelResults.predictionError=C1[Se]C=CC=1C1NN=C(N=1)C1=C[Se]C=C1: Molecule contains unsupported element
key='OC(=O)C(O)=O.CCN1C2=CC=CC=C2CC(CCN(C)CC2=CC=CC=C2)(C(N)=O)C2=CC=CC=C12-1065' prediction.modelResults.predictionError=OC(=O)C(O)=O.CCN1C2=CC=CC=C2CC(CCN(C)CC2=CC=CC=C2)(C(N)=O)C2=CC=CC=C12: model can't run mixtures
key='NC1CCCCC1.ONP(O)(=O)N(CCCl)CCCl-1065' prediction.modelResults.predictionError=NC1CCCCC1.ONP(O)(=O)N(CCCl)CCCl: model can't run mixtures
key='OC(=O)C(O)=O.[O-][N+](=O)C1=C(NCCN2CCCC2)C=CC=N1-1065' prediction.modelResults.predictionError=OC(=O)C(O)=O.[O-][N+](=O)C1=C(NCCN2CCCC2)C=CC=N1: model can't run mixtures
key='OC(=O)C(F)(F)F.CC1CCC2=C(N1)C(=O)N=C(N)N2-1065' prediction.modelResults.predictionError=OC(=O)C(F)(F)F.CC1CCC2=C(N1)C(=O)N=C(N)N2: model can't run mixtures
key='CC(C)CCCC(C)C1CCC2C3CC=C4CC(CCC4(C)C3CCC12C)[Se][As](C)C-1065' prediction.modelResults.predictionError=CC(C)CCCC(C)C1CCC2C3CC=C4CC(CCC4(C)C3CCC12C)[Se][As](C)C: Molecule contains unsupported element
key='CC1C(C)C(=O)OC1C(O)C(C)(O)C1C(O)CC2C3CC4OC44C(O)C=CC(=O)C4(C)C3CCC12C-1065' prediction.modelResults.predictionError=Number of atoms equals zero
key='OC(=O)C(F)(F)F.CN1CCC(CC1)OC(=O)C1=C(C)NC(C)=C1C-1065' prediction.modelResults.predictionError=OC(=O)C(F)(F)F.CN1CCC(CC1)OC(=O)C1=C(C)NC(C)=C1C: model can't run mixtures
key='O[C@H]([C@@H](O)C(O)=O)C(O)=O.COC1=C(OC)C(OC)=C2C(CC[C@H](N)C3=C2C=CC(=O)C(OC)=C3)=C1-1065' prediction.modelResults.predictionError=O[C@H]([C@@H](O)C(O)=O)C(O)=O.COC1=C(OC)C(OC)=C2C(CC[C@H](N)C3=C2C=CC(=O)C(OC)=C3)=C1: model can't run mixtures
key='ClC1=CC=C(C=C1)C1=C[Se]C(=S)S1-1065' prediction.modelResults.predictionError=S=C1SC(=C[Se]1)C1C=CC(Cl)=CC=1: Molecule contains unsupported element
key='OS(=O)(=O)NC1CCCCC1.CN(C)CC1CC1C1(C)C2=CC=CC=C2SC2=CC=CC=C12-1065' prediction.modelResults.predictionError=OS(=O)(=O)NC1CCCCC1.CN(C)CC1CC1C1(C)C2=CC=CC=C2SC2=CC=CC=C12: model can't run mixtures
key='OC(=O)CC(O)(CC(O)=O)C(O)=O.CCN(CC)CCCNC1=CC=CC2=C1N=C(OC)C=C2C-1065' prediction.modelResults.predictionError=OC(=O)CC(O)(CC(O)=O)C(O)=O.CCN(CC)CCCNC1=CC=CC2=C1N=C(OC)C=C2C: model can't run mixtures
key='OC(=O)CCC(O)=O.COC1=C(OC)C2=C(N=CC=C2)C(NCCCC(C)N)=C1-1065' prediction.modelResults.predictionError=OC(=O)CCC(O)=O.COC1=C(OC)C2=C(N=CC=C2)C(NCCCC(C)N)=C1: model can't run mixtures
key='OC(=O)C(O)=O.CC=C=CCN(C)CC1=CC=CC=C1-1065' prediction.modelResults.predictionError=OC(=O)C(O)=O.CC=C=CCN(C)CC1=CC=CC=C1: model can't run mixtures
key='CC(O)=O.NC(=N)C(Cl)(Cl)Cl-1065' prediction.modelResults.predictionError=CC(O)=O.NC(=N)C(Cl)(Cl)Cl: model can't run mixtures
key='CC1=CC=C(C=C1)S(O)(=O)=O.CC(=O)NC(CN1CCOCC1)C(=O)C1=CC=CC=C1-1065' prediction.modelResults.predictionError=CC1=CC=C(C=C1)S(O)(=O)=O.CC(=O)NC(CN1CCOCC1)C(=O)C1=CC=CC=C1: model can't run mixtures
key='CC1(C)CO[Se](=O)OC1-1065' prediction.modelResults.predictionError=CC1(C)CO[Se](=O)OC1: Molecule contains unsupported element
key='C1CO[Te]2(O1)OCCO2-1065' prediction.modelResults.predictionError=C1CO[Te]2(O1)OCCO2: Molecule contains unsupported element
key='C1CCC(CC1)NC1CCCCC1.OC(=O)CCNSC1=CC=CC=C1[N+]([O-])=O-1065' prediction.modelResults.predictionError=C1CCC(CC1)NC1CCCCC1.OC(=O)CCNSC1=CC=CC=C1[N+]([O-])=O: model can't run mixtures
key='C1CCC(CC1)NC1CCCCC1.OC(=O)CCCNSC1=CC=CC=C1[N+]([O-])=O-1065' prediction.modelResults.predictionError=C1CCC(CC1)NC1CCCCC1.OC(=O)CCCNSC1=CC=CC=C1[N+]([O-])=O: model can't run mixtures
key='CS(O)(=O)=O.CN(C)CC(=O)OC(=C)C1=CC=CC=C1-1065' prediction.modelResults.predictionError=CS(O)(=O)=O.CN(C)CC(=O)OC(=C)C1=CC=CC=C1: model can't run mixtures
key='CC(C(C)=O)P(O)(O)=O.C1CCC(CC1)NC1CCCCC1-1065' prediction.modelResults.predictionError=CC(C(C)=O)P(O)(O)=O.C1CCC(CC1)NC1CCCCC1: model can't run mixtures
key='CC(C)C(=O)CP(O)(O)=O.C1CCC(CC1)NC1CCCCC1-1065' prediction.modelResults.predictionError=CC(C)C(=O)CP(O)(O)=O.C1CCC(CC1)NC1CCCCC1: model can't run mixtures
key='CC12CC(O)C3C(CCC4=CC(=O)CCC34C)C1CCC2(O)C(=O)CO.ClC(Cl)C(=O)NC1=CC=CC2=C1C(=CC(\\N=N\\C1=CC=C(C=C1)S(=O)(=O)NC1=NC=CS1)=C2OC(=O)C(Cl)Cl)\\N=N\\C1=CC=C(C=C1)S(=O)(=O)NC1=NC=CS1-1065' prediction.modelResults.predictionError=CC12CC(O)C3C(CCC4=CC(=O)CCC34C)C1CCC2(O)C(=O)CO.ClC(Cl)C(=O)NC1=CC=CC2=C1C(=CC(\N=N\C1=CC=C(C=C1)S(=O)(=O)NC1=NC=CS1)=C2OC(=O)C(Cl)Cl)\N=N\C1=CC=C(C=C1)S(=O)(=O)NC1=NC=CS1: model can't run mixtures
key='O[C@H]([C@@H](O)C(O)=O)C(O)=O.CCCN1C=C2C[C@@H]3[C@H](C[C@@H](C)CN3C)C3=C2C1=CC=C3-1065' prediction.modelResults.predictionError=O[C@H]([C@@H](O)C(O)=O)C(O)=O.CCCN1C=C2C[C@@H]3[C@H](C[C@@H](C)CN3C)C3=C2C1=CC=C3: model can't run mixtures
key='CN(C)C1=CC=NC=C1.CC(C)NC(=O)OCC1=C2C[C@H](CN2C(=C1COC(=O)NC(C)C)C1=CC(Cl)=C(Cl)C=C1)OC(=O)CCC(O)=O-1065' prediction.modelResults.predictionError=CN(C)C1=CC=NC=C1.CC(C)NC(=O)OCC1=C2C[C@H](CN2C(=C1COC(=O)NC(C)C)C1=CC(Cl)=C(Cl)C=C1)OC(=O)CCC(O)=O: model can't run mixtures
key='CC(O)=O.CC(C)C(NC(=O)C(N)CCCN=C(N)N)C(O)=O-1065' prediction.modelResults.predictionError=CC(O)=O.CC(C)C(NC(=O)C(N)CCCN=C(N)N)C(O)=O: model can't run mixtures
key='CC1=CC=C(C=C1)S(=O)(=O)N=C1C=CC(C=C1)=NS(=O)(=O)C1=CC=C(C)C=C1-1065' prediction.modelResults.predictionError=Number of atoms equals zero
key='CCB1OCC(O1)C1OC(=O)C2OB(CC)OC12-1065' prediction.modelResults.predictionError=CCB1OCC(O1)C1OC(=O)C2OB(CC)OC21: Molecule contains unsupported element
key='CC(O)=O.O=C1NC2(CCN(CC3=CC=CC=C3)CC2)NC2=CC=CC=C12-1065' prediction.modelResults.predictionError=CC(O)=O.O=C1NC2(CCN(CC3=CC=CC=C3)CC2)NC2=CC=CC=C12: model can't run mixtures
key='CN(C)C(=[Au]/Cl)\\C1=CC=CC=C1-1065' prediction.modelResults.predictionError=CN(C)C(=[Au]/Cl)\C1=CC=CC=C1 failed standardization
key='N1C2=CC=CC=C2[Se]C2=NC=CN=C12-1065' prediction.modelResults.predictionError=C1=CN=C2NC3=CC=CC=C3[Se]C2=N1: Molecule contains unsupported element
key='NC1=NC2=C(N=CN2C2OC(CO)C(O)C2O)C([Se]C2=NC(N)=NC3=C2N=CN3C2OC(CO)C(O)C2O)=N1-1065' prediction.modelResults.predictionError=NC1=NC2=C(N=CN2C2OC(CO)C(O)C2O)C(=N1)[Se]C1=NC(N)=NC2=C1N=CN2C1OC(CO)C(O)C1O: Molecule contains unsupported element
key='CCCCN.CCCCN1NN=C(C(=O)OC)C1=O-1065' prediction.modelResults.predictionError=CCCCN.CCCCN1NN=C(C(=O)OC)C1=O: model can't run mixtures
key='CCCCCN.CCCCCN1NN=C(C(=O)OC)C1=O-1065' prediction.modelResults.predictionError=CCCCCN.CCCCCN1NN=C(C(=O)OC)C1=O: model can't run mixtures
key='NC1CCCCC1.COC(=O)C1=NNN(C2CCCCC2)C1=O-1065' prediction.modelResults.predictionError=NC1CCCCC1.COC(=O)C1=NNN(C2CCCCC2)C1=O: model can't run mixtures
key='NCC1=CC=CC=C1.COC(=O)C1=NNN(CC2=CC=CC=C2)C1=O-1065' prediction.modelResults.predictionError=NCC1=CC=CC=C1.COC(=O)C1=NNN(CC2=CC=CC=C2)C1=O: model can't run mixtures
key='NCC1=CC=CS1.COC(=O)C1=NNN(CC2=CC=CS2)C1=O-1065' prediction.modelResults.predictionError=NCC1=CC=CS1.COC(=O)C1=NNN(CC2=CC=CS2)C1=O: model can't run mixtures
key='CN1CCCCC1C1=CC=CC=C1.OC1=C(C=C(C=C1[N+]([O-])=O)[N+]([O-])=O)[N+]([O-])=O-1065' prediction.modelResults.predictionError=CN1CCCCC1C1=CC=CC=C1.OC1=C(C=C(C=C1[N+]([O-])=O)[N+]([O-])=O)[N+]([O-])=O: model can't run mixtures
key='CC1CCCN(C)C1.OC1=C(C=C(C=C1[N+]([O-])=O)[N+]([O-])=O)[N+]([O-])=O-1065' prediction.modelResults.predictionError=CC1CCCN(C)C1.OC1=C(C=C(C=C1[N+]([O-])=O)[N+]([O-])=O)[N+]([O-])=O: model can't run mixtures
key='C(N1CCCCC1)C1=CC=CC=C1.OC1=C(C=C(C=C1[N+]([O-])=O)[N+]([O-])=O)[N+]([O-])=O-1065' prediction.modelResults.predictionError=C(N1CCCCC1)C1=CC=CC=C1.OC1=C(C=C(C=C1[N+]([O-])=O)[N+]([O-])=O)[N+]([O-])=O: model can't run mixtures
key='CCS(O)(=O)=O.CC1(C)N=C(N)N=C(N)N1C1=CC=CC(CNC2=CC=C(C=C2)S(N)(=O)=O)=C1-1065' prediction.modelResults.predictionError=CCS(O)(=O)=O.CC1(C)N=C(N)N=C(N)N1C1=CC=CC(CNC2=CC=C(C=C2)S(N)(=O)=O)=C1: model can't run mixtures
key='C[C@@]12N[C@H]3S[C@]1(C)C1=CC=CC=C1N2C[C@@H]3C#N-1065' prediction.modelResults.predictionError=C[C@@]12N[C@H]3S[C@]1(C)C1=CC=CC=C1N2C[C@@H]3C#N failed standardization
key='CC(CCl)N1CCCCCC1C.OC1=C(C=C(C=C1[N+]([O-])=O)[N+]([O-])=O)[N+]([O-])=O-1065' prediction.modelResults.predictionError=CC(CCl)N1CCCCCC1C.OC1=C(C=C(C=C1[N+]([O-])=O)[N+]([O-])=O)[N+]([O-])=O: model can't run mixtures
key='NC1CCCCC1.CC1=CC=C(C=C1)S(=O)(=O)N1C(CCC1=O)C(O)=O-1065' prediction.modelResults.predictionError=NC1CCCCC1.CC1=CC=C(C=C1)S(=O)(=O)N1C(CCC1=O)C(O)=O: model can't run mixtures
key='CCN(CCO)CCCO.OC1=C(C=C(C=C1[N+]([O-])=O)[N+]([O-])=O)[N+]([O-])=O-1065' prediction.modelResults.predictionError=CCN(CCO)CCCO.OC1=C(C=C(C=C1[N+]([O-])=O)[N+]([O-])=O)[N+]([O-])=O: model can't run mixtures
key='[H]C12CCC(C)(C(=O)C1S(O)(=O)=O)C2(C)C.CCCCCN(CCCCC)CC(O)C1=CC2=C(C=C1)C=C(Br)C1=CC=CC=C21-1065' prediction.modelResults.predictionError=[H]C12CCC(C)(C(=O)C1S(O)(=O)=O)C2(C)C.CCCCCN(CCCCC)CC(O)C1=CC2=C(C=C1)C=C(Br)C1=CC=CC=C21: model can't run mixtures
key='CN(C)C.OC1=C(C=C(C=C1[N+]([O-])=O)[N+]([O-])=O)[N+]([O-])=O-1065' prediction.modelResults.predictionError=CN(C)C.OC1=C(C=C(C=C1[N+]([O-])=O)[N+]([O-])=O)[N+]([O-])=O: model can't run mixtures
key='OC1=C(C=C(C=C1[N+]([O-])=O)[N+]([O-])=O)[N+]([O-])=O.C1CC[N+]2(CC1)CC[N+]1(CC2)CCCCCCC1-1065' prediction.modelResults.predictionError=OC1=C(C=C(C=C1[N+]([O-])=O)[N+]([O-])=O)[N+]([O-])=O.C1CC[N+]2(CC1)CC[N+]1(CC2)CCCCCCC1: model can't run mixtures
key='CC(O)=O.CCOC(=O)C(CN)(C1=CC=CC=C1)C1=CC=CC=C1-1065' prediction.modelResults.predictionError=CC(O)=O.CCOC(=O)C(CN)(C1=CC=CC=C1)C1=CC=CC=C1: model can't run mixtures
key='CC(O)=O.CC(=O)OC1=C(OC(C)=O)C2=CC=CC=C2C(=C1)C(C1=CC=CC=C1)C1=CC=CC=C1-1065' prediction.modelResults.predictionError=CC(O)=O.CC(=O)OC1=C(OC(C)=O)C2=CC=CC=C2C(=C1)C(C1=CC=CC=C1)C1=CC=CC=C1: model can't run mixtures
key='CCC1=CC=CC2=C1C=C(OC)C=C2.OC1=C(C=C(C=C1[N+]([O-])=O)[N+]([O-])=O)[N+]([O-])=O-1065' prediction.modelResults.predictionError=CCC1=CC=CC2=C1C=C(OC)C=C2.OC1=C(C=C(C=C1[N+]([O-])=O)[N+]([O-])=O)[N+]([O-])=O: model can't run mixtures
key='OC1=C(C=C(C=C1[N+]([O-])=O)[N+]([O-])=O)[N+]([O-])=O.CCC=C(C1=CC=C(C=C1)N(C)C)C1=CC=C(C=C1)N(C)C-1065' prediction.modelResults.predictionError=OC1=C(C=C(C=C1[N+]([O-])=O)[N+]([O-])=O)[N+]([O-])=O.CCC=C(C1=CC=C(C=C1)N(C)C)C1=CC=C(C=C1)N(C)C: model can't run mixtures
key='OC1=C(C=C(C=C1[N+]([O-])=O)[N+]([O-])=O)[N+]([O-])=O.CCN(CC)C1=CC=C(C=C1)C(=CC)C1=CC=C(C=C1)N(CC)CC-1065' prediction.modelResults.predictionError=OC1=C(C=C(C=C1[N+]([O-])=O)[N+]([O-])=O)[N+]([O-])=O.CCN(CC)C1=CC=C(C=C1)C(=CC)C1=CC=C(C=C1)N(CC)CC: model can't run mixtures
key='CC(O)=O.COC1=CC=C(CC(N)C(=O)N2CCCCC2)C=C1-1065' prediction.modelResults.predictionError=CC(O)=O.COC1=CC=C(CC(N)C(=O)N2CCCCC2)C=C1: model can't run mixtures
key='OC1=C(C=C(C=C1[N+]([O-])=O)[N+]([O-])=O)[N+]([O-])=O.NC1=NC(=O)N(C=C1)C1OC(CO)C(O)C1O-1065' prediction.modelResults.predictionError=OC1=C(C=C(C=C1[N+]([O-])=O)[N+]([O-])=O)[N+]([O-])=O.NC1=NC(=O)N(C=C1)C1OC(CO)C(O)C1O: model can't run mixtures
key='OC1=C(C=C(C=C1[N+]([O-])=O)[N+]([O-])=O)[N+]([O-])=O.NC1=NC(=O)N(C=C1)C(OC(CO)C=O)C=O-1065' prediction.modelResults.predictionError=OC1=C(C=C(C=C1[N+]([O-])=O)[N+]([O-])=O)[N+]([O-])=O.NC1=NC(=O)N(C=C1)C(OC(CO)C=O)C=O: model can't run mixtures
key='OC1=C(C=C(C=C1[N+]([O-])=O)[N+]([O-])=O)[N+]([O-])=O.NC(=O)NC1C(O)C(O)C(CO)OC1N1C=CC(N)=NC1=O-1065' prediction.modelResults.predictionError=OC1=C(C=C(C=C1[N+]([O-])=O)[N+]([O-])=O)[N+]([O-])=O.NC(=O)NC1C(O)C(O)C(CO)OC1N1C=CC(N)=NC1=O: model can't run mixtures
key='C1=CC2=CC3=CC=CC=C3C=C2C=C1.[O-][N+](=O)C1=CC2=C(C=C1)C1=C(C2)C=C(C=C1[N+]([O-])=O)[N+]([O-])=O-1065' prediction.modelResults.predictionError=C1=CC2=CC3=CC=CC=C3C=C2C=C1.[O-][N+](=O)C1=CC2=C(C=C1)C1=C(C2)C=C(C=C1[N+]([O-])=O)[N+]([O-])=O: model can't run mixtures
key='NCCCCCNC(=O)C1=CC=CC=C1.OC1=C(C=C(C=C1[N+]([O-])=O)[N+]([O-])=O)[N+]([O-])=O-1065' prediction.modelResults.predictionError=NCCCCCNC(=O)C1=CC=CC=C1.OC1=C(C=C(C=C1[N+]([O-])=O)[N+]([O-])=O)[N+]([O-])=O: model can't run mixtures
key='NC1=NC(N)=C(Cl)C(N)=N1.OC1=C(C=C(C=C1[N+]([O-])=O)[N+]([O-])=O)[N+]([O-])=O-1065' prediction.modelResults.predictionError=NC1=NC(N)=C(Cl)C(N)=N1.OC1=C(C=C(C=C1[N+]([O-])=O)[N+]([O-])=O)[N+]([O-])=O: model can't run mixtures
key='OC1=C(C=C(C=C1[N+]([O-])=O)[N+]([O-])=O)[N+]([O-])=O.CCCOCC(C#N)(N(C)C(N)=O)C1=CC=CC=C1-1065' prediction.modelResults.predictionError=OC1=C(C=C(C=C1[N+]([O-])=O)[N+]([O-])=O)[N+]([O-])=O.CCCOCC(C#N)(N(C)C(N)=O)C1=CC=CC=C1: model can't run mixtures
key='OCC(O)=O.NC(=N)SCC1=CC=CC=C1-1065' prediction.modelResults.predictionError=OCC(O)=O.NC(=N)SCC1=CC=CC=C1: model can't run mixtures
key='CC(O)C(O)C(O)C(O)C(O)=O.[H]C12CCN(CC1C=C)C(C2)C(O)C1=C2C=C(OC)C=CC2=NC=C1-1065' prediction.modelResults.predictionError=CC(O)C(O)C(O)C(O)C(O)=O.[H]C12CCN(CC1C=C)C(C2)C(O)C1=C2C=C(OC)C=CC2=NC=C1: model can't run mixtures
key='OC(=O)C(O)=O.CCCCCNN-1065' prediction.modelResults.predictionError=OC(=O)C(O)=O.CCCCCNN: model can't run mixtures
key='OC(=O)C1=CC=CC=C1O.[H]C12CC3=C4C(OC5CC=CC1C45CCN2C)=C(O)C=C3-1065' prediction.modelResults.predictionError=OC(=O)C1=CC=CC=C1O.[H]C12CC3=C4C(OC5CC=CC1C45CCN2C)=C(O)C=C3: model can't run mixtures
key='C1=CC=NC=C1.OC1=C(C=C(C=C1[N+]([O-])=O)[N+]([O-])=O)[N+]([O-])=O-1065' prediction.modelResults.predictionError=C1=CC=NC=C1.OC1=C(C=C(C=C1[N+]([O-])=O)[N+]([O-])=O)[N+]([O-])=O: model can't run mixtures
key='CCCCSC(N)=N.OC1=C(C=C(C=C1[N+]([O-])=O)[N+]([O-])=O)[N+]([O-])=O-1065' prediction.modelResults.predictionError=CCCCSC(N)=N.OC1=C(C=C(C=C1[N+]([O-])=O)[N+]([O-])=O)[N+]([O-])=O: model can't run mixtures
key='OC(=O)C1=CC=CC=C1O.NC(=N)SCC1=CC=CC=C1-1065' prediction.modelResults.predictionError=OC(=O)C1=CC=CC=C1O.NC(=N)SCC1=CC=CC=C1: model can't run mixtures
key='CCC(O)=O.NC(=N)SCC1=CC=CC=C1-1065' prediction.modelResults.predictionError=CCC(O)=O.NC(=N)SCC1=CC=CC=C1: model can't run mixtures
key='C1CSC(C1)[Pb](C1CCCS1)(C1CCCS1)C1CCCS1-1065' prediction.modelResults.predictionError=C1CCSC1[Pb](C1CCCS1)(C1CCCS1)C1CCCS1: Molecule contains unsupported element
key='OC1=C(C=C(C=C1[N+]([O-])=O)[N+]([O-])=O)[N+]([O-])=O.CCN(CC)CCCN(C(C)=O)C1=CC=CC=C1[N+]([O-])=O-1065' prediction.modelResults.predictionError=OC1=C(C=C(C=C1[N+]([O-])=O)[N+]([O-])=O)[N+]([O-])=O.CCN(CC)CCCN(C(C)=O)C1=CC=CC=C1[N+]([O-])=O: model can't run mixtures
key='CCN(CC)CCCN.OC1=C(C=C(C=C1[N+]([O-])=O)[N+]([O-])=O)[N+]([O-])=O-1065' prediction.modelResults.predictionError=CCN(CC)CCCN.OC1=C(C=C(C=C1[N+]([O-])=O)[N+]([O-])=O)[N+]([O-])=O: model can't run mixtures
key='CCCCB1OCCNCCO1-1065' prediction.modelResults.predictionError=CCCCB1OCCNCCO1: Molecule contains unsupported element
key='CC(O)=O.CC1=NC=C2NC(N)=NC(=O)C2=N1-1065' prediction.modelResults.predictionError=CC(O)=O.CC1=NC=C2NC(N)=NC(=O)C2=N1: model can't run mixtures
key='CC(=O)CCSC(N)=N.CC1=CC=C(C=C1)S(O)(=O)=O-1065' prediction.modelResults.predictionError=CC(=O)CCSC(N)=N.CC1=CC=C(C=C1)S(O)(=O)=O: model can't run mixtures
key='NC1=NC(=C[Se]1)C1=CC=C(Cl)C=C1-1065' prediction.modelResults.predictionError=NC1=NC(=C[Se]1)C1C=CC(Cl)=CC=1: Molecule contains unsupported element
key='NC1=NC(=C[Se]1)C1=CC(=CC=C1)[N+]([O-])=O-1065' prediction.modelResults.predictionError=NC1=NC(=C[Se]1)C1=CC(=CC=C1)[N+]([O-])=O: Molecule contains unsupported element
key='NC1=NC(=C[Se]1)C1=CC=CC=C1-1065' prediction.modelResults.predictionError=NC1=NC(=C[Se]1)C1C=CC=CC=1: Molecule contains unsupported element
key='CC1=CC=C(C=C1)S(O)(=O)=O.NC(=N)SC1=C(O)C2=CC=CC=C2C(O)=C1-1065' prediction.modelResults.predictionError=CC1=CC=C(C=C1)S(O)(=O)=O.NC(=N)SC1=C(O)C2=CC=CC=C2C(O)=C1: model can't run mixtures
key='CC1=CC=C(C=C1)S(O)(=O)=O.NC(=N)SCCCC(=O)C1CCCCC1-1065' prediction.modelResults.predictionError=CC1=CC=C(C=C1)S(O)(=O)=O.NC(=N)SCCCC(=O)C1CCCCC1: model can't run mixtures
key='NC1=NC(=C([Se]1)C1=CC=CC=C1)C1=CC=CC=C1-1065' prediction.modelResults.predictionError=NC1=NC(=C([Se]1)C1C=CC=CC=1)C1C=CC=CC=1: Molecule contains unsupported element
key='NC1=CC(Cl)=CC=C1.OC1=C(C=C(C=C1[N+]([O-])=O)[N+]([O-])=O)[N+]([O-])=O-1065' prediction.modelResults.predictionError=NC1=CC(Cl)=CC=C1.OC1=C(C=C(C=C1[N+]([O-])=O)[N+]([O-])=O)[N+]([O-])=O: model can't run mixtures
key='CC1=CC(N)=CC=C1.OC1=C(C=C(C=C1[N+]([O-])=O)[N+]([O-])=O)[N+]([O-])=O-1065' prediction.modelResults.predictionError=CC1=CC(N)=CC=C1.OC1=C(C=C(C=C1[N+]([O-])=O)[N+]([O-])=O)[N+]([O-])=O: model can't run mixtures
key='CCCCCCC(O)=O.NC(=N)SCC1=CC=CC=C1-1065' prediction.modelResults.predictionError=CCCCCCC(O)=O.NC(=N)SCC1=CC=CC=C1: model can't run mixtures
key='NC(=N)SCC1=CC=CC=C1.OC(C(O)=O)C1=CC=CC=C1-1065' prediction.modelResults.predictionError=NC(=N)SCC1=CC=CC=C1.OC(C(O)=O)C1=CC=CC=C1: model can't run mixtures
key='CC1=CC2=C(C=C1)C=CC(C)=C2.OC1=C(C=C(C=C1[N+]([O-])=O)[N+]([O-])=O)[N+]([O-])=O-1065' prediction.modelResults.predictionError=CC1=CC2=C(C=C1)C=CC(C)=C2.OC1=C(C=C(C=C1[N+]([O-])=O)[N+]([O-])=O)[N+]([O-])=O: model can't run mixtures
key='CC1=CC2=C(C=C1)C=CC(C)=C2.OC1=C(C(O)=C(C=C1[N+]([O-])=O)[N+]([O-])=O)[N+]([O-])=O-1065' prediction.modelResults.predictionError=CC1=CC2=C(C=C1)C=CC(C)=C2.OC1=C(C(O)=C(C=C1[N+]([O-])=O)[N+]([O-])=O)[N+]([O-])=O: model can't run mixtures
key='OC1=C(C=C(C=C1[N+]([O-])=O)[N+]([O-])=O)[N+]([O-])=O.CC1=CC=C(CCC2=CCCC3=C2C=CC2=CC=CC=C32)C=C1-1065' prediction.modelResults.predictionError=OC1=C(C=C(C=C1[N+]([O-])=O)[N+]([O-])=O)[N+]([O-])=O.CC1=CC=C(CCC2=CCCC3=C2C=CC2=CC=CC=C32)C=C1: model can't run mixtures
key='OC1=CC(O)=CC(O)=C1.CCS\\C(N)=N/C1=CC=CC=C1-1065' prediction.modelResults.predictionError=OC1=CC(O)=CC(O)=C1.CCS\C(N)=N/C1=CC=CC=C1: model can't run mixtures
key='CC(C)C(NC=O)C(O)=O.[H]C12CC3([H])C4C5N6C7=CC(OC)=C(OC)C=C7C15CCN2CC3=CCOC4CC6=O-1065' prediction.modelResults.predictionError=CC(C)C(NC=O)C(O)=O.[H]C12CC3([H])C4C5N6C7=CC(OC)=C(OC)C=C7C15CCN2CC3=CCOC4CC6=O: model can't run mixtures
key='CC1=CC2=C(C=C1)C=CC(C)=C2C.OC1=C(C=C(C=C1[N+]([O-])=O)[N+]([O-])=O)[N+]([O-])=O-1065' prediction.modelResults.predictionError=CC1=CC2=C(C=C1)C=CC(C)=C2C.OC1=C(C=C(C=C1[N+]([O-])=O)[N+]([O-])=O)[N+]([O-])=O: model can't run mixtures
key='[O-][N+](=O)C1=CC(=CC(=C1)[N+]([O-])=O)[N+]([O-])=O.C1C(=CC=C1C1=CC=CC=C1)C1=CC=CC=C1-1065' prediction.modelResults.predictionError=[O-][N+](=O)C1=CC(=CC(=C1)[N+]([O-])=O)[N+]([O-])=O.C1C(=CC=C1C1=CC=CC=C1)C1=CC=CC=C1: model can't run mixtures
key='[O-][N+](=O)C1=CC(=CC(=C1)[N+]([O-])=O)[N+]([O-])=O.CC1=CC=C(C=C1)C1=CC=C(C1)C1=CC=CC=C1-1065' prediction.modelResults.predictionError=[O-][N+](=O)C1=CC(=CC(=C1)[N+]([O-])=O)[N+]([O-])=O.CC1=CC=C(C=C1)C1=CC=C(C1)C1=CC=CC=C1: model can't run mixtures
key='OC(=O)C(O)=O.CC(C)CNNCCO-1065' prediction.modelResults.predictionError=OC(=O)C(O)=O.CC(C)CNNCCO: model can't run mixtures
key='ClC=C.CC(C)CN1C(=O)C=CC1=O-1065' prediction.modelResults.predictionError=ClC=C.CC(C)CN1C(=O)C=CC1=O: model can't run mixtures
key='OCC(O)=O.CC(NCC1=CC=CC=C1)C1=NC2=CC=CC=C2N1-1065' prediction.modelResults.predictionError=OCC(O)=O.CC(NCC1=CC=CC=C1)C1=NC2=CC=CC=C2N1: model can't run mixtures
key='CC1=C2C(C=CC3=CC=CC=C23)=CC=C1.[O-][N+](=O)C1=CC2=C(C=C1)C1=C(C=C(C=C1[N+]([O-])=O)[N+]([O-])=O)C2=O-1065' prediction.modelResults.predictionError=CC1=C2C(C=CC3=CC=CC=C23)=CC=C1.[O-][N+](=O)C1=CC2=C(C=C1)C1=C(C=C(C=C1[N+]([O-])=O)[N+]([O-])=O)C2=O: model can't run mixtures
key='C1=CC=NC=C1.OS(=O)(=O)C1=CC2=C(C=CC3=CC=CC=C23)C2=CC=CC=C12-1065' prediction.modelResults.predictionError=C1=CC=NC=C1.OS(=O)(=O)C1=CC2=C(C=CC3=CC=CC=C23)C2=CC=CC=C12: model can't run mixtures
key='NCCO.CC1=NN(C(=O)C1[N+]([O-])=O)C1=CC=C(C=C1)[N+]([O-])=O-1065' prediction.modelResults.predictionError=NCCO.CC1=NN(C(=O)C1[N+]([O-])=O)C1=CC=C(C=C1)[N+]([O-])=O: model can't run mixtures
key='COC1=CC=CC=C1N.[O-][N+](=O)C1=CC(=CC(=C1)[N+]([O-])=O)[N+]([O-])=O-1065' prediction.modelResults.predictionError=COC1=CC=CC=C1N.[O-][N+](=O)C1=CC(=CC(=C1)[N+]([O-])=O)[N+]([O-])=O: model can't run mixtures
key='CC1=CC2=CC3=CC=CC=C3C=C2C2=CC=CC=C12.[O-][N+](=O)C1=CC2=C(C=C1)C1=C(C=C(C=C1[N+]([O-])=O)[N+]([O-])=O)C2=O-1065' prediction.modelResults.predictionError=CC1=CC2=CC3=CC=CC=C3C=C2C2=CC=CC=C12.[O-][N+](=O)C1=CC2=C(C=C1)C1=C(C=C(C=C1[N+]([O-])=O)[N+]([O-])=O)C2=O: model can't run mixtures
key='CC1=C2C=C3C=CC4=CC=CC=C4C3=CC2=CC=C1.[O-][N+](=O)C1=CC2=C(C=C1)C1=C(C=C(C=C1[N+]([O-])=O)[N+]([O-])=O)C2=O-1065' prediction.modelResults.predictionError=CC1=C2C=C3C=CC4=CC=CC=C4C3=CC2=CC=C1.[O-][N+](=O)C1=CC2=C(C=C1)C1=C(C=C(C=C1[N+]([O-])=O)[N+]([O-])=O)C2=O: model can't run mixtures
key='CC1=C2C=C3C(C=CC4=CC=CC=C34)=CC2=CC=C1.[O-][N+](=O)C1=CC2=C(C=C1)C1=C(C=C(C=C1[N+]([O-])=O)[N+]([O-])=O)C2=O-1065' prediction.modelResults.predictionError=CC1=C2C=C3C(C=CC4=CC=CC=C34)=CC2=CC=C1.[O-][N+](=O)C1=CC2=C(C=C1)C1=C(C=C(C=C1[N+]([O-])=O)[N+]([O-])=O)C2=O: model can't run mixtures
key='CC1=C2C=CC3=CC=CC=C3C2=CC2=CC=CC=C12.[O-][N+](=O)C1=CC2=C(C=C1)C1=C(C=C(C=C1[N+]([O-])=O)[N+]([O-])=O)C2=O-1065' prediction.modelResults.predictionError=CC1=C2C=CC3=CC=CC=C3C2=CC2=CC=CC=C12.[O-][N+](=O)C1=CC2=C(C=C1)C1=C(C=C(C=C1[N+]([O-])=O)[N+]([O-])=O)C2=O: model can't run mixtures
key='CC1=CC2=C(C=C1)C=CC1=CC3=CC=CC=C3C=C21.[O-][N+](=O)C1=CC2=C(C=C1)C1=C(C=C(C=C1[N+]([O-])=O)[N+]([O-])=O)C2=O-1065' prediction.modelResults.predictionError=CC1=CC2=C(C=C1)C=CC1=CC3=CC=CC=C3C=C21.[O-][N+](=O)C1=CC2=C(C=C1)C1=C(C=C(C=C1[N+]([O-])=O)[N+]([O-])=O)C2=O: model can't run mixtures
key='CC1=C2C=CC3=CC4=CC=CC=C4C=C3C2=CC=C1.[O-][N+](=O)C1=CC2=C(C=C1)C1=C(C=C(C=C1[N+]([O-])=O)[N+]([O-])=O)C2=O-1065' prediction.modelResults.predictionError=CC1=C2C=CC3=CC4=CC=CC=C4C=C3C2=CC=C1.[O-][N+](=O)C1=CC2=C(C=C1)C1=C(C=C(C=C1[N+]([O-])=O)[N+]([O-])=O)C2=O: model can't run mixtures
key='CC1=CC2=C(C=C1)C=CC1=C2C2=CC=CC=C2C=C1.[O-][N+](=O)C1=CC2=C(C=C1)C1=C(C=C(C=C1[N+]([O-])=O)[N+]([O-])=O)C2=O-1065' prediction.modelResults.predictionError=CC1=CC2=C(C=C1)C=CC1=C2C2=CC=CC=C2C=C1.[O-][N+](=O)C1=CC2=C(C=C1)C1=C(C=C(C=C1[N+]([O-])=O)[N+]([O-])=O)C2=O: model can't run mixtures
key='CC1=CC2=C(C=C1)C1=C(C=CC3=CC=CC=C13)C=C2.[O-][N+](=O)C1=CC2=C(C=C1)C1=C(C=C(C=C1[N+]([O-])=O)[N+]([O-])=O)C2=O-1065' prediction.modelResults.predictionError=CC1=CC2=C(C=C1)C1=C(C=CC3=CC=CC=C13)C=C2.[O-][N+](=O)C1=CC2=C(C=C1)C1=C(C=C(C=C1[N+]([O-])=O)[N+]([O-])=O)C2=O: model can't run mixtures
key='CC1=C2C=CC3=C(C4=CC=CC=C4C=C3)C2=CC=C1.[O-][N+](=O)C1=CC2=C(C=C1)C1=C(C=C(C=C1[N+]([O-])=O)[N+]([O-])=O)C2=O-1065' prediction.modelResults.predictionError=CC1=C2C=CC3=C(C4=CC=CC=C4C=C3)C2=CC=C1.[O-][N+](=O)C1=CC2=C(C=C1)C1=C(C=C(C=C1[N+]([O-])=O)[N+]([O-])=O)C2=O: model can't run mixtures
key='CC1=CC2=C(C3=CC=CC=C3C=C2)C2=CC=CC=C12.[O-][N+](=O)C1=CC2=C(C=C1)C1=C(C=C(C=C1[N+]([O-])=O)[N+]([O-])=O)C2=O-1065' prediction.modelResults.predictionError=CC1=CC2=C(C3=CC=CC=C3C=C2)C2=CC=CC=C12.[O-][N+](=O)C1=CC2=C(C=C1)C1=C(C=C(C=C1[N+]([O-])=O)[N+]([O-])=O)C2=O: model can't run mixtures
key='C1=CC=C2C(C=CC3=C2C2=CC=CC=C2C=C3)=C1.[O-][N+](=O)C1=CC2=C(C=C1)C1=C(C=C(C=C1[N+]([O-])=O)[N+]([O-])=O)C2=O-1065' prediction.modelResults.predictionError=C1=CC=C2C(C=CC3=C2C2=CC=CC=C2C=C3)=C1.[O-][N+](=O)C1=CC2=C(C=C1)C1=C(C=C(C=C1[N+]([O-])=O)[N+]([O-])=O)C2=O: model can't run mixtures
key='CC1=C2C(C=CC3=CC=CC(C)=C23)=CC=C1.OC1=C(C=C(C=C1[N+]([O-])=O)[N+]([O-])=O)[N+]([O-])=O-1065' prediction.modelResults.predictionError=CC1=C2C(C=CC3=CC=CC(C)=C23)=CC=C1.OC1=C(C=C(C=C1[N+]([O-])=O)[N+]([O-])=O)[N+]([O-])=O: model can't run mixtures
key='C1=CC2=C3C(C=CC4=CC=CC(C=C2)=C34)=C1.[O-][N+](=O)C1=CC2=C(C=C1)C1=C(C=C(C=C1[N+]([O-])=O)[N+]([O-])=O)C2=O-1065' prediction.modelResults.predictionError=C1=CC2=C3C(C=CC4=CC=CC(C=C2)=C34)=C1.[O-][N+](=O)C1=CC2=C(C=C1)C1=C(C=C(C=C1[N+]([O-])=O)[N+]([O-])=O)C2=O: model can't run mixtures
key='CCCCCCCCC(O)=O.NC(=N)SCC1=CC=CC=C1-1065' prediction.modelResults.predictionError=CCCCCCCCC(O)=O.NC(=N)SCC1=CC=CC=C1: model can't run mixtures
key='C1CN(CCN1)C1=CC=CC=C1.OC(=O)COC1=C(Cl)C=C(Cl)C=C1-1065' prediction.modelResults.predictionError=C1CN(CCN1)C1=CC=CC=C1.OC(=O)COC1=C(Cl)C=C(Cl)C=C1: model can't run mixtures
key='OC(=O)CCCCCCCCC=C.CCCCCCCCCCCCCCN-1065' prediction.modelResults.predictionError=OC(=O)CCCCCCCCC=C.CCCCCCCCCCCCCCN: model can't run mixtures
key='CC(O)=O.CC(=O)NC1=NC(=O)NN=C1-1065' prediction.modelResults.predictionError=CC(O)=O.CC(=O)NC1=NC(=O)NN=C1: model can't run mixtures
key='CN(C)O.OC(=O)C(O)=O-1065' prediction.modelResults.predictionError=CN(C)O.OC(=O)C(O)=O: model can't run mixtures
key='COC(=O)C1C(C(=O)OC)C(C(=O)OC)=C(C=C2[Se]C3=CC=CC=C3N12)C(=O)OC-1065' prediction.modelResults.predictionError=COC(=O)C1C=C2[Se]C3=CC=CC=C3N2C(C(C=1C(=O)OC)C(=O)OC)C(=O)OC: Molecule contains unsupported element
key='OC1CCC(COCC2=CC=CC=C2)=C1-1065' prediction.modelResults.predictionError=Br[Se]C1=CC=CC=N1: Molecule contains unsupported element
key='CC([Se]C1=CC=CC=C1)C=O-1065' prediction.modelResults.predictionError=CC(C=O)[Se]C1C=CC=CC=1: Molecule contains unsupported element
key='CC(O)=O.ONC1CCCCC1=NO-1065' prediction.modelResults.predictionError=CC(O)=O.ONC1CCCCC1=NO: model can't run mixtures
key='O=C1CCN2CCCC12.OC1=C(C=C(C=C1[N+]([O-])=O)[N+]([O-])=O)[N+]([O-])=O-1065' prediction.modelResults.predictionError=O=C1CCN2CCCC12.OC1=C(C=C(C=C1[N+]([O-])=O)[N+]([O-])=O)[N+]([O-])=O: model can't run mixtures
key='[NH2-].[NH2-].[NH2-].[NH2-].[NH2-].[NH2-].[Ni]-1065' prediction.modelResults.predictionError=[NH2-].[NH2-].[NH2-].[NH2-].[NH2-].[NH2-].[Ni] failed standardization
key='[NH2-].[NH2-].[NH2-].[NH2-].[NH2-].[NH2-].[Cr+6]-1065' prediction.modelResults.predictionError=[NH2-].[NH2-].[NH2-].[NH2-].[NH2-].[NH2-].[Cr+6] failed standardization
key='[NH2-].[NH2-].[NH2-].[NH2-].[Co].[O-]N=O.[O-]N=O-1065' prediction.modelResults.predictionError=[NH2-].[NH2-].[NH2-].[NH2-].[Co].[O-]N=O.[O-]N=O failed standardization
key='OC(=O)C(O)=O.OC(=O)C(O)=O.CN(C)C1=CC=C(C=C1)C(C1=CC=CC=C1)=C1C=CC(C=C1)=[N+](C)C-1065' prediction.modelResults.predictionError=OC(=O)C(O)=O.OC(=O)C(O)=O.CN(C)C1=CC=C(C=C1)C(C1=CC=CC=C1)=C1C=CC(C=C1)=[N+](C)C: model can't run mixtures
key='CS(O)(O)(O)=O.CCCCCCCCCCCCCCCC[N+]1(C)CCSCC1-1065' prediction.modelResults.predictionError=CS(O)(O)(O)=O.CCCCCCCCCCCCCCCC[N+]1(C)CCSCC1: model can't run mixtures
key='SC#N.C[N+]1(CC2=CC=CC=C2Cl)CCCC1C1=CN=CC=C1-1065' prediction.modelResults.predictionError=SC#N.C[N+]1(CC2=CC=CC=C2Cl)CCCC1C1=CN=CC=C1: model can't run mixtures
key='CC(O)=O.CC1=CC(N)=C2C=C(NC(=O)C(CC=C)(CC=C)C(=O)NC3=CC4=C(N)C=C(C)N=C4C=C3)C=CC2=N1-1065' prediction.modelResults.predictionError=CC(O)=O.CC1=CC(N)=C2C=C(NC(=O)C(CC=C)(CC=C)C(=O)NC3=CC4=C(N)C=C(C)N=C4C=C3)C=CC2=N1: model can't run mixtures
key='Cl[Hg]N1C=NC2=C(Cl)C(Cl)=C(Cl)C=C12-1065' prediction.modelResults.predictionError=Cl[Hg]N1C=NC2=C(Cl)C(Cl)=C(Cl)C=C12 failed standardization
key='NC1=NC(NC2=CC=C(C=C2)[Sb](O)(O)=O)=NC(N)=N1-1065' prediction.modelResults.predictionError=NC1=NC(NC2C=CC(=CC=2)[Sb](O)(O)=O)=NC(N)=N1: Molecule contains unsupported element
key='C1COCCN1.CCCN[N+]([O-])=O-1065' prediction.modelResults.predictionError=C1COCCN1.CCCN[N+]([O-])=O: model can't run mixtures
key='C1COCCN1.[O-][N+](=O)NCC1=CC=CC=C1-1065' prediction.modelResults.predictionError=C1COCCN1.[O-][N+](=O)NCC1=CC=CC=C1: model can't run mixtures
key='C1COCCN1.CCCCCCCCCCCCN[N+]([O-])=O-1065' prediction.modelResults.predictionError=C1COCCN1.CCCCCCCCCCCCN[N+]([O-])=O: model can't run mixtures
key='[NH2-].[NH2-].[NH2-].[Co+3].O[N+]([O-])=O.O[N+]([O-])=O.O[N+]([O-])=O-1065' prediction.modelResults.predictionError=[NH2-].[NH2-].[NH2-].[Co+3].O[N+]([O-])=O.O[N+]([O-])=O.O[N+]([O-])=O failed standardization
key='CCOC(=O)CS[Hg]Cl-1065' prediction.modelResults.predictionError=CCOC(=O)CS[Hg]Cl failed standardization
key='[NH2-].[NH2-].[NH2-].[NH2-].[NH2-].[Co].N#[O+].ON=O-1065' prediction.modelResults.predictionError=[NH2-].[NH2-].[NH2-].[NH2-].[NH2-].[Co].N#[O+].ON=O failed standardization
key='Cl[Co++]-1065' prediction.modelResults.predictionError=Cl[Co++] failed standardization
key='Cl[Cu+]-1065' prediction.modelResults.predictionError=Cl[Cu+] failed standardization
key='Cl[Hg]N1C2=CC=CC=C2N=C1C1=CC=CO1-1065' prediction.modelResults.predictionError=Cl[Hg]N1C2=CC=CC=C2N=C1C1=CC=CO1 failed standardization
key='Cl[Zn+]-1065' prediction.modelResults.predictionError=Cl[Zn+] failed standardization
key='N1B(NC2=CC=CC=C12)C1=CC=CC=C1C#CC1=CC=CC=C1B1NC2=CC=CC=C2N1-1065' prediction.modelResults.predictionError=C1C=CC=C(B2NC3=CC=CC=C3N2)C=1C#CC1=CC=CC=C1B1NC2=CC=CC=C2N1: Molecule contains unsupported element
key='COC1CC[C+](CC1)[B-](N)(OC1=CC=C(OC)C=C1)C1=CC=C(OC)C=C1-1065' prediction.modelResults.predictionError=COC1CCC(CC1)[B-](N)(OC1C=CC(=CC=1)OC)C1C=CC(=CC=1)OC: Molecule contains unsupported element
key='CN1C=[N+](C2OC(CO)C(O)C2O)C2=C1C(=O)N=C(N)N2-1065' prediction.modelResults.predictionError=Number of atoms equals zero
key='OC=O.O=C(NC1=CC=C(C=C1)C1=NCCN1)C1=CC(=CC=C1)C(=O)NC1=CC=C(C=C1)C1=NCCN1-1065' prediction.modelResults.predictionError=OC=O.O=C(NC1=CC=C(C=C1)C1=NCCN1)C1=CC(=CC=C1)C(=O)NC1=CC=C(C=C1)C1=NCCN1: model can't run mixtures
key='O=C=[Fe+]-1065' prediction.modelResults.predictionError=O=C=[Fe+] failed standardization
key='[Rh].CC(=O)C(Br)C(C)=O.CC(=O)C(Br)C(C)=O.CC(=O)C(Br)C(C)=O-1065' prediction.modelResults.predictionError=[Rh].CC(=O)C(Br)C(C)=O.CC(=O)C(Br)C(C)=O.CC(=O)C(Br)C(C)=O failed standardization
key='[Rh].CC(=O)CC(C)=O.CC(=O)C(Cl)C(C)=O.CC(=O)C(Cl)C(C)=O-1065' prediction.modelResults.predictionError=[Rh].CC(=O)CC(C)=O.CC(=O)C(Cl)C(C)=O.CC(=O)C(Cl)C(C)=O failed standardization
key='[Co].OC(O)=O.[NH-]CC[N-]CC[N-]CC[NH-]-1065' prediction.modelResults.predictionError=[Co].OC(O)=O.[NH-]CC[N-]CC[N-]CC[NH-]: model can't run mixtures
key='[BH3-][NH2+]C1=CC([NH2+][BH3-])=CC=C1-1065' prediction.modelResults.predictionError=BNC1C=C(C=CC=1)NB: Molecule contains unsupported element
key='Cl[Hg]SC1CCCC1-1065' prediction.modelResults.predictionError=Cl[Hg]SC1CCCC1 failed standardization
key='CN(C)C(=S)S[Pb](SC(=S)N(C)C)(C1=CC=CC=C1)C1=CC=CC=C1-1065' prediction.modelResults.predictionError=CN(C)C(=S)S[Pb](SC(=S)N(C)C)(C1C=CC=CC=1)C1C=CC=CC=1: Molecule contains unsupported element
key='CCN(CC)C(=S)S[Pb](SC(=S)N(CC)CC)(C1=CC=CC=C1)C1=CC=CC=C1-1065' prediction.modelResults.predictionError=CCN(CC)C(=S)S[Pb](SC(=S)N(CC)CC)(C1C=CC=CC=1)C1C=CC=CC=1: Molecule contains unsupported element
key='CO.CO.Cl[Nb]Cl.CC(=O)CC(C)=O-1065' prediction.modelResults.predictionError=CO.CO.Cl[Nb]Cl.CC(=O)CC(C)=O: model can't run mixtures
key='CO.CO.Cl[Ta]Cl.CC(=O)CC(C)=O-1065' prediction.modelResults.predictionError=CO.CO.Cl[Ta]Cl.CC(=O)CC(C)=O: model can't run mixtures
key='[W].CC#N.FC(F)(F)C#CC(F)(F)F.FC(F)(F)C#CC(F)(F)F.FC(F)(F)C#CC(F)(F)F-1065' prediction.modelResults.predictionError=[W].CC#N.FC(F)(F)C#CC(F)(F)F.FC(F)(F)C#CC(F)(F)F.FC(F)(F)C#CC(F)(F)F: model can't run mixtures
key='[Co++].[I-].[I-]-1065' prediction.modelResults.predictionError=[Co++].[I-].[I-] failed standardization
key='Cl[Ti]Cl.CC(C)O.[CH-]1[C-]=[C-][C-]=[C-]1-1065' prediction.modelResults.predictionError=Cl[Ti]Cl.CC(C)O.[CH-]1[C-]=[C-][C-]=[C-]1: model can't run mixtures
key='CCS(O)(=O)=O.NC1=NC(COC2=C(Cl)C=C(CNC(=O)NC3=C(Cl)C=CC(=C3)S(F)(=O)=O)C=C2)=C(C(N)=N1)C1=CC(Cl)=C(Cl)C=C1-1065' prediction.modelResults.predictionError=CCS(O)(=O)=O.NC1=NC(COC2=C(Cl)C=C(CNC(=O)NC3=C(Cl)C=CC(=C3)S(F)(=O)=O)C=C2)=C(C(N)=N1)C1=CC(Cl)=C(Cl)C=C1: model can't run mixtures
key='[Rh].CC(=O)C(Br)C(C)=O.CC(=O)C(Br)C(C)=O.CC(=O)C(Br)C(C)=O-1065' prediction.modelResults.predictionError=[Rh].CC(=O)C(Br)C(C)=O.CC(=O)C(Br)C(C)=O.CC(=O)C(Br)C(C)=O failed standardization
key='[Rh].CC(=O)CC(C)=O.CC(=O)C(Cl)C(C)=O.CC(=O)C(Cl)C(C)=O-1065' prediction.modelResults.predictionError=[Rh].CC(=O)CC(C)=O.CC(=O)C(Cl)C(C)=O.CC(=O)C(Cl)C(C)=O failed standardization
key='[Co].OC(O)=O.[NH-]CC[N-]CC[N-]CC[NH-]-1065' prediction.modelResults.predictionError=[Co].OC(O)=O.[NH-]CC[N-]CC[N-]CC[NH-]: model can't run mixtures
key='[BH3-][NH2+]C1=CC([NH2+][BH3-])=CC=C1-1065' prediction.modelResults.predictionError=BNC1C=C(C=CC=1)NB: Molecule contains unsupported element
key='Cl[Hg]SC1CCCC1-1065' prediction.modelResults.predictionError=Cl[Hg]SC1CCCC1 failed standardization
key='CN1C2=CC=CC=C2[Sn](C2=CC=CC=C2)(C2=CC=CC=C2)C2=CC=CC=C12-1065' prediction.modelResults.predictionError=CN(C)C(=S)S[Pb](SC(=S)N(C)C)(C1C=CC=CC=1)C1C=CC=CC=1: Molecule contains unsupported element
key='CN(C)C(=S)S[Pb](SC(=S)N(C)C)(C1=CC=CC=C1)C1=CC=CC=C1-1065' prediction.modelResults.predictionError=CCN(CC)C(=S)S[Pb](SC(=S)N(CC)CC)(C1C=CC=CC=1)C1C=CC=CC=1: Molecule contains unsupported element
key='CCS(O)(=O)=O.NC1=NC(COC2=C(Cl)C=C(CNC(=O)NC3=C(Cl)C=CC(=C3)S(F)(=O)=O)C=C2)=C(C(N)=N1)C1=CC(Cl)=C(Cl)C=C1-1065' prediction.modelResults.predictionError=CCS(O)(=O)=O.NC1=NC(COC2=C(Cl)C=C(CNC(=O)NC3=C(Cl)C=CC(=C3)S(F)(=O)=O)C=C2)=C(C(N)=N1)C1=CC(Cl)=C(Cl)C=C1: model can't run mixtures
key='C1C[N+]2=C(S1)SC1=CC=CC=C21.[S-]CCN1C(=O)SC2=CC=CC=C12-1065' prediction.modelResults.predictionError=C1C[N+]2=C(S1)SC1=CC=CC=C21.[S-]CCN1C(=O)SC2=CC=CC=C12: model can't run mixtures
key='C1C[N+]2=C(S1)SC1=CC=CC=C21.[S-]CCN1C(=S)SC2=CC=CC=C12-1065' prediction.modelResults.predictionError=C1C[N+]2=C(S1)SC1=CC=CC=C21.[S-]CCN1C(=S)SC2=CC=CC=C12: model can't run mixtures
key='CCS(O)(=O)=O.CC1(C)N=C(N)N=C(N)N1C1=CC(Cl)=C(OCC2=CC=CC=C2C(=O)NC2=CC=C(C=C2)S(F)(=O)=O)C=C1-1065' prediction.modelResults.predictionError=CCS(O)(=O)=O.CC1(C)N=C(N)N=C(N)N1C1=CC(Cl)=C(OCC2=CC=CC=C2C(=O)NC2=CC=C(C=C2)S(F)(=O)=O)C=C1: model can't run mixtures
key='[Fe++].[I-].[I-]-1065' prediction.modelResults.predictionError=[Fe++].[I-].[I-] failed standardization
key='OS(Cl)=O-1065' prediction.modelResults.predictionError=OS(Cl)=O failed standardization
key='C1C[N-]1.C1C[N-]1.C1C[N-]1.Br[Rh](Br)Br-1065' prediction.modelResults.predictionError=C1C[N-]1.C1C[N-]1.C1C[N-]1.Br[Rh](Br)Br failed standardization
key='C[NH-].C[NH-].C[NH-].C[NH-].Cl[Rh]Cl-1065' prediction.modelResults.predictionError=C[NH-].C[NH-].C[NH-].C[NH-].Cl[Rh]Cl failed standardization
key='[Pt++].[NH-]CC[NH-].CC(C(O)=O)C(O)=O-1065' prediction.modelResults.predictionError=[Pt++].[NH-]CC[NH-].CC(C(O)=O)C(O)=O: model can't run mixtures
key='CCOC(=O)C=CSCCCN-1065' prediction.modelResults.predictionError=Number of atoms equals zero
key='FC1=C(F)C(F)=C(C(F)=C1F)[Ge](C1=C(F)C(F)=C(F)C(F)=C1F)(C1=C(F)C(F)=C(F)C(F)=C1F)C1=C(F)C(F)=C(F)C(F)=C1F-1065' prediction.modelResults.predictionError=FC1C(=C(F)C(F)=C(F)C=1F)[Ge](C1=C(F)C(F)=C(F)C(F)=C1F)(C1=C(F)C(F)=C(F)C(F)=C1F)C1=C(F)C(F)=C(F)C(F)=C1F: Molecule contains unsupported element
key='C1C[N+]2=C(S1)SC1=CC=CC=C21.[S-]CCN1C(=O)SC2=CC=CC=C12-1065' prediction.modelResults.predictionError=C1C[N+]2=C(S1)SC1=CC=CC=C21.[S-]CCN1C(=O)SC2=CC=CC=C12: model can't run mixtures
key='FC1=C(F)C(F)=C(C(F)=C1F)[Pb](C1=C(F)C(F)=C(F)C(F)=C1F)(C1=C(F)C(F)=C(F)C(F)=C1F)C1=C(F)C(F)=C(F)C(F)=C1F-1065' prediction.modelResults.predictionError=FC1C(=C(F)C(F)=C(F)C=1F)[Pb](C1=C(F)C(F)=C(F)C(F)=C1F)(C1=C(F)C(F)=C(F)C(F)=C1F)C1=C(F)C(F)=C(F)C(F)=C1F: Molecule contains unsupported element
key='OC(=O)CCC(O)=O.FC(F)(F)C1=CC2=C(SC3=CC=CC=C3N2CCCN2CCN(CCC3OCCCO3)CC2)C=C1-1065' prediction.modelResults.predictionError=OC(=O)CCC(O)=O.FC(F)(F)C1=CC2=C(SC3=CC=CC=C3N2CCCN2CCN(CCC3OCCCO3)CC2)C=C1: model can't run mixtures
key='[NH2-].[NH2-].[NH2-].[NH2-].[NH2-].[Ru+5].N#[O+]-1065' prediction.modelResults.predictionError=[NH2-].[NH2-].[NH2-].[NH2-].[NH2-].[Ru+5].N#[O+] failed standardization
key='C1C[N+]2=C(S1)SC1=CC=CC=C21.[S-]CCN1C(=S)SC2=CC=CC=C12-1065' prediction.modelResults.predictionError=C1C[N+]2=C(S1)SC1=CC=CC=C21.[S-]CCN1C(=S)SC2=CC=CC=C12: model can't run mixtures
key='CCS(O)(=O)=O.CC1(C)N=C(N)N=C(N)N1C1=CC(Cl)=C(OCC2=CC=CC=C2C(=O)NC2=CC=C(C=C2)S(F)(=O)=O)C=C1-1065' prediction.modelResults.predictionError=CCS(O)(=O)=O.CC1(C)N=C(N)N=C(N)N1C1=CC(Cl)=C(OCC2=CC=CC=C2C(=O)NC2=CC=C(C=C2)S(F)(=O)=O)C=C1: model can't run mixtures
key='[Fe++].[I-].[I-]-1065' prediction.modelResults.predictionError=[Fe++].[I-].[I-] failed standardization
key='OS(Cl)=O-1065' prediction.modelResults.predictionError=OS(Cl)=O failed standardization
key='C1C[N-]1.C1C[N-]1.C1C[N-]1.Br[Rh](Br)Br-1065' prediction.modelResults.predictionError=C1C[N-]1.C1C[N-]1.C1C[N-]1.Br[Rh](Br)Br failed standardization
key='C[NH-].C[NH-].C[NH-].C[NH-].Cl[Rh]Cl-1065' prediction.modelResults.predictionError=C[NH-].C[NH-].C[NH-].C[NH-].Cl[Rh]Cl failed standardization
key='[Pt++].[NH-]CC[NH-].CC(C(O)=O)C(O)=O-1065' prediction.modelResults.predictionError=[Pt++].[NH-]CC[NH-].CC(C(O)=O)C(O)=O: model can't run mixtures
key='FC1=C(F)C(F)=C(C(F)=C1F)[Ge](C1=C(F)C(F)=C(F)C(F)=C1F)(C1=C(F)C(F)=C(F)C(F)=C1F)C1=C(F)C(F)=C(F)C(F)=C1F-1065' prediction.modelResults.predictionError=FC1C(=C(F)C(F)=C(F)C=1F)[Ge](C1=C(F)C(F)=C(F)C(F)=C1F)(C1=C(F)C(F)=C(F)C(F)=C1F)C1=C(F)C(F)=C(F)C(F)=C1F: Molecule contains unsupported element
key='FC1=C(F)C(F)=C(C(F)=C1F)[Pb](C1=C(F)C(F)=C(F)C(F)=C1F)(C1=C(F)C(F)=C(F)C(F)=C1F)C1=C(F)C(F)=C(F)C(F)=C1F-1065' prediction.modelResults.predictionError=FC1C(=C(F)C(F)=C(F)C=1F)[Pb](C1=C(F)C(F)=C(F)C(F)=C1F)(C1=C(F)C(F)=C(F)C(F)=C1F)C1=C(F)C(F)=C(F)C(F)=C1F: Molecule contains unsupported element
key='OC(=O)CCC(O)=O.FC(F)(F)C1=CC2=C(SC3=CC=CC=C3N2CCCN2CCN(CCC3OCCCO3)CC2)C=C1-1065' prediction.modelResults.predictionError=OC(=O)CCC(O)=O.FC(F)(F)C1=CC2=C(SC3=CC=CC=C3N2CCCN2CCN(CCC3OCCCO3)CC2)C=C1: model can't run mixtures
key='[NH2-].[NH2-].[NH2-].[NH2-].[NH2-].[Ru+5].N#[O+]-1065' prediction.modelResults.predictionError=[NH2-].[NH2-].[NH2-].[NH2-].[NH2-].[Ru+5].N#[O+] failed standardization
run=1	request=40	smiles=<batch-level>	error=batch failed but single-smile checks passed: HTTPConnectionPool(host='192.168.1.7', port=5004): Read timed out. (read timeout=600)
key='[Eu+3].C[N+](C)(C)C.FC(F)(F)C(=O)[CH-]C(=O)C(F)(F)F.FC(F)(F)C(=O)[CH-]C(=O)C(F)(F)F.FC(F)(F)C(=O)[CH-]C(=O)C(F)(F)F.FC(F)(F)C(=O)[CH-]C(=O)C(F)(F)F-1065' prediction.modelResults.predictionError=[Eu+3].C[N+](C)(C)C.FC(F)(F)C(=O)[CH-]C(=O)C(F)(F)F.FC(F)(F)C(=O)[CH-]C(=O)C(F)(F)F.FC(F)(F)C(=O)[CH-]C(=O)C(F)(F)F.FC(F)(F)C(=O)[CH-]C(=O)C(F)(F)F: model can't run mixtures
key='[Eu+3].CCN(CC)CC.FC(F)(F)C(=O)[CH-]C(=O)C(F)(F)F.FC(F)(F)C(=O)[CH-]C(=O)C(F)(F)F.FC(F)(F)C(=O)[CH-]C(=O)C(F)(F)F.FC(F)(F)C(=O)[CH-]C(=O)C(F)(F)F-1065' prediction.modelResults.predictionError=[Eu+3].CCN(CC)CC.FC(F)(F)C(=O)[CH-]C(=O)C(F)(F)F.FC(F)(F)C(=O)[CH-]C(=O)C(F)(F)F.FC(F)(F)C(=O)[CH-]C(=O)C(F)(F)F.FC(F)(F)C(=O)[CH-]C(=O)C(F)(F)F: model can't run mixtures
key='[Nd+3].CCN(CC)CC.FC(F)(F)C(=O)[CH-]C(=O)C(F)(F)F.FC(F)(F)C(=O)[CH-]C(=O)C(F)(F)F.FC(F)(F)C(=O)[CH-]C(=O)C(F)(F)F.FC(F)(F)C(=O)[CH-]C(=O)C(F)(F)F-1065' prediction.modelResults.predictionError=[Nd+3].CCN(CC)CC.FC(F)(F)C(=O)[CH-]C(=O)C(F)(F)F.FC(F)(F)C(=O)[CH-]C(=O)C(F)(F)F.FC(F)(F)C(=O)[CH-]C(=O)C(F)(F)F.FC(F)(F)C(=O)[CH-]C(=O)C(F)(F)F: model can't run mixtures
key='[Sm+3].CCN(CC)CC.FC(F)(F)C(=O)[CH-]C(=O)C(F)(F)F.FC(F)(F)C(=O)[CH-]C(=O)C(F)(F)F.FC(F)(F)C(=O)[CH-]C(=O)C(F)(F)F.FC(F)(F)C(=O)[CH-]C(=O)C(F)(F)F-1065' prediction.modelResults.predictionError=[Sm+3].CCN(CC)CC.FC(F)(F)C(=O)[CH-]C(=O)C(F)(F)F.FC(F)(F)C(=O)[CH-]C(=O)C(F)(F)F.FC(F)(F)C(=O)[CH-]C(=O)C(F)(F)F.FC(F)(F)C(=O)[CH-]C(=O)C(F)(F)F: model can't run mixtures
key='[Er+3].CN(C)C=O.CC(C)(C)C(=O)[CH-]C(=O)C(C)(C)C.CC(C)(C)C(=O)[CH-]C(=O)C(C)(C)C.CC(C)(C)C(=O)[CH-]C(=O)C(C)(C)C-1065' prediction.modelResults.predictionError=[Er+3].CN(C)C=O.CC(C)(C)C(=O)[CH-]C(=O)C(C)(C)C.CC(C)(C)C(=O)[CH-]C(=O)C(C)(C)C.CC(C)(C)C(=O)[CH-]C(=O)C(C)(C)C: model can't run mixtures
key='[Ni++].SC#N.C\\C1=N/CC[N-]C(C)(C)C\\C(C)=N\\CC[N-]C(C)(C)C1-1065' prediction.modelResults.predictionError=[Ni++].SC#N.C\C1=N/CC[N-]C(C)(C)C\C(C)=N\CC[N-]C(C)(C)C1: model can't run mixtures
key='[NH2-].[NH2-].[NH2-].[NH2-].[NH2-].[NH2-].[Ru+6].OS(=O)(=O)C(F)(F)F-1065' prediction.modelResults.predictionError=[NH2-].[NH2-].[NH2-].[NH2-].[NH2-].[NH2-].[Ru+6].OS(=O)(=O)C(F)(F)F failed standardization
key='[NH2-].[NH2-].[NH2-].[NH2-].[NH2-].O.[Ru+5].OS(=O)(=O)C(F)(F)F-1065' prediction.modelResults.predictionError=[NH2-].[NH2-].[NH2-].[NH2-].[NH2-].O.[Ru+5].OS(=O)(=O)C(F)(F)F failed standardization
key='OCC1OC(O)C(O)C(O)C1O.CC1OC(OC2C(C)OC(O)C(O)C2O)C(O)C(O)C1O.CCCCCC(CCCCCCCC(O)CC(O)=O)OC1OC(C)C(O)C(O)C1O-1065' prediction.modelResults.predictionError=OCC1OC(O)C(O)C(O)C1O.CC1OC(OC2C(C)OC(O)C(O)C2O)C(O)C(O)C1O.CCCCCC(CCCCCCCC(O)CC(O)=O)OC1OC(C)C(O)C(O)C1O: model can't run mixtures
key='CS(C)=O.CS(C)=O.CS(C)=O.Cl[Rh](Cl)Cl-1065' prediction.modelResults.predictionError=CS(C)=O.CS(C)=O.CS(C)=O.Cl[Rh](Cl)Cl failed standardization
key='[NH2-].[NH2-].[NH2-].[NH2-].[Co].OS(O)=O.OS(O)=O-1065' prediction.modelResults.predictionError=[NH2-].[NH2-].[NH2-].[NH2-].[Co].OS(O)=O.OS(O)=O failed standardization
key='[NH2-].[NH2-].[NH2-].[NH2-].Br[Co]Br-1065' prediction.modelResults.predictionError=[NH2-].[NH2-].[NH2-].[NH2-].Br[Co]Br failed standardization
key='[NH2-].[NH2-].[NH2-].[NH2-].[NH2-].O.[Co+3].OS(O)(=O)=O-1065' prediction.modelResults.predictionError=[NH2-].[NH2-].[NH2-].[NH2-].[NH2-].O.[Co+3].OS(O)(=O)=O failed standardization
key='[NH2-].[NH2-].[NH2-].[NH2-].[NH2-].[NH2-].[Co].[Co+3].[O-]N=O.[O-]N=O.[O-]N=O.[O-]N=O.[O-]N=O.[O-]N=O-1065' prediction.modelResults.predictionError=[NH2-].[NH2-].[NH2-].[NH2-].[NH2-].[NH2-].[Co].[Co+3].[O-]N=O.[O-]N=O.[O-]N=O.[O-]N=O.[O-]N=O.[O-]N=O failed standardization
key='[NH2-].[NH2-].[NH2-].[NH2-].O.O.[Co+3].OS(O)(=O)=O-1065' prediction.modelResults.predictionError=[NH2-].[NH2-].[NH2-].[NH2-].O.O.[Co+3].OS(O)(=O)=O failed standardization
key='[Ni].[O-]N=O.[O-]N=O.[O-]N=O.[O-]N=O.[O-]N=O.[O-]N=O-1065' prediction.modelResults.predictionError=[Ni].[O-]N=O.[O-]N=O.[O-]N=O.[O-]N=O.[O-]N=O.[O-]N=O failed standardization
key='[Ni++].NCCN.[O-]C1=CC=CC=C1[O-].[O-]C1=CC=CC=C1[O-]-1065' prediction.modelResults.predictionError=[Ni++].NCCN.[O-]C1=CC=CC=C1[O-].[O-]C1=CC=CC=C1[O-]: model can't run mixtures
key='OC(=O)C(O)(C1=CC=CC=C1)C1=CC=CC=C1.C1=C[N+](=CN1C(C1=CC=CC=C1)C1=CC=CC=C1)C(C1=CC=CC=C1)C1=CC=CC=C1-1065' prediction.modelResults.predictionError=OC(=O)C(O)(C1=CC=CC=C1)C1=CC=CC=C1.C1=C[N+](=CN1C(C1=CC=CC=C1)C1=CC=CC=C1)C(C1=CC=CC=C1)C1=CC=CC=C1: model can't run mixtures
key='Cl[Mo](Cl)(Cl)(Cl)(Cl)Cl-1065' prediction.modelResults.predictionError=Cl[Mo](Cl)(Cl)(Cl)(Cl)Cl failed standardization
key='OC1=C(C=C(C=C1[N+]([O-])=O)[N+]([O-])=O)[N+]([O-])=O.NC1=NC(CCCCNC(=O)CBr)=C(C(N)=N1)C1=CC=C(Cl)C=C1-1065' prediction.modelResults.predictionError=OC1=C(C=C(C=C1[N+]([O-])=O)[N+]([O-])=O)[N+]([O-])=O.NC1=NC(CCCCNC(=O)CBr)=C(C(N)=N1)C1=CC=C(Cl)C=C1: model can't run mixtures
key='NCC1=CC=C(OCC2=C(C(N)=NC(N)=N2)C2=CC(Cl)=C(Cl)C=C2)C=C1-1065' prediction.modelResults.predictionError=Number of atoms equals zero
key='[Co].[NH-]CC[NH-].[NH-]CC[NH-].[NH-]CC[S-]-1065' prediction.modelResults.predictionError=[Co].[NH-]CC[NH-].[NH-]CC[NH-].[NH-]CC[S-]: model can't run mixtures
key='C1CC(=NN1)[P+](C1=CC=CC=C1)(C1=CC=CC=C1)C1=CC=CC=C1.C1CC[C+](CC1)[B-](C1=CC=CC=C1)(C1=CC=CC=C1)C1=CC=CC=C1-1065' prediction.modelResults.predictionError=C1CC(=NN1)[P+](C1=CC=CC=C1)(C1=CC=CC=C1)C1=CC=CC=C1.C1CC[C+](CC1)[B-](C1=CC=CC=C1)(C1=CC=CC=C1)C1=CC=CC=C1: model can't run mixtures
key='OC(=O)CCl.COC1=C(OC)C=C2C(=C1)C=[N+](C)C1=C2C=CC2=CC3=C(OCO3)C=C12-1065' prediction.modelResults.predictionError=OC(=O)CCl.COC1=C(OC)C=C2C(=C1)C=[N+](C)C1=C2C=CC2=CC3=C(OCO3)C=C12: model can't run mixtures
key='CC1=CC=C([SeH])C=C1-1065' prediction.modelResults.predictionError=CC1=CC=C([SeH])C=C1: Molecule contains unsupported element
key='CC(=O)CN.CC1=CC=C(C=C1)S(O)(=O)=O-1065' prediction.modelResults.predictionError=CC(=O)CN.CC1=CC=C(C=C1)S(O)(=O)=O: model can't run mixtures
key='[Pt++].[NH-]C1CCCCC1[NH-].OC(C(O)=O)C(O)=O-1065' prediction.modelResults.predictionError=[Pt++].[NH-]C1CCCCC1[NH-].OC(C(O)=O)C(O)=O: model can't run mixtures
key='CO.[H]C12CC34C(O)C1C1([H])CC([H])(C3N(C)C3=CC=CC=C43)N2C(O)C1CC-1065' prediction.modelResults.predictionError=CO.[H]C12CC34C(O)C1C1([H])CC([H])(C3N(C)C3=CC=CC=C43)N2C(O)C1CC: model can't run mixtures
key='N[NH-].N[NH-].Cl[Pt++]Cl-1065' prediction.modelResults.predictionError=N[NH-].N[NH-].Cl[Pt++]Cl failed standardization
key='CC1=CC(C)=NC=C1.OC1=C(C=C(C=C1[N+]([O-])=O)[N+]([O-])=O)[N+]([O-])=O-1065' prediction.modelResults.predictionError=CC1=CC(C)=NC=C1.OC1=C(C=C(C=C1[N+]([O-])=O)[N+]([O-])=O)[N+]([O-])=O: model can't run mixtures
key='CC1=CC=CC=N1.OC1=C(C=C(C=C1[N+]([O-])=O)[N+]([O-])=O)[N+]([O-])=O-1065' prediction.modelResults.predictionError=CC1=CC=CC=N1.OC1=C(C=C(C=C1[N+]([O-])=O)[N+]([O-])=O)[N+]([O-])=O: model can't run mixtures
key='OC1=C(C=C(C=C1[N+]([O-])=O)[N+]([O-])=O)[N+]([O-])=O.CC(=O)OC(C1=CC=CC=C1)C1=CC=NC=C1-1065' prediction.modelResults.predictionError=OC1=C(C=C(C=C1[N+]([O-])=O)[N+]([O-])=O)[N+]([O-])=O.CC(=O)OC(C1=CC=CC=C1)C1=CC=NC=C1: model can't run mixtures
key='[Pt++].C[NH-].C[NH-].OC(=O)CC(O)=O-1065' prediction.modelResults.predictionError=[Pt++].C[NH-].C[NH-].OC(=O)CC(O)=O: model can't run mixtures
key='OS(=O)(=O)NC1CCCCC1.[H]C12C3CC([H])(CC13)C2SCC(=O)OCCN(CC)CC-1065' prediction.modelResults.predictionError=OS(=O)(=O)NC1CCCCC1.[H]C12C3CC([H])(CC13)C2SCC(=O)OCCN(CC)CC: model can't run mixtures
key='Cl[Mo](Cl)(Cl)Cl.Cl[Mo](Cl)(Cl)Cl-1065' prediction.modelResults.predictionError=Cl[Mo](Cl)(Cl)Cl.Cl[Mo](Cl)(Cl)Cl failed standardization
key='Cl[Rh]Cl.C1C[N-]CC[N-]CC[N-]CC[N-]1-1065' prediction.modelResults.predictionError=Cl[Rh]Cl.C1C[N-]CC[N-]CC[N-]CC[N-]1 failed standardization
key='C[Sn]C.CC(=O)CC(=O)C1=CC=CC=C1.CC(=O)CC(=O)C1=CC=CC=C1-1065' prediction.modelResults.predictionError=C[Sn]C.CC(=O)CC(=O)C1=CC=CC=C1.CC(=O)CC(=O)C1=CC=CC=C1: model can't run mixtures
key='CC[Sn]CC.O=C(CC(=O)C1=CC=CC=C1)C1=CC=CC=C1.O=C(CC(=O)C1=CC=CC=C1)C1=CC=CC=C1-1065' prediction.modelResults.predictionError=CC[Sn]CC.O=C(CC(=O)C1=CC=CC=C1)C1=CC=CC=C1.O=C(CC(=O)C1=CC=CC=C1)C1=CC=CC=C1: model can't run mixtures
key='CC(=O)CC(C)=O.CC(=O)CC(C)=O.[Sn](C1=CC=CC=C1)C1=CC=CC=C1-1065' prediction.modelResults.predictionError=CC(=O)CC(C)=O.CC(=O)CC(C)=O.[Sn](C1=CC=CC=C1)C1=CC=CC=C1: model can't run mixtures
key='CS(C)=O.CS(C)=O.Cl[Sn](Cl)(C1=CC=CC=C1)C1=CC=CC=C1-1065' prediction.modelResults.predictionError=CS(C)=O.CS(C)=O.Cl[Sn](Cl)(C1=CC=CC=C1)C1=CC=CC=C1: model can't run mixtures
key='[Pt++].[NH-]CCC[NH-].OC(=O)C(O)=O-1065' prediction.modelResults.predictionError=[Pt++].[NH-]CCC[NH-].OC(=O)C(O)=O: model can't run mixtures
key='[Pt++].[NH-]C1CCCCC1[NH-].OC(=O)C1CCCCC1C(O)=O-1065' prediction.modelResults.predictionError=[Pt++].[NH-]C1CCCCC1[NH-].OC(=O)C1CCCCC1C(O)=O: model can't run mixtures
key='C[Ge](C)(Cl)C1=CC=C(C=C1)[Ge](C)(C)Cl-1065' prediction.modelResults.predictionError=C[Ge](C)(Cl)C1C=CC(=CC=1)[Ge](C)(C)Cl: Molecule contains unsupported element
key='[Pt++].[NH-]CC1(C[NH-])CCCCC1.OC(=O)C1(CCCCC1)C(O)=O-1065' prediction.modelResults.predictionError=[Pt++].[NH-]CC1(C[NH-])CCCCC1.OC(=O)C1(CCCCC1)C(O)=O: model can't run mixtures
key='[Co++].[NH-]CC[NH-].OC(=O)CC(O)=O.OC(=O)CC(O)=O-1065' prediction.modelResults.predictionError=[Co++].[NH-]CC[NH-].OC(=O)CC(O)=O.OC(=O)CC(O)=O: model can't run mixtures
key='[Co].[NH-]CCC[NH-].[NH-]CCC[NH-].OC(=O)C(O)=O-1065' prediction.modelResults.predictionError=[Co].[NH-]CCC[NH-].[NH-]CCC[NH-].OC(=O)C(O)=O: model can't run mixtures
key='[CH3-].[CH3-].C[NH-].C[NH-].Br[Pt]Br-1065' prediction.modelResults.predictionError=[CH3-].[CH3-].C[NH-].C[NH-].Br[Pt]Br: model can't run mixtures
key='Cl[Re].Cl[Re].CC(O)=O.CC(O)=O.CC(O)=O.CC(O)=O-1065' prediction.modelResults.predictionError=Cl[Re].Cl[Re].CC(O)=O.CC(O)=O.CC(O)=O.CC(O)=O failed standardization
key='[Fe].[CH-]1[C-]=[C-][C-]=[C-]1.NC(=O)CCCNC(=O)CCC[C-]1[C-]=[C-][C-]=[C-]1-1065' prediction.modelResults.predictionError=[Fe].[CH-]1[C-]=[C-][C-]=[C-]1.NC(=O)CCCNC(=O)CCC[C-]1[C-]=[C-][C-]=[C-]1: model can't run mixtures
key='[Rh].[Rh].[H]C12CC3([H])CC([H])(C1)CC(C2)(C3)C(O)=O.[H]C12CC3([H])CC([H])(C1)CC(C2)(C3)C(O)=O.[H]C12CC3([H])CC([H])(C1)CC(C2)(C3)C(O)=O.[H]C12CC3([H])CC([H])(C1)CC(C2)(C3)C(O)=O-1065' prediction.modelResults.predictionError=[Rh].[Rh].[H]C12CC3([H])CC([H])(C1)CC(C2)(C3)C(O)=O.[H]C12CC3([H])CC([H])(C1)CC(C2)(C3)C(O)=O.[H]C12CC3([H])CC([H])(C1)CC(C2)(C3)C(O)=O.[H]C12CC3([H])CC([H])(C1)CC(C2)(C3)C(O)=O failed standardization
key='[Rh].[Rh].OC(C(O)=O)C1=CC=CC=C1.OC(C(O)=O)C1=CC=CC=C1.OC(C(O)=O)C1=CC=CC=C1.OC(C(O)=O)C1=CC=CC=C1-1065' prediction.modelResults.predictionError=[Rh].[Rh].OC(C(O)=O)C1=CC=CC=C1.OC(C(O)=O)C1=CC=CC=C1.OC(C(O)=O)C1=CC=CC=C1.OC(C(O)=O)C1=CC=CC=C1 failed standardization
key='[Pt++].CCCC[NH-].CCCC[NH-].OC(=O)CC(O)=O-1065' prediction.modelResults.predictionError=[Pt++].CCCC[NH-].CCCC[NH-].OC(=O)CC(O)=O: model can't run mixtures
key='C1NNCC11CNNC1.OC1=C(C=C(C=C1[N+]([O-])=O)[N+]([O-])=O)[N+]([O-])=O-1065' prediction.modelResults.predictionError=C1NNCC11CNNC1.OC1=C(C=C(C=C1[N+]([O-])=O)[N+]([O-])=O)[N+]([O-])=O: model can't run mixtures
key='[Pt++].OC(=O)CBr.OC(=O)CBr.[NH-]C1CCCCCCC1[NH-]-1065' prediction.modelResults.predictionError=[Pt++].OC(=O)CBr.OC(=O)CBr.[NH-]C1CCCCCCC1[NH-]: model can't run mixtures
key='OC(=O)C=C.C=CN1C=CC(=O)NC1=O-1065' prediction.modelResults.predictionError=OC(=O)C=C.C=CN1C=CC(=O)NC1=O: model can't run mixtures
key='NC(=O)C=C.NC1=C2N=CN(C=C)C2=NC=N1-1065' prediction.modelResults.predictionError=NC(=O)C=C.NC1=C2N=CN(C=C)C2=NC=N1: model can't run mixtures
key='[Pt++].[NH-]C1CCCCC1[NH-].OC(C=O)C(O)C(O)C(O)C(O)=O-1065' prediction.modelResults.predictionError=[Pt++].[NH-]C1CCCCC1[NH-].OC(C=O)C(O)C(O)C(O)C(O)=O: model can't run mixtures
key='[NH2-].[NH2-].[NH2-].[NH2-].Br[Ru]Br-1065' prediction.modelResults.predictionError=[NH2-].[NH2-].[NH2-].[NH2-].Br[Ru]Br failed standardization
key='[NH2-].[NH2-].[NH2-].[NH2-].[NH2-].Br[Ru]-1065' prediction.modelResults.predictionError=[NH2-].[NH2-].[NH2-].[NH2-].[NH2-].Br[Ru] failed standardization
key='O.[Ru].N#[O+].[O-]N=O.[O-]N=O.[O-]N=O.[O-]N=O-1065' prediction.modelResults.predictionError=O.[Ru].N#[O+].[O-]N=O.[O-]N=O.[O-]N=O.[O-]N=O failed standardization
key='[Ru].OC(=O)C(O)=O.OC(=O)C(O)=O.OC(=O)C(O)=O-1065' prediction.modelResults.predictionError=[Ru].OC(=O)C(O)=O.OC(=O)C(O)=O.OC(=O)C(O)=O failed standardization
key='[Ru+4].[Ru+5].[NH-]CC[NH-].[NH-]CC[NH-].[NH-]CC[NH-].OC(=O)C(O)=O.[O-]C(=O)C([O-])=O.[O-]C(=O)C([O-])=O-1065' prediction.modelResults.predictionError=[Ru+4].[Ru+5].[NH-]CC[NH-].[NH-]CC[NH-].[NH-]CC[NH-].OC(=O)C(O)=O.[O-]C(=O)C([O-])=O.[O-]C(=O)C([O-])=O failed standardization
key='[NH2-].[NH2-].[Pt++].OS(O)(=O)=O-1065' prediction.modelResults.predictionError=[NH2-].[NH2-].[Pt++].OS(O)(=O)=O failed standardization
key='[NH2-].[NH2-].[NH2-].[NH2-].O.O.[Ru+3].OS(=O)(=O)C(F)(F)F-1065' prediction.modelResults.predictionError=[NH2-].[NH2-].[NH2-].[NH2-].O.O.[Ru+3].OS(=O)(=O)C(F)(F)F failed standardization
key='C\\N=C1/S[Se]C2=CC=CC=C12-1065' prediction.modelResults.predictionError=CN=C1S[Se]C2=CC=CC=C21: Molecule contains unsupported element
key='[Rh].[Rh].CCC(O)=O.CCC(O)=O.CCC(O)=O.CCC(O)=O.ClCCN(CCCl)P1(=O)NCCCO1.ClCCN(CCCl)P1(=O)NCCCO1-1065' prediction.modelResults.predictionError=[Rh].[Rh].CCC(O)=O.CCC(O)=O.CCC(O)=O.CCC(O)=O.ClCCN(CCCl)P1(=O)NCCCO1.ClCCN(CCCl)P1(=O)NCCCO1 failed standardization
key='[NH2-].[NH2-].[NH2-].[NH2-].[NH2-].[NH2-].[NH2-].[NH2-].[NH2-].[NH2-].[Co+3].[Co+3].[O-][O-].OS(O)(=O)=O-1065' prediction.modelResults.predictionError=[NH2-].[NH2-].[NH2-].[NH2-].[NH2-].[NH2-].[NH2-].[NH2-].[NH2-].[NH2-].[Co+3].[Co+3].[O-][O-].OS(O)(=O)=O failed standardization
key='[Co+3].[NH-]CC[NH-].[NH-]CC[NH-].[O-]C([O-])=O.OS(O)(=O)=O-1065' prediction.modelResults.predictionError=[Co+3].[NH-]CC[NH-].[NH-]CC[NH-].[O-]C([O-])=O.OS(O)(=O)=O: model can't run mixtures
key='[Mn++].SC#N.CC1=CN=CN1.CC1=CN=CN1.CC1=CN=CN1.CC1=CN=CN1.CC1=CN=CN1.CC1=CN=CN1-1065' prediction.modelResults.predictionError=[Mn++].SC#N.CC1=CN=CN1.CC1=CN=CN1.CC1=CN=CN1.CC1=CN=CN1.CC1=CN=CN1.CC1=CN=CN1: model can't run mixtures
key='[NH2-].[NH2-].[NH2-].[NH2-].Br[Ru].N#[O+]-1065' prediction.modelResults.predictionError=[NH2-].[NH2-].[NH2-].[NH2-].Br[Ru].N#[O+] failed standardization
key='[NH2-].[NH2-].[NH2-].[NH2-].I[Ru]I-1065' prediction.modelResults.predictionError=[NH2-].[NH2-].[NH2-].[NH2-].I[Ru]I failed standardization
key='[Ni].CN1C=CN=C1.CN1C=CN=C1.CC(=O)CC(C)=O.CC(=O)CC(C)=O-1065' prediction.modelResults.predictionError=[Ni].CN1C=CN=C1.CN1C=CN=C1.CC(=O)CC(C)=O.CC(=O)CC(C)=O: model can't run mixtures
key='CC[NH-].Cl[Pt++]Cl.[NH-]C1CC1-1065' prediction.modelResults.predictionError=CC[NH-].Cl[Pt++]Cl.[NH-]C1CC1: model can't run mixtures
key='[Fe].[CH-]1[C-]=[C-][C-]=[C-]1.CC1=NC2=CC=CC=C2N1C[C-]1[C-]=[C-][C-]=[C-]1-1065' prediction.modelResults.predictionError=[Fe].[CH-]1[C-]=[C-][C-]=[C-]1.CC1=NC2=CC=CC=C2N1C[C-]1[C-]=[C-][C-]=[C-]1: model can't run mixtures
key='[Cu++].CC([NH-])C(O)=O.CC(O)C([NH-])C(O)=O-1065' prediction.modelResults.predictionError=[Cu++].CC([NH-])C(O)=O.CC(O)C([NH-])C(O)=O: model can't run mixtures
key='C[NH-].Cl[Pt++]Cl.[NH-]C1CC1-1065' prediction.modelResults.predictionError=C[NH-].Cl[Pt++]Cl.[NH-]C1CC1: model can't run mixtures
key='OC(=O)C(F)(F)F.CC(C)CC(NC(=O)C(N)C(C)C)C(=O)NC(CCCCN)C(=O)NC1=CC=C(C=C1)N(CCCl)CCCl-1065' prediction.modelResults.predictionError=OC(=O)C(F)(F)F.CC(C)CC(NC(=O)C(N)C(C)C)C(=O)NC(CCCCN)C(=O)NC1=CC=C(C=C1)N(CCCl)CCCl: model can't run mixtures
key='CCN(CC)CC.NC1=C2N=CN(C3OC(COP(O)(=O)OC4C(O)C(COP(O)(=O)OC5C(O)C(COP(O)(=O)OP(O)(=O)OP(O)(O)=O)OC5N5C=NC6=C(N)N=CN=C56)OC4N4C=NC5=C(N)N=CN=C45)C(O)C3O)C2=NC=N1-1065' prediction.modelResults.predictionError=CCN(CC)CC.NC1=C2N=CN(C3OC(COP(O)(=O)OC4C(O)C(COP(O)(=O)OC5C(O)C(COP(O)(=O)OP(O)(=O)OP(O)(O)=O)OC5N5C=NC6=C(N)N=CN=C56)OC4N4C=NC5=C(N)N=CN=C45)C(O)C3O)C2=NC=N1: model can't run mixtures
run=1	request=41	smiles=<batch-level>	error=batch failed but single-smile checks passed: HTTPConnectionPool(host='192.168.1.7', port=5004): Read timed out. (read timeout=600)
key='CC(=O)CC(C)=O.CC(=O)CC(C)=O.Cl[Sn]C1=CC=CC=C1-1065' prediction.modelResults.predictionError=CC(=O)CC(C)=O.CC(=O)CC(C)=O.Cl[Sn]C1=CC=CC=C1: model can't run mixtures
key='[Rh].[Rh].CCCC(O)=O.CCCC(O)=O.CCCC(O)=O.CCCC(O)=O.ClCCN(CCCl)P1(=O)NCCCO1.ClCCN(CCCl)P1(=O)NCCCO1-1065' prediction.modelResults.predictionError=[Rh].[Rh].CCCC(O)=O.CCCC(O)=O.CCCC(O)=O.CCCC(O)=O.ClCCN(CCCl)P1(=O)NCCCO1.ClCCN(CCCl)P1(=O)NCCCO1 failed standardization
key='CC(C)[N+](C(C)C)=C1O[B-](O[B-]1([C+]1CCCCC1)C1=CC=CC=C1)(C1=CC=CC=C1)C1=CC=CC=C1-1065' prediction.modelResults.predictionError=CC(C)[N+](C(C)C)=C1O[B-](O[B-]1(C1CCCCC1)C1C=CC=CC=1)(C1C=CC=CC=1)C1C=CC=CC=1: Molecule contains unsupported element
key='CCB(CC)OC1OC(C2COB(CC)O2)C2OB(CC)OC12-1065' prediction.modelResults.predictionError=CCB(CC)OC1OC(C2COB(CC)O2)C2OB(CC)OC12: Molecule contains unsupported element
key='[Pt++].[NH-]C1CCCCC1[NH-].CN(C)C1=CC=C(C=C1)\\N=N\\C1=CC=C(C=C1)S(O)(=O)=O.CN(C)C1=CC=C(C=C1)\\N=N\\C1=CC=C(C=C1)S(O)(=O)=O-1065' prediction.modelResults.predictionError=[Pt++].[NH-]C1CCCCC1[NH-].CN(C)C1=CC=C(C=C1)\N=N\C1=CC=C(C=C1)S(O)(=O)=O.CN(C)C1=CC=C(C=C1)\N=N\C1=CC=C(C=C1)S(O)(=O)=O: model can't run mixtures
key='Cl[Sn](Cl)(C1=CC=CC=C1)C1=CC=CC=C1.O=P(CCP(=O)(C1=CC=CC=C1)C1=CC=CC=C1)(C1=CC=CC=C1)C1=CC=CC=C1-1065' prediction.modelResults.predictionError=Cl[Sn](Cl)(C1=CC=CC=C1)C1=CC=CC=C1.O=P(CCP(=O)(C1=CC=CC=C1)C1=CC=CC=C1)(C1=CC=CC=C1)C1=CC=CC=C1: model can't run mixtures
key='Cl[Sn](Cl)(C1=CC=CC=C1)C1=CC=CC=C1.O=P(CCCCP(=O)(C1=CC=CC=C1)C1=CC=CC=C1)(C1=CC=CC=C1)C1=CC=CC=C1-1065' prediction.modelResults.predictionError=Cl[Sn](Cl)(C1=CC=CC=C1)C1=CC=CC=C1.O=P(CCCCP(=O)(C1=CC=CC=C1)C1=CC=CC=C1)(C1=CC=CC=C1)C1=CC=CC=C1: model can't run mixtures
key='CC(C)(C)[NH2+][B-](F)(F)F-1065' prediction.modelResults.predictionError=CC(C)(C)N[B-](F)(F)F: Molecule contains unsupported element
key='Br[Sn](C1=CC=CC=C1)(C1=CC=CC=C1)C1=CC=CC=C1.N#CN(CC1=CC=CC=C1)C(C1=CC=CC=C1)(C1=CC=CC=C1)C1=CC=CC=C1-1065' prediction.modelResults.predictionError=Br[Sn](C1=CC=CC=C1)(C1=CC=CC=C1)C1=CC=CC=C1.N#CN(CC1=CC=CC=C1)C(C1=CC=CC=C1)(C1=CC=CC=C1)C1=CC=CC=C1: model can't run mixtures
key='[Pt++].[NH-]C1CCCCC1[NH-].CC(C)C(NC(C)=O)C(O)=O.CC(C)C(NC(C)=O)C(O)=O-1065' prediction.modelResults.predictionError=[Pt++].[NH-]C1CCCCC1[NH-].CC(C)C(NC(C)=O)C(O)=O.CC(C)C(NC(C)=O)C(O)=O: model can't run mixtures
key='[Pt++].[NH-]C1CCCCC1[NH-].OC(=O)C1=CC=CC(C(O)=O)=C1C(O)=O-1065' prediction.modelResults.predictionError=[Pt++].[NH-]C1CCCCC1[NH-].OC(=O)C1=CC=CC(C(O)=O)=C1C(O)=O: model can't run mixtures
key='[Pt++].[NH-]C1CCCCC1[NH-].CC(C)CC(NC(C)=O)C(O)=O.CC(C)CC(NC(C)=O)C(O)=O-1065' prediction.modelResults.predictionError=[Pt++].[NH-]C1CCCCC1[NH-].CC(C)CC(NC(C)=O)C(O)=O.CC(C)CC(NC(C)=O)C(O)=O: model can't run mixtures
key='CC(C)[N+](C(C)C)=C1O[B-](O[B-]1([C+]1CCCCC1)C1=CC=CC=C1)(C1=CC=CC=C1)C1=CC=CC=C1-1065' prediction.modelResults.predictionError=CC(C)[N+](C(C)C)=C1O[B-](O[B-]1(C1CCCCC1)C1C=CC=CC=1)(C1C=CC=CC=1)C1C=CC=CC=1: Molecule contains unsupported element
key='CCB(CC)OC1OC(C2COB(CC)O2)C2OB(CC)OC12-1065' prediction.modelResults.predictionError=CCB(CC)OC1OC(C2COB(CC)O2)C2OB(CC)OC12: Molecule contains unsupported element
key='[Pt++].[NH-]C1CCCCC1[NH-].CN(C)C1=CC=C(C=C1)\\N=N\\C1=CC=C(C=C1)S(O)(=O)=O.CN(C)C1=CC=C(C=C1)\\N=N\\C1=CC=C(C=C1)S(O)(=O)=O-1065' prediction.modelResults.predictionError=[Pt++].[NH-]C1CCCCC1[NH-].CN(C)C1=CC=C(C=C1)\N=N\C1=CC=C(C=C1)S(O)(=O)=O.CN(C)C1=CC=C(C=C1)\N=N\C1=CC=C(C=C1)S(O)(=O)=O: model can't run mixtures
key='Cl[Sn](Cl)(C1=CC=CC=C1)C1=CC=CC=C1.O=P(CCP(=O)(C1=CC=CC=C1)C1=CC=CC=C1)(C1=CC=CC=C1)C1=CC=CC=C1-1065' prediction.modelResults.predictionError=Cl[Sn](Cl)(C1=CC=CC=C1)C1=CC=CC=C1.O=P(CCP(=O)(C1=CC=CC=C1)C1=CC=CC=C1)(C1=CC=CC=C1)C1=CC=CC=C1: model can't run mixtures
key='Cl[Sn](Cl)(C1=CC=CC=C1)C1=CC=CC=C1.O=P(CCCCP(=O)(C1=CC=CC=C1)C1=CC=CC=C1)(C1=CC=CC=C1)C1=CC=CC=C1-1065' prediction.modelResults.predictionError=Cl[Sn](Cl)(C1=CC=CC=C1)C1=CC=CC=C1.O=P(CCCCP(=O)(C1=CC=CC=C1)C1=CC=CC=C1)(C1=CC=CC=C1)C1=CC=CC=C1: model can't run mixtures
key='CC(C)(C)[NH2+][B-](F)(F)F-1065' prediction.modelResults.predictionError=CC(C)(C)N[B-](F)(F)F: Molecule contains unsupported element
key='Br[Sn](C1=CC=CC=C1)(C1=CC=CC=C1)C1=CC=CC=C1.N#CN(CC1=CC=CC=C1)C(C1=CC=CC=C1)(C1=CC=CC=C1)C1=CC=CC=C1-1065' prediction.modelResults.predictionError=Br[Sn](C1=CC=CC=C1)(C1=CC=CC=C1)C1=CC=CC=C1.N#CN(CC1=CC=CC=C1)C(C1=CC=CC=C1)(C1=CC=CC=C1)C1=CC=CC=C1: model can't run mixtures
key='[Pt++].[NH-]C1CCCCC1[NH-].CC(C)C(NC(C)=O)C(O)=O.CC(C)C(NC(C)=O)C(O)=O-1065' prediction.modelResults.predictionError=[Pt++].[NH-]C1CCCCC1[NH-].CC(C)C(NC(C)=O)C(O)=O.CC(C)C(NC(C)=O)C(O)=O: model can't run mixtures
key='[Pt++].[NH-]C1CCCCC1[NH-].OC(=O)C1=CC=CC(C(O)=O)=C1C(O)=O-1065' prediction.modelResults.predictionError=[Pt++].[NH-]C1CCCCC1[NH-].OC(=O)C1=CC=CC(C(O)=O)=C1C(O)=O: model can't run mixtures
key='[Pt++].[NH-]C1CCCCC1[NH-].CC(C)CC(NC(C)=O)C(O)=O.CC(C)CC(NC(C)=O)C(O)=O-1065' prediction.modelResults.predictionError=[Pt++].[NH-]C1CCCCC1[NH-].CC(C)CC(NC(C)=O)C(O)=O.CC(C)CC(NC(C)=O)C(O)=O: model can't run mixtures
key='CCCC[N+](CCCC)(CCCC)CCCC.[O-]C(C1=CC=CC=C1[I]1OC(C2=CC=CC=C12)(C(F)(F)F)C(F)(F)F)(C(F)(F)F)C(F)(F)F-1065' prediction.modelResults.predictionError=CCCC[N+](CCCC)(CCCC)CCCC.[O-]C(C1=CC=CC=C1[I]1OC(C2=CC=CC=C12)(C(F)(F)F)C(F)(F)F)(C(F)(F)F)C(F)(F)F: model can't run mixtures
key='[Ru].CC(=O)CC(C)=O.CC(=O)CC(C)=O.CC(=O)C(C=O)C(C)=O-1065' prediction.modelResults.predictionError=C[N+]12CCO[B-]1(OCC2)C1C=CC=CC=1: Molecule contains unsupported element
key='CC(=O)NN.C1=CC=NC=C1-1065' prediction.modelResults.predictionError=CC(=O)NN.C1=CC=NC=C1: model can't run mixtures
key='F[B-](F)(F)[NH2+]C1=CC=C(CCC2=CC=C([NH2+][B-](F)(F)F)C=C2)C=C1-1065' prediction.modelResults.predictionError=F[B-](F)(F)NC1C=CC(CCC2C=CC(=CC=2)N[B-](F)(F)F)=CC=1: Molecule contains unsupported element
key='NS(O)=O-1065' prediction.modelResults.predictionError=NS(O)=O failed standardization
key='NOP(O)(O)=O-1065' prediction.modelResults.predictionError=NOP(O)(O)=O failed standardization
key='CCCC[N+](CCCC)(CCCC)CCCC.[O-]C(C1=CC=CC=C1[I]1OC(C2=CC=CC=C12)(C(F)(F)F)C(F)(F)F)(C(F)(F)F)C(F)(F)F-1065' prediction.modelResults.predictionError=CCCC[N+](CCCC)(CCCC)CCCC.[O-]C(C1=CC=CC=C1[I]1OC(C2=CC=CC=C12)(C(F)(F)F)C(F)(F)F)(C(F)(F)F)C(F)(F)F: model can't run mixtures
key='[Ru].CC(=O)CC(C)=O.CC(=O)CC(C)=O.CC(=O)C(C=O)C(C)=O-1065' prediction.modelResults.predictionError=[Ru].CC(=O)CC(C)=O.CC(=O)CC(C)=O.CC(=O)C(C=O)C(C)=O failed standardization
key='CC(=O)NN.C1=CC=NC=C1-1065' prediction.modelResults.predictionError=CC(=O)NN.C1=CC=NC=C1: model can't run mixtures
key='F[B-](F)(F)[NH2+]C1=CC=C(CCC2=CC=C([NH2+][B-](F)(F)F)C=C2)C=C1-1065' prediction.modelResults.predictionError=F[B-](F)(F)NC1C=CC(CCC2C=CC(=CC=2)N[B-](F)(F)F)=CC=1: Molecule contains unsupported element
key='NS(O)=O-1065' prediction.modelResults.predictionError=NS(O)=O failed standardization
key='NOP(O)(O)=O-1065' prediction.modelResults.predictionError=NOP(O)(O)=O failed standardization
run=1	request=42	smiles=<batch-level>	error=batch failed but single-smile checks passed: HTTPConnectionPool(host='192.168.1.7', port=5004): Read timed out. (read timeout=600)
key='[Sm+3].CCN(CC)CC.FC(F)(F)C(=O)[CH-]C(=O)C(F)(F)F.FC(F)(F)C(=O)[CH-]C(=O)C(F)(F)F.FC(F)(F)C(=O)[CH-]C(=O)C(F)(F)F.FC(F)(F)C(=O)[CH-]C(=O)C(F)(F)F-1065' prediction.modelResults.predictionError=[Sm+3].CCN(CC)CC.FC(F)(F)C(=O)[CH-]C(=O)C(F)(F)F.FC(F)(F)C(=O)[CH-]C(=O)C(F)(F)F.FC(F)(F)C(=O)[CH-]C(=O)C(F)(F)F.FC(F)(F)C(=O)[CH-]C(=O)C(F)(F)F: model can't run mixtures
key='[Ni++].SC#N.C\\C1=N/CC[N-]C(C)(C)C\\C(C)=N\\CC[N-]C(C)(C)C1-1065' prediction.modelResults.predictionError=[Ni++].SC#N.C\C1=N/CC[N-]C(C)(C)C\C(C)=N\CC[N-]C(C)(C)C1: model can't run mixtures
key='[NH2-].[NH2-].[NH2-].[NH2-].[NH2-].[NH2-].[Ru+6].OS(=O)(=O)C(F)(F)F-1065' prediction.modelResults.predictionError=[NH2-].[NH2-].[NH2-].[NH2-].[NH2-].[NH2-].[Ru+6].OS(=O)(=O)C(F)(F)F failed standardization
key='[NH2-].[NH2-].[NH2-].[NH2-].[NH2-].O.[Ru+5].OS(=O)(=O)C(F)(F)F-1065' prediction.modelResults.predictionError=[NH2-].[NH2-].[NH2-].[NH2-].[NH2-].O.[Ru+5].OS(=O)(=O)C(F)(F)F failed standardization
key='OCC1OC(O)C(O)C(O)C1O.CC1OC(OC2C(C)OC(O)C(O)C2O)C(O)C(O)C1O.CCCCCC(CCCCCCCC(O)CC(O)=O)OC1OC(C)C(O)C(O)C1O-1065' prediction.modelResults.predictionError=OCC1OC(O)C(O)C(O)C1O.CC1OC(OC2C(C)OC(O)C(O)C2O)C(O)C(O)C1O.CCCCCC(CCCCCCCC(O)CC(O)=O)OC1OC(C)C(O)C(O)C1O: model can't run mixtures
key='CS(C)=O.CS(C)=O.CS(C)=O.Cl[Rh](Cl)Cl-1065' prediction.modelResults.predictionError=CS(C)=O.CS(C)=O.CS(C)=O.Cl[Rh](Cl)Cl failed standardization
key='[NH2-].[NH2-].[NH2-].[NH2-].[Co].OS(O)=O.OS(O)=O-1065' prediction.modelResults.predictionError=[NH2-].[NH2-].[NH2-].[NH2-].[Co].OS(O)=O.OS(O)=O failed standardization
key='[NH2-].[NH2-].[NH2-].[NH2-].Br[Co]Br-1065' prediction.modelResults.predictionError=[NH2-].[NH2-].[NH2-].[NH2-].Br[Co]Br failed standardization
key='[NH2-].[NH2-].[NH2-].[NH2-].[NH2-].O.[Co+3].OS(O)(=O)=O-1065' prediction.modelResults.predictionError=[NH2-].[NH2-].[NH2-].[NH2-].[NH2-].O.[Co+3].OS(O)(=O)=O failed standardization
key='[NH2-].[NH2-].[NH2-].[NH2-].[NH2-].[NH2-].[Co].[Co+3].[O-]N=O.[O-]N=O.[O-]N=O.[O-]N=O.[O-]N=O.[O-]N=O-1065' prediction.modelResults.predictionError=[NH2-].[NH2-].[NH2-].[NH2-].[NH2-].[NH2-].[Co].[Co+3].[O-]N=O.[O-]N=O.[O-]N=O.[O-]N=O.[O-]N=O.[O-]N=O failed standardization
key='[NH2-].[NH2-].[NH2-].[NH2-].O.O.[Co+3].OS(O)(=O)=O-1065' prediction.modelResults.predictionError=[NH2-].[NH2-].[NH2-].[NH2-].O.O.[Co+3].OS(O)(=O)=O failed standardization
key='[Ni].[O-]N=O.[O-]N=O.[O-]N=O.[O-]N=O.[O-]N=O.[O-]N=O-1065' prediction.modelResults.predictionError=[Ni].[O-]N=O.[O-]N=O.[O-]N=O.[O-]N=O.[O-]N=O.[O-]N=O failed standardization
key='OC1=C(C=C(C=C1[N+]([O-])=O)[N+]([O-])=O)[N+]([O-])=O.NC1=NC(CCCCNC(=O)CBr)=C(C(N)=N1)C1=CC=C(Cl)C=C1-1065' prediction.modelResults.predictionError=OC1=C(C=C(C=C1[N+]([O-])=O)[N+]([O-])=O)[N+]([O-])=O.NC1=NC(CCCCNC(=O)CBr)=C(C(N)=N1)C1=CC=C(Cl)C=C1: model can't run mixtures
key='NCC1=CC=C(OCC2=C(C(N)=NC(N)=N2)C2=CC(Cl)=C(Cl)C=C2)C=C1-1065' prediction.modelResults.predictionError=Number of atoms equals zero
key='[Co].[NH-]CC[NH-].[NH-]CC[NH-].[NH-]CC[S-]-1065' prediction.modelResults.predictionError=[Co].[NH-]CC[NH-].[NH-]CC[NH-].[NH-]CC[S-]: model can't run mixtures
key='C1CC(=NN1)[P+](C1=CC=CC=C1)(C1=CC=CC=C1)C1=CC=CC=C1.C1CC[C+](CC1)[B-](C1=CC=CC=C1)(C1=CC=CC=C1)C1=CC=CC=C1-1065' prediction.modelResults.predictionError=C1CC(=NN1)[P+](C1=CC=CC=C1)(C1=CC=CC=C1)C1=CC=CC=C1.C1CC[C+](CC1)[B-](C1=CC=CC=C1)(C1=CC=CC=C1)C1=CC=CC=C1: model can't run mixtures
key='OC(=O)CCl.COC1=C(OC)C=C2C(=C1)C=[N+](C)C1=C2C=CC2=CC3=C(OCO3)C=C12-1065' prediction.modelResults.predictionError=OC(=O)CCl.COC1=C(OC)C=C2C(=C1)C=[N+](C)C1=C2C=CC2=CC3=C(OCO3)C=C12: model can't run mixtures
key='OC(=O)C1CCS(=O)(=O)C1-1065' prediction.modelResults.predictionError=CC1=CC=C([SeH])C=C1: Molecule contains unsupported element
key='[Pt++].[NH-]C1CCCCC1[NH-].OC(C(O)=O)C(O)=O-1065' prediction.modelResults.predictionError=[Pt++].[NH-]C1CCCCC1[NH-].OC(C(O)=O)C(O)=O: model can't run mixtures
key='CO.[H]C12CC34C(O)C1C1([H])CC([H])(C3N(C)C3=CC=CC=C43)N2C(O)C1CC-1065' prediction.modelResults.predictionError=CO.[H]C12CC34C(O)C1C1([H])CC([H])(C3N(C)C3=CC=CC=C43)N2C(O)C1CC: model can't run mixtures
key='N[NH-].N[NH-].Cl[Pt++]Cl-1065' prediction.modelResults.predictionError=N[NH-].N[NH-].Cl[Pt++]Cl failed standardization
key='CC1=CC(C)=NC=C1.OC1=C(C=C(C=C1[N+]([O-])=O)[N+]([O-])=O)[N+]([O-])=O-1065' prediction.modelResults.predictionError=CC1=CC(C)=NC=C1.OC1=C(C=C(C=C1[N+]([O-])=O)[N+]([O-])=O)[N+]([O-])=O: model can't run mixtures
key='CC1=CC=CC=N1.OC1=C(C=C(C=C1[N+]([O-])=O)[N+]([O-])=O)[N+]([O-])=O-1065' prediction.modelResults.predictionError=CC1=CC=CC=N1.OC1=C(C=C(C=C1[N+]([O-])=O)[N+]([O-])=O)[N+]([O-])=O: model can't run mixtures
key='OC1=C(C=C(C=C1[N+]([O-])=O)[N+]([O-])=O)[N+]([O-])=O.CC(=O)OC(C1=CC=CC=C1)C1=CC=NC=C1-1065' prediction.modelResults.predictionError=OC1=C(C=C(C=C1[N+]([O-])=O)[N+]([O-])=O)[N+]([O-])=O.CC(=O)OC(C1=CC=CC=C1)C1=CC=NC=C1: model can't run mixtures
key='[Pt++].C[NH-].C[NH-].OC(=O)CC(O)=O-1065' prediction.modelResults.predictionError=[Pt++].C[NH-].C[NH-].OC(=O)CC(O)=O: model can't run mixtures
key='OS(=O)(=O)NC1CCCCC1.[H]C12C3CC([H])(CC13)C2SCC(=O)OCCN(CC)CC-1065' prediction.modelResults.predictionError=OS(=O)(=O)NC1CCCCC1.[H]C12C3CC([H])(CC13)C2SCC(=O)OCCN(CC)CC: model can't run mixtures
key='Cl[Mo](Cl)(Cl)Cl.Cl[Mo](Cl)(Cl)Cl-1065' prediction.modelResults.predictionError=Cl[Mo](Cl)(Cl)Cl.Cl[Mo](Cl)(Cl)Cl failed standardization
key='Cl[Rh]Cl.C1C[N-]CC[N-]CC[N-]CC[N-]1-1065' prediction.modelResults.predictionError=Cl[Rh]Cl.C1C[N-]CC[N-]CC[N-]CC[N-]1 failed standardization
key='C[Sn]C.CC(=O)CC(=O)C1=CC=CC=C1.CC(=O)CC(=O)C1=CC=CC=C1-1065' prediction.modelResults.predictionError=C[Sn]C.CC(=O)CC(=O)C1=CC=CC=C1.CC(=O)CC(=O)C1=CC=CC=C1: model can't run mixtures
key='CC[Sn]CC.O=C(CC(=O)C1=CC=CC=C1)C1=CC=CC=C1.O=C(CC(=O)C1=CC=CC=C1)C1=CC=CC=C1-1065' prediction.modelResults.predictionError=CC[Sn]CC.O=C(CC(=O)C1=CC=CC=C1)C1=CC=CC=C1.O=C(CC(=O)C1=CC=CC=C1)C1=CC=CC=C1: model can't run mixtures
key='CC(=O)CC(C)=O.CC(=O)CC(C)=O.[Sn](C1=CC=CC=C1)C1=CC=CC=C1-1065' prediction.modelResults.predictionError=CC(=O)CC(C)=O.CC(=O)CC(C)=O.[Sn](C1=CC=CC=C1)C1=CC=CC=C1: model can't run mixtures
key='CS(C)=O.CS(C)=O.Cl[Sn](Cl)(C1=CC=CC=C1)C1=CC=CC=C1-1065' prediction.modelResults.predictionError=CS(C)=O.CS(C)=O.Cl[Sn](Cl)(C1=CC=CC=C1)C1=CC=CC=C1: model can't run mixtures
key='[Pt++].[NH-]CCC[NH-].OC(=O)C(O)=O-1065' prediction.modelResults.predictionError=[Pt++].[NH-]CCC[NH-].OC(=O)C(O)=O: model can't run mixtures
key='[Pt++].[NH-]C1CCCCC1[NH-].OC(=O)C1CCCCC1C(O)=O-1065' prediction.modelResults.predictionError=[Pt++].[NH-]C1CCCCC1[NH-].OC(=O)C1CCCCC1C(O)=O: model can't run mixtures
key='C[Ge](C)(Cl)C1=CC=C(C=C1)[Ge](C)(C)Cl-1065' prediction.modelResults.predictionError=C[Ge](C)(Cl)C1C=CC(=CC=1)[Ge](C)(C)Cl: Molecule contains unsupported element
key='[Co++].[NH-]CC[NH-].OC(=O)CC(O)=O.OC(=O)CC(O)=O-1065' prediction.modelResults.predictionError=[Co++].[NH-]CC[NH-].OC(=O)CC(O)=O.OC(=O)CC(O)=O: model can't run mixtures
key='[Co].[NH-]CCC[NH-].[NH-]CCC[NH-].OC(=O)C(O)=O-1065' prediction.modelResults.predictionError=[Co].[NH-]CCC[NH-].[NH-]CCC[NH-].OC(=O)C(O)=O: model can't run mixtures
key='[CH3-].[CH3-].C[NH-].C[NH-].Br[Pt]Br-1065' prediction.modelResults.predictionError=Only one non-hydrogen atom
key='[Rh].[Rh].[H]C12CC3([H])CC([H])(C1)CC(C2)(C3)C(O)=O.[H]C12CC3([H])CC([H])(C1)CC(C2)(C3)C(O)=O.[H]C12CC3([H])CC([H])(C1)CC(C2)(C3)C(O)=O.[H]C12CC3([H])CC([H])(C1)CC(C2)(C3)C(O)=O-1065' prediction.modelResults.predictionError=[Rh].[Rh].[H]C12CC3([H])CC([H])(C1)CC(C2)(C3)C(O)=O.[H]C12CC3([H])CC([H])(C1)CC(C2)(C3)C(O)=O.[H]C12CC3([H])CC([H])(C1)CC(C2)(C3)C(O)=O.[H]C12CC3([H])CC([H])(C1)CC(C2)(C3)C(O)=O failed standardization
key='[Pt++].OC(=O)CBr.OC(=O)CBr.[NH-]C1CCCCCCC1[NH-]-1065' prediction.modelResults.predictionError=[Pt++].OC(=O)CBr.OC(=O)CBr.[NH-]C1CCCCCCC1[NH-]: model can't run mixtures
key='NC(=O)C=C.NC1=C2N=CN(C=C)C2=NC=N1-1065' prediction.modelResults.predictionError=NC(=O)C=C.NC1=C2N=CN(C=C)C2=NC=N1: model can't run mixtures
key='[Pt++].[NH-]C1CCCCC1[NH-].OC(C=O)C(O)C(O)C(O)C(O)=O-1065' prediction.modelResults.predictionError=[Pt++].[NH-]C1CCCCC1[NH-].OC(C=O)C(O)C(O)C(O)C(O)=O: model can't run mixtures
key='[NH2-].[NH2-].[NH2-].[NH2-].Br[Ru]Br-1065' prediction.modelResults.predictionError=[NH2-].[NH2-].[NH2-].[NH2-].Br[Ru]Br failed standardization
key='[NH2-].[NH2-].[NH2-].[NH2-].[NH2-].Br[Ru]-1065' prediction.modelResults.predictionError=[NH2-].[NH2-].[NH2-].[NH2-].[NH2-].Br[Ru] failed standardization
key='O.[Ru].N#[O+].[O-]N=O.[O-]N=O.[O-]N=O.[O-]N=O-1065' prediction.modelResults.predictionError=O.[Ru].N#[O+].[O-]N=O.[O-]N=O.[O-]N=O.[O-]N=O failed standardization
key='[Ru].OC(=O)C(O)=O.OC(=O)C(O)=O.OC(=O)C(O)=O-1065' prediction.modelResults.predictionError=[Ru].OC(=O)C(O)=O.OC(=O)C(O)=O.OC(=O)C(O)=O failed standardization
key='[Ru+4].[Ru+5].[NH-]CC[NH-].[NH-]CC[NH-].[NH-]CC[NH-].OC(=O)C(O)=O.[O-]C(=O)C([O-])=O.[O-]C(=O)C([O-])=O-1065' prediction.modelResults.predictionError=[Ru+4].[Ru+5].[NH-]CC[NH-].[NH-]CC[NH-].[NH-]CC[NH-].OC(=O)C(O)=O.[O-]C(=O)C([O-])=O.[O-]C(=O)C([O-])=O failed standardization
key='[NH2-].[NH2-].[Pt++].OS(O)(=O)=O-1065' prediction.modelResults.predictionError=[NH2-].[NH2-].[Pt++].OS(O)(=O)=O failed standardization
key='[NH2-].[NH2-].[NH2-].[NH2-].O.O.[Ru+3].OS(=O)(=O)C(F)(F)F-1065' prediction.modelResults.predictionError=[NH2-].[NH2-].[NH2-].[NH2-].O.O.[Ru+3].OS(=O)(=O)C(F)(F)F failed standardization
key='C\\N=C1/S[Se]C2=CC=CC=C12-1065' prediction.modelResults.predictionError=CN=C1S[Se]C2=CC=CC=C21: Molecule contains unsupported element
key='[Rh].[Rh].CCC(O)=O.CCC(O)=O.CCC(O)=O.CCC(O)=O.ClCCN(CCCl)P1(=O)NCCCO1.ClCCN(CCCl)P1(=O)NCCCO1-1065' prediction.modelResults.predictionError=[Rh].[Rh].CCC(O)=O.CCC(O)=O.CCC(O)=O.CCC(O)=O.ClCCN(CCCl)P1(=O)NCCCO1.ClCCN(CCCl)P1(=O)NCCCO1 failed standardization
key='[NH2-].[NH2-].[NH2-].[NH2-].Br[Ru].N#[O+]-1065' prediction.modelResults.predictionError=[NH2-].[NH2-].[NH2-].[NH2-].Br[Ru].N#[O+] failed standardization
key='[NH2-].[NH2-].[NH2-].[NH2-].I[Ru]I-1065' prediction.modelResults.predictionError=[NH2-].[NH2-].[NH2-].[NH2-].I[Ru]I failed standardization
key='[Fe].[CH-]1[C-]=[C-][C-]=[C-]1.CC1=NC2=CC=CC=C2N1C[C-]1[C-]=[C-][C-]=[C-]1-1065' prediction.modelResults.predictionError=[Fe].[CH-]1[C-]=[C-][C-]=[C-]1.CC1=NC2=CC=CC=C2N1C[C-]1[C-]=[C-][C-]=[C-]1: model can't run mixtures
key='C[NH-].Cl[Pt++]Cl.[NH-]C1CC1-1065' prediction.modelResults.predictionError=C[NH-].Cl[Pt++]Cl.[NH-]C1CC1: model can't run mixtures
key='OC(=O)C(F)(F)F.CC(C)CC(NC(=O)C(N)C(C)C)C(=O)NC(CCCCN)C(=O)NC1=CC=C(C=C1)N(CCCl)CCCl-1065' prediction.modelResults.predictionError=OC(=O)C(F)(F)F.CC(C)CC(NC(=O)C(N)C(C)C)C(=O)NC(CCCCN)C(=O)NC1=CC=C(C=C1)N(CCCl)CCCl: model can't run mixtures
key='CCN(CC)CC.NC1=C2N=CN(C3OC(COP(O)(=O)OC4C(O)C(COP(O)(=O)OC5C(O)C(COP(O)(=O)OP(O)(=O)OP(O)(O)=O)OC5N5C=NC6=C(N)N=CN=C56)OC4N4C=NC5=C(N)N=CN=C45)C(O)C3O)C2=NC=N1-1065' prediction.modelResults.predictionError=CCN(CC)CC.NC1=C2N=CN(C3OC(COP(O)(=O)OC4C(O)C(COP(O)(=O)OC5C(O)C(COP(O)(=O)OP(O)(=O)OP(O)(O)=O)OC5N5C=NC6=C(N)N=CN=C56)OC4N4C=NC5=C(N)N=CN=C45)C(O)C3O)C2=NC=N1: model can't run mixtures
key='ONO-1065' prediction.modelResults.predictionError=ONO failed standardization
key='O.[Fe].[Fe]-1065' prediction.modelResults.predictionError=O.[Fe].[Fe] failed standardization
key='O.[Fe]-1065' prediction.modelResults.predictionError=O.[Fe] failed standardization
key='O.O.O.O.[V]-1065' prediction.modelResults.predictionError=O.O.O.O.[V] failed standardization
key='O.[Ni]-1065' prediction.modelResults.predictionError=O.[Ni] failed standardization
key='O.[U]-1065' prediction.modelResults.predictionError=O.[U] failed standardization
key='O.[Cd]-1065' prediction.modelResults.predictionError=O.[Cd] failed standardization
key='O.[Mn]-1065' prediction.modelResults.predictionError=O.[Mn] failed standardization
key='O.[OH-]-1065' prediction.modelResults.predictionError=O.[OH-] failed standardization
key='NP(O)(=O)OP(O)(O)=O-1065' prediction.modelResults.predictionError=NP(O)(=O)OP(O)(O)=O failed standardization
key='O.[Co]-1065' prediction.modelResults.predictionError=O.[Co] failed standardization
key='NNN-1065' prediction.modelResults.predictionError=NNN failed standardization
key='OP(O)(=O)NP(O)(=O)OP(O)(O)=O-1065' prediction.modelResults.predictionError=OP(O)(=O)NP(O)(=O)OP(O)(O)=O failed standardization
key='[SH-].[SH-].[Fe].[Fe++]-1065' prediction.modelResults.predictionError=[SH-].[SH-].[Fe].[Fe++] failed standardization
key='Cl[Ti+]-1065' prediction.modelResults.predictionError=Cl[Ti+] failed standardization
key='[SiH2]1[SiH2][SiH2][SiH2][SiH2][SiH2]1-1065' prediction.modelResults.predictionError=[SiH2]1[SiH2][SiH2][SiH2][SiH2][SiH2]1 failed standardization
key='C[B-]1(C)N2C=CC=[N+]2[B-](C)(C)[N+]2=CC=CN12-1065' prediction.modelResults.predictionError=C[B-]1(C)N2C=CC=[N+]2[B-](C)(C)[N+]2=CC=CN12: Molecule contains unsupported element
key='O1C=CC=C1[Ge](C1=CC=CO1)(C1=CC=CO1)C1=CC=CO1-1065' prediction.modelResults.predictionError=C1=CC=C(O1)[Ge](C1=CC=CO1)(C1=CC=CO1)C1=CC=CO1: Molecule contains unsupported element
key='[CH3-].[CH3-].[Pd++].CN(C)CCN(C)C-1065' prediction.modelResults.predictionError=[CH3-].[CH3-].[Pd++].CN(C)CCN(C)C: model can't run mixtures
key='CC1=CC=C(C=C1)S([O-])(=O)=O.C[N+]1=CC=CC(=C1)C(=O)NN-1065' prediction.modelResults.predictionError=CC1=CC=C(C=C1)S([O-])(=O)=O.C[N+]1=CC=CC(=C1)C(=O)NN: model can't run mixtures
key='O.[Mg++].[O-][Cr]([O-])(=O)=O-1065' prediction.modelResults.predictionError=O.[Mg++].[O-][Cr]([O-])(=O)=O failed standardization
key='O.[Na+].[O-][Mn](=O)(=O)=O-1065' prediction.modelResults.predictionError=O.[Na+].[O-][Mn](=O)(=O)=O failed standardization
key='NC1=NC=NN1.OC1=C(C=C(C=C1[N+]([O-])=O)[N+]([O-])=O)[N+]([O-])=O-1065' prediction.modelResults.predictionError=NC1=NC=NN1.OC1=C(C=C(C=C1[N+]([O-])=O)[N+]([O-])=O)[N+]([O-])=O: model can't run mixtures
key='C1=CC=C2N=CC=CC2=C1.OC1=C(C=C(C=C1[N+]([O-])=O)[N+]([O-])=O)[N+]([O-])=O-1065' prediction.modelResults.predictionError=C1=CC=C2N=CC=CC2=C1.OC1=C(C=C(C=C1[N+]([O-])=O)[N+]([O-])=O)[N+]([O-])=O: model can't run mixtures
key='N=S-1065' prediction.modelResults.predictionError=N=S failed standardization
key='COC1=CC=CC=C1O[Si](C)(C)C-1065' prediction.modelResults.predictionError=Number of atoms equals zero
key='O[Si](F)(F)F-1065' prediction.modelResults.predictionError=O[Si](F)(F)F failed standardization
key='P1PPP1-1065' prediction.modelResults.predictionError=P1PPP1 failed standardization
key='C=[Fe+]-1065' prediction.modelResults.predictionError=C=[Fe+] failed standardization
key='O=[Re](=O)=O.C[Si](C)(C)O-1065' prediction.modelResults.predictionError=O=[Re](=O)=O.C[Si](C)(C)O failed standardization
key='SP(S)(S)=S-1065' prediction.modelResults.predictionError=SP(S)(S)=S failed standardization
key='[O-][33P]([O-])([O-])=O-1065' prediction.modelResults.predictionError=[O-][33P]([O-])([O-])=O failed standardization
key='[O-]P([O-])(=O)O[32P]([O-])([O-])=O-1065' prediction.modelResults.predictionError=[O-]P([O-])(=O)O[32P]([O-])([O-])=O failed standardization
key='OC(=O)C1=CC(=CS1)C1=CC=CC=C1-1065' prediction.modelResults.predictionError=Number of atoms equals zero
key='COC1=C(C=C(C=C1)[N+]([O-])=O)C1=CC=C(O1)C=C1C(=O)OC(C)(OC1=O)C(C)(C)C-1065' prediction.modelResults.predictionError=Number of atoms equals zero
key='OC(=O)C1=CC(=CS1)C1=CC=CC=C1-1065' prediction.modelResults.predictionError=Number of atoms equals zero
key='COC1=C(C=C(C=C1)[N+]([O-])=O)C1=CC=C(O1)C=C1C(=O)OC(C)(OC1=O)C(C)(C)C-1065' prediction.modelResults.predictionError=Number of atoms equals zero
run=1	request=72	smiles=<batch-level>	error=batch failed but single-smile checks passed: HTTPConnectionPool(host='192.168.1.7', port=5004): Read timed out. (read timeout=600)
key='NNC1=CC=CC=C1I-1065' prediction.modelResults.predictionError=Number of atoms equals zero
key='CC1=CC(C)=C(C=C1)N1C(=O)C(Cl)=C(NC2=CC=CC(=C2)C(=O)NC2=NC(=CS2)C2=CC=C(C=C2)N(O)[O-])C1=O-1065' prediction.modelResults.predictionError=CC1=CC(C)=C(C=C1)N1C(=O)C(Cl)=C(NC2=CC=CC(=C2)C(=O)NC2=NC(=CS2)C2=CC=C(C=C2)N(O)[O-])C1=O failed standardization
key='COC1=CC=C(C=C1)C1=CC(=NO)C2=C(O1)C=CC(C)=C2-1065' prediction.modelResults.predictionError=COC1=CC=C(C=C1)C1=CC(=NO)C2=C(O1)C=CC(C)=C2 failed standardization
key='CC1=CC(C)=C(C=C1)N1C(=O)C(Cl)=C(NC2=CC=CC(=C2)C(=O)NC2=NC(=CS2)C2=CC=C(C=C2)N(O)[O-])C1=O-1065' prediction.modelResults.predictionError=CC1=CC(C)=C(C=C1)N1C(=O)C(Cl)=C(NC2=CC=CC(=C2)C(=O)NC2=NC(=CS2)C2=CC=C(C=C2)N(O)[O-])C1=O failed standardization
key='COC1=CC=C(C=C1)C1=CC(=NO)C2=C(O1)C=CC(C)=C2-1065' prediction.modelResults.predictionError=COC1=CC=C(C=C1)C1=CC(=NO)C2=C(O1)C=CC(C)=C2 failed standardization
run=1	request=75	smiles=<batch-level>	error=batch failed but single-smile checks passed: HTTPConnectionPool(host='192.168.1.7', port=5004): Read timed out. (read timeout=600)
key='C1=CC=C(C=C1)N=C1N(C(=NC2=CC=CC=C2)N1C1=CC=CC=C1)C1=CC=CC=C1-1065' prediction.modelResults.predictionError=Number of atoms equals zero
key='CCN(CC)C1=CC=C(C=C1)C(=O)NN-1065' prediction.modelResults.predictionError=Number of atoms equals zero
key='COC1=CC=CC=C1C=NN=C(N)N[N+](O)=O-1065' prediction.modelResults.predictionError=COC1=CC=CC=C1C=NN=C(N)N[N+](O)=O failed standardization
key='COC1=CC=CC=C1C=NN=C(N)N[N+](O)=O-1065' prediction.modelResults.predictionError=COC1=CC=CC=C1C=NN=C(N)N[N+](O)=O failed standardization
key='COC1=CC=C(C=C1)C1=NC2=C(Cl)C(=NN2C(=C1)C(F)(F)F)C(=O)N1CCN(C)CC1-1065' prediction.modelResults.predictionError=Number of atoms equals zero
key='COC1=CC=C(C=C1)C1=NC2=C(Cl)C(=NN2C(=C1)C(F)(F)F)C(=O)N1CCN(C)CC1-1065' prediction.modelResults.predictionError=Number of atoms equals zero
run=1	request=78	smiles=<batch-level>	error=batch failed but single-smile checks passed: HTTPConnectionPool(host='192.168.1.7', port=5004): Read timed out. (read timeout=600)
key='C[Se]C([Se]C)[Se]C-1065' prediction.modelResults.predictionError=C[Se]C([Se]C)[Se]C: Molecule contains unsupported element
key='C[Se]C(C)[Se]C-1065' prediction.modelResults.predictionError=CC([Se]C)[Se]C: Molecule contains unsupported element
key='O.O.O.O.CC([O-])=O.CC[N+](CC)(CC)CC-1065' prediction.modelResults.predictionError=O.O.O.O.CC([O-])=O.CC[N+](CC)(CC)CC: model can't run mixtures
key='N1C=CN=C1.CC(C)(C)[Si](C)(C)Cl-1065' prediction.modelResults.predictionError=N1C=CN=C1.CC(C)(C)[Si](C)(C)Cl: model can't run mixtures
key='CCCCB(CCCC)OS(=O)(=O)C(F)(F)F-1065' prediction.modelResults.predictionError=CCCCB(CCCC)OS(=O)(=O)C(F)(F)F: Molecule contains unsupported element
key='[O-]S(=O)(=O)C(F)(F)F.CC1=CC(C)=[N+](F)C(C)=C1-1065' prediction.modelResults.predictionError=[O-]S(=O)(=O)C(F)(F)F.CC1=CC(C)=[N+](F)C(C)=C1: model can't run mixtures
key='F[N+]1=CC=CC=C1.[O-]S(=O)(=O)C(F)(F)F-1065' prediction.modelResults.predictionError=F[N+]1=CC=CC=C1.[O-]S(=O)(=O)C(F)(F)F: model can't run mixtures
key='[O-]S(=O)(=O)C(F)(F)F.F[N+]1=CC(Cl)=CC(Cl)=C1-1065' prediction.modelResults.predictionError=[O-]S(=O)(=O)C(F)(F)F.F[N+]1=CC(Cl)=CC(Cl)=C1: model can't run mixtures
key='COC(=O)C(C#N)=C1SC(S1)=C(C#N)C(=O)OC-1065' prediction.modelResults.predictionError=Number of atoms equals zero
key='I[Se]C1=CC=CC=C1-1065' prediction.modelResults.predictionError=I[Se]C1C=CC=CC=1: Molecule contains unsupported element
key='COC1=CC=C([Te][Te]C2=CC=C(OC)C=C2)C=C1-1065' prediction.modelResults.predictionError=COC1C=CC(=CC=1)[Te][Te]C1C=CC(=CC=1)OC: Molecule contains unsupported element
key='C1C2=CC=CC=C2[Te]C2=CC=CC=C12-1065' prediction.modelResults.predictionError=C1C2=CC=CC=C2[Te]C2=CC=CC=C21: Molecule contains unsupported element
key='C1COCCOC2=CC=CC=C2OCCOC2=CC=CC=C2OCCO1-1065' prediction.modelResults.predictionError=Number of atoms equals zero
key='C[Si](C)(C)[Se]C1=CC=CC=C1-1065' prediction.modelResults.predictionError=C[Si](C)(C)[Se]C1C=CC=CC=1: Molecule contains unsupported element
key='NC1CCCCC1.COC1=CC(=CC(OC)=C1)C(C)(C)OC(=O)N[C@@H](C)C(O)=O-1065' prediction.modelResults.predictionError=NC1CCCCC1.COC1=CC(=CC(OC)=C1)C(C)(C)OC(=O)N[C@@H](C)C(O)=O: model can't run mixtures
key='NC1CCCCC1.COC1=CC(=CC(OC)=C1)C(C)(C)OC(=O)N[C@@H](CC(=O)OC(C)(C)C)C(O)=O-1065' prediction.modelResults.predictionError=NC1CCCCC1.COC1=CC(=CC(OC)=C1)C(C)(C)OC(=O)N[C@@H](CC(=O)OC(C)(C)C)C(O)=O: model can't run mixtures
key='NC1CCCCC1.COC1=CC(=CC(OC)=C1)C(C)(C)OC(=O)N[C@@H](CC(C)C)C(O)=O-1065' prediction.modelResults.predictionError=NC1CCCCC1.COC1=CC(=CC(OC)=C1)C(C)(C)OC(=O)N[C@@H](CC(C)C)C(O)=O: model can't run mixtures
key='CC(O)=O.CC1(CCCCC1=NO)NO-1065' prediction.modelResults.predictionError=CC(O)=O.CC1(CCCCC1=NO)NO: model can't run mixtures
key='CCCC[Te][Te]CCCC-1065' prediction.modelResults.predictionError=CCCC[Te][Te]CCCC: Molecule contains unsupported element
key='CCCC[N+](CCCC)(CCCC)CCCC.F[Sn-](F)(C1=CC=CC=C1)(C1=CC=CC=C1)C1=CC=CC=C1-1065' prediction.modelResults.predictionError=CCCC[N+](CCCC)(CCCC)CCCC.F[Sn-](F)(C1=CC=CC=C1)(C1=CC=CC=C1)C1=CC=CC=C1: model can't run mixtures
key='CC1=CC=CC=C1B(O)O-1065' prediction.modelResults.predictionError=CC1=CC=CC=C1B(O)O: Molecule contains unsupported element
key='C[Se]C([Se]C)[Se]C-1065' prediction.modelResults.predictionError=C[Se]C([Se]C)[Se]C: Molecule contains unsupported element
key='C[Se]C(C)[Se]C-1065' prediction.modelResults.predictionError=CC([Se]C)[Se]C: Molecule contains unsupported element
key='O.O.O.O.CC([O-])=O.CC[N+](CC)(CC)CC-1065' prediction.modelResults.predictionError=O.O.O.O.CC([O-])=O.CC[N+](CC)(CC)CC: model can't run mixtures
key='N1C=CN=C1.CC(C)(C)[Si](C)(C)Cl-1065' prediction.modelResults.predictionError=N1C=CN=C1.CC(C)(C)[Si](C)(C)Cl: model can't run mixtures
key='CCCCB(CCCC)OS(=O)(=O)C(F)(F)F-1065' prediction.modelResults.predictionError=CCCCB(CCCC)OS(=O)(=O)C(F)(F)F: Molecule contains unsupported element
key='COC(=O)C(C#N)=C1SC(S1)=C(C#N)C(=O)OC-1065' prediction.modelResults.predictionError=Number of atoms equals zero
key='I[Se]C1=CC=CC=C1-1065' prediction.modelResults.predictionError=I[Se]C1C=CC=CC=1: Molecule contains unsupported element
key='COC1=CC=C([Te][Te]C2=CC=C(OC)C=C2)C=C1-1065' prediction.modelResults.predictionError=COC1C=CC(=CC=1)[Te][Te]C1C=CC(=CC=1)OC: Molecule contains unsupported element
key='C1C2=CC=CC=C2[Te]C2=CC=CC=C12-1065' prediction.modelResults.predictionError=C1C2=CC=CC=C2[Te]C2=CC=CC=C21: Molecule contains unsupported element
key='C1COCCOC2=CC=CC=C2OCCOC2=CC=CC=C2OCCO1-1065' prediction.modelResults.predictionError=Number of atoms equals zero
key='C[Si](C)(C)[Se]C1=CC=CC=C1-1065' prediction.modelResults.predictionError=C[Si](C)(C)[Se]C1C=CC=CC=1: Molecule contains unsupported element
key='CCCC[Te][Te]CCCC-1065' prediction.modelResults.predictionError=CCCC[Te][Te]CCCC: Molecule contains unsupported element
key='CC1=CC=CC=C1B(O)O-1065' prediction.modelResults.predictionError=CC1=CC=CC=C1B(O)O: Molecule contains unsupported element
key='CC[Ge](Cl)(Cl)Cl-1065' prediction.modelResults.predictionError=CC[Ge](Cl)(Cl)Cl: Molecule contains unsupported element
key='CN(C)C1=CC(=C(N)C=C1)[N+]([O-])=O-1065' prediction.modelResults.predictionError=Number of atoms equals zero
key='COC1=CC(=C([Se][Se]C2=C(C=C(OC)C=C2)[N+]([O-])=O)C=C1)[N+]([O-])=O-1065' prediction.modelResults.predictionError=COC1=CC(=C(C=C1)[Se][Se]C1C=CC(=CC=1[N+]([O-])=O)OC)[N+]([O-])=O: Molecule contains unsupported element
key='COC1=C(OC)C=C(C([Se][Se]C2=CC(OC)=C(OC)C=C2[N+]([O-])=O)=C1)[N+]([O-])=O-1065' prediction.modelResults.predictionError=COC1C=C([Se][Se]C2=CC(OC)=C(C=C2[N+]([O-])=O)OC)C(=CC=1OC)[N+]([O-])=O: Molecule contains unsupported element
key='CC1(C)OB(OC1(C)C)B1OC(C)(C)C(C)(C)O1-1065' prediction.modelResults.predictionError=CC1(C)OB(OC1(C)C)B1OC(C)(C)C(C)(C)O1: Molecule contains unsupported element
key='CC[Ge](Cl)(Cl)Cl-1065' prediction.modelResults.predictionError=CC[Ge](Cl)(Cl)Cl: Molecule contains unsupported element
key='CN(C)C1=CC(=C(N)C=C1)[N+]([O-])=O-1065' prediction.modelResults.predictionError=Number of atoms equals zero
key='COC1=CC(=C([Se][Se]C2=C(C=C(OC)C=C2)[N+]([O-])=O)C=C1)[N+]([O-])=O-1065' prediction.modelResults.predictionError=COC1=CC(=C(C=C1)[Se][Se]C1C=CC(=CC=1[N+]([O-])=O)OC)[N+]([O-])=O: Molecule contains unsupported element
key='COC1=C(OC)C=C(C([Se][Se]C2=CC(OC)=C(OC)C=C2[N+]([O-])=O)=C1)[N+]([O-])=O-1065' prediction.modelResults.predictionError=COC1C=C([Se][Se]C2=CC(OC)=C(C=C2[N+]([O-])=O)OC)C(=CC=1OC)[N+]([O-])=O: Molecule contains unsupported element
key='CC1(C)OB(OC1(C)C)B1OC(C)(C)C(C)(C)O1-1065' prediction.modelResults.predictionError=CC1(C)OB(OC1(C)C)B1OC(C)(C)C(C)(C)O1: Molecule contains unsupported element
run=1	request=80	smiles=<batch-level>	error=batch failed but single-smile checks passed: HTTPConnectionPool(host='192.168.1.7', port=5004): Read timed out. (read timeout=600)
key='CC1=CC=CC(=C1)B(O)O-1065' prediction.modelResults.predictionError=CC1C=C(C=CC=1)B(O)O: Molecule contains unsupported element
key='COC1=CC=CC=C1B(O)O-1065' prediction.modelResults.predictionError=COC1=CC=CC=C1B(O)O: Molecule contains unsupported element
key='CSC1=CC=C(C=C1)B(O)O-1065' prediction.modelResults.predictionError=CSC1C=CC(=CC=1)B(O)O: Molecule contains unsupported element
key='OB(O)C1=CC=CS1-1065' prediction.modelResults.predictionError=OB(O)C1=CC=CS1: Molecule contains unsupported element
key='OB(O)C1=CC=CC=C1C(O)=O-1065' prediction.modelResults.predictionError=OC(=O)C1=CC=CC=C1B(O)O: Molecule contains unsupported element
key='OB(O)C1=CC(F)=CC=C1-1065' prediction.modelResults.predictionError=OB(O)C1C=CC=C(F)C=1: Molecule contains unsupported element
key='[CH3-].O=[Re](=O)=O-1065' prediction.modelResults.predictionError=[CH3-].O=[Re](=O)=O failed standardization
key='C[Bi](C1=CC=CC=C1)C1=CC=CC=C1-1065' prediction.modelResults.predictionError=C[Bi](C1C=CC=CC=1)C1C=CC=CC=1: Molecule contains unsupported element
key='COC1=CC=CC=C1[Bi](C1=CC=CC=C1OC)C1=CC=CC=C1OC-1065' prediction.modelResults.predictionError=COC1=CC=CC=C1[Bi](C1=CC=CC=C1OC)C1=CC=CC=C1OC: Molecule contains unsupported element
key='CCCC[Bi](CCCC)CCCC-1065' prediction.modelResults.predictionError=CCCC[Bi](CCCC)CCCC: Molecule contains unsupported element
key='C[Ge](C)(C)I-1065' prediction.modelResults.predictionError=C[Ge](C)(C)I: Molecule contains unsupported element
key='[O-]S(=O)(=O)C(F)(F)F.CCCCCCN1C=C[N+](C)=C1C-1065' prediction.modelResults.predictionError=[O-]S(=O)(=O)C(F)(F)F.CCCCCCN1C=C[N+](C)=C1C: model can't run mixtures
key='C[C@H](O)C([O-])=O.CCN1C=C[N+](C)=C1-1065' prediction.modelResults.predictionError=C[C@H](O)C([O-])=O.CCN1C=C[N+](C)=C1: model can't run mixtures
key='CC(=O)C1=CC=CC=C1B(O)O-1065' prediction.modelResults.predictionError=CC(=O)C1=CC=CC=C1B(O)O: Molecule contains unsupported element
key='CC(=O)C1=CC=CC(=C1)B(O)O-1065' prediction.modelResults.predictionError=CC(=O)C1C=C(C=CC=1)B(O)O: Molecule contains unsupported element
key='Cl.NCC1=CC=C(C=C1)B(O)O-1065' prediction.modelResults.predictionError=NCC1=CC=C(C=C1)B(O)O: Molecule contains unsupported element
key='NCC1=CC=C(C=C1)B(O)O-1065' prediction.modelResults.predictionError=NCC1=CC=C(C=C1)B(O)O: Molecule contains unsupported element
key='OB(O)C1=CC(OCC2=CC=CC=C2)=CC=C1-1065' prediction.modelResults.predictionError=OB(O)C1=CC(=CC=C1)OCC1C=CC=CC=1: Molecule contains unsupported element
key='OB(O)C1=CC=C(OCC2=CC=CC=C2)C=C1-1065' prediction.modelResults.predictionError=OB(O)C1C=CC(=CC=1)OCC1C=CC=CC=1: Molecule contains unsupported element
key='OB(O)C1=CC(=CC=C1)C1=CC=CC=C1-1065' prediction.modelResults.predictionError=OB(O)C1=CC(=CC=C1)C1C=CC=CC=1: Molecule contains unsupported element
key='CC1(C)COB(OC1)B1OCC(C)(C)CO1-1065' prediction.modelResults.predictionError=CC1(C)COB(OC1)B1OCC(C)(C)CO1: Molecule contains unsupported element
key='N[C@H](CC1=CC=C(C=C1)B(O)O)C(O)=O-1065' prediction.modelResults.predictionError=NC(CC1=CC=C(C=C1)B(O)O)C(O)=O: Molecule contains unsupported element
key='OB(O)C1=CC(Br)=CC=C1-1065' prediction.modelResults.predictionError=OB(O)C1C=CC=C(Br)C=1: Molecule contains unsupported element
key='OB(O)C1=CC=C(Br)S1-1065' prediction.modelResults.predictionError=OB(O)C1=CC=C(Br)S1: Molecule contains unsupported element
key='CC(C)(C)C1=CC=C(C=C1)B(O)O-1065' prediction.modelResults.predictionError=CC(C)(C)C1C=CC(=CC=1)B(O)O: Molecule contains unsupported element
key='CC(C)(C)OC(=O)N1C=CC=C1B(O)O-1065' prediction.modelResults.predictionError=CC(C)(C)OC(=O)N1C=CC=C1B(O)O: Molecule contains unsupported element
key='OB(O)C1=CC=CC=C1Cl-1065' prediction.modelResults.predictionError=OB(O)C1=CC=CC=C1Cl: Molecule contains unsupported element
key='OB(O)C1=CC(Cl)=CC=C1-1065' prediction.modelResults.predictionError=OB(O)C1C=CC=C(Cl)C=1: Molecule contains unsupported element
key='OB(O)C1=CC=C(Cl)S1-1065' prediction.modelResults.predictionError=OB(O)C1=CC=C(Cl)S1: Molecule contains unsupported element
key='OB(O)C1=CC(=CC=C1)C#N-1065' prediction.modelResults.predictionError=N#CC1C=C(C=CC=1)B(O)O: Molecule contains unsupported element
key='OB(O)C1=CC=C(C=C1)C#N-1065' prediction.modelResults.predictionError=N#CC1C=CC(=CC=1)B(O)O: Molecule contains unsupported element
key='OB(O)C1CCCC1-1065' prediction.modelResults.predictionError=OB(O)C1CCCC1: Molecule contains unsupported element
key='OB(O)C1=C2OC3=CC=CC=C3C2=CC=C1-1065' prediction.modelResults.predictionError=OB(O)C1C=CC=C2C=1OC1=CC=CC=C12: Molecule contains unsupported element
key='OB(O)C1=C2SC3=CC=CC=C3C2=CC=C1-1065' prediction.modelResults.predictionError=OB(O)C1C=CC=C2C=1SC1=CC=CC=C12: Molecule contains unsupported element
key='OB(O)C1=CC(Cl)=C(Cl)C=C1-1065' prediction.modelResults.predictionError=OB(O)C1=CC(Cl)=C(Cl)C=C1: Molecule contains unsupported element
key='OB(O)C1=CC(Cl)=CC(Cl)=C1-1065' prediction.modelResults.predictionError=OB(O)C1C=C(Cl)C=C(Cl)C=1: Molecule contains unsupported element
key='OB(O)C1=C(Cl)C=CC=C1Cl-1065' prediction.modelResults.predictionError=OB(O)C1C(Cl)=CC=CC=1Cl: Molecule contains unsupported element
key='OB(O)C1=C(F)C(F)=CC=C1-1065' prediction.modelResults.predictionError=OB(O)C1C=CC=C(F)C=1F: Molecule contains unsupported element
key='OB(O)C1=C(F)C=C(F)C=C1-1065' prediction.modelResults.predictionError=OB(O)C1C=CC(F)=CC=1F: Molecule contains unsupported element
key='OB(O)C1=C(F)C=CC(F)=C1-1065' prediction.modelResults.predictionError=OB(O)C1C=C(F)C=CC=1F: Molecule contains unsupported element
key='OB(O)C1=C(F)C=CC=C1F-1065' prediction.modelResults.predictionError=OB(O)C1C(F)=CC=CC=1F: Molecule contains unsupported element
key='OB(O)C1=CC(F)=C(F)C=C1-1065' prediction.modelResults.predictionError=OB(O)C1=CC(F)=C(F)C=C1: Molecule contains unsupported element
key='OB(O)C1=CC(F)=CC(F)=C1-1065' prediction.modelResults.predictionError=OB(O)C1C=C(F)C=C(F)C=1: Molecule contains unsupported element
key='CC1=CC2=C(C=C1)N=C(C=C2C(O)=O)C1=CC=C(C=C1)B(O)O-1065' prediction.modelResults.predictionError=CC1=CC2C(=CC(=NC=2C=C1)C1C=CC(=CC=1)B(O)O)C(O)=O: Molecule contains unsupported element
key='OB(O)C1=CC=C(C=C1)C1=NC2=CC=CC=C2C(=C1)C(O)=O-1065' prediction.modelResults.predictionError=OC(=O)C1=CC(=NC2=CC=CC=C21)C1C=CC(=CC=1)B(O)O: Molecule contains unsupported element
key='COC1=CC(OC)=C(C=C1)B(O)O-1065' prediction.modelResults.predictionError=COC1C=C(C=CC=1B(O)O)OC: Molecule contains unsupported element
key='COC1=CC(B(O)O)=C(OC)C=C1-1065' prediction.modelResults.predictionError=COC1C=CC(=CC=1B(O)O)OC: Molecule contains unsupported element
key='COC1=CC=CC(OC)=C1B(O)O-1065' prediction.modelResults.predictionError=COC1=CC=CC(OC)=C1B(O)O: Molecule contains unsupported element
key='CN(C)C1=CC=C(C=C1)B(O)O-1065' prediction.modelResults.predictionError=CN(C)C1C=CC(=CC=1)B(O)O: Molecule contains unsupported element
key='CN(C)CC1=CC=CC=C1B(O)O-1065' prediction.modelResults.predictionError=CN(C)CC1=CC=CC=C1B(O)O: Molecule contains unsupported element
key='CC1=C(B(O)O)C(C)=NO1-1065' prediction.modelResults.predictionError=CC1ON=C(C)C=1B(O)O: Molecule contains unsupported element
key='CC1=CC(B(O)O)=C(C)C=C1-1065' prediction.modelResults.predictionError=CC1=CC(B(O)O)=C(C)C=C1: Molecule contains unsupported element
key='CC1=C(C)C=C(C=C1)B(O)O-1065' prediction.modelResults.predictionError=CC1C=C(C=CC=1C)B(O)O: Molecule contains unsupported element
key='CC1=CC(=CC(C)=C1)B(O)O-1065' prediction.modelResults.predictionError=CC1=CC(=CC(C)=C1)B(O)O: Molecule contains unsupported element
key='CCOC(=O)C1=CC=C(C=C1)B(O)O-1065' prediction.modelResults.predictionError=CCOC(=O)C1C=CC(=CC=1)B(O)O: Molecule contains unsupported element
key='CCOC1=CC=C(C=C1)B(O)O-1065' prediction.modelResults.predictionError=CCOC1C=CC(=CC=1)B(O)O: Molecule contains unsupported element
key='CCC1=CC=C(C=C1)B(O)O-1065' prediction.modelResults.predictionError=CCC1=CC=C(C=C1)B(O)O: Molecule contains unsupported element
key='CCSC1=CC=C(C=C1)B(O)O-1065' prediction.modelResults.predictionError=CCSC1C=CC(=CC=1)B(O)O: Molecule contains unsupported element
key='OB(O)C1=CC=C(O1)C=O-1065' prediction.modelResults.predictionError=OB(O)C1=CC=C(C=O)O1: Molecule contains unsupported element
key='OB(O)C1=CC(C=O)=CC=C1-1065' prediction.modelResults.predictionError=OB(O)C1C=CC=C(C=O)C=1: Molecule contains unsupported element
key='OB(O)C1=CC=CO1-1065' prediction.modelResults.predictionError=OB(O)C1=CC=CO1: Molecule contains unsupported element
key='OB(O)C1=COC=C1-1065' prediction.modelResults.predictionError=OB(O)C1=COC=C1: Molecule contains unsupported element
key='OB(O)C1=CC(O)=CC=C1-1065' prediction.modelResults.predictionError=OC1C=C(C=CC=1)B(O)O: Molecule contains unsupported element
key='OB(O)C1=CC=C(O)C=C1-1065' prediction.modelResults.predictionError=OC1C=CC(=CC=1)B(O)O: Molecule contains unsupported element
key='OB(O)C1=CC2=C(NC=C2)C=C1-1065' prediction.modelResults.predictionError=OB(O)C1=CC2C=CNC=2C=C1: Molecule contains unsupported element
key='OB(O)C1=CC(I)=CC=C1-1065' prediction.modelResults.predictionError=OB(O)C1C=CC=C(I)C=1: Molecule contains unsupported element
key='CC(C)OC(=O)C1=CC=CC(=C1)B(O)O-1065' prediction.modelResults.predictionError=CC(C)OC(=O)C1C=C(C=CC=1)B(O)O: Molecule contains unsupported element
key='CS(=O)(=O)C1=CC=C(C=C1)B(O)O-1065' prediction.modelResults.predictionError=CS(=O)(=O)C1C=CC(=CC=1)B(O)O: Molecule contains unsupported element
key='COC1=CC(C=O)=C(C=C1)B(O)O-1065' prediction.modelResults.predictionError=COC1=CC(C=O)=C(C=C1)B(O)O: Molecule contains unsupported element
key='COC1=CC(B(O)O)=C(C=O)C=C1-1065' prediction.modelResults.predictionError=COC1=CC(B(O)O)=C(C=O)C=C1: Molecule contains unsupported element
key='COC1=C(C=C(C=O)C=C1)B(O)O-1065' prediction.modelResults.predictionError=COC1C=CC(C=O)=CC=1B(O)O: Molecule contains unsupported element
key='COC1=NC=C(C=C1)B(O)O-1065' prediction.modelResults.predictionError=COC1C=CC(=CN=1)B(O)O: Molecule contains unsupported element
key='COC(=O)C1=CC=C(C=C1)B(O)O-1065' prediction.modelResults.predictionError=COC(=O)C1C=CC(=CC=1)B(O)O: Molecule contains unsupported element
key='COC1=CC=CC(=C1)B(O)O-1065' prediction.modelResults.predictionError=COC1C=C(C=CC=1)B(O)O: Molecule contains unsupported element
key='OB(O)C1=CC2=C(OCO2)C=C1-1065' prediction.modelResults.predictionError=OB(O)C1=CC2OCOC=2C=C1: Molecule contains unsupported element
key='CC1=CC=C(O1)B(O)O-1065' prediction.modelResults.predictionError=CC1=CC=C(O1)B(O)O: Molecule contains unsupported element
key='CC1=CSC(=C1)B(O)O-1065' prediction.modelResults.predictionError=CC1C=C(SC=1)B(O)O: Molecule contains unsupported element
key='CC1=CC=C(S1)B(O)O-1065' prediction.modelResults.predictionError=CC1=CC=C(S1)B(O)O: Molecule contains unsupported element
key='OB(O)C1=CC2=CC=CC=C2C=C1-1065' prediction.modelResults.predictionError=OB(O)C1=CC2=CC=CC=C2C=C1: Molecule contains unsupported element
key='OB(O)C1=C2OC3=CC=CC=C3SC2=CC=C1-1065' prediction.modelResults.predictionError=OB(O)C1C=CC=C2SC3=CC=CC=C3OC=12: Molecule contains unsupported element
key='OB(O)C1=CC=C(OC2=CC=CC=C2)C=C1-1065' prediction.modelResults.predictionError=OB(O)C1C=CC(=CC=1)OC1C=CC=CC=1: Molecule contains unsupported element
key='OB(O)C1=CN=CC=C1-1065' prediction.modelResults.predictionError=OB(O)C1=CN=CC=C1: Molecule contains unsupported element
key='OB(O)C1=CC=NC=C1-1065' prediction.modelResults.predictionError=OB(O)C1C=CN=CC=1: Molecule contains unsupported element
key='OB(O)C1=C2N=CC=CC2=CC=C1-1065' prediction.modelResults.predictionError=OB(O)C1C=CC=C2C=CC=NC2=1: Molecule contains unsupported element
key='OB(O)C1=C2SC3=CC=CC=C3SC2=CC=C1-1065' prediction.modelResults.predictionError=OB(O)C1C=CC=C2SC3=CC=CC=C3SC=12: Molecule contains unsupported element
key='CSC1=CC=CC(=C1)B(O)O-1065' prediction.modelResults.predictionError=CSC1C=C(C=CC=1)B(O)O: Molecule contains unsupported element
key='OB(O)C1=C(Cl)C=C(Cl)C=C1Cl-1065' prediction.modelResults.predictionError=OB(O)C1C(Cl)=CC(Cl)=CC=1Cl: Molecule contains unsupported element
key='OB(O)C1=CC(OC(F)(F)F)=CC=C1-1065' prediction.modelResults.predictionError=OB(O)C1=CC(=CC=C1)OC(F)(F)F: Molecule contains unsupported element
key='OB(O)C1=CC=C(OC(F)(F)F)C=C1-1065' prediction.modelResults.predictionError=OB(O)C1C=CC(=CC=1)OC(F)(F)F: Molecule contains unsupported element
key='OB(O)C1=CC=CC=C1C(F)(F)F-1065' prediction.modelResults.predictionError=OB(O)C1=CC=CC=C1C(F)(F)F: Molecule contains unsupported element
key='OB(O)C1=CC(=CC=C1)C(F)(F)F-1065' prediction.modelResults.predictionError=OB(O)C1=CC(=CC=C1)C(F)(F)F: Molecule contains unsupported element
key='OB(O)C1=CC=C(C=C1)C(F)(F)F-1065' prediction.modelResults.predictionError=OB(O)C1C=CC(=CC=1)C(F)(F)F: Molecule contains unsupported element
key='COC1=CC(=CC(OC)=C1OC)B(O)O-1065' prediction.modelResults.predictionError=COC1C=C(C=C(OC)C=1OC)B(O)O: Molecule contains unsupported element
key='[Br-].C[N+](C)(C)CC1=CC=C(C=C1)B(O)O-1065' prediction.modelResults.predictionError=C[N+](C)(C)CC1=CC=C(C=C1)B(O)O: Molecule contains unsupported element
key='OB(O)C1=CC=C(C=C)C=C1-1065' prediction.modelResults.predictionError=C=CC1=CC=C(C=C1)B(O)O: Molecule contains unsupported element
key='CC(C)CB(O)O-1065' prediction.modelResults.predictionError=CC(C)CB(O)O: Molecule contains unsupported element
key='[Ir].C1=CC=NC=C1.F[P-](F)(F)(F)(F)F.C1CC=CCCC=C1.C1CCC(CC1)P(C1CCCCC1)C1CCCCC1-1065' prediction.modelResults.predictionError=[Ir].C1=CC=NC=C1.F[P-](F)(F)(F)(F)F.C1CC=CCCC=C1.C1CCC(CC1)P(C1CCCCC1)C1CCCCC1: model can't run mixtures
key='COC1=C(F)C=C(F)C=C1B(O)O-1065' prediction.modelResults.predictionError=COC1C(=CC(F)=CC=1F)B(O)O: Molecule contains unsupported element
key='OB(O)C1=CC=C(C=C1)C1=CC=C(C=C1)B(O)O-1065' prediction.modelResults.predictionError=OB(O)C1C=CC(=CC=1)C1C=CC(=CC=1)B(O)O: Molecule contains unsupported element
key='OB(O)C1=CC=CC=C1C#N-1065' prediction.modelResults.predictionError=N#CC1=CC=CC=C1B(O)O: Molecule contains unsupported element
key='Cl.NC1=CC=C(C=C1)B(O)O-1065' prediction.modelResults.predictionError=NC1=CC=C(C=C1)B(O)O: Molecule contains unsupported element
key='NC1=CC=C(C=C1)B(O)O-1065' prediction.modelResults.predictionError=NC1=CC=C(C=C1)B(O)O: Molecule contains unsupported element
key='CC1CC(C)(C)OB(O1)B1OC(C)CC(C)(C)O1-1065' prediction.modelResults.predictionError=CC1(C)CC(C)OB(O1)B1OC(C)(C)CC(C)O1: Molecule contains unsupported element
key='CC(C)(C)OC(=O)NC1=CC=C(C=C1)B1OC(C)(C)C(C)(C)O1-1065' prediction.modelResults.predictionError=CC(C)(C)OC(=O)NC1C=CC(=CC=1)B1OC(C)(C)C(C)(C)O1: Molecule contains unsupported element
key='CCOC(=O)C1=CC=C(C=C1)B1OC(C)(C)C(C)(C)O1-1065' prediction.modelResults.predictionError=CCOC(=O)C1C=CC(=CC=1)B1OC(C)(C)C(C)(C)O1: Molecule contains unsupported element
key='CC(=O)NC1=CC=C(C=C1)B1OC(C)(C)C(C)(C)O1-1065' prediction.modelResults.predictionError=CC(=O)NC1C=CC(=CC=1)B1OC(C)(C)C(C)(C)O1: Molecule contains unsupported element
key='CC1(C)OB(OC1(C)C)C1=CC=C(N)C=C1-1065' prediction.modelResults.predictionError=CC1(C)OB(OC1(C)C)C1C=CC(N)=CC=1: Molecule contains unsupported element
key='CC1(C)OB(OC1(C)C)C1=CC=C(C=C1)C(O)=O-1065' prediction.modelResults.predictionError=CC1(C)OB(OC1(C)C)C1C=CC(=CC=1)C(O)=O: Molecule contains unsupported element
key='CC1(C)OB(OC1(C)C)C1=CC=CC=C1O-1065' prediction.modelResults.predictionError=CC1(C)OB(OC1(C)C)C1=CC=CC=C1O: Molecule contains unsupported element
key='CC1(C)OB(OC1(C)C)C1=CC(O)=CC=C1-1065' prediction.modelResults.predictionError=CC1(C)OB(OC1(C)C)C1C=CC=C(O)C=1: Molecule contains unsupported element
key='CC1(C)OB(OC1(C)C)C1=CC=C(O)C=C1-1065' prediction.modelResults.predictionError=CC1(C)OB(OC1(C)C)C1C=CC(O)=CC=1: Molecule contains unsupported element
key='CC1(C)OB(OC1(C)C)C1=CC=C(C=C1)C#N-1065' prediction.modelResults.predictionError=CC1(C)OB(OC1(C)C)C1C=CC(=CC=1)C#N: Molecule contains unsupported element
key='CC1(C)OB(OC1(C)C)C1=CC=NC=C1-1065' prediction.modelResults.predictionError=CC1(C)OB(OC1(C)C)C1C=CN=CC=1: Molecule contains unsupported element
key='CC1=CC(=CC(C)=C1O)B1OC(C)(C)C(C)(C)O1-1065' prediction.modelResults.predictionError=CC1=CC(=CC(C)=C1O)B1OC(C)(C)C(C)(C)O1: Molecule contains unsupported element
key='COC1=C(O)C=CC(=C1)B1OC(C)(C)C(C)(C)O1-1065' prediction.modelResults.predictionError=COC1C=C(C=CC=1O)B1OC(C)(C)C(C)(C)O1: Molecule contains unsupported element
key='COC(=O)C1=CC=CC(=C1)B1OC(C)(C)C(C)(C)O1-1065' prediction.modelResults.predictionError=COC(=O)C1C=C(C=CC=1)B1OC(C)(C)C(C)(C)O1: Molecule contains unsupported element
key='CC1(C)OB(OC1(C)C)C1=CC=CC=C1N-1065' prediction.modelResults.predictionError=CC1(C)OB(OC1(C)C)C1=CC=CC=C1N: Molecule contains unsupported element
key='CC1(C)OB(OC1(C)C)C1=CC(=CC=C1)C(O)=O-1065' prediction.modelResults.predictionError=CC1(C)OB(OC1(C)C)C1=CC(=CC=C1)C(O)=O: Molecule contains unsupported element
key='CC1(C)OB(OC1(C)C)C1=CC=C(NC(=O)CCC(O)=O)C=C1-1065' prediction.modelResults.predictionError=CC1(C)OB(OC1(C)C)C1C=CC(=CC=1)NC(=O)CCC(O)=O: Molecule contains unsupported element
key='CC1(C)OB(OC1(C)C)C1=CC(N)=CC=C1-1065' prediction.modelResults.predictionError=CC1(C)OB(OC1(C)C)C1C=CC=C(N)C=1: Molecule contains unsupported element
key='CC1(C)OB(OC1(C)C)C1=CN=CC=C1-1065' prediction.modelResults.predictionError=CC1(C)OB(OC1(C)C)C1=CN=CC=C1: Molecule contains unsupported element
key='CC(=O)NC1=CC=C(C=C1)B(O)O-1065' prediction.modelResults.predictionError=CC(=O)NC1C=CC(=CC=1)B(O)O: Molecule contains unsupported element
key='OB(O)C1=C(Cl)C=C(Cl)C=C1-1065' prediction.modelResults.predictionError=OB(O)C1C=CC(Cl)=CC=1Cl: Molecule contains unsupported element
key='OB(O)C1=CC(Cl)=C(F)C=C1-1065' prediction.modelResults.predictionError=OB(O)C1C=CC(F)=C(Cl)C=1: Molecule contains unsupported element
key='OB(O)C1=C(Cl)C(Cl)=CC=C1-1065' prediction.modelResults.predictionError=OB(O)C1C=CC=C(Cl)C=1Cl: Molecule contains unsupported element
key='OCC1=CC=CC(=C1)B(O)O-1065' prediction.modelResults.predictionError=OCC1C=C(C=CC=1)B(O)O: Molecule contains unsupported element
key='OB(O)C1=CC2=CC=CC=C2N=C1-1065' prediction.modelResults.predictionError=OB(O)C1=CC2=CC=CC=C2N=C1: Molecule contains unsupported element
key='CC1=C(C=CC(F)=C1)B(O)O-1065' prediction.modelResults.predictionError=CC1C=C(F)C=CC=1B(O)O: Molecule contains unsupported element
key='OB(O)C1=CC(F)=C(F)C(F)=C1-1065' prediction.modelResults.predictionError=OB(O)C1=CC(F)=C(F)C(F)=C1: Molecule contains unsupported element
key='OB(O)C1=CC(Br)=CC(Br)=C1-1065' prediction.modelResults.predictionError=OB(O)C1C=C(Br)C=C(Br)C=1: Molecule contains unsupported element
key='COC1=C(OC)C=C(C=C1)B(O)O-1065' prediction.modelResults.predictionError=COC1C=CC(=CC=1OC)B(O)O: Molecule contains unsupported element
key='CC(C)OC(=O)C1=CC=C(C=C1)B(O)O-1065' prediction.modelResults.predictionError=CC(C)OC(=O)C1C=CC(=CC=1)B(O)O: Molecule contains unsupported element
key='OCC1=CC=C(C=C1)B(O)O-1065' prediction.modelResults.predictionError=OCC1=CC=C(C=C1)B(O)O: Molecule contains unsupported element
key='[Cl-].[Pd++].[CH2-]C1=CC=CC=C1.C1=CC=C(C=C1)P(C1=CC=CC=C1)C1=CC=CC=C1.C1=CC=C(C=C1)P(C1=CC=CC=C1)C1=CC=CC=C1-1065' prediction.modelResults.predictionError=[Cl-].[Pd++].[CH2-]C1=CC=CC=C1.C1=CC=C(C=C1)P(C1=CC=CC=C1)C1=CC=CC=C1.C1=CC=C(C=C1)P(C1=CC=CC=C1)C1=CC=CC=C1: model can't run mixtures
key='CB1OC([C@@H]2CCCN12)(C1=CC=CC=C1)C1=CC=CC=C1-1065' prediction.modelResults.predictionError=CB1OC(C2CCCN21)(C1C=CC=CC=1)C1C=CC=CC=1: Molecule contains unsupported element
key='COC(=O)C1=CC=CC(=C1)B(O)O-1065' prediction.modelResults.predictionError=COC(=O)C1C=C(C=CC=1)B(O)O: Molecule contains unsupported element
key='CC(C)B(O)O-1065' prediction.modelResults.predictionError=CC(C)B(O)O: Molecule contains unsupported element
key='CC1(C)OB(OC1(C)C)C1=CN(CC2=CC=CC=C2)N=C1-1065' prediction.modelResults.predictionError=CC1(C)OB(OC1(C)C)C1C=NN(CC2C=CC=CC=2)C=1: Molecule contains unsupported element
key='CC1(C)OB(OC1(C)C)C1=CC2=C(NC=C2)C=C1-1065' prediction.modelResults.predictionError=CC1(C)OB(OC1(C)C)C1=CC2C=CNC=2C=C1: Molecule contains unsupported element
key='[O-]S(=O)(=O)C(F)(F)F.CC(C)(C)C1=CC=C([I+]C2=CC=C(C=C2)C(C)(C)C)C=C1-1065' prediction.modelResults.predictionError=[O-]S(=O)(=O)C(F)(F)F.CC(C)(C)C1=CC=C([I+]C2=CC=C(C=C2)C(C)(C)C)C=C1: model can't run mixtures
key='[O-]S(=O)(=O)C(F)(F)F.COC1=CC=C([I+]C2=CC=CC=C2)C=C1-1065' prediction.modelResults.predictionError=[O-]S(=O)(=O)C(F)(F)F.COC1=CC=C([I+]C2=CC=CC=C2)C=C1: model can't run mixtures
key='C1=CC=[NH+]C=C1.[O-]S(=O)(=O)C(F)(F)F-1065' prediction.modelResults.predictionError=C1=CC=[NH+]C=C1.[O-]S(=O)(=O)C(F)(F)F: model can't run mixtures
key='CCOC1=CC=CC=C1B(O)O-1065' prediction.modelResults.predictionError=CCOC1=CC=CC=C1B(O)O: Molecule contains unsupported element
key='OB(O)C1=CN=C(OCC2=CC=CC=C2)N=C1OCC1=CC=CC=C1-1065' prediction.modelResults.predictionError=OB(O)C1=CN=C(N=C1OCC1C=CC=CC=1)OCC1C=CC=CC=1: Molecule contains unsupported element
key='CCCCCCC1=CC(B(O)O)=C(CCCCCC)C=C1B(O)O-1065' prediction.modelResults.predictionError=CCCCCCC1=CC(B(O)O)=C(CCCCCC)C=C1B(O)O: Molecule contains unsupported element
key='OB(O)C1=CC=C(CBr)C=C1-1065' prediction.modelResults.predictionError=OB(O)C1C=CC(CBr)=CC=1: Molecule contains unsupported element
key='COC1=C(C=C(Cl)C=C1)B(O)O-1065' prediction.modelResults.predictionError=COC1C=CC(Cl)=CC=1B(O)O: Molecule contains unsupported element
key='CC1=CC=CC(=C1)B(O)O-1065' prediction.modelResults.predictionError=CC1C=C(C=CC=1)B(O)O: Molecule contains unsupported element
key='COC1=CC=CC=C1B(O)O-1065' prediction.modelResults.predictionError=COC1=CC=CC=C1B(O)O: Molecule contains unsupported element
key='CSC1=CC=C(C=C1)B(O)O-1065' prediction.modelResults.predictionError=CSC1C=CC(=CC=1)B(O)O: Molecule contains unsupported element
key='OB(O)C1=CC=CS1-1065' prediction.modelResults.predictionError=OB(O)C1=CC=CS1: Molecule contains unsupported element
key='OB(O)C1=CC=CC=C1C(O)=O-1065' prediction.modelResults.predictionError=OC(=O)C1=CC=CC=C1B(O)O: Molecule contains unsupported element
key='OB(O)C1=CC(F)=CC=C1-1065' prediction.modelResults.predictionError=OB(O)C1C=CC=C(F)C=1: Molecule contains unsupported element
key='[CH3-].O=[Re](=O)=O-1065' prediction.modelResults.predictionError=[CH3-].O=[Re](=O)=O failed standardization
key='C[Bi](C1=CC=CC=C1)C1=CC=CC=C1-1065' prediction.modelResults.predictionError=C[Bi](C1C=CC=CC=1)C1C=CC=CC=1: Molecule contains unsupported element
key='COC1=CC=CC=C1[Bi](C1=CC=CC=C1OC)C1=CC=CC=C1OC-1065' prediction.modelResults.predictionError=COC1=CC=CC=C1[Bi](C1=CC=CC=C1OC)C1=CC=CC=C1OC: Molecule contains unsupported element
key='CCCC[Bi](CCCC)CCCC-1065' prediction.modelResults.predictionError=CCCC[Bi](CCCC)CCCC: Molecule contains unsupported element
key='C[Ge](C)(C)I-1065' prediction.modelResults.predictionError=C[Ge](C)(C)I: Molecule contains unsupported element
key='CC(=O)C1=CC=CC=C1B(O)O-1065' prediction.modelResults.predictionError=CC(=O)C1=CC=CC=C1B(O)O: Molecule contains unsupported element
key='CC(=O)C1=CC=CC(=C1)B(O)O-1065' prediction.modelResults.predictionError=CC(=O)C1C=C(C=CC=1)B(O)O: Molecule contains unsupported element
key='Cl.NCC1=CC=C(C=C1)B(O)O-1065' prediction.modelResults.predictionError=NCC1=CC=C(C=C1)B(O)O: Molecule contains unsupported element
key='NCC1=CC=C(C=C1)B(O)O-1065' prediction.modelResults.predictionError=NCC1=CC=C(C=C1)B(O)O: Molecule contains unsupported element
key='OB(O)C1=CC(OCC2=CC=CC=C2)=CC=C1-1065' prediction.modelResults.predictionError=OB(O)C1=CC(=CC=C1)OCC1C=CC=CC=1: Molecule contains unsupported element
key='OB(O)C1=CC=C(OCC2=CC=CC=C2)C=C1-1065' prediction.modelResults.predictionError=OB(O)C1C=CC(=CC=1)OCC1C=CC=CC=1: Molecule contains unsupported element
key='OB(O)C1=CC(=CC=C1)C1=CC=CC=C1-1065' prediction.modelResults.predictionError=OB(O)C1=CC(=CC=C1)C1C=CC=CC=1: Molecule contains unsupported element
key='CC1(C)COB(OC1)B1OCC(C)(C)CO1-1065' prediction.modelResults.predictionError=CC1(C)COB(OC1)B1OCC(C)(C)CO1: Molecule contains unsupported element
key='N[C@H](CC1=CC=C(C=C1)B(O)O)C(O)=O-1065' prediction.modelResults.predictionError=NC(CC1=CC=C(C=C1)B(O)O)C(O)=O: Molecule contains unsupported element
key='OB(O)C1=CC(Br)=CC=C1-1065' prediction.modelResults.predictionError=OB(O)C1C=CC=C(Br)C=1: Molecule contains unsupported element
key='OB(O)C1=CC=C(Br)S1-1065' prediction.modelResults.predictionError=OB(O)C1=CC=C(Br)S1: Molecule contains unsupported element
key='CC(C)(C)C1=CC=C(C=C1)B(O)O-1065' prediction.modelResults.predictionError=CC(C)(C)C1C=CC(=CC=1)B(O)O: Molecule contains unsupported element
key='CC(C)(C)OC(=O)N1C=CC=C1B(O)O-1065' prediction.modelResults.predictionError=CC(C)(C)OC(=O)N1C=CC=C1B(O)O: Molecule contains unsupported element
key='OB(O)C1=CC=CC=C1Cl-1065' prediction.modelResults.predictionError=OB(O)C1=CC=CC=C1Cl: Molecule contains unsupported element
key='OB(O)C1=CC(Cl)=CC=C1-1065' prediction.modelResults.predictionError=OB(O)C1C=CC=C(Cl)C=1: Molecule contains unsupported element
key='OB(O)C1=CC=C(Cl)S1-1065' prediction.modelResults.predictionError=OB(O)C1=CC=C(Cl)S1: Molecule contains unsupported element
key='OB(O)C1=CC(=CC=C1)C#N-1065' prediction.modelResults.predictionError=N#CC1C=C(C=CC=1)B(O)O: Molecule contains unsupported element
key='OB(O)C1=CC=C(C=C1)C#N-1065' prediction.modelResults.predictionError=N#CC1C=CC(=CC=1)B(O)O: Molecule contains unsupported element
key='OB(O)C1CCCC1-1065' prediction.modelResults.predictionError=OB(O)C1CCCC1: Molecule contains unsupported element
key='OB(O)C1=C2OC3=CC=CC=C3C2=CC=C1-1065' prediction.modelResults.predictionError=OB(O)C1C=CC=C2C=1OC1=CC=CC=C12: Molecule contains unsupported element
key='OB(O)C1=C2SC3=CC=CC=C3C2=CC=C1-1065' prediction.modelResults.predictionError=OB(O)C1C=CC=C2C=1SC1=CC=CC=C12: Molecule contains unsupported element
key='OB(O)C1=CC(Cl)=C(Cl)C=C1-1065' prediction.modelResults.predictionError=OB(O)C1=CC(Cl)=C(Cl)C=C1: Molecule contains unsupported element
key='OB(O)C1=CC(Cl)=CC(Cl)=C1-1065' prediction.modelResults.predictionError=OB(O)C1C=C(Cl)C=C(Cl)C=1: Molecule contains unsupported element
key='OB(O)C1=C(Cl)C=CC=C1Cl-1065' prediction.modelResults.predictionError=OB(O)C1C(Cl)=CC=CC=1Cl: Molecule contains unsupported element
key='OB(O)C1=C(F)C(F)=CC=C1-1065' prediction.modelResults.predictionError=OB(O)C1C=CC=C(F)C=1F: Molecule contains unsupported element
key='OB(O)C1=C(F)C=C(F)C=C1-1065' prediction.modelResults.predictionError=OB(O)C1C=CC(F)=CC=1F: Molecule contains unsupported element
key='OB(O)C1=C(F)C=CC(F)=C1-1065' prediction.modelResults.predictionError=OB(O)C1C=C(F)C=CC=1F: Molecule contains unsupported element
key='OB(O)C1=C(F)C=CC=C1F-1065' prediction.modelResults.predictionError=OB(O)C1C(F)=CC=CC=1F: Molecule contains unsupported element
key='OB(O)C1=CC(F)=C(F)C=C1-1065' prediction.modelResults.predictionError=OB(O)C1=CC(F)=C(F)C=C1: Molecule contains unsupported element
key='OB(O)C1=CC(F)=CC(F)=C1-1065' prediction.modelResults.predictionError=OB(O)C1C=C(F)C=C(F)C=1: Molecule contains unsupported element
key='CC1=CC2=C(C=C1)N=C(C=C2C(O)=O)C1=CC=C(C=C1)B(O)O-1065' prediction.modelResults.predictionError=CC1=CC2C(=CC(=NC=2C=C1)C1C=CC(=CC=1)B(O)O)C(O)=O: Molecule contains unsupported element
key='OB(O)C1=CC=C(C=C1)C1=NC2=CC=CC=C2C(=C1)C(O)=O-1065' prediction.modelResults.predictionError=OC(=O)C1=CC(=NC2=CC=CC=C21)C1C=CC(=CC=1)B(O)O: Molecule contains unsupported element
key='COC1=CC(OC)=C(C=C1)B(O)O-1065' prediction.modelResults.predictionError=COC1C=C(C=CC=1B(O)O)OC: Molecule contains unsupported element
key='COC1=CC(B(O)O)=C(OC)C=C1-1065' prediction.modelResults.predictionError=COC1C=CC(=CC=1B(O)O)OC: Molecule contains unsupported element
key='COC1=CC=CC(OC)=C1B(O)O-1065' prediction.modelResults.predictionError=COC1=CC=CC(OC)=C1B(O)O: Molecule contains unsupported element
key='CN(C)C1=CC=C(C=C1)B(O)O-1065' prediction.modelResults.predictionError=CN(C)C1C=CC(=CC=1)B(O)O: Molecule contains unsupported element
key='CN(C)CC1=CC=CC=C1B(O)O-1065' prediction.modelResults.predictionError=CN(C)CC1=CC=CC=C1B(O)O: Molecule contains unsupported element
key='CC1=C(B(O)O)C(C)=NO1-1065' prediction.modelResults.predictionError=CC1ON=C(C)C=1B(O)O: Molecule contains unsupported element
key='CC1=CC(B(O)O)=C(C)C=C1-1065' prediction.modelResults.predictionError=CC1=CC(B(O)O)=C(C)C=C1: Molecule contains unsupported element
key='CC1=C(C)C=C(C=C1)B(O)O-1065' prediction.modelResults.predictionError=CC1C=C(C=CC=1C)B(O)O: Molecule contains unsupported element
key='CC1=CC(=CC(C)=C1)B(O)O-1065' prediction.modelResults.predictionError=CC1=CC(=CC(C)=C1)B(O)O: Molecule contains unsupported element
key='CCOC(=O)C1=CC=C(C=C1)B(O)O-1065' prediction.modelResults.predictionError=CCOC(=O)C1C=CC(=CC=1)B(O)O: Molecule contains unsupported element
key='CCOC1=CC=C(C=C1)B(O)O-1065' prediction.modelResults.predictionError=CCOC1C=CC(=CC=1)B(O)O: Molecule contains unsupported element
key='CCC1=CC=C(C=C1)B(O)O-1065' prediction.modelResults.predictionError=CCC1=CC=C(C=C1)B(O)O: Molecule contains unsupported element
key='CCSC1=CC=C(C=C1)B(O)O-1065' prediction.modelResults.predictionError=CCSC1C=CC(=CC=1)B(O)O: Molecule contains unsupported element
key='OB(O)C1=CC=C(O1)C=O-1065' prediction.modelResults.predictionError=OB(O)C1=CC=C(C=O)O1: Molecule contains unsupported element
key='OB(O)C1=CC(C=O)=CC=C1-1065' prediction.modelResults.predictionError=OB(O)C1C=CC=C(C=O)C=1: Molecule contains unsupported element
key='OB(O)C1=CC=CO1-1065' prediction.modelResults.predictionError=OB(O)C1=CC=CO1: Molecule contains unsupported element
key='OB(O)C1=COC=C1-1065' prediction.modelResults.predictionError=OB(O)C1=COC=C1: Molecule contains unsupported element
key='OB(O)C1=CC(O)=CC=C1-1065' prediction.modelResults.predictionError=OC1C=C(C=CC=1)B(O)O: Molecule contains unsupported element
key='OB(O)C1=CC=C(O)C=C1-1065' prediction.modelResults.predictionError=OC1C=CC(=CC=1)B(O)O: Molecule contains unsupported element
key='OB(O)C1=CC2=C(NC=C2)C=C1-1065' prediction.modelResults.predictionError=OB(O)C1=CC2C=CNC=2C=C1: Molecule contains unsupported element
key='OB(O)C1=CC(I)=CC=C1-1065' prediction.modelResults.predictionError=OB(O)C1C=CC=C(I)C=1: Molecule contains unsupported element
key='CC(C)OC(=O)C1=CC=CC(=C1)B(O)O-1065' prediction.modelResults.predictionError=CC(C)OC(=O)C1C=C(C=CC=1)B(O)O: Molecule contains unsupported element
key='CS(=O)(=O)C1=CC=C(C=C1)B(O)O-1065' prediction.modelResults.predictionError=CS(=O)(=O)C1C=CC(=CC=1)B(O)O: Molecule contains unsupported element
key='COC1=CC(C=O)=C(C=C1)B(O)O-1065' prediction.modelResults.predictionError=COC1=CC(C=O)=C(C=C1)B(O)O: Molecule contains unsupported element
key='COC1=CC(B(O)O)=C(C=O)C=C1-1065' prediction.modelResults.predictionError=COC1=CC(B(O)O)=C(C=O)C=C1: Molecule contains unsupported element
key='COC1=C(C=C(C=O)C=C1)B(O)O-1065' prediction.modelResults.predictionError=COC1C=CC(C=O)=CC=1B(O)O: Molecule contains unsupported element
key='COC1=NC=C(C=C1)B(O)O-1065' prediction.modelResults.predictionError=COC1C=CC(=CN=1)B(O)O: Molecule contains unsupported element
key='COC(=O)C1=CC=C(C=C1)B(O)O-1065' prediction.modelResults.predictionError=COC(=O)C1C=CC(=CC=1)B(O)O: Molecule contains unsupported element
key='COC1=CC=CC(=C1)B(O)O-1065' prediction.modelResults.predictionError=COC1C=C(C=CC=1)B(O)O: Molecule contains unsupported element
key='OB(O)C1=CC2=C(OCO2)C=C1-1065' prediction.modelResults.predictionError=OB(O)C1=CC2OCOC=2C=C1: Molecule contains unsupported element
key='CC1=CC=C(O1)B(O)O-1065' prediction.modelResults.predictionError=CC1=CC=C(O1)B(O)O: Molecule contains unsupported element
key='CC1=CSC(=C1)B(O)O-1065' prediction.modelResults.predictionError=CC1C=C(SC=1)B(O)O: Molecule contains unsupported element
key='CC1=CC=C(S1)B(O)O-1065' prediction.modelResults.predictionError=CC1=CC=C(S1)B(O)O: Molecule contains unsupported element
key='OB(O)C1=CC2=CC=CC=C2C=C1-1065' prediction.modelResults.predictionError=OB(O)C1=CC2=CC=CC=C2C=C1: Molecule contains unsupported element
key='OB(O)C1=C2OC3=CC=CC=C3SC2=CC=C1-1065' prediction.modelResults.predictionError=OB(O)C1C=CC=C2SC3=CC=CC=C3OC=12: Molecule contains unsupported element
key='OB(O)C1=CC=C(OC2=CC=CC=C2)C=C1-1065' prediction.modelResults.predictionError=OB(O)C1C=CC(=CC=1)OC1C=CC=CC=1: Molecule contains unsupported element
key='OB(O)C1=CN=CC=C1-1065' prediction.modelResults.predictionError=OB(O)C1=CN=CC=C1: Molecule contains unsupported element
key='OB(O)C1=CC=NC=C1-1065' prediction.modelResults.predictionError=OB(O)C1C=CN=CC=1: Molecule contains unsupported element
key='OB(O)C1=C2N=CC=CC2=CC=C1-1065' prediction.modelResults.predictionError=OB(O)C1C=CC=C2C=CC=NC2=1: Molecule contains unsupported element
key='OB(O)C1=C2SC3=CC=CC=C3SC2=CC=C1-1065' prediction.modelResults.predictionError=OB(O)C1C=CC=C2SC3=CC=CC=C3SC=12: Molecule contains unsupported element
key='CSC1=CC=CC(=C1)B(O)O-1065' prediction.modelResults.predictionError=CSC1C=C(C=CC=1)B(O)O: Molecule contains unsupported element
key='OB(O)C1=C(Cl)C=C(Cl)C=C1Cl-1065' prediction.modelResults.predictionError=OB(O)C1C(Cl)=CC(Cl)=CC=1Cl: Molecule contains unsupported element
key='OB(O)C1=CC(OC(F)(F)F)=CC=C1-1065' prediction.modelResults.predictionError=OB(O)C1=CC(=CC=C1)OC(F)(F)F: Molecule contains unsupported element
key='OB(O)C1=CC=C(OC(F)(F)F)C=C1-1065' prediction.modelResults.predictionError=OB(O)C1C=CC(=CC=1)OC(F)(F)F: Molecule contains unsupported element
key='OB(O)C1=CC=CC=C1C(F)(F)F-1065' prediction.modelResults.predictionError=OB(O)C1=CC=CC=C1C(F)(F)F: Molecule contains unsupported element
key='OB(O)C1=CC(=CC=C1)C(F)(F)F-1065' prediction.modelResults.predictionError=OB(O)C1=CC(=CC=C1)C(F)(F)F: Molecule contains unsupported element
key='OB(O)C1=CC=C(C=C1)C(F)(F)F-1065' prediction.modelResults.predictionError=OB(O)C1C=CC(=CC=1)C(F)(F)F: Molecule contains unsupported element
key='COC1=CC(=CC(OC)=C1OC)B(O)O-1065' prediction.modelResults.predictionError=COC1C=C(C=C(OC)C=1OC)B(O)O: Molecule contains unsupported element
key='[Br-].C[N+](C)(C)CC1=CC=C(C=C1)B(O)O-1065' prediction.modelResults.predictionError=C[N+](C)(C)CC1=CC=C(C=C1)B(O)O: Molecule contains unsupported element
key='OB(O)C1=CC=C(C=C)C=C1-1065' prediction.modelResults.predictionError=C=CC1=CC=C(C=C1)B(O)O: Molecule contains unsupported element
key='CC(C)CB(O)O-1065' prediction.modelResults.predictionError=CC(C)CB(O)O: Molecule contains unsupported element
key='COC1=C(F)C=C(F)C=C1B(O)O-1065' prediction.modelResults.predictionError=COC1C(=CC(F)=CC=1F)B(O)O: Molecule contains unsupported element
key='OB(O)C1=CC=C(C=C1)C1=CC=C(C=C1)B(O)O-1065' prediction.modelResults.predictionError=OB(O)C1C=CC(=CC=1)C1C=CC(=CC=1)B(O)O: Molecule contains unsupported element
key='OB(O)C1=CC=CC=C1C#N-1065' prediction.modelResults.predictionError=N#CC1=CC=CC=C1B(O)O: Molecule contains unsupported element
key='Cl.NC1=CC=C(C=C1)B(O)O-1065' prediction.modelResults.predictionError=NC1=CC=C(C=C1)B(O)O: Molecule contains unsupported element
key='NC1=CC=C(C=C1)B(O)O-1065' prediction.modelResults.predictionError=NC1=CC=C(C=C1)B(O)O: Molecule contains unsupported element
key='CC1CC(C)(C)OB(O1)B1OC(C)CC(C)(C)O1-1065' prediction.modelResults.predictionError=CC1(C)CC(C)OB(O1)B1OC(C)(C)CC(C)O1: Molecule contains unsupported element
key='CC(C)(C)OC(=O)NC1=CC=C(C=C1)B1OC(C)(C)C(C)(C)O1-1065' prediction.modelResults.predictionError=CC(C)(C)OC(=O)NC1C=CC(=CC=1)B1OC(C)(C)C(C)(C)O1: Molecule contains unsupported element
key='CCOC(=O)C1=CC=C(C=C1)B1OC(C)(C)C(C)(C)O1-1065' prediction.modelResults.predictionError=CCOC(=O)C1C=CC(=CC=1)B1OC(C)(C)C(C)(C)O1: Molecule contains unsupported element
key='CC(=O)NC1=CC=C(C=C1)B1OC(C)(C)C(C)(C)O1-1065' prediction.modelResults.predictionError=CC(=O)NC1C=CC(=CC=1)B1OC(C)(C)C(C)(C)O1: Molecule contains unsupported element
key='CC1(C)OB(OC1(C)C)C1=CC=C(N)C=C1-1065' prediction.modelResults.predictionError=CC1(C)OB(OC1(C)C)C1C=CC(N)=CC=1: Molecule contains unsupported element
key='CC1(C)OB(OC1(C)C)C1=CC=C(C=C1)C(O)=O-1065' prediction.modelResults.predictionError=CC1(C)OB(OC1(C)C)C1C=CC(=CC=1)C(O)=O: Molecule contains unsupported element
key='CC1(C)OB(OC1(C)C)C1=CC=CC=C1O-1065' prediction.modelResults.predictionError=CC1(C)OB(OC1(C)C)C1=CC=CC=C1O: Molecule contains unsupported element
key='CC1(C)OB(OC1(C)C)C1=CC(O)=CC=C1-1065' prediction.modelResults.predictionError=CC1(C)OB(OC1(C)C)C1C=CC=C(O)C=1: Molecule contains unsupported element
key='CC1(C)OB(OC1(C)C)C1=CC=C(O)C=C1-1065' prediction.modelResults.predictionError=CC1(C)OB(OC1(C)C)C1C=CC(O)=CC=1: Molecule contains unsupported element
key='CC1(C)OB(OC1(C)C)C1=CC=C(C=C1)C#N-1065' prediction.modelResults.predictionError=CC1(C)OB(OC1(C)C)C1C=CC(=CC=1)C#N: Molecule contains unsupported element
key='CC1(C)OB(OC1(C)C)C1=CC=NC=C1-1065' prediction.modelResults.predictionError=CC1(C)OB(OC1(C)C)C1C=CN=CC=1: Molecule contains unsupported element
key='CC1=CC(=CC(C)=C1O)B1OC(C)(C)C(C)(C)O1-1065' prediction.modelResults.predictionError=CC1=CC(=CC(C)=C1O)B1OC(C)(C)C(C)(C)O1: Molecule contains unsupported element
key='COC1=C(O)C=CC(=C1)B1OC(C)(C)C(C)(C)O1-1065' prediction.modelResults.predictionError=COC1C=C(C=CC=1O)B1OC(C)(C)C(C)(C)O1: Molecule contains unsupported element
key='COC(=O)C1=CC=CC(=C1)B1OC(C)(C)C(C)(C)O1-1065' prediction.modelResults.predictionError=COC(=O)C1C=C(C=CC=1)B1OC(C)(C)C(C)(C)O1: Molecule contains unsupported element
key='CC1(C)OB(OC1(C)C)C1=CC=CC=C1N-1065' prediction.modelResults.predictionError=CC1(C)OB(OC1(C)C)C1=CC=CC=C1N: Molecule contains unsupported element
key='CC1(C)OB(OC1(C)C)C1=CC(=CC=C1)C(O)=O-1065' prediction.modelResults.predictionError=CC1(C)OB(OC1(C)C)C1=CC(=CC=C1)C(O)=O: Molecule contains unsupported element
key='CC1(C)OB(OC1(C)C)C1=CC=C(NC(=O)CCC(O)=O)C=C1-1065' prediction.modelResults.predictionError=CC1(C)OB(OC1(C)C)C1C=CC(=CC=1)NC(=O)CCC(O)=O: Molecule contains unsupported element
key='CC1(C)OB(OC1(C)C)C1=CC(N)=CC=C1-1065' prediction.modelResults.predictionError=CC1(C)OB(OC1(C)C)C1C=CC=C(N)C=1: Molecule contains unsupported element
key='CC1(C)OB(OC1(C)C)C1=CN=CC=C1-1065' prediction.modelResults.predictionError=CC1(C)OB(OC1(C)C)C1=CN=CC=C1: Molecule contains unsupported element
key='CC(=O)NC1=CC=C(C=C1)B(O)O-1065' prediction.modelResults.predictionError=CC(=O)NC1C=CC(=CC=1)B(O)O: Molecule contains unsupported element
key='OB(O)C1=C(Cl)C=C(Cl)C=C1-1065' prediction.modelResults.predictionError=OB(O)C1C=CC(Cl)=CC=1Cl: Molecule contains unsupported element
key='OB(O)C1=CC(Cl)=C(F)C=C1-1065' prediction.modelResults.predictionError=OB(O)C1C=CC(F)=C(Cl)C=1: Molecule contains unsupported element
key='OB(O)C1=C(Cl)C(Cl)=CC=C1-1065' prediction.modelResults.predictionError=OB(O)C1C=CC=C(Cl)C=1Cl: Molecule contains unsupported element
key='OCC1=CC=CC(=C1)B(O)O-1065' prediction.modelResults.predictionError=OCC1C=C(C=CC=1)B(O)O: Molecule contains unsupported element
key='OB(O)C1=CC2=CC=CC=C2N=C1-1065' prediction.modelResults.predictionError=OB(O)C1=CC2=CC=CC=C2N=C1: Molecule contains unsupported element
key='CC1=C(C=CC(F)=C1)B(O)O-1065' prediction.modelResults.predictionError=CC1C=C(F)C=CC=1B(O)O: Molecule contains unsupported element
key='OB(O)C1=CC(F)=C(F)C(F)=C1-1065' prediction.modelResults.predictionError=OB(O)C1=CC(F)=C(F)C(F)=C1: Molecule contains unsupported element
key='OB(O)C1=CC(Br)=CC(Br)=C1-1065' prediction.modelResults.predictionError=OB(O)C1C=C(Br)C=C(Br)C=1: Molecule contains unsupported element
key='CC(C)(C)OC(=N)C(Cl)(Cl)Cl-1065' prediction.modelResults.predictionError=COC1C=CC(=CC=1OC)B(O)O: Molecule contains unsupported element
key='COC1=C(OC)C=C(C=C1)B(O)O-1065' prediction.modelResults.predictionError=CC(C)OC(=O)C1C=CC(=CC=1)B(O)O: Molecule contains unsupported element
key='CC(C)OC(=O)C1=CC=C(C=C1)B(O)O-1065' prediction.modelResults.predictionError=OCC1=CC=C(C=C1)B(O)O: Molecule contains unsupported element
key='CB1OC([C@@H]2CCCN12)(C1=CC=CC=C1)C1=CC=CC=C1-1065' prediction.modelResults.predictionError=CB1OC(C2CCCN21)(C1C=CC=CC=1)C1C=CC=CC=1: Molecule contains unsupported element
key='COC(=O)C1=CC=CC(=C1)B(O)O-1065' prediction.modelResults.predictionError=COC(=O)C1C=C(C=CC=1)B(O)O: Molecule contains unsupported element
key='CC(C)B(O)O-1065' prediction.modelResults.predictionError=CC(C)B(O)O: Molecule contains unsupported element
key='CC1(C)OB(OC1(C)C)C1=CN(CC2=CC=CC=C2)N=C1-1065' prediction.modelResults.predictionError=CC1(C)OB(OC1(C)C)C1C=NN(CC2C=CC=CC=2)C=1: Molecule contains unsupported element
key='CC1(C)OB(OC1(C)C)C1=CC2=C(NC=C2)C=C1-1065' prediction.modelResults.predictionError=CC1(C)OB(OC1(C)C)C1=CC2C=CNC=2C=C1: Molecule contains unsupported element
key='CCOC1=CC=CC=C1B(O)O-1065' prediction.modelResults.predictionError=CCOC1=CC=CC=C1B(O)O: Molecule contains unsupported element
key='OB(O)C1=CN=C(OCC2=CC=CC=C2)N=C1OCC1=CC=CC=C1-1065' prediction.modelResults.predictionError=OB(O)C1=CN=C(N=C1OCC1C=CC=CC=1)OCC1C=CC=CC=1: Molecule contains unsupported element
key='CCCCCCC1=CC(B(O)O)=C(CCCCCC)C=C1B(O)O-1065' prediction.modelResults.predictionError=CCCCCCC1=CC(B(O)O)=C(CCCCCC)C=C1B(O)O: Molecule contains unsupported element
key='OB(O)C1=CC=C(CBr)C=C1-1065' prediction.modelResults.predictionError=OB(O)C1C=CC(CBr)=CC=1: Molecule contains unsupported element
key='COC1=C(C=C(Cl)C=C1)B(O)O-1065' prediction.modelResults.predictionError=COC1C=CC(Cl)=CC=1B(O)O: Molecule contains unsupported element
run=1	request=81	smiles=<batch-level>	error=batch failed but single-smile checks passed: HTTPConnectionPool(host='192.168.1.7', port=5004): Read timed out. (read timeout=600)
key='O.CC(C)(C)OC1=NC=C(B(O)O)C(OC(C)(C)C)=N1-1065' prediction.modelResults.predictionError=CC(C)(C)OC1=NC(=NC=C1B(O)O)OC(C)(C)C: Molecule contains unsupported element
key='CC(C)(C)OC1=NC=C(B(O)O)C(OC(C)(C)C)=N1-1065' prediction.modelResults.predictionError=CC(C)(C)OC1=NC(=NC=C1B(O)O)OC(C)(C)C: Molecule contains unsupported element
key='O.CC(C)(C)OC1=NC=C(B(O)O)C(OC(C)(C)C)=N1-1065' prediction.modelResults.predictionError=CC(C)(C)OC1=NC(=NC=C1B(O)O)OC(C)(C)C: Molecule contains unsupported element
key='CC(C)(C)OC1=NC=C(B(O)O)C(OC(C)(C)C)=N1-1065' prediction.modelResults.predictionError=CC(C)(C)OC1=NC(=NC=C1B(O)O)OC(C)(C)C: Molecule contains unsupported element
key='OB(O)C1CNC(=O)NC1=O-1065' prediction.modelResults.predictionError=OB(O)C1CNC(=O)NC1=O: Molecule contains unsupported element
key='OB(O)C1=CC(C=O)=CO1-1065' prediction.modelResults.predictionError=OB(O)C1=CC(C=O)=CO1: Molecule contains unsupported element
key='COC1=NC=C(C=N1)B(O)O-1065' prediction.modelResults.predictionError=COC1N=CC(=CN=1)B(O)O: Molecule contains unsupported element
key='CCN(CC)C=CC(=O)C(F)(F)F-1065' prediction.modelResults.predictionError=CC1=CC=C(O1)B1OC(C)(C)C(C)(C)O1: Molecule contains unsupported element
key='O=S(CC#N)CC#N-1065' prediction.modelResults.predictionError=OB(O)C1=CC=C[Se]1: Molecule contains unsupported element
key='OB(O)C1CNC(=O)NC1=O-1065' prediction.modelResults.predictionError=OB(O)C1CNC(=O)NC1=O: Molecule contains unsupported element
key='OB(O)C1=CC(C=O)=CO1-1065' prediction.modelResults.predictionError=OB(O)C1=CC(C=O)=CO1: Molecule contains unsupported element
key='COC1=NC=C(C=N1)B(O)O-1065' prediction.modelResults.predictionError=COC1N=CC(=CN=1)B(O)O: Molecule contains unsupported element
run=1	request=82	smiles=<batch-level>	error=batch failed but single-smile checks passed: HTTPConnectionPool(host='192.168.1.7', port=5004): Read timed out. (read timeout=600)
key='OB(O)C1=C(F)C=C(OCC2=CC=CC=C2)C=C1-1065' prediction.modelResults.predictionError=OB(O)C1C=CC(=CC=1F)OCC1C=CC=CC=1: Molecule contains unsupported element
key='OB(O)C1=CC(F)=C(OCC2=CC=CC=C2)C=C1-1065' prediction.modelResults.predictionError=OB(O)C1=CC(F)=C(C=C1)OCC1C=CC=CC=1: Molecule contains unsupported element
key='CC(=O)NC1=CC=CC=C1B(O)O-1065' prediction.modelResults.predictionError=CC(=O)NC1=CC=CC=C1B(O)O: Molecule contains unsupported element
key='NC1=CC(=CC(=C1)C(O)=O)B(O)O-1065' prediction.modelResults.predictionError=NC1=CC(=CC(=C1)C(O)=O)B(O)O: Molecule contains unsupported element
key='COC(=O)C1=CC(N)=C(C=C1)B(O)O-1065' prediction.modelResults.predictionError=COC(=O)C1=CC(N)=C(C=C1)B(O)O: Molecule contains unsupported element
key='CC1=C(N)C=C(C=C1)B(O)O-1065' prediction.modelResults.predictionError=CC1C=CC(=CC=1N)B(O)O: Molecule contains unsupported element
key='NC1=CC(=CC(=C1)B(O)O)[N+]([O-])=O-1065' prediction.modelResults.predictionError=NC1=CC(=CC(=C1)B(O)O)[N+]([O-])=O: Molecule contains unsupported element
key='NC(=O)C1=CC=CC=C1B(O)O-1065' prediction.modelResults.predictionError=NC(=O)C1=CC=CC=C1B(O)O: Molecule contains unsupported element
key='NC(=O)C1=CC=C(C=C1)B(O)O-1065' prediction.modelResults.predictionError=NC(=O)C1C=CC(=CC=1)B(O)O: Molecule contains unsupported element
key='NC(=O)C1=CC=CC(=C1)B(O)O-1065' prediction.modelResults.predictionError=NC(=O)C1C=C(C=CC=1)B(O)O: Molecule contains unsupported element
key='OB(O)C1=C(F)C=C(OCC2=CC=CC=C2)C=C1-1065' prediction.modelResults.predictionError=OB(O)C1C=CC(=CC=1F)OCC1C=CC=CC=1: Molecule contains unsupported element
key='OB(O)C1=CC(F)=C(OCC2=CC=CC=C2)C=C1-1065' prediction.modelResults.predictionError=OB(O)C1=CC(F)=C(C=C1)OCC1C=CC=CC=1: Molecule contains unsupported element
key='CC(=O)NC1=CC=CC=C1B(O)O-1065' prediction.modelResults.predictionError=CC(=O)NC1=CC=CC=C1B(O)O: Molecule contains unsupported element
key='NC1=CC(=CC(=C1)C(O)=O)B(O)O-1065' prediction.modelResults.predictionError=NC1=CC(=CC(=C1)C(O)=O)B(O)O: Molecule contains unsupported element
key='COC(=O)C1=CC(N)=C(C=C1)B(O)O-1065' prediction.modelResults.predictionError=COC(=O)C1=CC(N)=C(C=C1)B(O)O: Molecule contains unsupported element
key='CC1=C(N)C=C(C=C1)B(O)O-1065' prediction.modelResults.predictionError=CC1C=CC(=CC=1N)B(O)O: Molecule contains unsupported element
key='NC1=CC(=CC(=C1)B(O)O)[N+]([O-])=O-1065' prediction.modelResults.predictionError=NC1=CC(=CC(=C1)B(O)O)[N+]([O-])=O: Molecule contains unsupported element
key='NC(=O)C1=CC=CC=C1B(O)O-1065' prediction.modelResults.predictionError=NC(=O)C1=CC=CC=C1B(O)O: Molecule contains unsupported element
key='NC(=O)C1=CC=C(C=C1)B(O)O-1065' prediction.modelResults.predictionError=NC(=O)C1C=CC(=CC=1)B(O)O: Molecule contains unsupported element
key='NC(=O)C1=CC=CC(=C1)B(O)O-1065' prediction.modelResults.predictionError=NC(=O)C1C=C(C=CC=1)B(O)O: Molecule contains unsupported element
key='NC(=N)SCCC1=CC=CC=C1.OC1=C(C=C(C=C1[N+]([O-])=O)[N+]([O-])=O)[N+]([O-])=O-1065' prediction.modelResults.predictionError=NC(=N)SCCC1=CC=CC=C1.OC1=C(C=C(C=C1[N+]([O-])=O)[N+]([O-])=O)[N+]([O-])=O: model can't run mixtures
key='C1=CC=C2C(=C1)C=CC1=CC=CC=C1C1=CC=CC=C21-1065' prediction.modelResults.predictionError=Number of atoms equals zero
key='[Cl-].C1=CC=C(C=C1)[Te+](C1=CC=CC=C1)C1=CC=CC=C1-1065' prediction.modelResults.predictionError=C1=CC=CC=C1[Te+](C1C=CC=CC=1)C1C=CC=CC=1: Molecule contains unsupported element
key='NC(=N)SCCC1=CC=CC=C1.OC1=C(C=C(C=C1[N+]([O-])=O)[N+]([O-])=O)[N+]([O-])=O-1065' prediction.modelResults.predictionError=NC(=N)SCCC1=CC=CC=C1.OC1=C(C=C(C=C1[N+]([O-])=O)[N+]([O-])=O)[N+]([O-])=O: model can't run mixtures
key='C1=CC=C2C(=C1)C=CC1=CC=CC=C1C1=CC=CC=C21-1065' prediction.modelResults.predictionError=Number of atoms equals zero
key='[Cl-].C1=CC=C(C=C1)[Te+](C1=CC=CC=C1)C1=CC=CC=C1-1065' prediction.modelResults.predictionError=C1=CC=CC=C1[Te+](C1C=CC=CC=1)C1C=CC=CC=1: Molecule contains unsupported element
run=1	request=83	smiles=<batch-level>	error=batch failed but single-smile checks passed: HTTPConnectionPool(host='192.168.1.7', port=5004): Read timed out. (read timeout=600)
key='CC(C)(C)C1=CC=C(C[Se]C#N)C=C1-1065' prediction.modelResults.predictionError=CC(C)(C)C1C=CC(C[Se]C#N)=CC=1: Molecule contains unsupported element
key='CC1=CC=C(C[Se]C#N)C=C1-1065' prediction.modelResults.predictionError=CC1=CC=C(C[Se]C#N)C=C1: Molecule contains unsupported element
key='COC1=CC=C(C[Se]C#N)C=C1-1065' prediction.modelResults.predictionError=COC1C=CC(C[Se]C#N)=CC=1: Molecule contains unsupported element
key='FC1=CC=C(C[Se]C#N)C=C1-1065' prediction.modelResults.predictionError=N#C[Se]CC1C=CC(F)=CC=1: Molecule contains unsupported element
key='[O-][N+](=O)C1=CC=C(C[Se]C#N)C=C1-1065' prediction.modelResults.predictionError=N#C[Se]CC1=CC=C(C=C1)[N+]([O-])=O: Molecule contains unsupported element
key='C1=CC=C(C=C1)C1=CC=CC=N1.OC1=C(C=C(C=C1[N+]([O-])=O)[N+]([O-])=O)[N+]([O-])=O-1065' prediction.modelResults.predictionError=C1=CC=C(C=C1)C1=CC=CC=N1.OC1=C(C=C(C=C1[N+]([O-])=O)[N+]([O-])=O)[N+]([O-])=O: model can't run mixtures
key='OC(=O)C(F)(F)F.NCCC(=O)OCC(=O)NC(C1=CC=CC=C1)C1=CC=CC=C1-1065' prediction.modelResults.predictionError=OC(=O)C(F)(F)F.NCCC(=O)OCC(=O)NC(C1=CC=CC=C1)C1=CC=CC=C1: model can't run mixtures
key='C1CCC(CC1)NC1CCCCC1.CC(=C)C[C@H](NC(=O)OC(C)(C)C)C(O)=O-1065' prediction.modelResults.predictionError=C1CCC(CC1)NC1CCCCC1.CC(=C)C[C@H](NC(=O)OC(C)(C)C)C(O)=O: model can't run mixtures
key='C1CCC(CC1)NC1CCCCC1.CC[C@@H](NC(=O)OC(C)(C)C)C(O)=O-1065' prediction.modelResults.predictionError=C1CCC(CC1)NC1CCCCC1.CC[C@@H](NC(=O)OC(C)(C)C)C(O)=O: model can't run mixtures
key='C1CCC(CC1)NC1CCCCC1.CC(C)[C@H](NC(=O)OC(C)(C)C)[C@@H](O)CC(O)=O-1065' prediction.modelResults.predictionError=C1CCC(CC1)NC1CCCCC1.CC(C)[C@H](NC(=O)OC(C)(C)C)[C@@H](O)CC(O)=O: model can't run mixtures
key='C1CCC(CC1)NC1CCCCC1.CC(C)(C)OC(=O)NCCOCCOCC(O)=O-1065' prediction.modelResults.predictionError=C1CCC(CC1)NC1CCCCC1.CC(C)(C)OC(=O)NCCOCCOCC(O)=O: model can't run mixtures
key='C1CCC(CC1)NC1CCCCC1.CC(C)(C)OC(=O)N[C@@H](CNC(=O)OCC1=CC=CC=C1)C(O)=O-1065' prediction.modelResults.predictionError=C1CCC(CC1)NC1CCCCC1.CC(C)(C)OC(=O)N[C@@H](CNC(=O)OCC1=CC=CC=C1)C(O)=O: model can't run mixtures
key='C1CCC(CC1)NC1CCCCC1.CC(C)(C)OC(=O)N[C@H](CNC(=O)OCC=C)C(O)=O-1065' prediction.modelResults.predictionError=C1CCC(CC1)NC1CCCCC1.CC(C)(C)OC(=O)N[C@H](CNC(=O)OCC=C)C(O)=O: model can't run mixtures
key='C1CCC(CC1)NC1CCCCC1.CCC(C)[C@H](NC(=O)OC(C)(C)C)[C@@H](O)CC(O)=O-1065' prediction.modelResults.predictionError=C1CCC(CC1)NC1CCCCC1.CCC(C)[C@H](NC(=O)OC(C)(C)C)[C@@H](O)CC(O)=O: model can't run mixtures
key='C1CCC(CC1)NC1CCCCC1.CC(C)(C)OC(=O)N[C@@H](CC=C)C(O)=O-1065' prediction.modelResults.predictionError=C1CCC(CC1)NC1CCCCC1.CC(C)(C)OC(=O)N[C@@H](CC=C)C(O)=O: model can't run mixtures
key='C1CCC(CC1)NC1CCCCC1.CC(C)[C@H](NC(=O)OCC1C2=CC=CC=C2C2=CC=CC=C12)[C@@H](O)CC(O)=O-1065' prediction.modelResults.predictionError=C1CCC(CC1)NC1CCCCC1.CC(C)[C@H](NC(=O)OCC1C2=CC=CC=C2C2=CC=CC=C12)[C@@H](O)CC(O)=O: model can't run mixtures
key='CC1(C)OB(OC1(C)C)C1=CN=C(N)C=C1-1065' prediction.modelResults.predictionError=CC1(C)OB(OC1(C)C)C1C=CC(N)=NC=1: Molecule contains unsupported element
key='ClC(=O)CC1=CC2=C(OCO2)C=C1-1065' prediction.modelResults.predictionError={"timestamp":"2026-03-17T02:03:55.600+00:00","status":500,"error":"Internal Server Error","message":"I/O error on POST request for \"https://cim.sciencedataexperts.com/api/resolver/resolve\": null","path":"/api/stdizer/chemicals"}
key='CC(C)OC(=O)C1=CC=C(C=C1)C1=CC=C(C=C1)C(O)=O-1065' prediction.modelResults.predictionError=Number of atoms equals zero
key='CCOC(=O)[C@H]1OB(O[C@@H]1C(=O)OCC)B1O[C@@H]([C@H](O1)C(=O)OCC)C(=O)OCC-1065' prediction.modelResults.predictionError=CCOC(=O)C1OB(OC1C(=O)OCC)B1OC(C(O1)C(=O)OCC)C(=O)OCC: Molecule contains unsupported element
key='COC1=C(NC(=O)OC(C)(C)C)C=CC(=C1)B(O)O-1065' prediction.modelResults.predictionError=COC1C=C(C=CC=1NC(=O)OC(C)(C)C)B(O)O: Molecule contains unsupported element
key='CC(C)(C)C1=CC=C(C=C1)B1OC(C)(C)C(C)(C)O1-1065' prediction.modelResults.predictionError=CC(C)(C)C1=CC=C(C=C1)B1OC(C)(C)C(C)(C)O1: Molecule contains unsupported element
key='CC(C)(C)OC(=O)N1C=CC2=C1C=CC(=C2)B1OC(C)(C)C(C)(C)O1-1065' prediction.modelResults.predictionError=CC(C)(C)OC(=O)N1C=CC2C=C(C=CC1=2)B1OC(C)(C)C(C)(C)O1: Molecule contains unsupported element
key='CC(C)(C)C1=CC=C(C[Se]C#N)C=C1-1065' prediction.modelResults.predictionError=CC(C)(C)C1C=CC(C[Se]C#N)=CC=1: Molecule contains unsupported element
key='CC1=CC=C(C[Se]C#N)C=C1-1065' prediction.modelResults.predictionError=CC1=CC=C(C[Se]C#N)C=C1: Molecule contains unsupported element
key='COC1=CC=C(C[Se]C#N)C=C1-1065' prediction.modelResults.predictionError=COC1C=CC(C[Se]C#N)=CC=1: Molecule contains unsupported element
key='FC1=CC=C(C[Se]C#N)C=C1-1065' prediction.modelResults.predictionError=N#C[Se]CC1C=CC(F)=CC=1: Molecule contains unsupported element
key='[O-][N+](=O)C1=CC=C(C[Se]C#N)C=C1-1065' prediction.modelResults.predictionError=N#C[Se]CC1=CC=C(C=C1)[N+]([O-])=O: Molecule contains unsupported element
key='C1=CC=C(C=C1)C1=CC=CC=N1.OC1=C(C=C(C=C1[N+]([O-])=O)[N+]([O-])=O)[N+]([O-])=O-1065' prediction.modelResults.predictionError=C1=CC=C(C=C1)C1=CC=CC=N1.OC1=C(C=C(C=C1[N+]([O-])=O)[N+]([O-])=O)[N+]([O-])=O: model can't run mixtures
key='OC(=O)C(F)(F)F.NCCC(=O)OCC(=O)NC(C1=CC=CC=C1)C1=CC=CC=C1-1065' prediction.modelResults.predictionError=OC(=O)C(F)(F)F.NCCC(=O)OCC(=O)NC(C1=CC=CC=C1)C1=CC=CC=C1: model can't run mixtures
key='C1CCC(CC1)NC1CCCCC1.CC(=C)C[C@H](NC(=O)OC(C)(C)C)C(O)=O-1065' prediction.modelResults.predictionError=C1CCC(CC1)NC1CCCCC1.CC(=C)C[C@H](NC(=O)OC(C)(C)C)C(O)=O: model can't run mixtures
key='C1CCC(CC1)NC1CCCCC1.CCC(C)[C@H](NC(=O)OC(C)(C)C)[C@@H](O)CC(O)=O-1065' prediction.modelResults.predictionError=C1CCC(CC1)NC1CCCCC1.CCC(C)[C@H](NC(=O)OC(C)(C)C)[C@@H](O)CC(O)=O: model can't run mixtures
key='C1CCC(CC1)NC1CCCCC1.CC(C)(C)OC(=O)N[C@@H](CC=C)C(O)=O-1065' prediction.modelResults.predictionError=C1CCC(CC1)NC1CCCCC1.CC(C)(C)OC(=O)N[C@@H](CC=C)C(O)=O: model can't run mixtures
key='C1CCC(CC1)NC1CCCCC1.CC(C)[C@H](NC(=O)OCC1C2=CC=CC=C2C2=CC=CC=C12)[C@@H](O)CC(O)=O-1065' prediction.modelResults.predictionError=C1CCC(CC1)NC1CCCCC1.CC(C)[C@H](NC(=O)OCC1C2=CC=CC=C2C2=CC=CC=C12)[C@@H](O)CC(O)=O: model can't run mixtures
key='CC1(C)OB(OC1(C)C)C1=CN=C(N)C=C1-1065' prediction.modelResults.predictionError=CC1(C)OB(OC1(C)C)C1C=CC(N)=NC=1: Molecule contains unsupported element
key='CC(C)OC(=O)C1=CC=C(C=C1)C1=CC=C(C=C1)C(O)=O-1065' prediction.modelResults.predictionError=Number of atoms equals zero
key='CCOC(=O)[C@H]1OB(O[C@@H]1C(=O)OCC)B1O[C@@H]([C@H](O1)C(=O)OCC)C(=O)OCC-1065' prediction.modelResults.predictionError=CCOC(=O)C1OB(OC1C(=O)OCC)B1OC(C(O1)C(=O)OCC)C(=O)OCC: Molecule contains unsupported element
key='COC1=C(NC(=O)OC(C)(C)C)C=CC(=C1)B(O)O-1065' prediction.modelResults.predictionError=COC1C=C(C=CC=1NC(=O)OC(C)(C)C)B(O)O: Molecule contains unsupported element
key='CC(C)(C)C1=CC=C(C=C1)B1OC(C)(C)C(C)(C)O1-1065' prediction.modelResults.predictionError=CC(C)(C)C1=CC=C(C=C1)B1OC(C)(C)C(C)(C)O1: Molecule contains unsupported element
key='CC(C)(C)OC(=O)N1C=CC2=C1C=CC(=C2)B1OC(C)(C)C(C)(C)O1-1065' prediction.modelResults.predictionError=CC(C)(C)OC(=O)N1C=CC2C=C(C=CC1=2)B1OC(C)(C)C(C)(C)O1: Molecule contains unsupported element
run=1	request=84	smiles=<batch-level>	error=batch failed but single-smile checks passed: HTTPConnectionPool(host='192.168.1.7', port=5004): Read timed out. (read timeout=600)
key='OC(O)=O.NC(N)=NC1=CC=C(Cl)C=C1.NC(N)=NC1=CC=C(Cl)C=C1-1065' prediction.modelResults.predictionError=OC(O)=O.NC(N)=NC1=CC=C(Cl)C=C1.NC(N)=NC1=CC=C(Cl)C=C1: model can't run mixtures
key='OB(O)C1=CC(C#N)=C(F)C=C1-1065' prediction.modelResults.predictionError=N#CC1C=C(C=CC=1F)B(O)O: Molecule contains unsupported element
key='CC1(C)OB(OC1(C)C)C1CC1-1065' prediction.modelResults.predictionError=CC1(C)OB(OC1(C)C)C1CC1: Molecule contains unsupported element
key='CC1(C)OB(OC1(C)C)C1=CC=C(C=C1)C(=O)NC1CC1-1065' prediction.modelResults.predictionError=CC1(C)OB(OC1(C)C)C1C=CC(=CC=1)C(=O)NC1CC1: Molecule contains unsupported element
key='CC1(C)OB(OC1(C)C)C1=CC(Cl)=CC(Cl)=C1-1065' prediction.modelResults.predictionError=CC1(C)OB(OC1(C)C)C1C=C(Cl)C=C(Cl)C=1: Molecule contains unsupported element
key='COC1=NC(OC)=C(C=C1)B1OC(C)(C)C(C)(C)O1-1065' prediction.modelResults.predictionError=CC1(C)OB(OC1(C)C)C1C=CC(=NC=1OC)OC: Molecule contains unsupported element
key='C[Si-](C)(C)(F)F.CN1CCN(C)C1=[N+](C)C-1065' prediction.modelResults.predictionError=C[Si-](C)(C)(F)F.CN1CCN(C)C1=[N+](C)C: model can't run mixtures
key='CN(C)CCNC(=O)C1=CC=CC(=C1)B1OC(C)(C)C(C)(C)O1-1065' prediction.modelResults.predictionError=CN(C)CCNC(=O)C1C=C(C=CC=1)B1OC(C)(C)C(C)(C)O1: Molecule contains unsupported element
key='CN(C)CCNC(=O)C1=CC=C(C=C1)B1OC(C)(C)C(C)(C)O1-1065' prediction.modelResults.predictionError=CN(C)CCNC(=O)C1C=CC(=CC=1)B1OC(C)(C)C(C)(C)O1: Molecule contains unsupported element
key='CN(C)CCCNC(=O)C1=CC=C(C=C1)B1OC(C)(C)C(C)(C)O1-1065' prediction.modelResults.predictionError=CN(C)CCCNC(=O)C1C=CC(=CC=1)B1OC(C)(C)C(C)(C)O1: Molecule contains unsupported element
key='CC1=C(C)[Se]C(=[Se])[Se]1-1065' prediction.modelResults.predictionError=CC1[Se]C(=[Se])[Se]C=1C: Molecule contains unsupported element
key='CC1=C(B2OC(C)(C)C(C)(C)O2)C(C)=NO1-1065' prediction.modelResults.predictionError=CC1ON=C(C)C=1B1OC(C)(C)C(C)(C)O1: Molecule contains unsupported element
key='CN(C)C(=O)C1=CC=CC(=C1)B1OC(C)(C)C(C)(C)O1-1065' prediction.modelResults.predictionError=CN(C)C(=O)C1C=C(C=CC=1)B1OC(C)(C)C(C)(C)O1: Molecule contains unsupported element
key='CN(C)C1=CC=CC=C1B1OC(C)(C)C(C)(C)O1-1065' prediction.modelResults.predictionError=CN(C)C1=CC=CC=C1B1OC(C)(C)C(C)(C)O1: Molecule contains unsupported element
key='CN(C)C1=CC=C(C=C1)B1OC(C)(C)C(C)(C)O1-1065' prediction.modelResults.predictionError=CN(C)C1C=CC(=CC=1)B1OC(C)(C)C(C)(C)O1: Molecule contains unsupported element
key='COC1=C(F)C=C(C=C1)B1OC(C)(C)C(C)(C)O1-1065' prediction.modelResults.predictionError=COC1C=CC(=CC=1F)B1OC(C)(C)C(C)(C)O1: Molecule contains unsupported element
key='CC1=C(C=CC(F)=C1)B1OC(C)(C)C(C)(C)O1-1065' prediction.modelResults.predictionError=CC1C=C(F)C=CC=1B1OC(C)(C)C(C)(C)O1: Molecule contains unsupported element
key='COC1=C(C=O)C=C(C=C1)B(O)O-1065' prediction.modelResults.predictionError=COC1C=CC(=CC=1C=O)B(O)O: Molecule contains unsupported element
key='CC(C)CN1C=C(C=N1)B1OC(C)(C)C(C)(C)O1-1065' prediction.modelResults.predictionError=CC(C)CN1C=C(C=N1)B1OC(C)(C)C(C)(C)O1: Molecule contains unsupported element
key='OB(O)C1=CC2=C3N(CCCC3=C1)CCC2-1065' prediction.modelResults.predictionError=OB(O)C1=CC2CCCN3CCCC(=C1)C3=2: Molecule contains unsupported element
key='CC1(C)OB(OC1(C)C)C1=CC=C(C=C1)S(C)(=O)=O-1065' prediction.modelResults.predictionError=CS(=O)(=O)C1C=CC(=CC=1)B1OC(C)(C)C(C)(C)O1: Molecule contains unsupported element
key='OB(O)C1=CC(C#N)=C(F)C=C1-1065' prediction.modelResults.predictionError=N#CC1C=C(C=CC=1F)B(O)O: Molecule contains unsupported element
key='CC1(C)OB(OC1(C)C)C1CC1-1065' prediction.modelResults.predictionError=CC1(C)OB(OC1(C)C)C1CC1: Molecule contains unsupported element
key='CC1(C)OB(OC1(C)C)C1=CC=C(C=C1)C(=O)NC1CC1-1065' prediction.modelResults.predictionError=CC1(C)OB(OC1(C)C)C1C=CC(=CC=1)C(=O)NC1CC1: Molecule contains unsupported element
key='CC1(C)OB(OC1(C)C)C1=CC(Cl)=CC(Cl)=C1-1065' prediction.modelResults.predictionError=CC1(C)OB(OC1(C)C)C1C=C(Cl)C=C(Cl)C=1: Molecule contains unsupported element
key='COC1=NC(OC)=C(C=C1)B1OC(C)(C)C(C)(C)O1-1065' prediction.modelResults.predictionError=CC1(C)OB(OC1(C)C)C1C=CC(=NC=1OC)OC: Molecule contains unsupported element
key='C[Si-](C)(C)(F)F.CN1CCN(C)C1=[N+](C)C-1065' prediction.modelResults.predictionError=C[Si-](C)(C)(F)F.CN1CCN(C)C1=[N+](C)C: model can't run mixtures
key='CN(C)CCNC(=O)C1=CC=CC(=C1)B1OC(C)(C)C(C)(C)O1-1065' prediction.modelResults.predictionError=CN(C)CCNC(=O)C1C=C(C=CC=1)B1OC(C)(C)C(C)(C)O1: Molecule contains unsupported element
key='CN(C)CCNC(=O)C1=CC=C(C=C1)B1OC(C)(C)C(C)(C)O1-1065' prediction.modelResults.predictionError=CN(C)CCNC(=O)C1C=CC(=CC=1)B1OC(C)(C)C(C)(C)O1: Molecule contains unsupported element
key='CN(C)CCCNC(=O)C1=CC=C(C=C1)B1OC(C)(C)C(C)(C)O1-1065' prediction.modelResults.predictionError=CN(C)CCCNC(=O)C1C=CC(=CC=1)B1OC(C)(C)C(C)(C)O1: Molecule contains unsupported element
key='CC1=C(C)[Se]C(=[Se])[Se]1-1065' prediction.modelResults.predictionError=CC1[Se]C(=[Se])[Se]C=1C: Molecule contains unsupported element
key='CC1=C(B2OC(C)(C)C(C)(C)O2)C(C)=NO1-1065' prediction.modelResults.predictionError=CC1ON=C(C)C=1B1OC(C)(C)C(C)(C)O1: Molecule contains unsupported element
key='CN(C)C(=O)C1=CC=CC(=C1)B1OC(C)(C)C(C)(C)O1-1065' prediction.modelResults.predictionError=CN(C)C(=O)C1C=C(C=CC=1)B1OC(C)(C)C(C)(C)O1: Molecule contains unsupported element
key='CN(C)C1=CC=CC=C1B1OC(C)(C)C(C)(C)O1-1065' prediction.modelResults.predictionError=CN(C)C1=CC=CC=C1B1OC(C)(C)C(C)(C)O1: Molecule contains unsupported element
key='CN(C)C1=CC=C(C=C1)B1OC(C)(C)C(C)(C)O1-1065' prediction.modelResults.predictionError=CN(C)C1C=CC(=CC=1)B1OC(C)(C)C(C)(C)O1: Molecule contains unsupported element
key='COC1=C(F)C=C(C=C1)B1OC(C)(C)C(C)(C)O1-1065' prediction.modelResults.predictionError=COC1C=CC(=CC=1F)B1OC(C)(C)C(C)(C)O1: Molecule contains unsupported element
key='CC1=C(C=CC(F)=C1)B1OC(C)(C)C(C)(C)O1-1065' prediction.modelResults.predictionError=CC1C=C(F)C=CC=1B1OC(C)(C)C(C)(C)O1: Molecule contains unsupported element
key='COC1=C(C=O)C=C(C=C1)B(O)O-1065' prediction.modelResults.predictionError=COC1C=CC(=CC=1C=O)B(O)O: Molecule contains unsupported element
key='CC(C)CN1C=C(C=N1)B1OC(C)(C)C(C)(C)O1-1065' prediction.modelResults.predictionError=CC(C)CN1C=C(C=N1)B1OC(C)(C)C(C)(C)O1: Molecule contains unsupported element
key='OB(O)C1=CC2=C3N(CCCC3=C1)CCC2-1065' prediction.modelResults.predictionError=OB(O)C1=CC2CCCN3CCCC(=C1)C3=2: Molecule contains unsupported element
key='CC1(C)OB(OC1(C)C)C1=CC=C(C=C1)S(C)(=O)=O-1065' prediction.modelResults.predictionError=CS(=O)(=O)C1C=CC(=CC=1)B1OC(C)(C)C(C)(C)O1: Molecule contains unsupported element
key='COC1=C(C=C(C=C1)B(O)O)[N+]([O-])=O-1065' prediction.modelResults.predictionError=COC1C=CC(=CC=1[N+]([O-])=O)B(O)O: Molecule contains unsupported element
key='CC(C)CCN1C=C(C=N1)B1OC(C)(C)C(C)(C)O1-1065' prediction.modelResults.predictionError=CC(C)CCN1C=C(C=N1)B1OC(C)(C)C(C)(C)O1: Molecule contains unsupported element
key='CN1C=CC2=C1C=CC(=C2)B(O)O-1065' prediction.modelResults.predictionError=CN1C=CC2C=C(C=CC1=2)B(O)O: Molecule contains unsupported element
key='CN1CCN(CC1)C(=O)C1=CC=CC(=C1)B1OC(C)(C)C(C)(C)O1-1065' prediction.modelResults.predictionError=CN1CCN(CC1)C(=O)C1C=C(C=CC=1)B1OC(C)(C)C(C)(C)O1: Molecule contains unsupported element
key='CN1CCN(CC1)C(=O)C1=CC=C(C=C1)B1OC(C)(C)C(C)(C)O1-1065' prediction.modelResults.predictionError=CN1CCN(CC1)C(=O)C1C=CC(=CC=1)B1OC(C)(C)C(C)(C)O1: Molecule contains unsupported element
key='COC(=O)C1=CC=CC=C1B1OC(C)(C)C(C)(C)O1-1065' prediction.modelResults.predictionError=COC(=O)C1=CC=CC=C1B1OC(C)(C)C(C)(C)O1: Molecule contains unsupported element
key='CN1C=CC(=N1)B1OC(C)(C)C(C)(C)O1-1065' prediction.modelResults.predictionError=CN1C=CC(=N1)B1OC(C)(C)C(C)(C)O1: Molecule contains unsupported element
key='COC1=C(C=C(C=C1)B(O)O)[N+]([O-])=O-1065' prediction.modelResults.predictionError=COC1C=CC(=CC=1[N+]([O-])=O)B(O)O: Molecule contains unsupported element
key='CC(C)CCN1C=C(C=N1)B1OC(C)(C)C(C)(C)O1-1065' prediction.modelResults.predictionError=CC(C)CCN1C=C(C=N1)B1OC(C)(C)C(C)(C)O1: Molecule contains unsupported element
key='CN1C=CC2=C1C=CC(=C2)B(O)O-1065' prediction.modelResults.predictionError=CN1C=CC2C=C(C=CC1=2)B(O)O: Molecule contains unsupported element
key='CN1CCN(CC1)C(=O)C1=CC=CC(=C1)B1OC(C)(C)C(C)(C)O1-1065' prediction.modelResults.predictionError=CN1CCN(CC1)C(=O)C1C=C(C=CC=1)B1OC(C)(C)C(C)(C)O1: Molecule contains unsupported element
key='CN1CCN(CC1)C(=O)C1=CC=C(C=C1)B1OC(C)(C)C(C)(C)O1-1065' prediction.modelResults.predictionError=CN1CCN(CC1)C(=O)C1C=CC(=CC=1)B1OC(C)(C)C(C)(C)O1: Molecule contains unsupported element
key='COC(=O)C1=CC=CC=C1B1OC(C)(C)C(C)(C)O1-1065' prediction.modelResults.predictionError=COC(=O)C1=CC=CC=C1B1OC(C)(C)C(C)(C)O1: Molecule contains unsupported element
key='CN1C=CC(=N1)B1OC(C)(C)C(C)(C)O1-1065' prediction.modelResults.predictionError=CN1C=CC(=N1)B1OC(C)(C)C(C)(C)O1: Molecule contains unsupported element
run=1	request=85	smiles=<batch-level>	error=batch failed but single-smile checks passed: HTTPConnectionPool(host='192.168.1.7', port=5004): Read timed out. (read timeout=600)
key='CC1(C)OB(OC1(C)C)C1=CC=C(C=C1)C(=O)N1CCOCC1-1065' prediction.modelResults.predictionError=CC1(C)OB(OC1(C)C)C1=CC=C(C=C1)C(=O)N1CCOCC1: Molecule contains unsupported element
key='CC1(C)OB(OC1(C)C)C1=CC=CC2=CC=CC=C12-1065' prediction.modelResults.predictionError=CC1(C)OB(OC1(C)C)C1=CC=CC2=CC=CC=C21: Molecule contains unsupported element
key='[O-]S(=O)(=O)C(F)(F)F.FC(F)(F)C(F)(F)C(F)(F)C(F)(F)C(F)(F)C(F)(F)C(F)(F)C(F)(F)[I+]C1=CC=CC=C1-1065' prediction.modelResults.predictionError=[O-]S(=O)(=O)C(F)(F)F.FC(F)(F)C(F)(F)C(F)(F)C(F)(F)C(F)(F)C(F)(F)C(F)(F)C(F)(F)[I+]C1=CC=CC=C1: model can't run mixtures
key='[O-]S(=O)(=O)C(F)(F)F.FC(F)(F)C(F)(F)C(F)(F)[I+]C1=CC=CC=C1-1065' prediction.modelResults.predictionError=[O-]S(=O)(=O)C(F)(F)F.FC(F)(F)C(F)(F)C(F)(F)[I+]C1=CC=CC=C1: model can't run mixtures
key='CCCN1C=C(C=N1)B1OC(C)(C)C(C)(C)O1-1065' prediction.modelResults.predictionError=CCCN1C=C(C=N1)B1OC(C)(C)C(C)(C)O1: Molecule contains unsupported element
key='CC1(C)OB(OC1(C)C)C1=CC(C=O)=CC=C1-1065' prediction.modelResults.predictionError=CC1(C)OB(OC1(C)C)C1C=CC=C(C=O)C=1: Molecule contains unsupported element
key='CC1(C)OB(OC1(C)C)C1=CC(=CC=C1)C(N)=O-1065' prediction.modelResults.predictionError=CC1(C)OB(OC1(C)C)C1=CC(=CC=C1)C(N)=O: Molecule contains unsupported element
key='CC1(C)OB(OC1(C)C)C1=CC=C(C=C1)C(N)=O-1065' prediction.modelResults.predictionError=CC1(C)OB(OC1(C)C)C1C=CC(=CC=1)C(N)=O: Molecule contains unsupported element
key='CC1(C)OB(OC1(C)C)C1=CC2=C(OCO2)C=C1-1065' prediction.modelResults.predictionError=CC1(C)OB(OC1(C)C)C1=CC2OCOC=2C=C1: Molecule contains unsupported element
key='CC1(C)OB(OC1(C)C)C1=CC(=CC=C1)C#N-1065' prediction.modelResults.predictionError=CC1(C)OB(OC1(C)C)C1=CC(=CC=C1)C#N: Molecule contains unsupported element
key='CC(C)(C)OC(=O)NCC1=CC=CC(=C1)B1OC(C)(C)C(C)(C)O1-1065' prediction.modelResults.predictionError=CC(C)(C)OC(=O)NCC1C=C(C=CC=1)B1OC(C)(C)C(C)(C)O1: Molecule contains unsupported element
key='CC1(C)OB(OC1(C)C)C1=CC2=C(OCCO2)C=C1-1065' prediction.modelResults.predictionError=CC1(C)OB(OC1(C)C)C1=CC2OCCOC=2C=C1: Molecule contains unsupported element
key='CC1(C)OB(OC1(C)C)C1=CC=C(F)C=C1-1065' prediction.modelResults.predictionError=CC1(C)OB(OC1(C)C)C1C=CC(F)=CC=1: Molecule contains unsupported element
key='CC1(C)OB(OC1(C)C)C1=CN=CC2=CC=CC=C12-1065' prediction.modelResults.predictionError=CC1(C)OB(OC1(C)C)C1=CN=CC2=CC=CC=C21: Molecule contains unsupported element
key='CC(=O)C1=CC=CC(=C1)B1OC(C)(C)C(C)(C)O1-1065' prediction.modelResults.predictionError=CC(=O)C1C=C(C=CC=1)B1OC(C)(C)C(C)(C)O1: Molecule contains unsupported element
key='CC(=O)C1=CC=C(C=C1)B1OC(C)(C)C(C)(C)O1-1065' prediction.modelResults.predictionError=CC(=O)C1=CC=C(C=C1)B1OC(C)(C)C(C)(C)O1: Molecule contains unsupported element
key='CC1(C)OB(OC1(C)C)C1=CSC=C1-1065' prediction.modelResults.predictionError=CC1(C)OB(OC1(C)C)C1=CSC=C1: Molecule contains unsupported element
key='CC1=CC=CC(=C1)B1OC(C)(C)C(C)(C)O1-1065' prediction.modelResults.predictionError=CC1C=C(C=CC=1)B1OC(C)(C)C(C)(C)O1: Molecule contains unsupported element
key='CC1(C)OB(OC1(C)C)C1=CC=CC=C1OC(F)(F)F-1065' prediction.modelResults.predictionError=CC1(C)OB(OC1(C)C)C1=CC=CC=C1OC(F)(F)F: Molecule contains unsupported element
key='CC1(C)OB(OC1(C)C)C1=CC(OC(F)(F)F)=CC=C1-1065' prediction.modelResults.predictionError=CC1(C)OB(OC1(C)C)C1=CC(=CC=C1)OC(F)(F)F: Molecule contains unsupported element
key='CC1(C)OB(OC1(C)C)C1=CC=C(OC(F)(F)F)C=C1-1065' prediction.modelResults.predictionError=CC1(C)OB(OC1(C)C)C1C=CC(=CC=1)OC(F)(F)F: Molecule contains unsupported element
key='CC1(C)OB(OC1(C)C)C1=CC(=CC=C1)C(F)(F)F-1065' prediction.modelResults.predictionError=CC1(C)OB(OC1(C)C)C1=CC(=CC=C1)C(F)(F)F: Molecule contains unsupported element
key='CC1(C)OB(OC1(C)C)C1=CC=C(C=C1)C(F)(F)F-1065' prediction.modelResults.predictionError=CC1(C)OB(OC1(C)C)C1C=CC(=CC=1)C(F)(F)F: Molecule contains unsupported element
key='CC1(C)OB(OC1(C)C)C1=CC(F)=C(F)C(F)=C1-1065' prediction.modelResults.predictionError=CC1(C)OB(OC1(C)C)C1=CC(F)=C(F)C(F)=C1: Molecule contains unsupported element
key='OB(O)C1=CC=C(OC(F)=C(F)F)C=C1-1065' prediction.modelResults.predictionError=OB(O)C1C=CC(=CC=1)OC(F)=C(F)F: Molecule contains unsupported element
key='C[S+](C)C.COS([O-])(=O)=O-1065' prediction.modelResults.predictionError=C[S+](C)C.COS([O-])(=O)=O: model can't run mixtures
key='OB(O)C1CC1-1065' prediction.modelResults.predictionError=OB(O)C1CC1: Molecule contains unsupported element
key='C1CCC(CC1)NC1CCCCC1.CC(C)(C)OC(=O)N[C@@H](CCCC1=CC=CC=C1)C(O)=O-1065' prediction.modelResults.predictionError=C1CCC(CC1)NC1CCCCC1.CC(C)(C)OC(=O)N[C@@H](CCCC1=CC=CC=C1)C(O)=O: model can't run mixtures
run=1	request=86	smiles=<batch-level>	error=batch failed but single-smile checks passed: HTTPConnectionPool(host='192.168.1.7', port=5004): Read timed out. (read timeout=600)
key='CC1(C)OB(OC1(C)C)C1=CC=C(C=C1)C(=O)N1CCOCC1-1065' prediction.modelResults.predictionError=CC1(C)OB(OC1(C)C)C1=CC=C(C=C1)C(=O)N1CCOCC1: Molecule contains unsupported element
key='CC1(C)OB(OC1(C)C)C1=CC=CC2=CC=CC=C12-1065' prediction.modelResults.predictionError=CC1(C)OB(OC1(C)C)C1=CC=CC2=CC=CC=C21: Molecule contains unsupported element
key='[O-]S(=O)(=O)C(F)(F)F.FC(F)(F)C(F)(F)C(F)(F)C(F)(F)C(F)(F)C(F)(F)C(F)(F)C(F)(F)[I+]C1=CC=CC=C1-1065' prediction.modelResults.predictionError=[O-]S(=O)(=O)C(F)(F)F.FC(F)(F)C(F)(F)C(F)(F)C(F)(F)C(F)(F)C(F)(F)C(F)(F)C(F)(F)[I+]C1=CC=CC=C1: model can't run mixtures
key='[O-]S(=O)(=O)C(F)(F)F.FC(F)(F)C(F)(F)C(F)(F)[I+]C1=CC=CC=C1-1065' prediction.modelResults.predictionError=[O-]S(=O)(=O)C(F)(F)F.FC(F)(F)C(F)(F)C(F)(F)[I+]C1=CC=CC=C1: model can't run mixtures
key='CCCN1C=C(C=N1)B1OC(C)(C)C(C)(C)O1-1065' prediction.modelResults.predictionError=CCCN1C=C(C=N1)B1OC(C)(C)C(C)(C)O1: Molecule contains unsupported element
key='CC1(C)OB(OC1(C)C)C1=CC(C=O)=CC=C1-1065' prediction.modelResults.predictionError=CC1(C)OB(OC1(C)C)C1C=CC=C(C=O)C=1: Molecule contains unsupported element
key='CC1(C)OB(OC1(C)C)C1=CC(=CC=C1)C(N)=O-1065' prediction.modelResults.predictionError=CC1(C)OB(OC1(C)C)C1=CC(=CC=C1)C(N)=O: Molecule contains unsupported element
key='CC1(C)OB(OC1(C)C)C1=CC=C(C=C1)C(N)=O-1065' prediction.modelResults.predictionError=CC1(C)OB(OC1(C)C)C1C=CC(=CC=1)C(N)=O: Molecule contains unsupported element
key='CC1(C)OB(OC1(C)C)C1=CC2=C(OCO2)C=C1-1065' prediction.modelResults.predictionError=CC1(C)OB(OC1(C)C)C1=CC2OCOC=2C=C1: Molecule contains unsupported element
key='CC1(C)OB(OC1(C)C)C1=CC(=CC=C1)C#N-1065' prediction.modelResults.predictionError=CC1(C)OB(OC1(C)C)C1=CC(=CC=C1)C#N: Molecule contains unsupported element
key='CC(C)(C)OC(=O)NCC1=CC=CC(=C1)B1OC(C)(C)C(C)(C)O1-1065' prediction.modelResults.predictionError=CC(C)(C)OC(=O)NCC1C=C(C=CC=1)B1OC(C)(C)C(C)(C)O1: Molecule contains unsupported element
key='CC1(C)OB(OC1(C)C)C1=CC2=C(OCCO2)C=C1-1065' prediction.modelResults.predictionError=CC1(C)OB(OC1(C)C)C1=CC2OCCOC=2C=C1: Molecule contains unsupported element
key='CC1(C)OB(OC1(C)C)C1=CC=C(F)C=C1-1065' prediction.modelResults.predictionError=CC1(C)OB(OC1(C)C)C1C=CC(F)=CC=1: Molecule contains unsupported element
key='CC1(C)OB(OC1(C)C)C1=CN=CC2=CC=CC=C12-1065' prediction.modelResults.predictionError=CC1(C)OB(OC1(C)C)C1=CN=CC2=CC=CC=C21: Molecule contains unsupported element
key='CC(=O)C1=CC=CC(=C1)B1OC(C)(C)C(C)(C)O1-1065' prediction.modelResults.predictionError=CC(=O)C1C=C(C=CC=1)B1OC(C)(C)C(C)(C)O1: Molecule contains unsupported element
key='CC(=O)C1=CC=C(C=C1)B1OC(C)(C)C(C)(C)O1-1065' prediction.modelResults.predictionError=CC(=O)C1=CC=C(C=C1)B1OC(C)(C)C(C)(C)O1: Molecule contains unsupported element
key='CC1(C)OB(OC1(C)C)C1=CSC=C1-1065' prediction.modelResults.predictionError=CC1(C)OB(OC1(C)C)C1=CSC=C1: Molecule contains unsupported element
key='CC1=CC=CC(=C1)B1OC(C)(C)C(C)(C)O1-1065' prediction.modelResults.predictionError=CC1C=C(C=CC=1)B1OC(C)(C)C(C)(C)O1: Molecule contains unsupported element
key='CC1(C)OB(OC1(C)C)C1=CC=CC=C1OC(F)(F)F-1065' prediction.modelResults.predictionError=CC1(C)OB(OC1(C)C)C1=CC=CC=C1OC(F)(F)F: Molecule contains unsupported element
key='CC1(C)OB(OC1(C)C)C1=CC(OC(F)(F)F)=CC=C1-1065' prediction.modelResults.predictionError=CC1(C)OB(OC1(C)C)C1=CC(=CC=C1)OC(F)(F)F: Molecule contains unsupported element
key='CC1(C)OB(OC1(C)C)C1=CC=C(OC(F)(F)F)C=C1-1065' prediction.modelResults.predictionError=CC1(C)OB(OC1(C)C)C1C=CC(=CC=1)OC(F)(F)F: Molecule contains unsupported element
key='CC1(C)OB(OC1(C)C)C1=CC(=CC=C1)C(F)(F)F-1065' prediction.modelResults.predictionError=CC1(C)OB(OC1(C)C)C1=CC(=CC=C1)C(F)(F)F: Molecule contains unsupported element
key='CC1(C)OB(OC1(C)C)C1=CC=C(C=C1)C(F)(F)F-1065' prediction.modelResults.predictionError=CC1(C)OB(OC1(C)C)C1C=CC(=CC=1)C(F)(F)F: Molecule contains unsupported element
key='CC1(C)OB(OC1(C)C)C1=CC(F)=C(F)C(F)=C1-1065' prediction.modelResults.predictionError=CC1(C)OB(OC1(C)C)C1=CC(F)=C(F)C(F)=C1: Molecule contains unsupported element
key='OB(O)C1=CC=C(OC(F)=C(F)F)C=C1-1065' prediction.modelResults.predictionError=OB(O)C1C=CC(=CC=1)OC(F)=C(F)F: Molecule contains unsupported element
key='OB(O)C1CC1-1065' prediction.modelResults.predictionError=OB(O)C1CC1: Molecule contains unsupported element
key='CC(C)(C)OC(=O)N1CCCC1B(O)O-1065' prediction.modelResults.predictionError=CC(C)(C)OC(=O)N1CCCC1B(O)O: Molecule contains unsupported element
key='CC(C)OB(CBr)OC(C)C-1065' prediction.modelResults.predictionError=CC(C)OB(CBr)OC(C)C: Molecule contains unsupported element
key='CN(C)C1=CC=CC(=C1)B(O)O-1065' prediction.modelResults.predictionError=CN(C)C1C=C(C=CC=1)B(O)O: Molecule contains unsupported element
key='COCOC1=CC=C(C=C1)B(O)O-1065' prediction.modelResults.predictionError=COCOC1=CC=C(C=C1)B(O)O: Molecule contains unsupported element
key='COC1=C(C=NC=C1)B(O)O-1065' prediction.modelResults.predictionError=COC1C=CN=CC=1B(O)O: Molecule contains unsupported element
key='OB(O)C1=C(Cl)N=CC=C1-1065' prediction.modelResults.predictionError=OB(O)C1C=CC=NC=1Cl: Molecule contains unsupported element
key='CSC1=NC=C(C=C1)B(O)O-1065' prediction.modelResults.predictionError=CSC1C=CC(=CN=1)B(O)O: Molecule contains unsupported element
key='OB(O)C1=CN=C(Br)C=C1-1065' prediction.modelResults.predictionError=OB(O)C1C=CC(Br)=NC=1: Molecule contains unsupported element
key='COC1=NC(OC)=C(C=C1)B(O)O-1065' prediction.modelResults.predictionError=COC1C=CC(B(O)O)=C(N=1)OC: Molecule contains unsupported element
key='CC1=CN=CC(=C1)B(O)O-1065' prediction.modelResults.predictionError=CC1C=C(C=NC=1)B(O)O: Molecule contains unsupported element
key='COC1=C(C=CC=N1)B(O)O-1065' prediction.modelResults.predictionError=COC1N=CC=CC=1B(O)O: Molecule contains unsupported element
key='OB(O)C1=CN=C(C=C1)C1=CC=CC=C1-1065' prediction.modelResults.predictionError=OB(O)C1=CN=C(C=C1)C1C=CC=CC=1: Molecule contains unsupported element
key='CC1=C(C=NC=C1)B(O)O-1065' prediction.modelResults.predictionError=CC1C=CN=CC=1B(O)O: Molecule contains unsupported element
key='OB(O)C1=C(Cl)N=C(Cl)C=C1-1065' prediction.modelResults.predictionError=OB(O)C1C=CC(Cl)=NC=1Cl: Molecule contains unsupported element
key='OB(O)C1=C(F)N=C(F)C=C1-1065' prediction.modelResults.predictionError=OB(O)C1C=CC(F)=NC=1F: Molecule contains unsupported element
key='OB(O)C1=NC(Br)=CC=C1-1065' prediction.modelResults.predictionError=OB(O)C1C=CC=C(Br)N=1: Molecule contains unsupported element
key='COC1=CC=CC(=N1)B(O)O-1065' prediction.modelResults.predictionError=COC1=CC=CC(=N1)B(O)O: Molecule contains unsupported element
key='CC1=CC=CC(=N1)B(O)O-1065' prediction.modelResults.predictionError=CC1=CC=CC(=N1)B(O)O: Molecule contains unsupported element
key='CC1=CN=C(C=C1)B(O)O-1065' prediction.modelResults.predictionError=CC1C=CC(=NC=1)B(O)O: Molecule contains unsupported element
key='CC1=CC(=NC=C1)B(O)O-1065' prediction.modelResults.predictionError=CC1=CC(=NC=C1)B(O)O: Molecule contains unsupported element
key='OB(O)C1=CC=CC=N1-1065' prediction.modelResults.predictionError=OB(O)C1=CC=CC=N1: Molecule contains unsupported element
key='NC1=CC2=NC3=C(C=CC(N)=C3)C(B(O)O)=C2C=C1-1065' prediction.modelResults.predictionError=NC1=CC2=NC3C=C(N)C=CC=3C(B(O)O)=C2C=C1: Molecule contains unsupported element
key='OB(O)C1=CC(F)=NC(F)=C1-1065' prediction.modelResults.predictionError=OB(O)C1=CC(F)=NC(F)=C1: Molecule contains unsupported element
key='OB(O)C1=CC=NC2=CC=CC=C12-1065' prediction.modelResults.predictionError=OB(O)C1=CC=NC2=CC=CC=C12: Molecule contains unsupported element
key='OB(O)C1=C(Br)C=CS1-1065' prediction.modelResults.predictionError=OB(O)C1SC=CC=1Br: Molecule contains unsupported element
key='COC1=NC=C(B(O)O)C(C)=C1-1065' prediction.modelResults.predictionError=CC1=CC(=NC=C1B(O)O)OC: Molecule contains unsupported element
key='COC1=NC(C)=C(C=C1)B(O)O-1065' prediction.modelResults.predictionError=CC1N=C(C=CC=1B(O)O)OC: Molecule contains unsupported element
key='OB(O)C1=C(N=CC=C1)C1=CC=CC=C1-1065' prediction.modelResults.predictionError=OB(O)C1C=CC=NC=1C1C=CC=CC=1: Molecule contains unsupported element
key='OB(O)C1=C(C=CN=C1)C1=CC=CC=C1-1065' prediction.modelResults.predictionError=OB(O)C1C=NC=CC=1C1C=CC=CC=1: Molecule contains unsupported element
key='COC1=CN=CC(=C1)B(O)O-1065' prediction.modelResults.predictionError=COC1=CN=CC(=C1)B(O)O: Molecule contains unsupported element
key='CC1=C(C)C(=CN=C1)B(O)O-1065' prediction.modelResults.predictionError=CC1C=NC=C(B(O)O)C=1C: Molecule contains unsupported element
key='CC1=C(B(O)O)C(C)=NC=C1-1065' prediction.modelResults.predictionError=CC1C=CN=C(C)C=1B(O)O: Molecule contains unsupported element
key='CC1=NC=C(B(O)O)C(C)=C1-1065' prediction.modelResults.predictionError=CC1C=C(C)C(=CN=1)B(O)O: Molecule contains unsupported element
key='CC1=NC(C)=C(B(O)O)C(C)=C1-1065' prediction.modelResults.predictionError=CC1=CC(C)=NC(C)=C1B(O)O: Molecule contains unsupported element
key='CC1=CN=C(C)C(=C1)B(O)O-1065' prediction.modelResults.predictionError=CC1C=C(B(O)O)C(C)=NC=1: Molecule contains unsupported element
key='CC1=NC(C)=C(C=C1)B(O)O-1065' prediction.modelResults.predictionError=CC1C=CC(B(O)O)=C(C)N=1: Molecule contains unsupported element
key='OB(O)C1=C(F)N=C(C=C1)C1=CC=CC=C1-1065' prediction.modelResults.predictionError=OB(O)C1C=CC(=NC=1F)C1C=CC=CC=1: Molecule contains unsupported element
key='COC1=NC=CC(C)=C1B(O)O-1065' prediction.modelResults.predictionError=CC1C=CN=C(OC)C=1B(O)O: Molecule contains unsupported element
key='COC1=C(C=CC(C)=N1)B(O)O-1065' prediction.modelResults.predictionError=CC1C=CC(B(O)O)=C(N=1)OC: Molecule contains unsupported element
key='COC1=NC=CC(C2=CC=CC=C2)=C1B(O)O-1065' prediction.modelResults.predictionError=COC1=NC=CC(=C1B(O)O)C1C=CC=CC=1: Molecule contains unsupported element
key='OB(O)C1=C(C=CN=C1Cl)C1=CC=CC=C1-1065' prediction.modelResults.predictionError=OB(O)C1C(Cl)=NC=CC=1C1C=CC=CC=1: Molecule contains unsupported element
key='COC1=C(C=CC(=N1)C1=CC=CC=C1)B(O)O-1065' prediction.modelResults.predictionError=COC1N=C(C=CC=1B(O)O)C1C=CC=CC=1: Molecule contains unsupported element
key='CC1=CN=C(Cl)C(=C1)B(O)O-1065' prediction.modelResults.predictionError=CC1C=C(B(O)O)C(Cl)=NC=1: Molecule contains unsupported element
key='CC1=NC(Cl)=C(C=C1)B(O)O-1065' prediction.modelResults.predictionError=CC1C=CC(B(O)O)=C(Cl)N=1: Molecule contains unsupported element
key='COC1=NC=C(C)C=C1B(O)O-1065' prediction.modelResults.predictionError=CC1C=C(B(O)O)C(=NC=1)OC: Molecule contains unsupported element
key='CC1=C(B(O)O)C(Cl)=NC=C1-1065' prediction.modelResults.predictionError=CC1C=CN=C(Cl)C=1B(O)O: Molecule contains unsupported element
key='CC1=C(B(O)O)C(F)=NC=C1-1065' prediction.modelResults.predictionError=CC1C=CN=C(F)C=1B(O)O: Molecule contains unsupported element
key='CC1=NC(F)=C(C=C1)B(O)O-1065' prediction.modelResults.predictionError=CC1C=CC(B(O)O)=C(F)N=1: Molecule contains unsupported element
key='COB(OC)C1=CC=CC=N1-1065' prediction.modelResults.predictionError=COB(OC)C1=CC=CC=N1: Molecule contains unsupported element
key='CC1(C)OB(CC=C)OC1(C)C-1065' prediction.modelResults.predictionError=CC1(C)OB(CC=C)OC1(C)C: Molecule contains unsupported element
key='CC(C)(C)OC(=O)N1C(=CC2=C1C=CC=C2OCC1=CC=CC=C1)B(O)O-1065' prediction.modelResults.predictionError=CC(C)(C)OC(=O)N1C(=CC2C(=CC=CC1=2)OCC1C=CC=CC=1)B(O)O: Molecule contains unsupported element
key='OB(O)C1=C2C=CNC2=CC=C1-1065' prediction.modelResults.predictionError=OB(O)C1=CC=CC2NC=CC=21: Molecule contains unsupported element
key='OB(O)C1=CC(F)=C(C=C1)C(O)=O-1065' prediction.modelResults.predictionError=OC(=O)C1C=CC(=CC=1F)B(O)O: Molecule contains unsupported element
key='OB(O)C1=CC2=C(C=CN2)C=C1-1065' prediction.modelResults.predictionError=OB(O)C1=CC2NC=CC=2C=C1: Molecule contains unsupported element
key='OB(O)C1=CC2=C(C=C1)N(C=C2)S(=O)(=O)C1=CC=CC=C1-1065' prediction.modelResults.predictionError=OB(O)C1=CC2C=CN(C=2C=C1)S(=O)(=O)C1C=CC=CC=1: Molecule contains unsupported element
key='OB(O)C1=CC2=C(C=CN2S(=O)(=O)C2=CC=CC=C2)C=C1-1065' prediction.modelResults.predictionError=OB(O)C1=CC2=C(C=CN2S(=O)(=O)C2C=CC=CC=2)C=C1: Molecule contains unsupported element
key='CCCCCCOC1=C(F)C(F)=C(C=C1)B(O)O-1065' prediction.modelResults.predictionError=CCCCCCOC1C=CC(B(O)O)=C(F)C=1F: Molecule contains unsupported element
key='OB(O)C1=C(Cl)C=CC(OC(F)(F)F)=C1-1065' prediction.modelResults.predictionError=OB(O)C1C=C(C=CC=1Cl)OC(F)(F)F: Molecule contains unsupported element
key='OB(O)C1=C(Cl)C=CC(C=O)=C1-1065' prediction.modelResults.predictionError=OB(O)C1C=C(C=O)C=CC=1Cl: Molecule contains unsupported element
key='OB(O)C1=C(F)C=CC(C=O)=C1-1065' prediction.modelResults.predictionError=OB(O)C1C=C(C=O)C=CC=1F: Molecule contains unsupported element
key='OB(O)C1=CC(C(O)=O)=C(F)C=C1-1065' prediction.modelResults.predictionError=OC(=O)C1C=C(C=CC=1F)B(O)O: Molecule contains unsupported element
key='COC1=CC(F)=CC(=C1)B(O)O-1065' prediction.modelResults.predictionError=COC1C=C(C=C(F)C=1)B(O)O: Molecule contains unsupported element
key='OB(O)C1=C(C=C(Cl)C=C1)C(F)(F)F-1065' prediction.modelResults.predictionError=OB(O)C1C=CC(Cl)=CC=1C(F)(F)F: Molecule contains unsupported element
key='CCOC(=O)C1=C(F)C=C(C=C1)B(O)O-1065' prediction.modelResults.predictionError=CCOC(=O)C1C=CC(=CC=1F)B(O)O: Molecule contains unsupported element
key='CC(=O)C1=CC(B(O)O)=C(Cl)C=C1-1065' prediction.modelResults.predictionError=CC(=O)C1=CC(B(O)O)=C(Cl)C=C1: Molecule contains unsupported element
key='CC(=O)C1=CC(B(O)O)=C(F)C=C1-1065' prediction.modelResults.predictionError=CC(=O)C1=CC(B(O)O)=C(F)C=C1: Molecule contains unsupported element
key='CSC1=NC=C(C=N1)B(O)O-1065' prediction.modelResults.predictionError=CSC1N=CC(=CN=1)B(O)O: Molecule contains unsupported element
key='CN(C)C1=NC=C(C=C1)B(O)O-1065' prediction.modelResults.predictionError=CN(C)C1C=CC(=CN=1)B(O)O: Molecule contains unsupported element
key='OB(O)C1=CN=C(F)N=C1F-1065' prediction.modelResults.predictionError=OB(O)C1=CN=C(F)N=C1F: Molecule contains unsupported element
key='OB(O)C1=C(Cl)C=CC(=C1)C#N-1065' prediction.modelResults.predictionError=N#CC1=CC(B(O)O)=C(Cl)C=C1: Molecule contains unsupported element
key='OB(O)C1=C(F)C=CC(=C1)[N+]([O-])=O-1065' prediction.modelResults.predictionError=[O-][N+](=O)C1=CC(B(O)O)=C(F)C=C1: Molecule contains unsupported element
key='OB(O)C1=CN=C(F)N=C1-1065' prediction.modelResults.predictionError=OB(O)C1C=NC(F)=NC=1: Molecule contains unsupported element
key='OB(O)C1=C2NC=CC2=CC=C1-1065' prediction.modelResults.predictionError=OB(O)C1C=CC=C2C=CNC2=1: Molecule contains unsupported element
key='CC(C)(C)OC(=O)N1CCCC1B(O)O-1065' prediction.modelResults.predictionError=CC(C)(C)OC(=O)N1CCCC1B(O)O: Molecule contains unsupported element
key='CC(C)OB(CBr)OC(C)C-1065' prediction.modelResults.predictionError=CC(C)OB(CBr)OC(C)C: Molecule contains unsupported element
key='CN(C)C1=CC=CC(=C1)B(O)O-1065' prediction.modelResults.predictionError=CN(C)C1C=C(C=CC=1)B(O)O: Molecule contains unsupported element
key='COCOC1=CC=C(C=C1)B(O)O-1065' prediction.modelResults.predictionError=COCOC1=CC=C(C=C1)B(O)O: Molecule contains unsupported element
key='COC1=C(C=NC=C1)B(O)O-1065' prediction.modelResults.predictionError=COC1C=CN=CC=1B(O)O: Molecule contains unsupported element
key='OB(O)C1=C(Cl)N=CC=C1-1065' prediction.modelResults.predictionError=OB(O)C1C=CC=NC=1Cl: Molecule contains unsupported element
key='CSC1=NC=C(C=C1)B(O)O-1065' prediction.modelResults.predictionError=CSC1C=CC(=CN=1)B(O)O: Molecule contains unsupported element
key='OB(O)C1=CN=C(Br)C=C1-1065' prediction.modelResults.predictionError=OB(O)C1C=CC(Br)=NC=1: Molecule contains unsupported element
key='COC1=NC(OC)=C(C=C1)B(O)O-1065' prediction.modelResults.predictionError=COC1C=CC(B(O)O)=C(N=1)OC: Molecule contains unsupported element
key='CC1=CN=CC(=C1)B(O)O-1065' prediction.modelResults.predictionError=CC1C=C(C=NC=1)B(O)O: Molecule contains unsupported element
key='COC1=C(C=CC=N1)B(O)O-1065' prediction.modelResults.predictionError=COC1N=CC=CC=1B(O)O: Molecule contains unsupported element
key='OB(O)C1=CN=C(C=C1)C1=CC=CC=C1-1065' prediction.modelResults.predictionError=OB(O)C1=CN=C(C=C1)C1C=CC=CC=1: Molecule contains unsupported element
key='CC1=C(C=NC=C1)B(O)O-1065' prediction.modelResults.predictionError=CC1C=CN=CC=1B(O)O: Molecule contains unsupported element
key='OB(O)C1=C(Cl)N=C(Cl)C=C1-1065' prediction.modelResults.predictionError=OB(O)C1C=CC(Cl)=NC=1Cl: Molecule contains unsupported element
key='OB(O)C1=C(F)N=C(F)C=C1-1065' prediction.modelResults.predictionError=OB(O)C1C=CC(F)=NC=1F: Molecule contains unsupported element
key='OB(O)C1=NC(Br)=CC=C1-1065' prediction.modelResults.predictionError=OB(O)C1C=CC=C(Br)N=1: Molecule contains unsupported element
key='COC1=CC=CC(=N1)B(O)O-1065' prediction.modelResults.predictionError=COC1=CC=CC(=N1)B(O)O: Molecule contains unsupported element
key='CC1=CC=CC(=N1)B(O)O-1065' prediction.modelResults.predictionError=CC1=CC=CC(=N1)B(O)O: Molecule contains unsupported element
key='CC1=CN=C(C=C1)B(O)O-1065' prediction.modelResults.predictionError=CC1C=CC(=NC=1)B(O)O: Molecule contains unsupported element
key='CC1=CC(=NC=C1)B(O)O-1065' prediction.modelResults.predictionError=CC1=CC(=NC=C1)B(O)O: Molecule contains unsupported element
key='OB(O)C1=CC=CC=N1-1065' prediction.modelResults.predictionError=OB(O)C1=CC=CC=N1: Molecule contains unsupported element
key='NC1=CC2=NC3=C(C=CC(N)=C3)C(B(O)O)=C2C=C1-1065' prediction.modelResults.predictionError=NC1=CC2=NC3C=C(N)C=CC=3C(B(O)O)=C2C=C1: Molecule contains unsupported element
key='OB(O)C1=CC(F)=NC(F)=C1-1065' prediction.modelResults.predictionError=OB(O)C1=CC(F)=NC(F)=C1: Molecule contains unsupported element
key='OB(O)C1=CC=NC2=CC=CC=C12-1065' prediction.modelResults.predictionError=OB(O)C1=CC=NC2=CC=CC=C12: Molecule contains unsupported element
key='OB(O)C1=C(Br)C=CS1-1065' prediction.modelResults.predictionError=OB(O)C1SC=CC=1Br: Molecule contains unsupported element
key='COC1=NC=C(B(O)O)C(C)=C1-1065' prediction.modelResults.predictionError=CC1=CC(=NC=C1B(O)O)OC: Molecule contains unsupported element
key='COC1=NC(C)=C(C=C1)B(O)O-1065' prediction.modelResults.predictionError=CC1N=C(C=CC=1B(O)O)OC: Molecule contains unsupported element
key='OB(O)C1=C(N=CC=C1)C1=CC=CC=C1-1065' prediction.modelResults.predictionError=OB(O)C1C=CC=NC=1C1C=CC=CC=1: Molecule contains unsupported element
key='OB(O)C1=C(C=CN=C1)C1=CC=CC=C1-1065' prediction.modelResults.predictionError=OB(O)C1C=NC=CC=1C1C=CC=CC=1: Molecule contains unsupported element
key='COC1=CN=CC(=C1)B(O)O-1065' prediction.modelResults.predictionError=COC1=CN=CC(=C1)B(O)O: Molecule contains unsupported element
key='CC1=C(C)C(=CN=C1)B(O)O-1065' prediction.modelResults.predictionError=CC1C=NC=C(B(O)O)C=1C: Molecule contains unsupported element
key='CC1=C(B(O)O)C(C)=NC=C1-1065' prediction.modelResults.predictionError=CC1C=CN=C(C)C=1B(O)O: Molecule contains unsupported element
key='CC1=NC=C(B(O)O)C(C)=C1-1065' prediction.modelResults.predictionError=CC1C=C(C)C(=CN=1)B(O)O: Molecule contains unsupported element
key='CC1=NC(C)=C(B(O)O)C(C)=C1-1065' prediction.modelResults.predictionError=CC1=CC(C)=NC(C)=C1B(O)O: Molecule contains unsupported element
key='CC1=CN=C(C)C(=C1)B(O)O-1065' prediction.modelResults.predictionError=CC1C=C(B(O)O)C(C)=NC=1: Molecule contains unsupported element
key='CC1=NC(C)=C(C=C1)B(O)O-1065' prediction.modelResults.predictionError=CC1C=CC(B(O)O)=C(C)N=1: Molecule contains unsupported element
key='OB(O)C1=C(F)N=C(C=C1)C1=CC=CC=C1-1065' prediction.modelResults.predictionError=OB(O)C1C=CC(=NC=1F)C1C=CC=CC=1: Molecule contains unsupported element
key='COC1=NC=CC(C)=C1B(O)O-1065' prediction.modelResults.predictionError=CC1C=CN=C(OC)C=1B(O)O: Molecule contains unsupported element
key='COC1=C(C=CC(C)=N1)B(O)O-1065' prediction.modelResults.predictionError=CC1C=CC(B(O)O)=C(N=1)OC: Molecule contains unsupported element
key='COC1=NC=CC(C2=CC=CC=C2)=C1B(O)O-1065' prediction.modelResults.predictionError=COC1=NC=CC(=C1B(O)O)C1C=CC=CC=1: Molecule contains unsupported element
key='OB(O)C1=C(C=CN=C1Cl)C1=CC=CC=C1-1065' prediction.modelResults.predictionError=OB(O)C1C(Cl)=NC=CC=1C1C=CC=CC=1: Molecule contains unsupported element
key='COC1=C(C=CC(=N1)C1=CC=CC=C1)B(O)O-1065' prediction.modelResults.predictionError=COC1N=C(C=CC=1B(O)O)C1C=CC=CC=1: Molecule contains unsupported element
key='CC1=CN=C(Cl)C(=C1)B(O)O-1065' prediction.modelResults.predictionError=CC1C=C(B(O)O)C(Cl)=NC=1: Molecule contains unsupported element
key='CC1=NC(Cl)=C(C=C1)B(O)O-1065' prediction.modelResults.predictionError=CC1C=CC(B(O)O)=C(Cl)N=1: Molecule contains unsupported element
key='COC1=NC=C(C)C=C1B(O)O-1065' prediction.modelResults.predictionError=CC1C=C(B(O)O)C(=NC=1)OC: Molecule contains unsupported element
key='CC1=C(B(O)O)C(Cl)=NC=C1-1065' prediction.modelResults.predictionError=CC1C=CN=C(Cl)C=1B(O)O: Molecule contains unsupported element
key='CC1=C(B(O)O)C(F)=NC=C1-1065' prediction.modelResults.predictionError=CC1C=CN=C(F)C=1B(O)O: Molecule contains unsupported element
key='CC1=NC(F)=C(C=C1)B(O)O-1065' prediction.modelResults.predictionError=CC1C=CC(B(O)O)=C(F)N=1: Molecule contains unsupported element
key='COB(OC)C1=CC=CC=N1-1065' prediction.modelResults.predictionError=COB(OC)C1=CC=CC=N1: Molecule contains unsupported element
key='CC1(C)OB(CC=C)OC1(C)C-1065' prediction.modelResults.predictionError=CC1(C)OB(CC=C)OC1(C)C: Molecule contains unsupported element
key='CC(C)(C)OC(=O)N1C(=CC2=C1C=CC=C2OCC1=CC=CC=C1)B(O)O-1065' prediction.modelResults.predictionError=CC(C)(C)OC(=O)N1C(=CC2C(=CC=CC1=2)OCC1C=CC=CC=1)B(O)O: Molecule contains unsupported element
key='OB(O)C1=C2C=CNC2=CC=C1-1065' prediction.modelResults.predictionError=OB(O)C1=CC=CC2NC=CC=21: Molecule contains unsupported element
key='OB(O)C1=CC(F)=C(C=C1)C(O)=O-1065' prediction.modelResults.predictionError=OC(=O)C1C=CC(=CC=1F)B(O)O: Molecule contains unsupported element
key='OB(O)C1=CC2=C(C=CN2)C=C1-1065' prediction.modelResults.predictionError=OB(O)C1=CC2NC=CC=2C=C1: Molecule contains unsupported element
key='OB(O)C1=CC2=C(C=C1)N(C=C2)S(=O)(=O)C1=CC=CC=C1-1065' prediction.modelResults.predictionError=OB(O)C1=CC2C=CN(C=2C=C1)S(=O)(=O)C1C=CC=CC=1: Molecule contains unsupported element
key='OB(O)C1=CC2=C(C=CN2S(=O)(=O)C2=CC=CC=C2)C=C1-1065' prediction.modelResults.predictionError=OB(O)C1=CC2=C(C=CN2S(=O)(=O)C2C=CC=CC=2)C=C1: Molecule contains unsupported element
key='CCCCCCOC1=C(F)C(F)=C(C=C1)B(O)O-1065' prediction.modelResults.predictionError=CCCCCCOC1C=CC(B(O)O)=C(F)C=1F: Molecule contains unsupported element
key='OB(O)C1=C(Cl)C=CC(OC(F)(F)F)=C1-1065' prediction.modelResults.predictionError=OB(O)C1C=C(C=CC=1Cl)OC(F)(F)F: Molecule contains unsupported element
key='OB(O)C1=C(Cl)C=CC(C=O)=C1-1065' prediction.modelResults.predictionError=OB(O)C1C=C(C=O)C=CC=1Cl: Molecule contains unsupported element
key='OB(O)C1=C(F)C=CC(C=O)=C1-1065' prediction.modelResults.predictionError=OB(O)C1C=C(C=O)C=CC=1F: Molecule contains unsupported element
key='OB(O)C1=CC(C(O)=O)=C(F)C=C1-1065' prediction.modelResults.predictionError=OC(=O)C1C=C(C=CC=1F)B(O)O: Molecule contains unsupported element
key='COC1=CC(F)=CC(=C1)B(O)O-1065' prediction.modelResults.predictionError=COC1C=C(C=C(F)C=1)B(O)O: Molecule contains unsupported element
key='OB(O)C1=C(C=C(Cl)C=C1)C(F)(F)F-1065' prediction.modelResults.predictionError=OB(O)C1C=CC(Cl)=CC=1C(F)(F)F: Molecule contains unsupported element
key='CCOC(=O)C1=C(F)C=C(C=C1)B(O)O-1065' prediction.modelResults.predictionError=CCOC(=O)C1C=CC(=CC=1F)B(O)O: Molecule contains unsupported element
key='CC(=O)C1=CC(B(O)O)=C(Cl)C=C1-1065' prediction.modelResults.predictionError=CC(=O)C1=CC(B(O)O)=C(Cl)C=C1: Molecule contains unsupported element
key='CC(=O)C1=CC(B(O)O)=C(F)C=C1-1065' prediction.modelResults.predictionError=CC(=O)C1=CC(B(O)O)=C(F)C=C1: Molecule contains unsupported element
key='CSC1=NC=C(C=N1)B(O)O-1065' prediction.modelResults.predictionError=CSC1N=CC(=CN=1)B(O)O: Molecule contains unsupported element
key='CN(C)C1=NC=C(C=C1)B(O)O-1065' prediction.modelResults.predictionError=CN(C)C1C=CC(=CN=1)B(O)O: Molecule contains unsupported element
key='OB(O)C1=CN=C(F)N=C1F-1065' prediction.modelResults.predictionError=OB(O)C1=CN=C(F)N=C1F: Molecule contains unsupported element
key='OB(O)C1=C(Cl)C=CC(=C1)C#N-1065' prediction.modelResults.predictionError=N#CC1=CC(B(O)O)=C(Cl)C=C1: Molecule contains unsupported element
key='OB(O)C1=C(F)C=CC(=C1)[N+]([O-])=O-1065' prediction.modelResults.predictionError=[O-][N+](=O)C1=CC(B(O)O)=C(F)C=C1: Molecule contains unsupported element
key='OB(O)C1=CN=C(F)N=C1-1065' prediction.modelResults.predictionError=OB(O)C1C=NC(F)=NC=1: Molecule contains unsupported element
key='OB(O)C1=C2NC=CC2=CC=C1-1065' prediction.modelResults.predictionError=OB(O)C1C=CC=C2C=CNC2=1: Molecule contains unsupported element
key='CC(C)(C)OC(=O)N1C(=CC2=C1C=CC(F)=C2)B(O)O-1065' prediction.modelResults.predictionError=CC(C)(C)OC(=O)N1C(=CC2C=C(F)C=CC1=2)B(O)O: Molecule contains unsupported element
key='CC(C)=CB(O)O-1065' prediction.modelResults.predictionError=CC(C)=CB(O)O: Molecule contains unsupported element
key='OB(O)C1=C(F)C=CC(=C1)C(F)(F)F-1065' prediction.modelResults.predictionError=OB(O)C1C=C(C=CC=1F)C(F)(F)F: Molecule contains unsupported element
key='CC(C)[Si](C(C)C)(C(C)C)N1C=CC(=C1)B(O)O-1065' prediction.modelResults.predictionError=CC(C)[Si](C(C)C)(C(C)C)N1C=C(C=C1)B(O)O: Molecule contains unsupported element
key='CC(C)(C)OC(=O)N1C(=CC2=C1C=CC(F)=C2)B(O)O-1065' prediction.modelResults.predictionError=CC(C)(C)OC(=O)N1C(=CC2C=C(F)C=CC1=2)B(O)O: Molecule contains unsupported element
key='CC(C)=CB(O)O-1065' prediction.modelResults.predictionError=CC(C)=CB(O)O: Molecule contains unsupported element
key='OB(O)C1=C(F)C=CC(=C1)C(F)(F)F-1065' prediction.modelResults.predictionError=OB(O)C1C=C(C=CC=1F)C(F)(F)F: Molecule contains unsupported element
key='CC(C)[Si](C(C)C)(C(C)C)N1C=CC(=C1)B(O)O-1065' prediction.modelResults.predictionError=CC(C)[Si](C(C)C)(C(C)C)N1C=C(C=C1)B(O)O: Molecule contains unsupported element
run=1	request=87	smiles=<batch-level>	error=batch failed but single-smile checks passed: HTTPConnectionPool(host='192.168.1.7', port=5004): Read timed out. (read timeout=600)
key='FC1=CC=C(C=C1)B1OB(OB(O1)C1=CC=C(F)C=C1)C1=CC=C(F)C=C1-1065' prediction.modelResults.predictionError=FC1C=CC(=CC=1)B1OB(OB(O1)C1C=CC(F)=CC=1)C1C=CC(F)=CC=1: Molecule contains unsupported element
key='OB(O)C1=CC=C(NC(=O)CCC(O)=O)C=C1-1065' prediction.modelResults.predictionError=OC(=O)CCC(=O)NC1C=CC(=CC=1)B(O)O: Molecule contains unsupported element
key='CC1(C)OB(OC1(C)C)C1=CC(NC(=O)CCC(O)=O)=CC=C1-1065' prediction.modelResults.predictionError=CC1(C)OB(OC1(C)C)C1=CC(=CC=C1)NC(=O)CCC(O)=O: Molecule contains unsupported element
key='CC1(C)OB(OC1(C)C)C1=CC=C(C=O)C=C1-1065' prediction.modelResults.predictionError=CC1(C)OB(OC1(C)C)C1C=CC(C=O)=CC=1: Molecule contains unsupported element
key='CN1CCN(CC1)C1=NC=CC(=C1)B1OC(C)(C)C(C)(C)O1-1065' prediction.modelResults.predictionError=CN1CCN(CC1)C1C=C(C=CN=1)B1OC(C)(C)C(C)(C)O1: Molecule contains unsupported element
key='CN(C)CCCNC(=O)C1=CC=CC(=C1)B1OC(C)(C)C(C)(C)O1-1065' prediction.modelResults.predictionError=CN(C)CCCNC(=O)C1C=C(C=CC=1)B1OC(C)(C)C(C)(C)O1: Molecule contains unsupported element
key='CN1CCN(CC1)C1=NC=C(C=C1)B1OC(C)(C)C(C)(C)O1-1065' prediction.modelResults.predictionError=CN1CCN(CC1)C1C=CC(=CN=1)B1OC(C)(C)C(C)(C)O1: Molecule contains unsupported element
key='OB(O)C1=CC=C(S1)B(O)O-1065' prediction.modelResults.predictionError=OB(O)C1=CC=C(S1)B(O)O: Molecule contains unsupported element
key='Cl.COC1=C(C=NC=C1)B(O)O-1065' prediction.modelResults.predictionError=COC1C=CN=CC=1B(O)O: Molecule contains unsupported element
key='FC1=CC=C(C=C1)B1OB(OB(O1)C1=CC=C(F)C=C1)C1=CC=C(F)C=C1-1065' prediction.modelResults.predictionError=FC1C=CC(=CC=1)B1OB(OB(O1)C1C=CC(F)=CC=1)C1C=CC(F)=CC=1: Molecule contains unsupported element
key='OB(O)C1=CC=C(NC(=O)CCC(O)=O)C=C1-1065' prediction.modelResults.predictionError=OC(=O)CCC(=O)NC1C=CC(=CC=1)B(O)O: Molecule contains unsupported element
key='CC1(C)OB(OC1(C)C)C1=CC(NC(=O)CCC(O)=O)=CC=C1-1065' prediction.modelResults.predictionError=CC1(C)OB(OC1(C)C)C1=CC(=CC=C1)NC(=O)CCC(O)=O: Molecule contains unsupported element
key='CC1(C)OB(OC1(C)C)C1=CC=C(C=O)C=C1-1065' prediction.modelResults.predictionError=CC1(C)OB(OC1(C)C)C1C=CC(C=O)=CC=1: Molecule contains unsupported element
key='CN1CCN(CC1)C1=NC=CC(=C1)B1OC(C)(C)C(C)(C)O1-1065' prediction.modelResults.predictionError=CN1CCN(CC1)C1C=C(C=CN=1)B1OC(C)(C)C(C)(C)O1: Molecule contains unsupported element
key='CN(C)CCCNC(=O)C1=CC=CC(=C1)B1OC(C)(C)C(C)(C)O1-1065' prediction.modelResults.predictionError=CN(C)CCCNC(=O)C1C=C(C=CC=1)B1OC(C)(C)C(C)(C)O1: Molecule contains unsupported element
key='CN1CCN(CC1)C1=NC=C(C=C1)B1OC(C)(C)C(C)(C)O1-1065' prediction.modelResults.predictionError=CN1CCN(CC1)C1C=CC(=CN=1)B1OC(C)(C)C(C)(C)O1: Molecule contains unsupported element
key='OB(O)C1=CC=C(S1)B(O)O-1065' prediction.modelResults.predictionError=OB(O)C1=CC=C(S1)B(O)O: Molecule contains unsupported element
key='Cl.COC1=C(C=NC=C1)B(O)O-1065' prediction.modelResults.predictionError=COC1C=CN=CC=1B(O)O: Molecule contains unsupported element
run=1	request=88	smiles=<batch-level>	error=batch failed but single-smile checks passed: HTTPConnectionPool(host='192.168.1.7', port=5004): Read timed out. (read timeout=600)
key='CC1CCCC(N1C(=O)CCSC(C)=O)C(O)=O-1065' prediction.modelResults.predictionError=Number of atoms equals zero
key='O=C1C=CC2=N[Se]NC2=C1-1065' prediction.modelResults.predictionError=O=C1C=C2N[Se]N=C2C=C1: Molecule contains unsupported element
key='CC(C)(C)OC(=O)NC1=CC(=CC(=C1)B1OC(C)(C)C(C)(C)O1)[N+]([O-])=O-1065' prediction.modelResults.predictionError=CC(C)(C)OC(=O)NC1=CC(=CC(=C1)B1OC(C)(C)C(C)(C)O1)[N+]([O-])=O: Molecule contains unsupported element
key='CC(C)(C)OC(=O)NC1=CC=CC=C1B(O)O-1065' prediction.modelResults.predictionError=CC(C)(C)OC(=O)NC1=CC=CC=C1B(O)O: Molecule contains unsupported element
key='CC(C)(C)OC(=O)NC1=CC=CC=C1B1OC(C)(C)C(C)(C)O1-1065' prediction.modelResults.predictionError=CC(C)(C)OC(=O)NC1=CC=CC=C1B1OC(C)(C)C(C)(C)O1: Molecule contains unsupported element
key='OB(O)C1=CC=C(C=C1)C(=O)NCC1=CC=CC=C1-1065' prediction.modelResults.predictionError=OB(O)C1C=CC(=CC=1)C(=O)NCC1C=CC=CC=1: Molecule contains unsupported element
key='CC1=C(C=CC(OCC2=CC=CC=C2)=C1)B(O)O-1065' prediction.modelResults.predictionError=CC1C=C(C=CC=1B(O)O)OCC1C=CC=CC=1: Molecule contains unsupported element
key='OB(O)C1=CC(=CC(=C1)[N+]([O-])=O)C(=O)OCC1=CC=CC=C1-1065' prediction.modelResults.predictionError=[O-][N+](=O)C1C=C(C=C(C=1)B(O)O)C(=O)OCC1C=CC=CC=1: Molecule contains unsupported element
key='OB(O)C1=CC(=CC=C1)C(=O)OCC1=CC=CC=C1-1065' prediction.modelResults.predictionError=OB(O)C1=CC(=CC=C1)C(=O)OCC1C=CC=CC=1: Molecule contains unsupported element
key='OB(O)C1=CC=C(C=C1)C(=O)OCC1=CC=CC=C1-1065' prediction.modelResults.predictionError=OB(O)C1C=CC(=CC=1)C(=O)OCC1C=CC=CC=1: Molecule contains unsupported element
key='OB(O)C1=CC=CC=C1OCC1=CC=CC=C1-1065' prediction.modelResults.predictionError=OB(O)C1=CC=CC=C1OCC1C=CC=CC=1: Molecule contains unsupported element
key='OB(O)C1=CC(=CC(Br)=C1)[N+]([O-])=O-1065' prediction.modelResults.predictionError=[O-][N+](=O)C1C=C(C=C(Br)C=1)B(O)O: Molecule contains unsupported element
key='OB(O)C1=CC=CC=C1CBr-1065' prediction.modelResults.predictionError=OB(O)C1=CC=CC=C1CBr: Molecule contains unsupported element
key='OB(O)C1=CC(CBr)=CC=C1-1065' prediction.modelResults.predictionError=OB(O)C1C=CC=C(CBr)C=1: Molecule contains unsupported element
key='CC1(C)OB(OC1(C)C)C1=CC(CBr)=CC=C1-1065' prediction.modelResults.predictionError=CC1(C)OB(OC1(C)C)C1C=CC=C(CBr)C=1: Molecule contains unsupported element
key='OB(O)C1=C(F)C(F)=C(Br)C=C1-1065' prediction.modelResults.predictionError=OB(O)C1C=CC(Br)=C(F)C=1F: Molecule contains unsupported element
key='OB(O)C1=CC=CC=C1Br-1065' prediction.modelResults.predictionError=OB(O)C1=CC=CC=C1Br: Molecule contains unsupported element
key='CC(C)(C)OC(=O)C1=CC=CC(=C1)B(O)O-1065' prediction.modelResults.predictionError=CC(C)(C)OC(=O)C1C=C(C=CC=1)B(O)O: Molecule contains unsupported element
key='CC(C)(C)OC(=O)C1=CC=C(C=C1)B(O)O-1065' prediction.modelResults.predictionError=CC(C)(C)OC(=O)C1C=CC(=CC=1)B(O)O: Molecule contains unsupported element
key='CC(C)(C)OC(=O)N1C(=CC2=CC=CC=C12)B(O)O-1065' prediction.modelResults.predictionError=CC(C)(C)OC(=O)N1C2=CC=CC=C2C=C1B(O)O: Molecule contains unsupported element
key='CC1=CC(=CC(=C1)B(O)O)C(C)(C)C-1065' prediction.modelResults.predictionError=CC1C=C(C=C(C=1)C(C)(C)C)B(O)O: Molecule contains unsupported element
key='CCCCNC(=O)C1=CC=C(C=C1)B(O)O-1065' prediction.modelResults.predictionError=CCCCNC(=O)C1C=CC(=CC=1)B(O)O: Molecule contains unsupported element
key='CC(C)(C)NC(=O)C1=CC=C(C=C1)B(O)O-1065' prediction.modelResults.predictionError=CC(C)(C)NC(=O)C1C=CC(=CC=1)B(O)O: Molecule contains unsupported element
key='OB(O)C1=CC(=CC(=C1)[N+]([O-])=O)C(O)=O-1065' prediction.modelResults.predictionError=[O-][N+](=O)C1C=C(C=C(C=1)B(O)O)C(O)=O: Molecule contains unsupported element
key='OB(O)C1=CC=C(NC(=O)OCC2=CC=CC=C2)C=C1-1065' prediction.modelResults.predictionError=OB(O)C1C=CC(=CC=1)NC(=O)OCC1C=CC=CC=1: Molecule contains unsupported element
key='COC1=CC(Cl)=C(C=C1)B(O)O-1065' prediction.modelResults.predictionError=COC1=CC(Cl)=C(C=C1)B(O)O: Molecule contains unsupported element
key='OB(O)C1=C(F)C=C(Br)C=C1-1065' prediction.modelResults.predictionError=OB(O)C1C=CC(Br)=CC=1F: Molecule contains unsupported element
key='CC1=CC(Cl)=C(C=C1)B(O)O-1065' prediction.modelResults.predictionError=CC1C=CC(B(O)O)=C(Cl)C=1: Molecule contains unsupported element
key='OB(O)C1=CC(F)=C(Br)C=C1-1065' prediction.modelResults.predictionError=OB(O)C1C=CC(Br)=C(F)C=1: Molecule contains unsupported element
key='CC1=C(C=C(Cl)C=C1)B(O)O-1065' prediction.modelResults.predictionError=CC1C=CC(Cl)=CC=1B(O)O: Molecule contains unsupported element
key='OB(O)C1=CC=C(CC#N)C=C1-1065' prediction.modelResults.predictionError=N#CCC1=CC=C(C=C1)B(O)O: Molecule contains unsupported element
key='CC1(C)OB(OC1(C)C)C1=CC(CC#N)=CC=C1-1065' prediction.modelResults.predictionError=CC1(C)OB(OC1(C)C)C1C=CC=C(CC#N)C=1: Molecule contains unsupported element
key='OB(O)C1=CC(CC#N)=CC=C1-1065' prediction.modelResults.predictionError=N#CCC1C=C(C=CC=1)B(O)O: Molecule contains unsupported element
key='OB(O)C1=CC=C(C=C1)C(=O)NC1CCCCC1-1065' prediction.modelResults.predictionError=OB(O)C1C=CC(=CC=1)C(=O)NC1CCCCC1: Molecule contains unsupported element
key='OB(O)C1=CC=C(C=C1)C(=O)NC1CCCC1-1065' prediction.modelResults.predictionError=OB(O)C1C=CC(=CC=1)C(=O)NC1CCCC1: Molecule contains unsupported element
key='OB(O)C1=CC=C(C=C1)C(=O)NC1CC1-1065' prediction.modelResults.predictionError=OB(O)C1C=CC(=CC=1)C(=O)NC1CC1: Molecule contains unsupported element
key='OB(O)C1=C(Cl)C=CC(Cl)=C1-1065' prediction.modelResults.predictionError=OB(O)C1C=C(Cl)C=CC=1Cl: Molecule contains unsupported element
key='CCN(CC)C(=O)C1=CC=C(C=C1)B(O)O-1065' prediction.modelResults.predictionError=CCN(CC)C(=O)C1C=CC(=CC=1)B(O)O: Molecule contains unsupported element
key='CN(C)C(=O)C1=CC=CC(=C1)B(O)O-1065' prediction.modelResults.predictionError=CN(C)C(=O)C1C=C(C=CC=1)B(O)O: Molecule contains unsupported element
key='CC1=CC=CC(B(O)O)=C1C-1065' prediction.modelResults.predictionError=CC1=C(C=CC=C1C)B(O)O: Molecule contains unsupported element
key='CCOC(=O)C1=CC(=CC(=C1)B(O)O)[N+]([O-])=O-1065' prediction.modelResults.predictionError=CCOC(=O)C1=CC(=CC(=C1)B(O)O)[N+]([O-])=O: Molecule contains unsupported element
key='CCOC(=O)C1=CC(=C(C=C1)B(O)O)[N+]([O-])=O-1065' prediction.modelResults.predictionError=CCOC(=O)C1=CC(=C(C=C1)B(O)O)[N+]([O-])=O: Molecule contains unsupported element
key='CCOC(=O)C1=CC=CC=C1B(O)O-1065' prediction.modelResults.predictionError=CCOC(=O)C1=CC=CC=C1B(O)O: Molecule contains unsupported element
key='OB(O)C1=CC2=C(OCO2)C=C1C=O-1065' prediction.modelResults.predictionError=OB(O)C1=CC2OCOC=2C=C1C=O: Molecule contains unsupported element
key='OB(O)C1=CC=C(C=O)C2=CC=CC=C12-1065' prediction.modelResults.predictionError=OB(O)C1=CC=C(C=O)C2=CC=CC=C21: Molecule contains unsupported element
key='OB(O)C1=C(SC=C1)C=O-1065' prediction.modelResults.predictionError=OB(O)C1C=CSC=1C=O: Molecule contains unsupported element
key='OB(O)C1=C(C=O)C=CS1-1065' prediction.modelResults.predictionError=OB(O)C1SC=CC=1C=O: Molecule contains unsupported element
key='OB(O)C1=CC=C(S1)C=O-1065' prediction.modelResults.predictionError=OB(O)C1=CC=C(C=O)S1: Molecule contains unsupported element
key='CC1=C(C=CC(O)=C1)B(O)O-1065' prediction.modelResults.predictionError=CC1C=C(O)C=CC=1B(O)O: Molecule contains unsupported element
key='OB(O)C1=CC=CC=C1O-1065' prediction.modelResults.predictionError=OC1=CC=CC=C1B(O)O: Molecule contains unsupported element
key='[O-]S(=O)(=O)C(F)(F)F.[O-]S(=O)(=O)C(F)(F)F.C[N+]1=CN(C=C1)C(=O)N1C=C[N+](C)=C1-1065' prediction.modelResults.predictionError=[O-]S(=O)(=O)C(F)(F)F.[O-]S(=O)(=O)C(F)(F)F.C[N+]1=CN(C=C1)C(=O)N1C=C[N+](C)=C1: model can't run mixtures
key='CC(C)CNC(=O)C1=CC=C(C=C1)B(O)O-1065' prediction.modelResults.predictionError=CC(C)CNC(=O)C1C=CC(=CC=1)B(O)O: Molecule contains unsupported element
key='CC(C)CC1=CC=C(C=C1)B(O)O-1065' prediction.modelResults.predictionError=CC(C)CC1=CC=C(C=C1)B(O)O: Molecule contains unsupported element
key='CC1(C)OB(OC1(C)C)C1=CC=C(C=C1)N=C=O-1065' prediction.modelResults.predictionError=CC1(C)OB(OC1(C)C)C1C=CC(=CC=1)N=C=O: Molecule contains unsupported element
key='CC(C)NC(=O)C1=CC=C(C=C1)B(O)O-1065' prediction.modelResults.predictionError=CC(C)NC(=O)C1C=CC(=CC=1)B(O)O: Molecule contains unsupported element
key='CC(C)C1=CC=CC=C1B(O)O-1065' prediction.modelResults.predictionError=CC(C)C1=CC=CC=C1B(O)O: Molecule contains unsupported element
key='CC(C)C1=CC=C(C=C1)B(O)O-1065' prediction.modelResults.predictionError=CC(C)C1C=CC(=CC=1)B(O)O: Molecule contains unsupported element
key='CC(C)SC1=CC=C(C=C1)B(O)O-1065' prediction.modelResults.predictionError=CC(C)SC1C=CC(=CC=1)B(O)O: Molecule contains unsupported element
key='COC1=C(C=C(C)C=C1)B(O)O-1065' prediction.modelResults.predictionError=CC1C=CC(OC)=C(C=1)B(O)O: Molecule contains unsupported element
key='COC1=CC(C)=C(C=C1)B(O)O-1065' prediction.modelResults.predictionError=CC1C=C(C=CC=1B(O)O)OC: Molecule contains unsupported element
key='COC1=C(C)C=C(C=C1)B(O)O-1065' prediction.modelResults.predictionError=CC1C=C(C=CC=1OC)B(O)O: Molecule contains unsupported element
key='COC(=O)C=CC1=CC=CC=C1B(O)O-1065' prediction.modelResults.predictionError=COC(=O)C=CC1=CC=CC=C1B(O)O: Molecule contains unsupported element
key='COC(=O)C=CC1=CC=CC(=C1)B(O)O-1065' prediction.modelResults.predictionError=COC(=O)C=CC1C=C(C=CC=1)B(O)O: Molecule contains unsupported element
key='COC(=O)C=CC1=CC=C(C=C1)B(O)O-1065' prediction.modelResults.predictionError=COC(=O)C=CC1C=CC(=CC=1)B(O)O: Molecule contains unsupported element
key='COC(=O)C1=CC(=CC(=C1)B(O)O)[N+]([O-])=O-1065' prediction.modelResults.predictionError=COC(=O)C1=CC(=CC(=C1)B(O)O)[N+]([O-])=O: Molecule contains unsupported element
key='COC(=O)C1=CC(=C(C=C1)B(O)O)[N+]([O-])=O-1065' prediction.modelResults.predictionError=COC(=O)C1=CC(=C(C=C1)B(O)O)[N+]([O-])=O: Molecule contains unsupported element
key='COC(=O)NC1=CC=C(C=C1)B(O)O-1065' prediction.modelResults.predictionError=COC(=O)NC1C=CC(=CC=1)B(O)O: Molecule contains unsupported element
key='COC(=O)C1=CC=CC=C1B(O)O-1065' prediction.modelResults.predictionError=COC(=O)C1=CC=CC=C1B(O)O: Molecule contains unsupported element
key='COC(=O)C1=CC=C(C=C1)B1OC(C)(C)C(C)(C)O1-1065' prediction.modelResults.predictionError=COC(=O)C1C=CC(=CC=1)B1OC(C)(C)C(C)(C)O1: Molecule contains unsupported element
key='CC1=CC=C(B(O)O)C2=CC=CC=C12-1065' prediction.modelResults.predictionError=CC1=CC=C(B(O)O)C2=CC=CC=C21: Molecule contains unsupported element
key='CC1=C(C=C(C=C1)[N+]([O-])=O)B(O)O-1065' prediction.modelResults.predictionError=CC1C=CC(=CC=1B(O)O)[N+]([O-])=O: Molecule contains unsupported element
key='CC1CCCC(N1C(=O)CCSC(C)=O)C(O)=O-1065' prediction.modelResults.predictionError=Number of atoms equals zero
key='O=C1C=CC2=N[Se]NC2=C1-1065' prediction.modelResults.predictionError=O=C1C=C2N[Se]N=C2C=C1: Molecule contains unsupported element
key='CC(C)(C)OC(=O)NC1=CC(=CC(=C1)B1OC(C)(C)C(C)(C)O1)[N+]([O-])=O-1065' prediction.modelResults.predictionError=CC(C)(C)OC(=O)NC1=CC(=CC(=C1)B1OC(C)(C)C(C)(C)O1)[N+]([O-])=O: Molecule contains unsupported element
key='CC(C)(C)OC(=O)NC1=CC=CC=C1B(O)O-1065' prediction.modelResults.predictionError=CC(C)(C)OC(=O)NC1=CC=CC=C1B(O)O: Molecule contains unsupported element
key='CC(C)(C)OC(=O)NC1=CC=CC=C1B1OC(C)(C)C(C)(C)O1-1065' prediction.modelResults.predictionError=CC(C)(C)OC(=O)NC1=CC=CC=C1B1OC(C)(C)C(C)(C)O1: Molecule contains unsupported element
key='OB(O)C1=CC=C(C=C1)C(=O)NCC1=CC=CC=C1-1065' prediction.modelResults.predictionError=OB(O)C1C=CC(=CC=1)C(=O)NCC1C=CC=CC=1: Molecule contains unsupported element
key='CC1=C(C=CC(OCC2=CC=CC=C2)=C1)B(O)O-1065' prediction.modelResults.predictionError=CC1C=C(C=CC=1B(O)O)OCC1C=CC=CC=1: Molecule contains unsupported element
key='OB(O)C1=CC(=CC(=C1)[N+]([O-])=O)C(=O)OCC1=CC=CC=C1-1065' prediction.modelResults.predictionError=[O-][N+](=O)C1C=C(C=C(C=1)B(O)O)C(=O)OCC1C=CC=CC=1: Molecule contains unsupported element
key='OB(O)C1=CC(=CC=C1)C(=O)OCC1=CC=CC=C1-1065' prediction.modelResults.predictionError=OB(O)C1=CC(=CC=C1)C(=O)OCC1C=CC=CC=1: Molecule contains unsupported element
key='OB(O)C1=CC=C(C=C1)C(=O)OCC1=CC=CC=C1-1065' prediction.modelResults.predictionError=OB(O)C1C=CC(=CC=1)C(=O)OCC1C=CC=CC=1: Molecule contains unsupported element
key='OB(O)C1=CC=CC=C1OCC1=CC=CC=C1-1065' prediction.modelResults.predictionError=OB(O)C1=CC=CC=C1OCC1C=CC=CC=1: Molecule contains unsupported element
key='OB(O)C1=CC(=CC(Br)=C1)[N+]([O-])=O-1065' prediction.modelResults.predictionError=[O-][N+](=O)C1C=C(C=C(Br)C=1)B(O)O: Molecule contains unsupported element
key='OB(O)C1=CC=CC=C1CBr-1065' prediction.modelResults.predictionError=OB(O)C1=CC=CC=C1CBr: Molecule contains unsupported element
key='OB(O)C1=CC(CBr)=CC=C1-1065' prediction.modelResults.predictionError=OB(O)C1C=CC=C(CBr)C=1: Molecule contains unsupported element
key='CC1(C)OB(OC1(C)C)C1=CC(CBr)=CC=C1-1065' prediction.modelResults.predictionError=CC1(C)OB(OC1(C)C)C1C=CC=C(CBr)C=1: Molecule contains unsupported element
key='OB(O)C1=C(F)C(F)=C(Br)C=C1-1065' prediction.modelResults.predictionError=OB(O)C1C=CC(Br)=C(F)C=1F: Molecule contains unsupported element
key='OB(O)C1=CC=CC=C1Br-1065' prediction.modelResults.predictionError=OB(O)C1=CC=CC=C1Br: Molecule contains unsupported element
key='CC(C)(C)OC(=O)C1=CC=CC(=C1)B(O)O-1065' prediction.modelResults.predictionError=CC(C)(C)OC(=O)C1C=C(C=CC=1)B(O)O: Molecule contains unsupported element
key='CC(C)(C)OC(=O)C1=CC=C(C=C1)B(O)O-1065' prediction.modelResults.predictionError=CC(C)(C)OC(=O)C1C=CC(=CC=1)B(O)O: Molecule contains unsupported element
key='CC(C)(C)OC(=O)N1C(=CC2=CC=CC=C12)B(O)O-1065' prediction.modelResults.predictionError=CC(C)(C)OC(=O)N1C2=CC=CC=C2C=C1B(O)O: Molecule contains unsupported element
key='CC1=CC(=CC(=C1)B(O)O)C(C)(C)C-1065' prediction.modelResults.predictionError=CC1C=C(C=C(C=1)C(C)(C)C)B(O)O: Molecule contains unsupported element
key='CCCCNC(=O)C1=CC=C(C=C1)B(O)O-1065' prediction.modelResults.predictionError=CCCCNC(=O)C1C=CC(=CC=1)B(O)O: Molecule contains unsupported element
key='CC(C)(C)NC(=O)C1=CC=C(C=C1)B(O)O-1065' prediction.modelResults.predictionError=CC(C)(C)NC(=O)C1C=CC(=CC=1)B(O)O: Molecule contains unsupported element
key='OB(O)C1=CC(=CC(=C1)[N+]([O-])=O)C(O)=O-1065' prediction.modelResults.predictionError=[O-][N+](=O)C1C=C(C=C(C=1)B(O)O)C(O)=O: Molecule contains unsupported element
key='OB(O)C1=CC=C(NC(=O)OCC2=CC=CC=C2)C=C1-1065' prediction.modelResults.predictionError=OB(O)C1C=CC(=CC=1)NC(=O)OCC1C=CC=CC=1: Molecule contains unsupported element
key='COC1=CC(Cl)=C(C=C1)B(O)O-1065' prediction.modelResults.predictionError=COC1=CC(Cl)=C(C=C1)B(O)O: Molecule contains unsupported element
key='OB(O)C1=C(F)C=C(Br)C=C1-1065' prediction.modelResults.predictionError=OB(O)C1C=CC(Br)=CC=1F: Molecule contains unsupported element
key='CC1=CC(Cl)=C(C=C1)B(O)O-1065' prediction.modelResults.predictionError=CC1C=CC(B(O)O)=C(Cl)C=1: Molecule contains unsupported element
key='OB(O)C1=CC(F)=C(Br)C=C1-1065' prediction.modelResults.predictionError=OB(O)C1C=CC(Br)=C(F)C=1: Molecule contains unsupported element
key='CC1=C(C=C(Cl)C=C1)B(O)O-1065' prediction.modelResults.predictionError=CC1C=CC(Cl)=CC=1B(O)O: Molecule contains unsupported element
key='OB(O)C1=CC=C(CC#N)C=C1-1065' prediction.modelResults.predictionError=N#CCC1=CC=C(C=C1)B(O)O: Molecule contains unsupported element
key='CC1(C)OB(OC1(C)C)C1=CC(CC#N)=CC=C1-1065' prediction.modelResults.predictionError=CC1(C)OB(OC1(C)C)C1C=CC=C(CC#N)C=1: Molecule contains unsupported element
key='OB(O)C1=CC(CC#N)=CC=C1-1065' prediction.modelResults.predictionError=N#CCC1C=C(C=CC=1)B(O)O: Molecule contains unsupported element
key='OB(O)C1=CC=C(C=C1)C(=O)NC1CCCCC1-1065' prediction.modelResults.predictionError=OB(O)C1C=CC(=CC=1)C(=O)NC1CCCCC1: Molecule contains unsupported element
key='OB(O)C1=CC=C(C=C1)C(=O)NC1CCCC1-1065' prediction.modelResults.predictionError=OB(O)C1C=CC(=CC=1)C(=O)NC1CCCC1: Molecule contains unsupported element
key='OB(O)C1=CC=C(C=C1)C(=O)NC1CC1-1065' prediction.modelResults.predictionError=OB(O)C1C=CC(=CC=1)C(=O)NC1CC1: Molecule contains unsupported element
key='OB(O)C1=C(Cl)C=CC(Cl)=C1-1065' prediction.modelResults.predictionError=OB(O)C1C=C(Cl)C=CC=1Cl: Molecule contains unsupported element
key='CCN(CC)C(=O)C1=CC=C(C=C1)B(O)O-1065' prediction.modelResults.predictionError=CCN(CC)C(=O)C1C=CC(=CC=1)B(O)O: Molecule contains unsupported element
key='CN(C)C(=O)C1=CC=CC(=C1)B(O)O-1065' prediction.modelResults.predictionError=CN(C)C(=O)C1C=C(C=CC=1)B(O)O: Molecule contains unsupported element
key='CC1=CC=CC(B(O)O)=C1C-1065' prediction.modelResults.predictionError=CC1=C(C=CC=C1C)B(O)O: Molecule contains unsupported element
key='CCOC(=O)C1=CC(=CC(=C1)B(O)O)[N+]([O-])=O-1065' prediction.modelResults.predictionError=CCOC(=O)C1=CC(=CC(=C1)B(O)O)[N+]([O-])=O: Molecule contains unsupported element
key='CCOC(=O)C1=CC(=C(C=C1)B(O)O)[N+]([O-])=O-1065' prediction.modelResults.predictionError=CCOC(=O)C1=CC(=C(C=C1)B(O)O)[N+]([O-])=O: Molecule contains unsupported element
key='CCOC(=O)C1=CC=CC=C1B(O)O-1065' prediction.modelResults.predictionError=CCOC(=O)C1=CC=CC=C1B(O)O: Molecule contains unsupported element
key='NNC1=C(Br)C=CC(=C1)C(F)(F)F-1065' prediction.modelResults.predictionError=OB(O)C1=CC2OCOC=2C=C1C=O: Molecule contains unsupported element
key='OB(O)C1=CC2=C(OCO2)C=C1C=O-1065' prediction.modelResults.predictionError=OB(O)C1=CC=C(C=O)C2=CC=CC=C21: Molecule contains unsupported element
key='FC(F)(F)C(=CBr)C(F)(F)F-1065' prediction.modelResults.predictionError=OB(O)C1C=CSC=1C=O: Molecule contains unsupported element
key='OB(O)C1=C(SC=C1)C=O-1065' prediction.modelResults.predictionError=OB(O)C1SC=CC=1C=O: Molecule contains unsupported element
key='OB(O)C1=C(C=O)C=CS1-1065' prediction.modelResults.predictionError=OB(O)C1=CC=C(C=O)S1: Molecule contains unsupported element
key='CC(C)(C)C1=NN(CC2=CC=C(F)C=C2)C(=C1)C(O)=O-1065' prediction.modelResults.predictionError=CC1C=C(O)C=CC=1B(O)O: Molecule contains unsupported element
key='CC(C)(C)OC(=O)C(F)(F)C(F)(F)F-1065' prediction.modelResults.predictionError=OC1=CC=CC=C1B(O)O: Molecule contains unsupported element
key='CC(C)CNC(=O)C1=CC=C(C=C1)B(O)O-1065' prediction.modelResults.predictionError=CC(C)CNC(=O)C1C=CC(=CC=1)B(O)O: Molecule contains unsupported element
key='CC(C)CC1=CC=C(C=C1)B(O)O-1065' prediction.modelResults.predictionError=CC(C)CC1=CC=C(C=C1)B(O)O: Molecule contains unsupported element
key='CC1(C)OB(OC1(C)C)C1=CC=C(C=C1)N=C=O-1065' prediction.modelResults.predictionError=CC1(C)OB(OC1(C)C)C1C=CC(=CC=1)N=C=O: Molecule contains unsupported element
key='CC(C)NC(=O)C1=CC=C(C=C1)B(O)O-1065' prediction.modelResults.predictionError=CC(C)NC(=O)C1C=CC(=CC=1)B(O)O: Molecule contains unsupported element
key='CC(C)C1=CC=CC=C1B(O)O-1065' prediction.modelResults.predictionError=CC(C)C1=CC=CC=C1B(O)O: Molecule contains unsupported element
key='CC(C)C1=CC=C(C=C1)B(O)O-1065' prediction.modelResults.predictionError=CC(C)C1C=CC(=CC=1)B(O)O: Molecule contains unsupported element
key='CC(C)SC1=CC=C(C=C1)B(O)O-1065' prediction.modelResults.predictionError=CC(C)SC1C=CC(=CC=1)B(O)O: Molecule contains unsupported element
key='COC1=C(C=C(C)C=C1)B(O)O-1065' prediction.modelResults.predictionError=CC1C=CC(OC)=C(C=1)B(O)O: Molecule contains unsupported element
key='COC1=CC(C)=C(C=C1)B(O)O-1065' prediction.modelResults.predictionError=CC1C=C(C=CC=1B(O)O)OC: Molecule contains unsupported element
key='COC1=C(C)C=C(C=C1)B(O)O-1065' prediction.modelResults.predictionError=CC1C=C(C=CC=1OC)B(O)O: Molecule contains unsupported element
key='COC(=O)C=CC1=CC=CC=C1B(O)O-1065' prediction.modelResults.predictionError=COC(=O)C=CC1=CC=CC=C1B(O)O: Molecule contains unsupported element
key='COC(=O)C=CC1=CC=CC(=C1)B(O)O-1065' prediction.modelResults.predictionError=COC(=O)C=CC1C=C(C=CC=1)B(O)O: Molecule contains unsupported element
key='COC(=O)C=CC1=CC=C(C=C1)B(O)O-1065' prediction.modelResults.predictionError=COC(=O)C=CC1C=CC(=CC=1)B(O)O: Molecule contains unsupported element
key='COC(=O)C1=CC(=CC(=C1)B(O)O)[N+]([O-])=O-1065' prediction.modelResults.predictionError=COC(=O)C1=CC(=CC(=C1)B(O)O)[N+]([O-])=O: Molecule contains unsupported element
key='COC(=O)C1=CC(=C(C=C1)B(O)O)[N+]([O-])=O-1065' prediction.modelResults.predictionError=COC(=O)C1=CC(=C(C=C1)B(O)O)[N+]([O-])=O: Molecule contains unsupported element
key='COC(=O)NC1=CC=C(C=C1)B(O)O-1065' prediction.modelResults.predictionError=COC(=O)NC1C=CC(=CC=1)B(O)O: Molecule contains unsupported element
key='COC(=O)C1=CC=CC=C1B(O)O-1065' prediction.modelResults.predictionError=COC(=O)C1=CC=CC=C1B(O)O: Molecule contains unsupported element
key='COC(=O)C1=CC=C(C=C1)B1OC(C)(C)C(C)(C)O1-1065' prediction.modelResults.predictionError=COC(=O)C1C=CC(=CC=1)B1OC(C)(C)C(C)(C)O1: Molecule contains unsupported element
key='CC1=CC=C(B(O)O)C2=CC=CC=C12-1065' prediction.modelResults.predictionError=CC1=CC=C(B(O)O)C2=CC=CC=C21: Molecule contains unsupported element
key='CC1=C(C=C(C=C1)[N+]([O-])=O)B(O)O-1065' prediction.modelResults.predictionError=CC1C=CC(=CC=1B(O)O)[N+]([O-])=O: Molecule contains unsupported element
key='CC1=C(C=C(C=C1)B(O)O)[N+]([O-])=O-1065' prediction.modelResults.predictionError=CC1C=CC(=CC=1[N+]([O-])=O)B(O)O: Molecule contains unsupported element
key='CNC(=O)C1=CC=CC(=C1)B(O)O-1065' prediction.modelResults.predictionError=CNC(=O)C1C=C(C=CC=1)B(O)O: Molecule contains unsupported element
key='CNC(=O)C1=CC=C(C=C1)B(O)O-1065' prediction.modelResults.predictionError=CNC(=O)C1C=CC(=CC=1)B(O)O: Molecule contains unsupported element
key='CS(=O)C1=CC=CC=C1B(O)O-1065' prediction.modelResults.predictionError=C[SH+](=O)C1=CC=CC=C1B(O)O: Molecule contains unsupported element
key='CS(=O)C1=CC=C(C=C1)B(O)O-1065' prediction.modelResults.predictionError=C[SH+](=O)C1C=CC(=CC=1)B(O)O: Molecule contains unsupported element
key='CS(=O)(=O)NC1=CC=CC=C1B(O)O-1065' prediction.modelResults.predictionError=CS(=O)(=O)NC1=CC=CC=C1B(O)O: Molecule contains unsupported element
key='CS(=O)(=O)NC1=CC=CC(=C1)B(O)O-1065' prediction.modelResults.predictionError=CS(=O)(=O)NC1C=C(C=CC=1)B(O)O: Molecule contains unsupported element
key='CS(=O)(=O)NC1=CC=C(C=C1)B(O)O-1065' prediction.modelResults.predictionError=CS(=O)(=O)NC1C=CC(=CC=1)B(O)O: Molecule contains unsupported element
key='CS(=O)(=O)C1=CC=CC=C1B(O)O-1065' prediction.modelResults.predictionError=CS(=O)(=O)C1=CC=CC=C1B(O)O: Molecule contains unsupported element
key='CS(=O)(=O)C1=CC=CC(=C1)B(O)O-1065' prediction.modelResults.predictionError=CS(=O)(=O)C1C=C(C=CC=1)B(O)O: Molecule contains unsupported element
key='CSC1=CC=CC=C1B(O)O-1065' prediction.modelResults.predictionError=CSC1=CC=CC=C1B(O)O: Molecule contains unsupported element
key='OB(O)C1=CC=C(C=C1)C(=O)N1CCOCC1-1065' prediction.modelResults.predictionError=OB(O)C1C=CC(=CC=1)C(=O)N1CCOCC1: Molecule contains unsupported element
key='OB(O)C1=CC=C(C=C1)[N+]([O-])=O-1065' prediction.modelResults.predictionError=[O-][N+](=O)C1C=CC(=CC=1)B(O)O: Molecule contains unsupported element
key='CC1(C)OB(OC1(C)C)C1=CC=C(C=C1)[N+]([O-])=O-1065' prediction.modelResults.predictionError=CC1(C)OB(OC1(C)C)C1C=CC(=CC=1)[N+]([O-])=O: Molecule contains unsupported element
key='OB(O)C1=CC=CC=C1OC1=CC=CC=C1-1065' prediction.modelResults.predictionError=OB(O)C1=CC=CC=C1OC1C=CC=CC=1: Molecule contains unsupported element
key='CC1(C)OB(OC1(C)C)C1=CC=CC=C1CN1C(=O)C2=CC=CC=C2C1=O-1065' prediction.modelResults.predictionError=CC1(C)OB(OC1(C)C)C1=CC=CC=C1CN1C(=O)C2=CC=CC=C2C1=O: Molecule contains unsupported element
key='CC1(C)OB(OC1(C)C)C1=CC(CN2C(=O)C3=CC=CC=C3C2=O)=CC=C1-1065' prediction.modelResults.predictionError=CC1(C)OB(OC1(C)C)C1=CC(CN2C(=O)C3=CC=CC=C3C2=O)=CC=C1: Molecule contains unsupported element
key='CC1(C)OB(OC1(C)C)C1=CC=C(CN2C(=O)C3=CC=CC=C3C2=O)C=C1-1065' prediction.modelResults.predictionError=CC1(C)OB(OC1(C)C)C1C=CC(CN2C(=O)C3=CC=CC=C3C2=O)=CC=1: Molecule contains unsupported element
key='OB(O)C1=CC=C(C=C1)C(=O)N1CCCCC1-1065' prediction.modelResults.predictionError=OB(O)C1C=CC(=CC=1)C(=O)N1CCCCC1: Molecule contains unsupported element
key='CCCNC(=O)C1=CC=C(C=C1)B(O)O-1065' prediction.modelResults.predictionError=CCCNC(=O)C1C=CC(=CC=1)B(O)O: Molecule contains unsupported element
key='OB(O)C1=CC=C(C=C1)C(=O)N1CCCC1-1065' prediction.modelResults.predictionError=OB(O)C1C=CC(=CC=1)C(=O)N1CCCC1: Molecule contains unsupported element
key='COC1=C(OC)C(OC)=C(C=C1)B(O)O-1065' prediction.modelResults.predictionError=COC1C(OC)=C(C=CC=1OC)B(O)O: Molecule contains unsupported element
key='COC1=C(OC)C(B(O)O)=C(OC)C=C1-1065' prediction.modelResults.predictionError=COC1C=CC(OC)=C(B(O)O)C=1OC: Molecule contains unsupported element
key='OB(O)C1=CC=CC=C1C=C-1065' prediction.modelResults.predictionError=C=CC1=CC=CC=C1B(O)O: Molecule contains unsupported element
key='CCCCCC(=CB1OC(C)(C)C(C)(C)O1)B1OC(C)(C)C(C)(C)O1-1065' prediction.modelResults.predictionError=CCCCCC(=CB1OC(C)(C)C(C)(C)O1)B1OC(C)(C)C(C)(C)O1: Molecule contains unsupported element
key='CCCC(=CB1OC(C)(C)C(C)(C)O1)B1OC(C)(C)C(C)(C)O1-1065' prediction.modelResults.predictionError=CCCC(=CB1OC(C)(C)C(C)(C)O1)B1OC(C)(C)C(C)(C)O1: Molecule contains unsupported element
key='CCCCB1OC(C)(C)C(C)(C)O1-1065' prediction.modelResults.predictionError=CCCCB1OC(C)(C)C(C)(C)O1: Molecule contains unsupported element
key='CC(C)(C)OC(=O)NC1=CC=CC(=C1)B1OC(C)(C)C(C)(C)O1-1065' prediction.modelResults.predictionError=CC(C)(C)OC(=O)NC1C=C(C=CC=1)B1OC(C)(C)C(C)(C)O1: Molecule contains unsupported element
key='OB(O)C1=CC(=C(Br)C=C1)[N+]([O-])=O-1065' prediction.modelResults.predictionError=[O-][N+](=O)C1C=C(C=CC=1Br)B(O)O: Molecule contains unsupported element
key='CCOC1=CC=CC(=C1)B(O)O-1065' prediction.modelResults.predictionError=CCOC1C=C(C=CC=1)B(O)O: Molecule contains unsupported element
key='OB(O)C1=CC(S)=CC=C1-1065' prediction.modelResults.predictionError=OB(O)C1C=CC=C(S)C=1: Molecule contains unsupported element
key='CC(C)(C)OC(=O)OC1=CC=CC=C1B1OC(C)(C)C(C)(C)O1-1065' prediction.modelResults.predictionError=CC(C)(C)OC(=O)OC1=CC=CC=C1B1OC(C)(C)C(C)(C)O1: Molecule contains unsupported element
key='CC(C)(C)OC(=O)OC1=CC=CC(=C1)B1OC(C)(C)C(C)(C)O1-1065' prediction.modelResults.predictionError=CC(C)(C)OC(=O)OC1C=C(C=CC=1)B1OC(C)(C)C(C)(C)O1: Molecule contains unsupported element
key='CC(C)(C)OC(=O)OC1=CC=C(C=C1)B1OC(C)(C)C(C)(C)O1-1065' prediction.modelResults.predictionError=CC(C)(C)OC(=O)OC1C=CC(=CC=1)B1OC(C)(C)C(C)(C)O1: Molecule contains unsupported element
key='CCOC(=O)C1=CC=CC=C1B1OC(C)(C)C(C)(C)O1-1065' prediction.modelResults.predictionError=CCOC(=O)C1=CC=CC=C1B1OC(C)(C)C(C)(C)O1: Molecule contains unsupported element
key='CCOC(=O)C1=CC=CC(=C1)B1OC(C)(C)C(C)(C)O1-1065' prediction.modelResults.predictionError=CCOC(=O)C1C=C(C=CC=1)B1OC(C)(C)C(C)(C)O1: Molecule contains unsupported element
key='COC1=C(OC(C)=O)C=CC(=C1)B1OC(C)(C)C(C)(C)O1-1065' prediction.modelResults.predictionError=CC(=O)OC1C=CC(=CC=1OC)B1OC(C)(C)C(C)(C)O1: Molecule contains unsupported element
key='CN1C=C(C=N1)B1OC(C)(C)C(C)(C)O1-1065' prediction.modelResults.predictionError=CN1C=C(C=N1)B1OC(C)(C)C(C)(C)O1: Molecule contains unsupported element
key='CC(=O)NC1=CC=CC(=C1)B1OC(C)(C)C(C)(C)O1-1065' prediction.modelResults.predictionError=CC(=O)NC1C=C(C=CC=1)B1OC(C)(C)C(C)(C)O1: Molecule contains unsupported element
key='CC1(C)OB(OC1(C)C)C1=COC=C1-1065' prediction.modelResults.predictionError=CC1(C)OB(OC1(C)C)C1=COC=C1: Molecule contains unsupported element
key='CC(=O)OC1=CC=CC=C1B1OC(C)(C)C(C)(C)O1-1065' prediction.modelResults.predictionError=CC(=O)OC1=CC=CC=C1B1OC(C)(C)C(C)(C)O1: Molecule contains unsupported element
key='CC(=O)OC1=CC=CC(=C1)B1OC(C)(C)C(C)(C)O1-1065' prediction.modelResults.predictionError=CC(=O)OC1C=C(C=CC=1)B1OC(C)(C)C(C)(C)O1: Molecule contains unsupported element
key='CC(=O)OC1=CC=C(C=C1)B1OC(C)(C)C(C)(C)O1-1065' prediction.modelResults.predictionError=CC(=O)OC1C=CC(=CC=1)B1OC(C)(C)C(C)(C)O1: Molecule contains unsupported element
key='CC1(C)OB(OC1(C)C)C1=CC=CC=C1NC=O-1065' prediction.modelResults.predictionError=CC1(C)OB(OC1(C)C)C1=CC=CC=C1NC=O: Molecule contains unsupported element
key='CC1(C)OB(OC1(C)C)C1=CC(NC=O)=CC=C1-1065' prediction.modelResults.predictionError=CC1(C)OB(OC1(C)C)C1=CC(=CC=C1)NC=O: Molecule contains unsupported element
key='CC1(C)OB(OC1(C)C)C1=CC=C(NC=O)C=C1-1065' prediction.modelResults.predictionError=CC1(C)OB(OC1(C)C)C1C=CC(=CC=1)NC=O: Molecule contains unsupported element
key='CC1(C)OB(OC1(C)C)C1=CNN=C1-1065' prediction.modelResults.predictionError=CC1(C)OB(OC1(C)C)C1=CNN=C1: Molecule contains unsupported element
key='CC1=CC=C(C=C1)B1OC(C)(C)C(C)(C)O1-1065' prediction.modelResults.predictionError=CC1C=CC(=CC=1)B1OC(C)(C)C(C)(C)O1: Molecule contains unsupported element
key='CC1(C)COB(OC1)C1=CC(F)=CC(F)=C1-1065' prediction.modelResults.predictionError=CC1(C)COB(OC1)C1C=C(F)C=C(F)C=1: Molecule contains unsupported element
key='CC1=C(C=C(C=C1)B(O)O)[N+]([O-])=O-1065' prediction.modelResults.predictionError=CC1C=CC(=CC=1[N+]([O-])=O)B(O)O: Molecule contains unsupported element
key='CNC(=O)C1=CC=CC(=C1)B(O)O-1065' prediction.modelResults.predictionError=CNC(=O)C1C=C(C=CC=1)B(O)O: Molecule contains unsupported element
key='CNC(=O)C1=CC=C(C=C1)B(O)O-1065' prediction.modelResults.predictionError=CNC(=O)C1C=CC(=CC=1)B(O)O: Molecule contains unsupported element
key='CS(=O)C1=CC=CC=C1B(O)O-1065' prediction.modelResults.predictionError=C[SH+](=O)C1=CC=CC=C1B(O)O: Molecule contains unsupported element
key='CS(=O)C1=CC=C(C=C1)B(O)O-1065' prediction.modelResults.predictionError=C[SH+](=O)C1C=CC(=CC=1)B(O)O: Molecule contains unsupported element
key='CS(=O)(=O)NC1=CC=CC=C1B(O)O-1065' prediction.modelResults.predictionError=CS(=O)(=O)NC1=CC=CC=C1B(O)O: Molecule contains unsupported element
key='CS(=O)(=O)NC1=CC=CC(=C1)B(O)O-1065' prediction.modelResults.predictionError=CS(=O)(=O)NC1C=C(C=CC=1)B(O)O: Molecule contains unsupported element
key='CS(=O)(=O)NC1=CC=C(C=C1)B(O)O-1065' prediction.modelResults.predictionError=CS(=O)(=O)NC1C=CC(=CC=1)B(O)O: Molecule contains unsupported element
key='CS(=O)(=O)C1=CC=CC=C1B(O)O-1065' prediction.modelResults.predictionError=CS(=O)(=O)C1=CC=CC=C1B(O)O: Molecule contains unsupported element
key='CS(=O)(=O)C1=CC=CC(=C1)B(O)O-1065' prediction.modelResults.predictionError=CS(=O)(=O)C1C=C(C=CC=1)B(O)O: Molecule contains unsupported element
key='CSC1=CC=CC=C1B(O)O-1065' prediction.modelResults.predictionError=CSC1=CC=CC=C1B(O)O: Molecule contains unsupported element
key='OB(O)C1=CC=C(C=C1)C(=O)N1CCOCC1-1065' prediction.modelResults.predictionError=OB(O)C1C=CC(=CC=1)C(=O)N1CCOCC1: Molecule contains unsupported element
key='OB(O)C1=CC=C(C=C1)[N+]([O-])=O-1065' prediction.modelResults.predictionError=[O-][N+](=O)C1C=CC(=CC=1)B(O)O: Molecule contains unsupported element
key='CC1(C)OB(OC1(C)C)C1=CC=C(C=C1)[N+]([O-])=O-1065' prediction.modelResults.predictionError=CC1(C)OB(OC1(C)C)C1C=CC(=CC=1)[N+]([O-])=O: Molecule contains unsupported element
key='OB(O)C1=CC=CC=C1OC1=CC=CC=C1-1065' prediction.modelResults.predictionError=OB(O)C1=CC=CC=C1OC1C=CC=CC=1: Molecule contains unsupported element
key='CC1(C)OB(OC1(C)C)C1=CC=CC=C1CN1C(=O)C2=CC=CC=C2C1=O-1065' prediction.modelResults.predictionError=CC1(C)OB(OC1(C)C)C1=CC=CC=C1CN1C(=O)C2=CC=CC=C2C1=O: Molecule contains unsupported element
key='CC1(C)OB(OC1(C)C)C1=CC(CN2C(=O)C3=CC=CC=C3C2=O)=CC=C1-1065' prediction.modelResults.predictionError=CC1(C)OB(OC1(C)C)C1=CC(CN2C(=O)C3=CC=CC=C3C2=O)=CC=C1: Molecule contains unsupported element
key='CC1(C)OB(OC1(C)C)C1=CC=C(CN2C(=O)C3=CC=CC=C3C2=O)C=C1-1065' prediction.modelResults.predictionError=CC1(C)OB(OC1(C)C)C1C=CC(CN2C(=O)C3=CC=CC=C3C2=O)=CC=1: Molecule contains unsupported element
key='OB(O)C1=CC=C(C=C1)C(=O)N1CCCCC1-1065' prediction.modelResults.predictionError=OB(O)C1C=CC(=CC=1)C(=O)N1CCCCC1: Molecule contains unsupported element
key='CCCNC(=O)C1=CC=C(C=C1)B(O)O-1065' prediction.modelResults.predictionError=CCCNC(=O)C1C=CC(=CC=1)B(O)O: Molecule contains unsupported element
key='OB(O)C1=CC=C(C=C1)C(=O)N1CCCC1-1065' prediction.modelResults.predictionError=OB(O)C1C=CC(=CC=1)C(=O)N1CCCC1: Molecule contains unsupported element
key='COC1=C(OC)C(OC)=C(C=C1)B(O)O-1065' prediction.modelResults.predictionError=COC1C(OC)=C(C=CC=1OC)B(O)O: Molecule contains unsupported element
key='COC1=C(OC)C(B(O)O)=C(OC)C=C1-1065' prediction.modelResults.predictionError=COC1C=CC(OC)=C(B(O)O)C=1OC: Molecule contains unsupported element
key='OB(O)C1=CC=CC=C1C=C-1065' prediction.modelResults.predictionError=C=CC1=CC=CC=C1B(O)O: Molecule contains unsupported element
key='CCCCCC(=CB1OC(C)(C)C(C)(C)O1)B1OC(C)(C)C(C)(C)O1-1065' prediction.modelResults.predictionError=CCCCCC(=CB1OC(C)(C)C(C)(C)O1)B1OC(C)(C)C(C)(C)O1: Molecule contains unsupported element
key='CCCC(=CB1OC(C)(C)C(C)(C)O1)B1OC(C)(C)C(C)(C)O1-1065' prediction.modelResults.predictionError=CCCC(=CB1OC(C)(C)C(C)(C)O1)B1OC(C)(C)C(C)(C)O1: Molecule contains unsupported element
key='CCCCB1OC(C)(C)C(C)(C)O1-1065' prediction.modelResults.predictionError=CCCCB1OC(C)(C)C(C)(C)O1: Molecule contains unsupported element
key='CC(C)(C)OC(=O)NC1=CC=CC(=C1)B1OC(C)(C)C(C)(C)O1-1065' prediction.modelResults.predictionError=CC(C)(C)OC(=O)NC1C=C(C=CC=1)B1OC(C)(C)C(C)(C)O1: Molecule contains unsupported element
key='OB(O)C1=CC(=C(Br)C=C1)[N+]([O-])=O-1065' prediction.modelResults.predictionError=[O-][N+](=O)C1C=C(C=CC=1Br)B(O)O: Molecule contains unsupported element
key='CCOC1=CC=CC(=C1)B(O)O-1065' prediction.modelResults.predictionError=CCOC1C=C(C=CC=1)B(O)O: Molecule contains unsupported element
key='OB(O)C1=CC(S)=CC=C1-1065' prediction.modelResults.predictionError=OB(O)C1C=CC=C(S)C=1: Molecule contains unsupported element
key='CC(C)(C)OC(=O)OC1=CC=CC=C1B1OC(C)(C)C(C)(C)O1-1065' prediction.modelResults.predictionError=CC(C)(C)OC(=O)OC1=CC=CC=C1B1OC(C)(C)C(C)(C)O1: Molecule contains unsupported element
key='CC(C)(C)OC(=O)OC1=CC=CC(=C1)B1OC(C)(C)C(C)(C)O1-1065' prediction.modelResults.predictionError=CC(C)(C)OC(=O)OC1C=C(C=CC=1)B1OC(C)(C)C(C)(C)O1: Molecule contains unsupported element
key='CC(C)(C)OC(=O)OC1=CC=C(C=C1)B1OC(C)(C)C(C)(C)O1-1065' prediction.modelResults.predictionError=CC(C)(C)OC(=O)OC1C=CC(=CC=1)B1OC(C)(C)C(C)(C)O1: Molecule contains unsupported element
key='CCOC(=O)C1=CC=CC=C1B1OC(C)(C)C(C)(C)O1-1065' prediction.modelResults.predictionError=CCOC(=O)C1=CC=CC=C1B1OC(C)(C)C(C)(C)O1: Molecule contains unsupported element
key='CCOC(=O)C1=CC=CC(=C1)B1OC(C)(C)C(C)(C)O1-1065' prediction.modelResults.predictionError=CCOC(=O)C1C=C(C=CC=1)B1OC(C)(C)C(C)(C)O1: Molecule contains unsupported element
key='COC1=C(OC(C)=O)C=CC(=C1)B1OC(C)(C)C(C)(C)O1-1065' prediction.modelResults.predictionError=CC(=O)OC1C=CC(=CC=1OC)B1OC(C)(C)C(C)(C)O1: Molecule contains unsupported element
key='CN1C=C(C=N1)B1OC(C)(C)C(C)(C)O1-1065' prediction.modelResults.predictionError=CN1C=C(C=N1)B1OC(C)(C)C(C)(C)O1: Molecule contains unsupported element
key='CC(=O)NC1=CC=CC(=C1)B1OC(C)(C)C(C)(C)O1-1065' prediction.modelResults.predictionError=CC(=O)NC1C=C(C=CC=1)B1OC(C)(C)C(C)(C)O1: Molecule contains unsupported element
key='CC1(C)OB(OC1(C)C)C1=COC=C1-1065' prediction.modelResults.predictionError=CC1(C)OB(OC1(C)C)C1=COC=C1: Molecule contains unsupported element
key='CC(=O)OC1=CC=CC=C1B1OC(C)(C)C(C)(C)O1-1065' prediction.modelResults.predictionError=CC(=O)OC1=CC=CC=C1B1OC(C)(C)C(C)(C)O1: Molecule contains unsupported element
key='CC(=O)OC1=CC=CC(=C1)B1OC(C)(C)C(C)(C)O1-1065' prediction.modelResults.predictionError=CC(=O)OC1C=C(C=CC=1)B1OC(C)(C)C(C)(C)O1: Molecule contains unsupported element
key='CC(=O)OC1=CC=C(C=C1)B1OC(C)(C)C(C)(C)O1-1065' prediction.modelResults.predictionError=CC(=O)OC1C=CC(=CC=1)B1OC(C)(C)C(C)(C)O1: Molecule contains unsupported element
key='CC1(C)OB(OC1(C)C)C1=CC=CC=C1NC=O-1065' prediction.modelResults.predictionError=CC1(C)OB(OC1(C)C)C1=CC=CC=C1NC=O: Molecule contains unsupported element
key='CC1(C)OB(OC1(C)C)C1=CC(NC=O)=CC=C1-1065' prediction.modelResults.predictionError=CC1(C)OB(OC1(C)C)C1=CC(=CC=C1)NC=O: Molecule contains unsupported element
key='CC1(C)OB(OC1(C)C)C1=CC=C(NC=O)C=C1-1065' prediction.modelResults.predictionError=CC1(C)OB(OC1(C)C)C1C=CC(=CC=1)NC=O: Molecule contains unsupported element
key='CC1(C)OB(OC1(C)C)C1=CNN=C1-1065' prediction.modelResults.predictionError=CC1(C)OB(OC1(C)C)C1=CNN=C1: Molecule contains unsupported element
key='CC1=CC=C(C=C1)B1OC(C)(C)C(C)(C)O1-1065' prediction.modelResults.predictionError=CC1C=CC(=CC=1)B1OC(C)(C)C(C)(C)O1: Molecule contains unsupported element
key='CC1(C)COB(OC1)C1=CC(F)=CC(F)=C1-1065' prediction.modelResults.predictionError=CC1(C)COB(OC1)C1C=C(F)C=C(F)C=1: Molecule contains unsupported element
run=1	request=89	smiles=<batch-level>	error=batch failed but single-smile checks passed: HTTPConnectionPool(host='192.168.1.7', port=5004): Read timed out. (read timeout=600)
key='OB(O)C1=C(F)C=C(I)C=C1-1065' prediction.modelResults.predictionError=OB(O)C1C=CC(I)=CC=1F: Molecule contains unsupported element
key='CC1=C(F)C=CC(=C1)B(O)O-1065' prediction.modelResults.predictionError=CC1C=C(C=CC=1F)B(O)O: Molecule contains unsupported element
key='OB(O)C1=CC(F)=C(C=C1)C1=CC=CC=C1-1065' prediction.modelResults.predictionError=OB(O)C1=CC(F)=C(C=C1)C1C=CC=CC=1: Molecule contains unsupported element
key='OB(O)C1=C(F)C=C(I)C=C1-1065' prediction.modelResults.predictionError=OB(O)C1C=CC(I)=CC=1F: Molecule contains unsupported element
key='CC1=C(F)C=CC(=C1)B(O)O-1065' prediction.modelResults.predictionError=CC1C=C(C=CC=1F)B(O)O: Molecule contains unsupported element
key='OB(O)C1=CC(F)=C(C=C1)C1=CC=CC=C1-1065' prediction.modelResults.predictionError=OB(O)C1=CC(F)=C(C=C1)C1C=CC=CC=1: Molecule contains unsupported element
key='CCCCC=CC(F)(F)C(F)(F)C(F)(F)F-1065' prediction.modelResults.predictionError=Number of atoms equals zero
key='OB(O)C1=C(F)C(F)=C(F)C(F)=C1F-1065' prediction.modelResults.predictionError=OB(O)C1C(F)=C(F)C(F)=C(F)C=1F: Molecule contains unsupported element
key='OB(O)C1=CC2=C(OCCO2)C=C1-1065' prediction.modelResults.predictionError=OB(O)C1=CC2OCCOC=2C=C1: Molecule contains unsupported element
key='OB(O)C1=CN(C2=CC=CC=C12)S(=O)(=O)C1=CC=CC=C1-1065' prediction.modelResults.predictionError=OB(O)C1=CN(C2=CC=CC=C12)S(=O)(=O)C1C=CC=CC=1: Molecule contains unsupported element
key='OB(O)C1=CC2=CC=CC=C2N1S(=O)(=O)C1=CC=CC=C1-1065' prediction.modelResults.predictionError=OB(O)C1=CC2=CC=CC=C2N1S(=O)(=O)C1C=CC=CC=1: Molecule contains unsupported element
key='OB(O)C1=CC2=CC=CC=C2O1-1065' prediction.modelResults.predictionError=OB(O)C1=CC2=CC=CC=C2O1: Molecule contains unsupported element
key='OB(O)C1=CC=C(S1)C1=CC=CC=C1-1065' prediction.modelResults.predictionError=OB(O)C1=CC=C(S1)C1C=CC=CC=1: Molecule contains unsupported element
key='OB(O)C1=CSC2=CC=CC=C12-1065' prediction.modelResults.predictionError=OB(O)C1=CSC2=CC=CC=C12: Molecule contains unsupported element
key='CCCCC=CC(F)(F)C(F)(F)C(F)(F)F-1065' prediction.modelResults.predictionError=Number of atoms equals zero
key='OB(O)C1=C(F)C(F)=C(F)C(F)=C1F-1065' prediction.modelResults.predictionError=OB(O)C1C(F)=C(F)C(F)=C(F)C=1F: Molecule contains unsupported element
key='OB(O)C1=CC2=C(OCCO2)C=C1-1065' prediction.modelResults.predictionError=OB(O)C1=CC2OCCOC=2C=C1: Molecule contains unsupported element
key='OB(O)C1=CN(C2=CC=CC=C12)S(=O)(=O)C1=CC=CC=C1-1065' prediction.modelResults.predictionError=OB(O)C1=CN(C2=CC=CC=C12)S(=O)(=O)C1C=CC=CC=1: Molecule contains unsupported element
key='OB(O)C1=CC2=CC=CC=C2N1S(=O)(=O)C1=CC=CC=C1-1065' prediction.modelResults.predictionError=OB(O)C1=CC2=CC=CC=C2N1S(=O)(=O)C1C=CC=CC=1: Molecule contains unsupported element
key='OB(O)C1=CC2=CC=CC=C2O1-1065' prediction.modelResults.predictionError=OB(O)C1=CC2=CC=CC=C2O1: Molecule contains unsupported element
key='OB(O)C1=CC=C(S1)C1=CC=CC=C1-1065' prediction.modelResults.predictionError=OB(O)C1=CC=C(S1)C1C=CC=CC=1: Molecule contains unsupported element
key='OB(O)C1=CSC2=CC=CC=C12-1065' prediction.modelResults.predictionError=OB(O)C1=CSC2=CC=CC=C12: Molecule contains unsupported element
run=1	request=90	smiles=<batch-level>	error=batch failed but single-smile checks passed: HTTPConnectionPool(host='192.168.1.7', port=5004): Read timed out. (read timeout=600)
key='OB(O)C1=CC2=C(OCCCO2)C=C1-1065' prediction.modelResults.predictionError=OB(O)C1=CC2OCCCOC=2C=C1: Molecule contains unsupported element
key='OB(O)C1=CC=C(S1)C1=CC=CS1-1065' prediction.modelResults.predictionError=OB(O)C1=CC=C(S1)C1=CC=CS1: Molecule contains unsupported element
key='[O-]S(=O)(=O)C(F)(F)F.CC[N+](CC)(CC)CC(F)(F)F-1065' prediction.modelResults.predictionError=[O-]S(=O)(=O)C(F)(F)F.CC[N+](CC)(CC)CC(F)(F)F: model can't run mixtures
key='OB(O)C1=CC=CC=C1OC(F)(F)F-1065' prediction.modelResults.predictionError=OB(O)C1=CC=CC=C1OC(F)(F)F: Molecule contains unsupported element
key='[O-]S(=O)(=O)C(F)(F)F.FC(F)(F)[Se+]1C2=CC=CC=C2C2=CC=CC=C12-1065' prediction.modelResults.predictionError=[O-]S(=O)(=O)C(F)(F)F.FC(F)(F)[Se+]1C2=CC=CC=C2C2=CC=CC=C12: model can't run mixtures
key='[O-]S(=O)(=O)C(F)(F)F.FC(F)(F)[S+]1C2=CC=CC=C2C2=CC=CC=C12-1065' prediction.modelResults.predictionError=[O-]S(=O)(=O)C(F)(F)F.FC(F)(F)[S+]1C2=CC=CC=C2C2=CC=CC=C12: model can't run mixtures
key='[O-]S(=O)(=O)C(F)(F)F.[O-][N+](=O)C1=CC2=C(C=C1)C1=C(C=C(C=C1)[N+]([O-])=O)[S+]2C(F)(F)F-1065' prediction.modelResults.predictionError=[O-]S(=O)(=O)C(F)(F)F.[O-][N+](=O)C1=CC2=C(C=C1)C1=C(C=C(C=C1)[N+]([O-])=O)[S+]2C(F)(F)F: model can't run mixtures
key='CN1N=C(C)C(C(=O)C2=CC(C)=NN2C)=C1Cl-1065' prediction.modelResults.predictionError=Number of atoms equals zero
key='[O-]S(=O)(=O)C(F)(F)F.C1=CC=C(C=C1)C1=CC(=[O+]C(=C1)C1=CC=CC=C1)C1=CC=CC=C1-1065' prediction.modelResults.predictionError=[O-]S(=O)(=O)C(F)(F)F.C1=CC=C(C=C1)C1=CC(=[O+]C(=C1)C1=CC=CC=C1)C1=CC=CC=C1: model can't run mixtures
key='[Zn+]Br-1065' prediction.modelResults.predictionError=[Zn+]Br failed standardization
key='C1COCC[NH2+]1.[O-]S(=O)(=O)C(F)(F)C(F)(F)C(F)(F)C(F)(F)F-1065' prediction.modelResults.predictionError=C1COCC[NH2+]1.[O-]S(=O)(=O)C(F)(F)C(F)(F)C(F)(F)C(F)(F)F: model can't run mixtures
key='OB(O)C1=CC2=C(OCCCO2)C=C1-1065' prediction.modelResults.predictionError=OB(O)C1=CC2OCCCOC=2C=C1: Molecule contains unsupported element
key='OB(O)C1=CC=C(S1)C1=CC=CS1-1065' prediction.modelResults.predictionError=OB(O)C1=CC=C(S1)C1=CC=CS1: Molecule contains unsupported element
key='OB(O)C1=CC=CC=C1OC(F)(F)F-1065' prediction.modelResults.predictionError=OB(O)C1=CC=CC=C1OC(F)(F)F: Molecule contains unsupported element
key='[O-]S(=O)(=O)C(F)(F)F.FC(F)(F)[Se+]1C2=CC=CC=C2C2=CC=CC=C12-1065' prediction.modelResults.predictionError=FC(F)(F)[Se+]1C2=CC=CC=C2C2=CC=CC=C12: Molecule contains unsupported element
key='CN1N=C(C)C(C(=O)C2=CC(C)=NN2C)=C1Cl-1065' prediction.modelResults.predictionError=Number of atoms equals zero
key='[Zn+]Br-1065' prediction.modelResults.predictionError=[Zn+]Br failed standardization
key='C1COCC[NH2+]1.[O-]S(=O)(=O)C(F)(F)C(F)(F)C(F)(F)C(F)(F)F-1065' prediction.modelResults.predictionError=C1COCC[NH2+]1.[O-]S(=O)(=O)C(F)(F)C(F)(F)C(F)(F)C(F)(F)F: model can't run mixtures
key='FC(F)(F)C(F)(F)C(F)(F)COC(=O)C=CC(=O)OCC(F)(F)C(F)(F)C(F)(F)F-1065' prediction.modelResults.predictionError=Number of atoms equals zero
key='C1COCC[NH2+]1.[O-]S(=O)(=O)C(F)(F)F-1065' prediction.modelResults.predictionError=C1COCC[NH2+]1.[O-]S(=O)(=O)C(F)(F)F: model can't run mixtures
key='FC(F)(F)C(F)(F)C(F)(F)COC(=O)C=CC(=O)OCC(F)(F)C(F)(F)C(F)(F)F-1065' prediction.modelResults.predictionError=Number of atoms equals zero
key='C1COCC[NH2+]1.[O-]S(=O)(=O)C(F)(F)F-1065' prediction.modelResults.predictionError=C1COCC[NH2+]1.[O-]S(=O)(=O)C(F)(F)F: model can't run mixtures
run=1	request=91	smiles=<batch-level>	error=batch failed but single-smile checks passed: HTTPConnectionPool(host='192.168.1.7', port=5004): Read timed out. (read timeout=600)
key='OB(O)C1=CC(C=O)=C(F)C=C1-1065' prediction.modelResults.predictionError=OB(O)C1C=CC(F)=C(C=O)C=1: Molecule contains unsupported element
key='OB(O)C1=CC(F)=C(C=O)C=C1-1065' prediction.modelResults.predictionError=OB(O)C1C=CC(C=O)=C(F)C=1: Molecule contains unsupported element
key='OB(O)C1=CC(F)=C(Cl)C=C1-1065' prediction.modelResults.predictionError=OB(O)C1C=CC(Cl)=C(F)C=1: Molecule contains unsupported element
key='CS(=N)C1=CC=CS1.CC1=CC(C)=C(C(C)=C1)S(O)(=O)=O-1065' prediction.modelResults.predictionError=CS(=N)C1=CC=CS1.CC1=CC(C)=C(C(C)=C1)S(O)(=O)=O: model can't run mixtures
key='OB(O)C1=C(C=CC(=C1)C(F)(F)F)C(F)(F)F-1065' prediction.modelResults.predictionError=OB(O)C1C=C(C=CC=1C(F)(F)F)C(F)(F)F: Molecule contains unsupported element
key='OB(O)C1=C(F)C=C(F)C=C1F-1065' prediction.modelResults.predictionError=OB(O)C1C(F)=CC(F)=CC=1F: Molecule contains unsupported element
key='O.OB(O)C1=C(F)C=NC=C1-1065' prediction.modelResults.predictionError=OB(O)C1C=CN=CC=1F: Molecule contains unsupported element
key='OB(O)C1=C(F)C=NC=C1-1065' prediction.modelResults.predictionError=OB(O)C1C=CN=CC=1F: Molecule contains unsupported element
key='OB(O)C1=CC(C=O)=C(F)C=C1-1065' prediction.modelResults.predictionError=OB(O)C1C=CC(F)=C(C=O)C=1: Molecule contains unsupported element
key='OB(O)C1=CC(F)=C(C=O)C=C1-1065' prediction.modelResults.predictionError=OB(O)C1C=CC(C=O)=C(F)C=1: Molecule contains unsupported element
key='OB(O)C1=CC(F)=C(Cl)C=C1-1065' prediction.modelResults.predictionError=OB(O)C1C=CC(Cl)=C(F)C=1: Molecule contains unsupported element
key='OB(O)C1=C(C=CC(=C1)C(F)(F)F)C(F)(F)F-1065' prediction.modelResults.predictionError=OB(O)C1C=C(C=CC=1C(F)(F)F)C(F)(F)F: Molecule contains unsupported element
key='OB(O)C1=C(F)C=C(F)C=C1F-1065' prediction.modelResults.predictionError=OB(O)C1C(F)=CC(F)=CC=1F: Molecule contains unsupported element
key='O.OB(O)C1=C(F)C=NC=C1-1065' prediction.modelResults.predictionError=OB(O)C1C=CN=CC=1F: Molecule contains unsupported element
key='OB(O)C1=C(F)C=NC=C1-1065' prediction.modelResults.predictionError=OB(O)C1C=CN=CC=1F: Molecule contains unsupported element
key='OB(O)C1=CC=C(S1)C(O)=O-1065' prediction.modelResults.predictionError=OC(=O)C1=CC=C(S1)B(O)O: Molecule contains unsupported element
key='NC1=CC=C(NC(=O)C2=CC=CC=C2O)C=C1-1065' prediction.modelResults.predictionError=Number of atoms equals zero
key='OB(O)C1=CC=C(S1)C(O)=O-1065' prediction.modelResults.predictionError=OC(=O)C1=CC=C(S1)B(O)O: Molecule contains unsupported element
key='NC1=CC=C(NC(=O)C2=CC=CC=C2O)C=C1-1065' prediction.modelResults.predictionError=Number of atoms equals zero
run=1	request=92	smiles=<batch-level>	error=batch failed but single-smile checks passed: HTTPConnectionPool(host='192.168.1.7', port=5004): Read timed out. (read timeout=600)
key='OB(O)C1=C(OCC2=CC=CC=C2)C=C(F)C=C1-1065' prediction.modelResults.predictionError=OB(O)C1C=CC(F)=CC=1OCC1C=CC=CC=1: Molecule contains unsupported element
key='OB(O)C1=C(OCC2=CC=CC=C2)C=CC(F)=C1-1065' prediction.modelResults.predictionError=OB(O)C1C=C(F)C=CC=1OCC1C=CC=CC=1: Molecule contains unsupported element
key='OB(O)C1=C(C=C(C=C1)C(F)(F)F)C(F)(F)F-1065' prediction.modelResults.predictionError=OB(O)C1C=CC(=CC=1C(F)(F)F)C(F)(F)F: Molecule contains unsupported element
key='OB(O)C1=C(Cl)C=CC(=C1)C(F)(F)F-1065' prediction.modelResults.predictionError=OB(O)C1C=C(C=CC=1Cl)C(F)(F)F: Molecule contains unsupported element
key='OB(O)C1=CC(=C(Cl)C=C1)C(F)(F)F-1065' prediction.modelResults.predictionError=OB(O)C1=CC(=C(Cl)C=C1)C(F)(F)F: Molecule contains unsupported element
key='COC1=C(C=CC(F)=C1)B(O)O-1065' prediction.modelResults.predictionError=COC1C=C(F)C=CC=1B(O)O: Molecule contains unsupported element
key='COC1=C(C=C(F)C=C1)B(O)O-1065' prediction.modelResults.predictionError=COC1C=CC(F)=CC=1B(O)O: Molecule contains unsupported element
key='CC1=C(F)C=C(C=C1)B(O)O-1065' prediction.modelResults.predictionError=CC1C=CC(=CC=1F)B(O)O: Molecule contains unsupported element
key='OB(O)C1=CC=C(F)C2=CC=CC=C12-1065' prediction.modelResults.predictionError=OB(O)C1=CC=C(F)C2=CC=CC=C21: Molecule contains unsupported element
key='COC1=C(C=C(C=C1)C(F)(F)F)B(O)O-1065' prediction.modelResults.predictionError=COC1C=CC(=CC=1B(O)O)C(F)(F)F: Molecule contains unsupported element
key='OB(O)C(=C)C(F)(F)F-1065' prediction.modelResults.predictionError=C=C(B(O)O)C(F)(F)F: Molecule contains unsupported element
key='OB(O)C1=C(F)C=CN=C1-1065' prediction.modelResults.predictionError=OB(O)C1C=NC=CC=1F: Molecule contains unsupported element
key='COC(=O)C1=C(F)C=C(C=C1)B(O)O-1065' prediction.modelResults.predictionError=COC(=O)C1C=CC(=CC=1F)B(O)O: Molecule contains unsupported element
key='Cl.NCC1=C(C=C(F)C=C1)B(O)O-1065' prediction.modelResults.predictionError=NCC1C=CC(F)=CC=1B(O)O: Molecule contains unsupported element
key='CCOC1=C(F)C=C(C=C1)B(O)O-1065' prediction.modelResults.predictionError=CCOC1C=CC(=CC=1F)B(O)O: Molecule contains unsupported element
key='[K+].[O-][N+](=O)C1=CC=CC=C1[B-](F)(F)F-1065' prediction.modelResults.predictionError=[O-][N+](=O)C1=CC=CC=C1[B-](F)(F)F: Molecule contains unsupported element
key='[K+].[O-][N+](=O)C1=CC=CC(=C1)[B-](F)(F)F-1065' prediction.modelResults.predictionError=[O-][N+](=O)C1C=C(C=CC=1)[B-](F)(F)F: Molecule contains unsupported element
key='OB(O)C1=CC(=CC=C1)C(=O)NC1=CC=C(F)C=C1-1065' prediction.modelResults.predictionError=OB(O)C1=CC(=CC=C1)C(=O)NC1C=CC(F)=CC=1: Molecule contains unsupported element
key='OB(O)C1=CC(F)=C(C=C1)C#N-1065' prediction.modelResults.predictionError=N#CC1C=CC(=CC=1F)B(O)O: Molecule contains unsupported element
key='COC1=C(F)C(B(O)O)=C(F)C=C1-1065' prediction.modelResults.predictionError=COC1C=CC(F)=C(B(O)O)C=1F: Molecule contains unsupported element
key='CC1=CC(F)=C(C=C1)B(O)O-1065' prediction.modelResults.predictionError=CC1C=CC(B(O)O)=C(F)C=1: Molecule contains unsupported element
key='OB(O)C1=CC(F)=C(F)C=C1F-1065' prediction.modelResults.predictionError=OB(O)C1=CC(F)=C(F)C=C1F: Molecule contains unsupported element
key='CC1=C(C=C(F)C=C1)B(O)O-1065' prediction.modelResults.predictionError=CC1C=CC(F)=CC=1B(O)O: Molecule contains unsupported element
key='CC1=C(C=CC=C1F)B(O)O-1065' prediction.modelResults.predictionError=CC1C(F)=CC=CC=1B(O)O: Molecule contains unsupported element
key='OB(O)C1=CC(=CC(F)=C1)C(F)(F)F-1065' prediction.modelResults.predictionError=OB(O)C1C=C(F)C=C(C=1)C(F)(F)F: Molecule contains unsupported element
key='OB(O)C1=CC(F)=C(OC(F)(F)F)C=C1-1065' prediction.modelResults.predictionError=OB(O)C1=CC(F)=C(C=C1)OC(F)(F)F: Molecule contains unsupported element
key='[O-]S(=O)(=O)C(F)(F)F.CC(C)(C)C1=CC=C(C=C1)[S+](C1=CC=CC=C1)C1=CC=CC=C1-1065' prediction.modelResults.predictionError=[O-]S(=O)(=O)C(F)(F)F.CC(C)(C)C1=CC=C(C=C1)[S+](C1=CC=CC=C1)C1=CC=CC=C1: model can't run mixtures
key='OB(O)C1=C(C=CC=C1C(F)(F)F)C(F)(F)F-1065' prediction.modelResults.predictionError=OB(O)C1C(=CC=CC=1C(F)(F)F)C(F)(F)F: Molecule contains unsupported element
key='OB(O)C1=CC(Br)=CN=C1F-1065' prediction.modelResults.predictionError=OB(O)C1=CC(Br)=CN=C1F: Molecule contains unsupported element
key='OB(O)C1=C(Cl)C=C(C=C1)C(F)(F)F-1065' prediction.modelResults.predictionError=OB(O)C1C=CC(=CC=1Cl)C(F)(F)F: Molecule contains unsupported element
key='OB(O)C1=C(F)N=CC=C1-1065' prediction.modelResults.predictionError=OB(O)C1C=CC=NC=1F: Molecule contains unsupported element
key='OB(O)C1=CC2=CC=CC=C2N=C1F-1065' prediction.modelResults.predictionError=OB(O)C1=CC2=CC=CC=C2N=C1F: Molecule contains unsupported element
key='OB(O)C1=CC(F)=C(F)C(F)=C1F-1065' prediction.modelResults.predictionError=OB(O)C1=CC(F)=C(F)C(F)=C1F: Molecule contains unsupported element
key='OB(O)C1=C(F)C(F)=C(F)C=C1F-1065' prediction.modelResults.predictionError=OB(O)C1C(F)=CC(F)=C(F)C=1F: Molecule contains unsupported element
key='OB(O)C1=C(F)C(F)=CC(F)=C1F-1065' prediction.modelResults.predictionError=OB(O)C1=C(F)C(F)=CC(F)=C1F: Molecule contains unsupported element
key='OB(O)C1=C(F)C(F)=C(F)C=C1-1065' prediction.modelResults.predictionError=OB(O)C1C=CC(F)=C(F)C=1F: Molecule contains unsupported element
key='OB(O)C1=C(F)C=CC(=C1)C#N-1065' prediction.modelResults.predictionError=N#CC1=CC(B(O)O)=C(F)C=C1: Molecule contains unsupported element
key='OB(O)C1=CC(F)=NC=C1-1065' prediction.modelResults.predictionError=OB(O)C1C=CN=C(F)C=1: Molecule contains unsupported element
key='OB(O)C1=CN=C(F)C=C1-1065' prediction.modelResults.predictionError=OB(O)C1C=CC(F)=NC=1: Molecule contains unsupported element
key='O1B(OC2=CC=CC=C2C1P(C1=CC=CC=C1)C1=CC=CC=C1)C1=CC=CC=C1-1065' prediction.modelResults.predictionError=C1=CC=CC=C1B1OC2=CC=CC=C2C(O1)P(C1C=CC=CC=1)C1C=CC=CC=1: Molecule contains unsupported element
key='ClC(Cl)(Cl)C1OB(OC(P1C1=CC=CC=C1)C(Cl)(Cl)Cl)C1=CC=CC=C1-1065' prediction.modelResults.predictionError=ClC(Cl)(Cl)C1OB(OC(P1C1C=CC=CC=1)C(Cl)(Cl)Cl)C1C=CC=CC=1: Molecule contains unsupported element
key='OC(=O)C1=CC(=CS1)C1=CC=CC=C1-1065' prediction.modelResults.predictionError=Number of atoms equals zero
key='COC1=C(C=C(C=C1)[N+]([O-])=O)C1=CC=C(O1)C=C1C(=O)OC(C)(OC1=O)C(C)(C)C-1065' prediction.modelResults.predictionError=Number of atoms equals zero
key='NNC1=CC=CC=C1I-1065' prediction.modelResults.predictionError=Number of atoms equals zero
key='CC1=CC(C)=C(C=C1)N1C(=O)C(Cl)=C(NC2=CC=CC(=C2)C(=O)NC2=NC(=CS2)C2=CC=C(C=C2)N(O)[O-])C1=O-1065' prediction.modelResults.predictionError=CC1=CC(C)=C(C=C1)N1C(=O)C(Cl)=C(NC2=CC=CC(=C2)C(=O)NC2=NC(=CS2)C2=CC=C(C=C2)N(O)[O-])C1=O failed standardization
key='COC1=CC=C(C=C1)C1=CC(=NO)C2=C(O1)C=CC(C)=C2-1065' prediction.modelResults.predictionError=COC1=CC=C(C=C1)C1=CC(=NO)C2=C(O1)C=CC(C)=C2 failed standardization
key='C1=CC=C(C=C1)N=C1N(C(=NC2=CC=CC=C2)N1C1=CC=CC=C1)C1=CC=CC=C1-1065' prediction.modelResults.predictionError=Number of atoms equals zero
key='CCN(CC)C1=CC=C(C=C1)C(=O)NN-1065' prediction.modelResults.predictionError=Number of atoms equals zero
key='COC1=CC=CC=C1C=NN=C(N)N[N+](O)=O-1065' prediction.modelResults.predictionError=COC1=CC=CC=C1C=NN=C(N)N[N+](O)=O failed standardization
key='COC1=CC=C(C=C1)C1=NC2=C(Cl)C(=NN2C(=C1)C(F)(F)F)C(=O)N1CCN(C)CC1-1065' prediction.modelResults.predictionError=Number of atoms equals zero
key='C[Se]C([Se]C)[Se]C-1065' prediction.modelResults.predictionError=C[Se]C([Se]C)[Se]C: Molecule contains unsupported element
key='C[Se]C(C)[Se]C-1065' prediction.modelResults.predictionError=CC([Se]C)[Se]C: Molecule contains unsupported element
key='O.O.O.O.CC([O-])=O.CC[N+](CC)(CC)CC-1065' prediction.modelResults.predictionError=O.O.O.O.CC([O-])=O.CC[N+](CC)(CC)CC: model can't run mixtures
key='N1C=CN=C1.CC(C)(C)[Si](C)(C)Cl-1065' prediction.modelResults.predictionError=N1C=CN=C1.CC(C)(C)[Si](C)(C)Cl: model can't run mixtures
key='CCCCB(CCCC)OS(=O)(=O)C(F)(F)F-1065' prediction.modelResults.predictionError=CCCCB(CCCC)OS(=O)(=O)C(F)(F)F: Molecule contains unsupported element
key='COC(=O)C(C#N)=C1SC(S1)=C(C#N)C(=O)OC-1065' prediction.modelResults.predictionError=Number of atoms equals zero
key='I[Se]C1=CC=CC=C1-1065' prediction.modelResults.predictionError=I[Se]C1C=CC=CC=1: Molecule contains unsupported element
key='COC1=CC=C([Te][Te]C2=CC=C(OC)C=C2)C=C1-1065' prediction.modelResults.predictionError=COC1C=CC(=CC=1)[Te][Te]C1C=CC(=CC=1)OC: Molecule contains unsupported element
key='C1C2=CC=CC=C2[Te]C2=CC=CC=C12-1065' prediction.modelResults.predictionError=C1C2=CC=CC=C2[Te]C2=CC=CC=C21: Molecule contains unsupported element
key='C1COCCOC2=CC=CC=C2OCCOC2=CC=CC=C2OCCO1-1065' prediction.modelResults.predictionError=Number of atoms equals zero
key='C[Si](C)(C)[Se]C1=CC=CC=C1-1065' prediction.modelResults.predictionError=C[Si](C)(C)[Se]C1C=CC=CC=1: Molecule contains unsupported element
key='CCCC[Te][Te]CCCC-1065' prediction.modelResults.predictionError=CCCC[Te][Te]CCCC: Molecule contains unsupported element
key='CC1=CC=CC=C1B(O)O-1065' prediction.modelResults.predictionError=CC1=CC=CC=C1B(O)O: Molecule contains unsupported element
key='CC[Ge](Cl)(Cl)Cl-1065' prediction.modelResults.predictionError=CC[Ge](Cl)(Cl)Cl: Molecule contains unsupported element
key='CN(C)C1=CC(=C(N)C=C1)[N+]([O-])=O-1065' prediction.modelResults.predictionError=Number of atoms equals zero
key='COC1=CC(=C([Se][Se]C2=C(C=C(OC)C=C2)[N+]([O-])=O)C=C1)[N+]([O-])=O-1065' prediction.modelResults.predictionError=COC1=CC(=C(C=C1)[Se][Se]C1C=CC(=CC=1[N+]([O-])=O)OC)[N+]([O-])=O: Molecule contains unsupported element
key='COC1=C(OC)C=C(C([Se][Se]C2=CC(OC)=C(OC)C=C2[N+]([O-])=O)=C1)[N+]([O-])=O-1065' prediction.modelResults.predictionError=COC1C=C([Se][Se]C2=CC(OC)=C(C=C2[N+]([O-])=O)OC)C(=CC=1OC)[N+]([O-])=O: Molecule contains unsupported element
key='CC1(C)OB(OC1(C)C)B1OC(C)(C)C(C)(C)O1-1065' prediction.modelResults.predictionError=CC1(C)OB(OC1(C)C)B1OC(C)(C)C(C)(C)O1: Molecule contains unsupported element
key='CC1=CC=CC(=C1)B(O)O-1065' prediction.modelResults.predictionError=CC1C=C(C=CC=1)B(O)O: Molecule contains unsupported element
key='COC1=CC=CC=C1B(O)O-1065' prediction.modelResults.predictionError=COC1=CC=CC=C1B(O)O: Molecule contains unsupported element
key='CSC1=CC=C(C=C1)B(O)O-1065' prediction.modelResults.predictionError=CSC1C=CC(=CC=1)B(O)O: Molecule contains unsupported element
key='OB(O)C1=CC=CS1-1065' prediction.modelResults.predictionError=OB(O)C1=CC=CS1: Molecule contains unsupported element
key='OB(O)C1=CC=CC=C1C(O)=O-1065' prediction.modelResults.predictionError=OC(=O)C1=CC=CC=C1B(O)O: Molecule contains unsupported element
key='OB(O)C1=CC(F)=CC=C1-1065' prediction.modelResults.predictionError=OB(O)C1C=CC=C(F)C=1: Molecule contains unsupported element
key='[CH3-].O=[Re](=O)=O-1065' prediction.modelResults.predictionError=[CH3-].O=[Re](=O)=O failed standardization
key='C[Bi](C1=CC=CC=C1)C1=CC=CC=C1-1065' prediction.modelResults.predictionError=C[Bi](C1C=CC=CC=1)C1C=CC=CC=1: Molecule contains unsupported element
key='COC1=CC=CC=C1[Bi](C1=CC=CC=C1OC)C1=CC=CC=C1OC-1065' prediction.modelResults.predictionError=COC1=CC=CC=C1[Bi](C1=CC=CC=C1OC)C1=CC=CC=C1OC: Molecule contains unsupported element
key='CCCC[Bi](CCCC)CCCC-1065' prediction.modelResults.predictionError=CCCC[Bi](CCCC)CCCC: Molecule contains unsupported element
key='C[Ge](C)(C)I-1065' prediction.modelResults.predictionError=C[Ge](C)(C)I: Molecule contains unsupported element
key='CC(=O)C1=CC=CC=C1B(O)O-1065' prediction.modelResults.predictionError=CC(=O)C1=CC=CC=C1B(O)O: Molecule contains unsupported element
key='CC(=O)C1=CC=CC(=C1)B(O)O-1065' prediction.modelResults.predictionError=CC(=O)C1C=C(C=CC=1)B(O)O: Molecule contains unsupported element
key='Cl.NCC1=CC=C(C=C1)B(O)O-1065' prediction.modelResults.predictionError=NCC1=CC=C(C=C1)B(O)O: Molecule contains unsupported element
key='NCC1=CC=C(C=C1)B(O)O-1065' prediction.modelResults.predictionError=NCC1=CC=C(C=C1)B(O)O: Molecule contains unsupported element
key='OB(O)C1=CC(OCC2=CC=CC=C2)=CC=C1-1065' prediction.modelResults.predictionError=OB(O)C1=CC(=CC=C1)OCC1C=CC=CC=1: Molecule contains unsupported element
key='OB(O)C1=CC=C(OCC2=CC=CC=C2)C=C1-1065' prediction.modelResults.predictionError=OB(O)C1C=CC(=CC=1)OCC1C=CC=CC=1: Molecule contains unsupported element
key='OB(O)C1=CC(=CC=C1)C1=CC=CC=C1-1065' prediction.modelResults.predictionError=OB(O)C1=CC(=CC=C1)C1C=CC=CC=1: Molecule contains unsupported element
key='CC1(C)COB(OC1)B1OCC(C)(C)CO1-1065' prediction.modelResults.predictionError=CC1(C)COB(OC1)B1OCC(C)(C)CO1: Molecule contains unsupported element
key='N[C@H](CC1=CC=C(C=C1)B(O)O)C(O)=O-1065' prediction.modelResults.predictionError=NC(CC1=CC=C(C=C1)B(O)O)C(O)=O: Molecule contains unsupported element
key='OB(O)C1=CC(Br)=CC=C1-1065' prediction.modelResults.predictionError=OB(O)C1C=CC=C(Br)C=1: Molecule contains unsupported element
key='OB(O)C1=CC=C(Br)S1-1065' prediction.modelResults.predictionError=OB(O)C1=CC=C(Br)S1: Molecule contains unsupported element
key='CC(C)(C)C1=CC=C(C=C1)B(O)O-1065' prediction.modelResults.predictionError=CC(C)(C)C1C=CC(=CC=1)B(O)O: Molecule contains unsupported element
key='CC(C)(C)OC(=O)N1C=CC=C1B(O)O-1065' prediction.modelResults.predictionError=CC(C)(C)OC(=O)N1C=CC=C1B(O)O: Molecule contains unsupported element
key='OB(O)C1=CC=CC=C1Cl-1065' prediction.modelResults.predictionError=OB(O)C1=CC=CC=C1Cl: Molecule contains unsupported element
key='OB(O)C1=CC(Cl)=CC=C1-1065' prediction.modelResults.predictionError=OB(O)C1C=CC=C(Cl)C=1: Molecule contains unsupported element
key='OB(O)C1=CC=C(Cl)S1-1065' prediction.modelResults.predictionError=OB(O)C1=CC=C(Cl)S1: Molecule contains unsupported element
key='OB(O)C1=CC(=CC=C1)C#N-1065' prediction.modelResults.predictionError=N#CC1C=C(C=CC=1)B(O)O: Molecule contains unsupported element
key='OB(O)C1=CC=C(C=C1)C#N-1065' prediction.modelResults.predictionError=N#CC1C=CC(=CC=1)B(O)O: Molecule contains unsupported element
key='OB(O)C1CCCC1-1065' prediction.modelResults.predictionError=OB(O)C1CCCC1: Molecule contains unsupported element
key='OB(O)C1=C2OC3=CC=CC=C3C2=CC=C1-1065' prediction.modelResults.predictionError=OB(O)C1C=CC=C2C=1OC1=CC=CC=C12: Molecule contains unsupported element
key='OB(O)C1=C2SC3=CC=CC=C3C2=CC=C1-1065' prediction.modelResults.predictionError=OB(O)C1C=CC=C2C=1SC1=CC=CC=C12: Molecule contains unsupported element
key='OB(O)C1=CC(Cl)=C(Cl)C=C1-1065' prediction.modelResults.predictionError=OB(O)C1=CC(Cl)=C(Cl)C=C1: Molecule contains unsupported element
key='OB(O)C1=CC(Cl)=CC(Cl)=C1-1065' prediction.modelResults.predictionError=OB(O)C1C=C(Cl)C=C(Cl)C=1: Molecule contains unsupported element
key='OB(O)C1=C(Cl)C=CC=C1Cl-1065' prediction.modelResults.predictionError=OB(O)C1C(Cl)=CC=CC=1Cl: Molecule contains unsupported element
key='OB(O)C1=C(F)C(F)=CC=C1-1065' prediction.modelResults.predictionError=OB(O)C1C=CC=C(F)C=1F: Molecule contains unsupported element
key='OB(O)C1=C(F)C=C(F)C=C1-1065' prediction.modelResults.predictionError=OB(O)C1C=CC(F)=CC=1F: Molecule contains unsupported element
key='OB(O)C1=C(F)C=CC(F)=C1-1065' prediction.modelResults.predictionError=OB(O)C1C=C(F)C=CC=1F: Molecule contains unsupported element
key='OB(O)C1=C(F)C=CC=C1F-1065' prediction.modelResults.predictionError=OB(O)C1C(F)=CC=CC=1F: Molecule contains unsupported element
key='OB(O)C1=CC(F)=C(F)C=C1-1065' prediction.modelResults.predictionError=OB(O)C1=CC(F)=C(F)C=C1: Molecule contains unsupported element
key='OB(O)C1=CC(F)=CC(F)=C1-1065' prediction.modelResults.predictionError=OB(O)C1C=C(F)C=C(F)C=1: Molecule contains unsupported element
key='CC1=CC2=C(C=C1)N=C(C=C2C(O)=O)C1=CC=C(C=C1)B(O)O-1065' prediction.modelResults.predictionError=CC1=CC2C(=CC(=NC=2C=C1)C1C=CC(=CC=1)B(O)O)C(O)=O: Molecule contains unsupported element
key='OB(O)C1=CC=C(C=C1)C1=NC2=CC=CC=C2C(=C1)C(O)=O-1065' prediction.modelResults.predictionError=OC(=O)C1=CC(=NC2=CC=CC=C21)C1C=CC(=CC=1)B(O)O: Molecule contains unsupported element
key='COC1=CC(OC)=C(C=C1)B(O)O-1065' prediction.modelResults.predictionError=COC1C=C(C=CC=1B(O)O)OC: Molecule contains unsupported element
key='COC1=CC(B(O)O)=C(OC)C=C1-1065' prediction.modelResults.predictionError=COC1C=CC(=CC=1B(O)O)OC: Molecule contains unsupported element
key='COC1=CC=CC(OC)=C1B(O)O-1065' prediction.modelResults.predictionError=COC1=CC=CC(OC)=C1B(O)O: Molecule contains unsupported element
key='CN(C)C1=CC=C(C=C1)B(O)O-1065' prediction.modelResults.predictionError=CN(C)C1C=CC(=CC=1)B(O)O: Molecule contains unsupported element
key='CN(C)CC1=CC=CC=C1B(O)O-1065' prediction.modelResults.predictionError=CN(C)CC1=CC=CC=C1B(O)O: Molecule contains unsupported element
key='CC1=C(B(O)O)C(C)=NO1-1065' prediction.modelResults.predictionError=CC1ON=C(C)C=1B(O)O: Molecule contains unsupported element
key='CC1=CC(B(O)O)=C(C)C=C1-1065' prediction.modelResults.predictionError=CC1=CC(B(O)O)=C(C)C=C1: Molecule contains unsupported element
key='CC1=C(C)C=C(C=C1)B(O)O-1065' prediction.modelResults.predictionError=CC1C=C(C=CC=1C)B(O)O: Molecule contains unsupported element
key='CC1=CC(=CC(C)=C1)B(O)O-1065' prediction.modelResults.predictionError=CC1=CC(=CC(C)=C1)B(O)O: Molecule contains unsupported element
key='CCOC(=O)C1=CC=C(C=C1)B(O)O-1065' prediction.modelResults.predictionError=CCOC(=O)C1C=CC(=CC=1)B(O)O: Molecule contains unsupported element
key='CCOC1=CC=C(C=C1)B(O)O-1065' prediction.modelResults.predictionError=CCOC1C=CC(=CC=1)B(O)O: Molecule contains unsupported element
key='CCC1=CC=C(C=C1)B(O)O-1065' prediction.modelResults.predictionError=CCC1=CC=C(C=C1)B(O)O: Molecule contains unsupported element
key='CCSC1=CC=C(C=C1)B(O)O-1065' prediction.modelResults.predictionError=CCSC1C=CC(=CC=1)B(O)O: Molecule contains unsupported element
key='OB(O)C1=CC=C(O1)C=O-1065' prediction.modelResults.predictionError=OB(O)C1=CC=C(C=O)O1: Molecule contains unsupported element
key='OB(O)C1=CC(C=O)=CC=C1-1065' prediction.modelResults.predictionError=OB(O)C1C=CC=C(C=O)C=1: Molecule contains unsupported element
key='OB(O)C1=CC=CO1-1065' prediction.modelResults.predictionError=OB(O)C1=CC=CO1: Molecule contains unsupported element
key='OB(O)C1=COC=C1-1065' prediction.modelResults.predictionError=OB(O)C1=COC=C1: Molecule contains unsupported element
key='OB(O)C1=CC(O)=CC=C1-1065' prediction.modelResults.predictionError=OC1C=C(C=CC=1)B(O)O: Molecule contains unsupported element
key='OB(O)C1=CC=C(O)C=C1-1065' prediction.modelResults.predictionError=OC1C=CC(=CC=1)B(O)O: Molecule contains unsupported element
key='OB(O)C1=CC2=C(NC=C2)C=C1-1065' prediction.modelResults.predictionError=OB(O)C1=CC2C=CNC=2C=C1: Molecule contains unsupported element
key='OB(O)C1=CC(I)=CC=C1-1065' prediction.modelResults.predictionError=OB(O)C1C=CC=C(I)C=1: Molecule contains unsupported element
key='CC(C)OC(=O)C1=CC=CC(=C1)B(O)O-1065' prediction.modelResults.predictionError=CC(C)OC(=O)C1C=C(C=CC=1)B(O)O: Molecule contains unsupported element
key='CS(=O)(=O)C1=CC=C(C=C1)B(O)O-1065' prediction.modelResults.predictionError=CS(=O)(=O)C1C=CC(=CC=1)B(O)O: Molecule contains unsupported element
key='COC1=CC(C=O)=C(C=C1)B(O)O-1065' prediction.modelResults.predictionError=COC1=CC(C=O)=C(C=C1)B(O)O: Molecule contains unsupported element
key='COC1=CC(B(O)O)=C(C=O)C=C1-1065' prediction.modelResults.predictionError=COC1=CC(B(O)O)=C(C=O)C=C1: Molecule contains unsupported element
key='COC1=C(C=C(C=O)C=C1)B(O)O-1065' prediction.modelResults.predictionError=COC1C=CC(C=O)=CC=1B(O)O: Molecule contains unsupported element
key='COC1=NC=C(C=C1)B(O)O-1065' prediction.modelResults.predictionError=COC1C=CC(=CN=1)B(O)O: Molecule contains unsupported element
key='COC(=O)C1=CC=C(C=C1)B(O)O-1065' prediction.modelResults.predictionError=COC(=O)C1C=CC(=CC=1)B(O)O: Molecule contains unsupported element
key='COC1=CC=CC(=C1)B(O)O-1065' prediction.modelResults.predictionError=COC1C=C(C=CC=1)B(O)O: Molecule contains unsupported element
key='OB(O)C1=CC2=C(OCO2)C=C1-1065' prediction.modelResults.predictionError=OB(O)C1=CC2OCOC=2C=C1: Molecule contains unsupported element
key='CC1=CC=C(O1)B(O)O-1065' prediction.modelResults.predictionError=CC1=CC=C(O1)B(O)O: Molecule contains unsupported element
key='CC1=CSC(=C1)B(O)O-1065' prediction.modelResults.predictionError=CC1C=C(SC=1)B(O)O: Molecule contains unsupported element
key='CC1=CC=C(S1)B(O)O-1065' prediction.modelResults.predictionError=CC1=CC=C(S1)B(O)O: Molecule contains unsupported element
key='OB(O)C1=CC2=CC=CC=C2C=C1-1065' prediction.modelResults.predictionError=OB(O)C1=CC2=CC=CC=C2C=C1: Molecule contains unsupported element
key='OB(O)C1=C2OC3=CC=CC=C3SC2=CC=C1-1065' prediction.modelResults.predictionError=OB(O)C1C=CC=C2SC3=CC=CC=C3OC=12: Molecule contains unsupported element
key='OB(O)C1=CC=C(OC2=CC=CC=C2)C=C1-1065' prediction.modelResults.predictionError=OB(O)C1C=CC(=CC=1)OC1C=CC=CC=1: Molecule contains unsupported element
key='OB(O)C1=CN=CC=C1-1065' prediction.modelResults.predictionError=OB(O)C1=CN=CC=C1: Molecule contains unsupported element
key='OB(O)C1=CC=NC=C1-1065' prediction.modelResults.predictionError=OB(O)C1C=CN=CC=1: Molecule contains unsupported element
key='OB(O)C1=C2N=CC=CC2=CC=C1-1065' prediction.modelResults.predictionError=OB(O)C1C=CC=C2C=CC=NC2=1: Molecule contains unsupported element
key='OB(O)C1=C2SC3=CC=CC=C3SC2=CC=C1-1065' prediction.modelResults.predictionError=OB(O)C1C=CC=C2SC3=CC=CC=C3SC=12: Molecule contains unsupported element
key='CSC1=CC=CC(=C1)B(O)O-1065' prediction.modelResults.predictionError=CSC1C=C(C=CC=1)B(O)O: Molecule contains unsupported element
key='OB(O)C1=C(Cl)C=C(Cl)C=C1Cl-1065' prediction.modelResults.predictionError=OB(O)C1C(Cl)=CC(Cl)=CC=1Cl: Molecule contains unsupported element
key='OB(O)C1=CC(OC(F)(F)F)=CC=C1-1065' prediction.modelResults.predictionError=OB(O)C1=CC(=CC=C1)OC(F)(F)F: Molecule contains unsupported element
key='OB(O)C1=CC=C(OC(F)(F)F)C=C1-1065' prediction.modelResults.predictionError=OB(O)C1C=CC(=CC=1)OC(F)(F)F: Molecule contains unsupported element
key='OB(O)C1=CC=CC=C1C(F)(F)F-1065' prediction.modelResults.predictionError=OB(O)C1=CC=CC=C1C(F)(F)F: Molecule contains unsupported element
key='OB(O)C1=CC(=CC=C1)C(F)(F)F-1065' prediction.modelResults.predictionError=OB(O)C1=CC(=CC=C1)C(F)(F)F: Molecule contains unsupported element
key='OB(O)C1=CC=C(C=C1)C(F)(F)F-1065' prediction.modelResults.predictionError=OB(O)C1C=CC(=CC=1)C(F)(F)F: Molecule contains unsupported element
key='COC1=CC(=CC(OC)=C1OC)B(O)O-1065' prediction.modelResults.predictionError=COC1C=C(C=C(OC)C=1OC)B(O)O: Molecule contains unsupported element
key='[Br-].C[N+](C)(C)CC1=CC=C(C=C1)B(O)O-1065' prediction.modelResults.predictionError=C[N+](C)(C)CC1=CC=C(C=C1)B(O)O: Molecule contains unsupported element
key='OB(O)C1=CC=C(C=C)C=C1-1065' prediction.modelResults.predictionError=C=CC1=CC=C(C=C1)B(O)O: Molecule contains unsupported element
key='CC(C)CB(O)O-1065' prediction.modelResults.predictionError=CC(C)CB(O)O: Molecule contains unsupported element
key='COC1=C(F)C=C(F)C=C1B(O)O-1065' prediction.modelResults.predictionError=COC1C(=CC(F)=CC=1F)B(O)O: Molecule contains unsupported element
key='OB(O)C1=CC=C(C=C1)C1=CC=C(C=C1)B(O)O-1065' prediction.modelResults.predictionError=OB(O)C1C=CC(=CC=1)C1C=CC(=CC=1)B(O)O: Molecule contains unsupported element
key='OB(O)C1=CC=CC=C1C#N-1065' prediction.modelResults.predictionError=N#CC1=CC=CC=C1B(O)O: Molecule contains unsupported element
key='Cl.NC1=CC=C(C=C1)B(O)O-1065' prediction.modelResults.predictionError=NC1=CC=C(C=C1)B(O)O: Molecule contains unsupported element
key='NC1=CC=C(C=C1)B(O)O-1065' prediction.modelResults.predictionError=NC1=CC=C(C=C1)B(O)O: Molecule contains unsupported element
key='CC1CC(C)(C)OB(O1)B1OC(C)CC(C)(C)O1-1065' prediction.modelResults.predictionError=CC1(C)CC(C)OB(O1)B1OC(C)(C)CC(C)O1: Molecule contains unsupported element
key='CC(C)(C)OC(=O)NC1=CC=C(C=C1)B1OC(C)(C)C(C)(C)O1-1065' prediction.modelResults.predictionError=CC(C)(C)OC(=O)NC1C=CC(=CC=1)B1OC(C)(C)C(C)(C)O1: Molecule contains unsupported element
key='CCOC(=O)C1=CC=C(C=C1)B1OC(C)(C)C(C)(C)O1-1065' prediction.modelResults.predictionError=CCOC(=O)C1C=CC(=CC=1)B1OC(C)(C)C(C)(C)O1: Molecule contains unsupported element
key='CC(=O)NC1=CC=C(C=C1)B1OC(C)(C)C(C)(C)O1-1065' prediction.modelResults.predictionError=CC(=O)NC1C=CC(=CC=1)B1OC(C)(C)C(C)(C)O1: Molecule contains unsupported element
key='CC1(C)OB(OC1(C)C)C1=CC=C(N)C=C1-1065' prediction.modelResults.predictionError=CC1(C)OB(OC1(C)C)C1C=CC(N)=CC=1: Molecule contains unsupported element
key='CC1(C)OB(OC1(C)C)C1=CC=C(C=C1)C(O)=O-1065' prediction.modelResults.predictionError=CC1(C)OB(OC1(C)C)C1C=CC(=CC=1)C(O)=O: Molecule contains unsupported element
key='CC1(C)OB(OC1(C)C)C1=CC=CC=C1O-1065' prediction.modelResults.predictionError=CC1(C)OB(OC1(C)C)C1=CC=CC=C1O: Molecule contains unsupported element
key='CC1(C)OB(OC1(C)C)C1=CC(O)=CC=C1-1065' prediction.modelResults.predictionError=CC1(C)OB(OC1(C)C)C1C=CC=C(O)C=1: Molecule contains unsupported element
key='CC1(C)OB(OC1(C)C)C1=CC=C(O)C=C1-1065' prediction.modelResults.predictionError=CC1(C)OB(OC1(C)C)C1C=CC(O)=CC=1: Molecule contains unsupported element
key='CC1(C)OB(OC1(C)C)C1=CC=C(C=C1)C#N-1065' prediction.modelResults.predictionError=CC1(C)OB(OC1(C)C)C1C=CC(=CC=1)C#N: Molecule contains unsupported element
key='CC1(C)OB(OC1(C)C)C1=CC=NC=C1-1065' prediction.modelResults.predictionError=CC1(C)OB(OC1(C)C)C1C=CN=CC=1: Molecule contains unsupported element
key='CC1=CC(=CC(C)=C1O)B1OC(C)(C)C(C)(C)O1-1065' prediction.modelResults.predictionError=CC1=CC(=CC(C)=C1O)B1OC(C)(C)C(C)(C)O1: Molecule contains unsupported element
key='COC1=C(O)C=CC(=C1)B1OC(C)(C)C(C)(C)O1-1065' prediction.modelResults.predictionError=COC1C=C(C=CC=1O)B1OC(C)(C)C(C)(C)O1: Molecule contains unsupported element
key='COC(=O)C1=CC=CC(=C1)B1OC(C)(C)C(C)(C)O1-1065' prediction.modelResults.predictionError=COC(=O)C1C=C(C=CC=1)B1OC(C)(C)C(C)(C)O1: Molecule contains unsupported element
key='CC1(C)OB(OC1(C)C)C1=CC=CC=C1N-1065' prediction.modelResults.predictionError=CC1(C)OB(OC1(C)C)C1=CC=CC=C1N: Molecule contains unsupported element
key='CC1(C)OB(OC1(C)C)C1=CC(=CC=C1)C(O)=O-1065' prediction.modelResults.predictionError=CC1(C)OB(OC1(C)C)C1=CC(=CC=C1)C(O)=O: Molecule contains unsupported element
key='CC1(C)OB(OC1(C)C)C1=CC=C(NC(=O)CCC(O)=O)C=C1-1065' prediction.modelResults.predictionError=CC1(C)OB(OC1(C)C)C1C=CC(=CC=1)NC(=O)CCC(O)=O: Molecule contains unsupported element
key='CC1(C)OB(OC1(C)C)C1=CC(N)=CC=C1-1065' prediction.modelResults.predictionError=CC1(C)OB(OC1(C)C)C1C=CC=C(N)C=1: Molecule contains unsupported element
key='CC1(C)OB(OC1(C)C)C1=CN=CC=C1-1065' prediction.modelResults.predictionError=CC1(C)OB(OC1(C)C)C1=CN=CC=C1: Molecule contains unsupported element
key='CC(=O)NC1=CC=C(C=C1)B(O)O-1065' prediction.modelResults.predictionError=CC(=O)NC1C=CC(=CC=1)B(O)O: Molecule contains unsupported element
key='OB(O)C1=C(Cl)C=C(Cl)C=C1-1065' prediction.modelResults.predictionError=OB(O)C1C=CC(Cl)=CC=1Cl: Molecule contains unsupported element
key='OB(O)C1=CC(Cl)=C(F)C=C1-1065' prediction.modelResults.predictionError=OB(O)C1C=CC(F)=C(Cl)C=1: Molecule contains unsupported element
key='OB(O)C1=C(Cl)C(Cl)=CC=C1-1065' prediction.modelResults.predictionError=OB(O)C1C=CC=C(Cl)C=1Cl: Molecule contains unsupported element
key='OCC1=CC=CC(=C1)B(O)O-1065' prediction.modelResults.predictionError=OCC1C=C(C=CC=1)B(O)O: Molecule contains unsupported element
key='OB(O)C1=CC2=CC=CC=C2N=C1-1065' prediction.modelResults.predictionError=OB(O)C1=CC2=CC=CC=C2N=C1: Molecule contains unsupported element
key='CC1=C(C=CC(F)=C1)B(O)O-1065' prediction.modelResults.predictionError=CC1C=C(F)C=CC=1B(O)O: Molecule contains unsupported element
key='OB(O)C1=CC(F)=C(F)C(F)=C1-1065' prediction.modelResults.predictionError=OB(O)C1=CC(F)=C(F)C(F)=C1: Molecule contains unsupported element
key='OB(O)C1=CC(Br)=CC(Br)=C1-1065' prediction.modelResults.predictionError=OB(O)C1C=C(Br)C=C(Br)C=1: Molecule contains unsupported element
key='COC1=C(OC)C=C(C=C1)B(O)O-1065' prediction.modelResults.predictionError=COC1C=CC(=CC=1OC)B(O)O: Molecule contains unsupported element
key='CC(C)OC(=O)C1=CC=C(C=C1)B(O)O-1065' prediction.modelResults.predictionError=CC(C)OC(=O)C1C=CC(=CC=1)B(O)O: Molecule contains unsupported element
key='CB1OC([C@@H]2CCCN12)(C1=CC=CC=C1)C1=CC=CC=C1-1065' prediction.modelResults.predictionError=CB1OC(C2CCCN21)(C1C=CC=CC=1)C1C=CC=CC=1: Molecule contains unsupported element
key='COC(=O)C1=CC=CC(=C1)B(O)O-1065' prediction.modelResults.predictionError=COC(=O)C1C=C(C=CC=1)B(O)O: Molecule contains unsupported element
key='CC(C)B(O)O-1065' prediction.modelResults.predictionError=CC(C)B(O)O: Molecule contains unsupported element
key='CC1(C)OB(OC1(C)C)C1=CN(CC2=CC=CC=C2)N=C1-1065' prediction.modelResults.predictionError=CC1(C)OB(OC1(C)C)C1C=NN(CC2C=CC=CC=2)C=1: Molecule contains unsupported element
key='CC1(C)OB(OC1(C)C)C1=CC2=C(NC=C2)C=C1-1065' prediction.modelResults.predictionError=CC1(C)OB(OC1(C)C)C1=CC2C=CNC=2C=C1: Molecule contains unsupported element
key='CCOC1=CC=CC=C1B(O)O-1065' prediction.modelResults.predictionError=CCOC1=CC=CC=C1B(O)O: Molecule contains unsupported element
key='OB(O)C1=CN=C(OCC2=CC=CC=C2)N=C1OCC1=CC=CC=C1-1065' prediction.modelResults.predictionError=OB(O)C1=CN=C(N=C1OCC1C=CC=CC=1)OCC1C=CC=CC=1: Molecule contains unsupported element
key='CCCCCCC1=CC(B(O)O)=C(CCCCCC)C=C1B(O)O-1065' prediction.modelResults.predictionError=CCCCCCC1=CC(B(O)O)=C(CCCCCC)C=C1B(O)O: Molecule contains unsupported element
key='OB(O)C1=CC=C(CBr)C=C1-1065' prediction.modelResults.predictionError=OB(O)C1C=CC(CBr)=CC=1: Molecule contains unsupported element
key='COC1=C(C=C(Cl)C=C1)B(O)O-1065' prediction.modelResults.predictionError=COC1C=CC(Cl)=CC=1B(O)O: Molecule contains unsupported element
key='O.CC(C)(C)OC1=NC=C(B(O)O)C(OC(C)(C)C)=N1-1065' prediction.modelResults.predictionError=CC(C)(C)OC1=NC(=NC=C1B(O)O)OC(C)(C)C: Molecule contains unsupported element
key='CC(C)(C)OC1=NC=C(B(O)O)C(OC(C)(C)C)=N1-1065' prediction.modelResults.predictionError=CC(C)(C)OC1=NC(=NC=C1B(O)O)OC(C)(C)C: Molecule contains unsupported element
key='OB(O)C1CNC(=O)NC1=O-1065' prediction.modelResults.predictionError=OB(O)C1CNC(=O)NC1=O: Molecule contains unsupported element
key='OB(O)C1=CC(C=O)=CO1-1065' prediction.modelResults.predictionError=OB(O)C1=CC(C=O)=CO1: Molecule contains unsupported element
key='COC1=NC=C(C=N1)B(O)O-1065' prediction.modelResults.predictionError=COC1N=CC(=CN=1)B(O)O: Molecule contains unsupported element
key='OB(O)C1=C(F)C=C(OCC2=CC=CC=C2)C=C1-1065' prediction.modelResults.predictionError=OB(O)C1C=CC(=CC=1F)OCC1C=CC=CC=1: Molecule contains unsupported element
key='OB(O)C1=CC(F)=C(OCC2=CC=CC=C2)C=C1-1065' prediction.modelResults.predictionError=OB(O)C1=CC(F)=C(C=C1)OCC1C=CC=CC=1: Molecule contains unsupported element
key='CC(=O)NC1=CC=CC=C1B(O)O-1065' prediction.modelResults.predictionError=CC(=O)NC1=CC=CC=C1B(O)O: Molecule contains unsupported element
key='NC1=CC(=CC(=C1)C(O)=O)B(O)O-1065' prediction.modelResults.predictionError=NC1=CC(=CC(=C1)C(O)=O)B(O)O: Molecule contains unsupported element
key='COC(=O)C1=CC(N)=C(C=C1)B(O)O-1065' prediction.modelResults.predictionError=COC(=O)C1=CC(N)=C(C=C1)B(O)O: Molecule contains unsupported element
key='CC1=C(N)C=C(C=C1)B(O)O-1065' prediction.modelResults.predictionError=CC1C=CC(=CC=1N)B(O)O: Molecule contains unsupported element
key='NC1=CC(=CC(=C1)B(O)O)[N+]([O-])=O-1065' prediction.modelResults.predictionError=NC1=CC(=CC(=C1)B(O)O)[N+]([O-])=O: Molecule contains unsupported element
key='NC(=O)C1=CC=CC=C1B(O)O-1065' prediction.modelResults.predictionError=NC(=O)C1=CC=CC=C1B(O)O: Molecule contains unsupported element
key='NC(=O)C1=CC=C(C=C1)B(O)O-1065' prediction.modelResults.predictionError=NC(=O)C1C=CC(=CC=1)B(O)O: Molecule contains unsupported element
key='NC(=O)C1=CC=CC(=C1)B(O)O-1065' prediction.modelResults.predictionError=NC(=O)C1C=C(C=CC=1)B(O)O: Molecule contains unsupported element
key='NC(=N)SCCC1=CC=CC=C1.OC1=C(C=C(C=C1[N+]([O-])=O)[N+]([O-])=O)[N+]([O-])=O-1065' prediction.modelResults.predictionError=NC(=N)SCCC1=CC=CC=C1.OC1=C(C=C(C=C1[N+]([O-])=O)[N+]([O-])=O)[N+]([O-])=O: model can't run mixtures
key='C1=CC=C2C(=C1)C=CC1=CC=CC=C1C1=CC=CC=C21-1065' prediction.modelResults.predictionError=Number of atoms equals zero
key='[Cl-].C1=CC=C(C=C1)[Te+](C1=CC=CC=C1)C1=CC=CC=C1-1065' prediction.modelResults.predictionError=C1=CC=CC=C1[Te+](C1C=CC=CC=1)C1C=CC=CC=1: Molecule contains unsupported element
key='CC(C)(C)C1=CC=C(C[Se]C#N)C=C1-1065' prediction.modelResults.predictionError=CC(C)(C)C1C=CC(C[Se]C#N)=CC=1: Molecule contains unsupported element
key='CC1=CC=C(C[Se]C#N)C=C1-1065' prediction.modelResults.predictionError=CC1=CC=C(C[Se]C#N)C=C1: Molecule contains unsupported element
key='COC1=CC=C(C[Se]C#N)C=C1-1065' prediction.modelResults.predictionError=COC1C=CC(C[Se]C#N)=CC=1: Molecule contains unsupported element
key='FC1=CC=C(C[Se]C#N)C=C1-1065' prediction.modelResults.predictionError=N#C[Se]CC1C=CC(F)=CC=1: Molecule contains unsupported element
key='[O-][N+](=O)C1=CC=C(C[Se]C#N)C=C1-1065' prediction.modelResults.predictionError=N#C[Se]CC1=CC=C(C=C1)[N+]([O-])=O: Molecule contains unsupported element
key='C1=CC=C(C=C1)C1=CC=CC=N1.OC1=C(C=C(C=C1[N+]([O-])=O)[N+]([O-])=O)[N+]([O-])=O-1065' prediction.modelResults.predictionError=C1=CC=C(C=C1)C1=CC=CC=N1.OC1=C(C=C(C=C1[N+]([O-])=O)[N+]([O-])=O)[N+]([O-])=O: model can't run mixtures
key='OC(=O)C(F)(F)F.NCCC(=O)OCC(=O)NC(C1=CC=CC=C1)C1=CC=CC=C1-1065' prediction.modelResults.predictionError=OC(=O)C(F)(F)F.NCCC(=O)OCC(=O)NC(C1=CC=CC=C1)C1=CC=CC=C1: model can't run mixtures
key='C1CCC(CC1)NC1CCCCC1.CC(=C)C[C@H](NC(=O)OC(C)(C)C)C(O)=O-1065' prediction.modelResults.predictionError=C1CCC(CC1)NC1CCCCC1.CC(=C)C[C@H](NC(=O)OC(C)(C)C)C(O)=O: model can't run mixtures
key='C1CCC(CC1)NC1CCCCC1.CCC(C)[C@H](NC(=O)OC(C)(C)C)[C@@H](O)CC(O)=O-1065' prediction.modelResults.predictionError=C1CCC(CC1)NC1CCCCC1.CCC(C)[C@H](NC(=O)OC(C)(C)C)[C@@H](O)CC(O)=O: model can't run mixtures
key='C1CCC(CC1)NC1CCCCC1.CC(C)(C)OC(=O)N[C@@H](CC=C)C(O)=O-1065' prediction.modelResults.predictionError=C1CCC(CC1)NC1CCCCC1.CC(C)(C)OC(=O)N[C@@H](CC=C)C(O)=O: model can't run mixtures
key='C1CCC(CC1)NC1CCCCC1.CC(C)[C@H](NC(=O)OCC1C2=CC=CC=C2C2=CC=CC=C12)[C@@H](O)CC(O)=O-1065' prediction.modelResults.predictionError=C1CCC(CC1)NC1CCCCC1.CC(C)[C@H](NC(=O)OCC1C2=CC=CC=C2C2=CC=CC=C12)[C@@H](O)CC(O)=O: model can't run mixtures
key='CC1(C)OB(OC1(C)C)C1=CN=C(N)C=C1-1065' prediction.modelResults.predictionError=CC1(C)OB(OC1(C)C)C1C=CC(N)=NC=1: Molecule contains unsupported element
key='CC(C)OC(=O)C1=CC=C(C=C1)C1=CC=C(C=C1)C(O)=O-1065' prediction.modelResults.predictionError=Number of atoms equals zero
key='CCOC(=O)[C@H]1OB(O[C@@H]1C(=O)OCC)B1O[C@@H]([C@H](O1)C(=O)OCC)C(=O)OCC-1065' prediction.modelResults.predictionError=CCOC(=O)C1OB(OC1C(=O)OCC)B1OC(C(O1)C(=O)OCC)C(=O)OCC: Molecule contains unsupported element
key='COC1=C(NC(=O)OC(C)(C)C)C=CC(=C1)B(O)O-1065' prediction.modelResults.predictionError=COC1C=C(C=CC=1NC(=O)OC(C)(C)C)B(O)O: Molecule contains unsupported element
key='CC(C)(C)C1=CC=C(C=C1)B1OC(C)(C)C(C)(C)O1-1065' prediction.modelResults.predictionError=CC(C)(C)C1=CC=C(C=C1)B1OC(C)(C)C(C)(C)O1: Molecule contains unsupported element
key='CC(C)(C)OC(=O)N1C=CC2=C1C=CC(=C2)B1OC(C)(C)C(C)(C)O1-1065' prediction.modelResults.predictionError=CC(C)(C)OC(=O)N1C=CC2C=C(C=CC1=2)B1OC(C)(C)C(C)(C)O1: Molecule contains unsupported element
key='OB(O)C1=CC(C#N)=C(F)C=C1-1065' prediction.modelResults.predictionError=N#CC1C=C(C=CC=1F)B(O)O: Molecule contains unsupported element
key='CC1(C)OB(OC1(C)C)C1CC1-1065' prediction.modelResults.predictionError=CC1(C)OB(OC1(C)C)C1CC1: Molecule contains unsupported element
key='CC1(C)OB(OC1(C)C)C1=CC=C(C=C1)C(=O)NC1CC1-1065' prediction.modelResults.predictionError=CC1(C)OB(OC1(C)C)C1C=CC(=CC=1)C(=O)NC1CC1: Molecule contains unsupported element
key='CC1(C)OB(OC1(C)C)C1=CC(Cl)=CC(Cl)=C1-1065' prediction.modelResults.predictionError=CC1(C)OB(OC1(C)C)C1C=C(Cl)C=C(Cl)C=1: Molecule contains unsupported element
key='COC1=NC(OC)=C(C=C1)B1OC(C)(C)C(C)(C)O1-1065' prediction.modelResults.predictionError=CC1(C)OB(OC1(C)C)C1C=CC(=NC=1OC)OC: Molecule contains unsupported element
key='C[Si-](C)(C)(F)F.CN1CCN(C)C1=[N+](C)C-1065' prediction.modelResults.predictionError=C[Si-](C)(C)(F)F.CN1CCN(C)C1=[N+](C)C: model can't run mixtures
key='CN(C)CCNC(=O)C1=CC=CC(=C1)B1OC(C)(C)C(C)(C)O1-1065' prediction.modelResults.predictionError=CN(C)CCNC(=O)C1C=C(C=CC=1)B1OC(C)(C)C(C)(C)O1: Molecule contains unsupported element
key='CN(C)CCNC(=O)C1=CC=C(C=C1)B1OC(C)(C)C(C)(C)O1-1065' prediction.modelResults.predictionError=CN(C)CCNC(=O)C1C=CC(=CC=1)B1OC(C)(C)C(C)(C)O1: Molecule contains unsupported element
key='CN(C)CCCNC(=O)C1=CC=C(C=C1)B1OC(C)(C)C(C)(C)O1-1065' prediction.modelResults.predictionError=CN(C)CCCNC(=O)C1C=CC(=CC=1)B1OC(C)(C)C(C)(C)O1: Molecule contains unsupported element
key='CC1=C(C)[Se]C(=[Se])[Se]1-1065' prediction.modelResults.predictionError=CC1[Se]C(=[Se])[Se]C=1C: Molecule contains unsupported element
key='CC1=C(B2OC(C)(C)C(C)(C)O2)C(C)=NO1-1065' prediction.modelResults.predictionError=CC1ON=C(C)C=1B1OC(C)(C)C(C)(C)O1: Molecule contains unsupported element
key='CN(C)C(=O)C1=CC=CC(=C1)B1OC(C)(C)C(C)(C)O1-1065' prediction.modelResults.predictionError=CN(C)C(=O)C1C=C(C=CC=1)B1OC(C)(C)C(C)(C)O1: Molecule contains unsupported element
key='CN(C)C1=CC=CC=C1B1OC(C)(C)C(C)(C)O1-1065' prediction.modelResults.predictionError=CN(C)C1=CC=CC=C1B1OC(C)(C)C(C)(C)O1: Molecule contains unsupported element
key='CN(C)C1=CC=C(C=C1)B1OC(C)(C)C(C)(C)O1-1065' prediction.modelResults.predictionError=CN(C)C1C=CC(=CC=1)B1OC(C)(C)C(C)(C)O1: Molecule contains unsupported element
key='COC1=C(F)C=C(C=C1)B1OC(C)(C)C(C)(C)O1-1065' prediction.modelResults.predictionError=COC1C=CC(=CC=1F)B1OC(C)(C)C(C)(C)O1: Molecule contains unsupported element
key='CC1=C(C=CC(F)=C1)B1OC(C)(C)C(C)(C)O1-1065' prediction.modelResults.predictionError=CC1C=C(F)C=CC=1B1OC(C)(C)C(C)(C)O1: Molecule contains unsupported element
key='COC1=C(C=O)C=C(C=C1)B(O)O-1065' prediction.modelResults.predictionError=COC1C=CC(=CC=1C=O)B(O)O: Molecule contains unsupported element
key='CC(C)CN1C=C(C=N1)B1OC(C)(C)C(C)(C)O1-1065' prediction.modelResults.predictionError=CC(C)CN1C=C(C=N1)B1OC(C)(C)C(C)(C)O1: Molecule contains unsupported element
key='OB(O)C1=CC2=C3N(CCCC3=C1)CCC2-1065' prediction.modelResults.predictionError=OB(O)C1=CC2CCCN3CCCC(=C1)C3=2: Molecule contains unsupported element
key='CC1(C)OB(OC1(C)C)C1=CC=C(C=C1)S(C)(=O)=O-1065' prediction.modelResults.predictionError=CS(=O)(=O)C1C=CC(=CC=1)B1OC(C)(C)C(C)(C)O1: Molecule contains unsupported element
key='COC1=C(C=C(C=C1)B(O)O)[N+]([O-])=O-1065' prediction.modelResults.predictionError=COC1C=CC(=CC=1[N+]([O-])=O)B(O)O: Molecule contains unsupported element
key='CC(C)CCN1C=C(C=N1)B1OC(C)(C)C(C)(C)O1-1065' prediction.modelResults.predictionError=CC(C)CCN1C=C(C=N1)B1OC(C)(C)C(C)(C)O1: Molecule contains unsupported element
key='CN1C=CC2=C1C=CC(=C2)B(O)O-1065' prediction.modelResults.predictionError=CN1C=CC2C=C(C=CC1=2)B(O)O: Molecule contains unsupported element
key='CN1CCN(CC1)C(=O)C1=CC=CC(=C1)B1OC(C)(C)C(C)(C)O1-1065' prediction.modelResults.predictionError=CN1CCN(CC1)C(=O)C1C=C(C=CC=1)B1OC(C)(C)C(C)(C)O1: Molecule contains unsupported element
key='CN1CCN(CC1)C(=O)C1=CC=C(C=C1)B1OC(C)(C)C(C)(C)O1-1065' prediction.modelResults.predictionError=CN1CCN(CC1)C(=O)C1C=CC(=CC=1)B1OC(C)(C)C(C)(C)O1: Molecule contains unsupported element
key='COC(=O)C1=CC=CC=C1B1OC(C)(C)C(C)(C)O1-1065' prediction.modelResults.predictionError=COC(=O)C1=CC=CC=C1B1OC(C)(C)C(C)(C)O1: Molecule contains unsupported element
key='CN1C=CC(=N1)B1OC(C)(C)C(C)(C)O1-1065' prediction.modelResults.predictionError=CN1C=CC(=N1)B1OC(C)(C)C(C)(C)O1: Molecule contains unsupported element
key='CC1(C)OB(OC1(C)C)C1=CC=C(C=C1)C(=O)N1CCOCC1-1065' prediction.modelResults.predictionError=CC1(C)OB(OC1(C)C)C1=CC=C(C=C1)C(=O)N1CCOCC1: Molecule contains unsupported element
key='CC1(C)OB(OC1(C)C)C1=CC=CC2=CC=CC=C12-1065' prediction.modelResults.predictionError=CC1(C)OB(OC1(C)C)C1=CC=CC2=CC=CC=C21: Molecule contains unsupported element
key='[O-]S(=O)(=O)C(F)(F)F.FC(F)(F)C(F)(F)C(F)(F)C(F)(F)C(F)(F)C(F)(F)C(F)(F)C(F)(F)[I+]C1=CC=CC=C1-1065' prediction.modelResults.predictionError=[O-]S(=O)(=O)C(F)(F)F.FC(F)(F)C(F)(F)C(F)(F)C(F)(F)C(F)(F)C(F)(F)C(F)(F)C(F)(F)[I+]C1=CC=CC=C1: model can't run mixtures
key='[O-]S(=O)(=O)C(F)(F)F.FC(F)(F)C(F)(F)C(F)(F)[I+]C1=CC=CC=C1-1065' prediction.modelResults.predictionError=[O-]S(=O)(=O)C(F)(F)F.FC(F)(F)C(F)(F)C(F)(F)[I+]C1=CC=CC=C1: model can't run mixtures
key='CCCN1C=C(C=N1)B1OC(C)(C)C(C)(C)O1-1065' prediction.modelResults.predictionError=CCCN1C=C(C=N1)B1OC(C)(C)C(C)(C)O1: Molecule contains unsupported element
key='CC1(C)OB(OC1(C)C)C1=CC(C=O)=CC=C1-1065' prediction.modelResults.predictionError=CC1(C)OB(OC1(C)C)C1C=CC=C(C=O)C=1: Molecule contains unsupported element
key='CC1(C)OB(OC1(C)C)C1=CC(=CC=C1)C(N)=O-1065' prediction.modelResults.predictionError=CC1(C)OB(OC1(C)C)C1=CC(=CC=C1)C(N)=O: Molecule contains unsupported element
key='CC1(C)OB(OC1(C)C)C1=CC=C(C=C1)C(N)=O-1065' prediction.modelResults.predictionError=CC1(C)OB(OC1(C)C)C1C=CC(=CC=1)C(N)=O: Molecule contains unsupported element
key='CC1(C)OB(OC1(C)C)C1=CC2=C(OCO2)C=C1-1065' prediction.modelResults.predictionError=CC1(C)OB(OC1(C)C)C1=CC2OCOC=2C=C1: Molecule contains unsupported element
key='CC1(C)OB(OC1(C)C)C1=CC(=CC=C1)C#N-1065' prediction.modelResults.predictionError=CC1(C)OB(OC1(C)C)C1=CC(=CC=C1)C#N: Molecule contains unsupported element
key='CC(C)(C)OC(=O)NCC1=CC=CC(=C1)B1OC(C)(C)C(C)(C)O1-1065' prediction.modelResults.predictionError=CC(C)(C)OC(=O)NCC1C=C(C=CC=1)B1OC(C)(C)C(C)(C)O1: Molecule contains unsupported element
key='CC1(C)OB(OC1(C)C)C1=CC2=C(OCCO2)C=C1-1065' prediction.modelResults.predictionError=CC1(C)OB(OC1(C)C)C1=CC2OCCOC=2C=C1: Molecule contains unsupported element
key='CC1(C)OB(OC1(C)C)C1=CC=C(F)C=C1-1065' prediction.modelResults.predictionError=CC1(C)OB(OC1(C)C)C1C=CC(F)=CC=1: Molecule contains unsupported element
key='CC1(C)OB(OC1(C)C)C1=CN=CC2=CC=CC=C12-1065' prediction.modelResults.predictionError=CC1(C)OB(OC1(C)C)C1=CN=CC2=CC=CC=C21: Molecule contains unsupported element
key='CC(=O)C1=CC=CC(=C1)B1OC(C)(C)C(C)(C)O1-1065' prediction.modelResults.predictionError=CC(=O)C1C=C(C=CC=1)B1OC(C)(C)C(C)(C)O1: Molecule contains unsupported element
key='CC(=O)C1=CC=C(C=C1)B1OC(C)(C)C(C)(C)O1-1065' prediction.modelResults.predictionError=CC(=O)C1=CC=C(C=C1)B1OC(C)(C)C(C)(C)O1: Molecule contains unsupported element
key='CC1(C)OB(OC1(C)C)C1=CSC=C1-1065' prediction.modelResults.predictionError=CC1(C)OB(OC1(C)C)C1=CSC=C1: Molecule contains unsupported element
key='CC1=CC=CC(=C1)B1OC(C)(C)C(C)(C)O1-1065' prediction.modelResults.predictionError=CC1C=C(C=CC=1)B1OC(C)(C)C(C)(C)O1: Molecule contains unsupported element
key='CC1(C)OB(OC1(C)C)C1=CC=CC=C1OC(F)(F)F-1065' prediction.modelResults.predictionError=CC1(C)OB(OC1(C)C)C1=CC=CC=C1OC(F)(F)F: Molecule contains unsupported element
key='CC1(C)OB(OC1(C)C)C1=CC(OC(F)(F)F)=CC=C1-1065' prediction.modelResults.predictionError=CC1(C)OB(OC1(C)C)C1=CC(=CC=C1)OC(F)(F)F: Molecule contains unsupported element
key='CC1(C)OB(OC1(C)C)C1=CC=C(OC(F)(F)F)C=C1-1065' prediction.modelResults.predictionError=CC1(C)OB(OC1(C)C)C1C=CC(=CC=1)OC(F)(F)F: Molecule contains unsupported element
key='CC1(C)OB(OC1(C)C)C1=CC(=CC=C1)C(F)(F)F-1065' prediction.modelResults.predictionError=CC1(C)OB(OC1(C)C)C1=CC(=CC=C1)C(F)(F)F: Molecule contains unsupported element
key='CC1(C)OB(OC1(C)C)C1=CC=C(C=C1)C(F)(F)F-1065' prediction.modelResults.predictionError=CC1(C)OB(OC1(C)C)C1C=CC(=CC=1)C(F)(F)F: Molecule contains unsupported element
key='CC1(C)OB(OC1(C)C)C1=CC(F)=C(F)C(F)=C1-1065' prediction.modelResults.predictionError=CC1(C)OB(OC1(C)C)C1=CC(F)=C(F)C(F)=C1: Molecule contains unsupported element
key='OB(O)C1=CC=C(OC(F)=C(F)F)C=C1-1065' prediction.modelResults.predictionError=OB(O)C1C=CC(=CC=1)OC(F)=C(F)F: Molecule contains unsupported element
key='OB(O)C1CC1-1065' prediction.modelResults.predictionError=OB(O)C1CC1: Molecule contains unsupported element
key='CC(C)(C)OC(=O)N1CCCC1B(O)O-1065' prediction.modelResults.predictionError=CC(C)(C)OC(=O)N1CCCC1B(O)O: Molecule contains unsupported element
key='CC(C)OB(CBr)OC(C)C-1065' prediction.modelResults.predictionError=CC(C)OB(CBr)OC(C)C: Molecule contains unsupported element
key='CN(C)C1=CC=CC(=C1)B(O)O-1065' prediction.modelResults.predictionError=CN(C)C1C=C(C=CC=1)B(O)O: Molecule contains unsupported element
key='COCOC1=CC=C(C=C1)B(O)O-1065' prediction.modelResults.predictionError=COCOC1=CC=C(C=C1)B(O)O: Molecule contains unsupported element
key='COC1=C(C=NC=C1)B(O)O-1065' prediction.modelResults.predictionError=COC1C=CN=CC=1B(O)O: Molecule contains unsupported element
key='OB(O)C1=C(Cl)N=CC=C1-1065' prediction.modelResults.predictionError=OB(O)C1C=CC=NC=1Cl: Molecule contains unsupported element
key='CSC1=NC=C(C=C1)B(O)O-1065' prediction.modelResults.predictionError=CSC1C=CC(=CN=1)B(O)O: Molecule contains unsupported element
key='OB(O)C1=CN=C(Br)C=C1-1065' prediction.modelResults.predictionError=OB(O)C1C=CC(Br)=NC=1: Molecule contains unsupported element
key='COC1=NC(OC)=C(C=C1)B(O)O-1065' prediction.modelResults.predictionError=COC1C=CC(B(O)O)=C(N=1)OC: Molecule contains unsupported element
key='CC1=CN=CC(=C1)B(O)O-1065' prediction.modelResults.predictionError=CC1C=C(C=NC=1)B(O)O: Molecule contains unsupported element
key='COC1=C(C=CC=N1)B(O)O-1065' prediction.modelResults.predictionError=COC1N=CC=CC=1B(O)O: Molecule contains unsupported element
key='OB(O)C1=CN=C(C=C1)C1=CC=CC=C1-1065' prediction.modelResults.predictionError=OB(O)C1=CN=C(C=C1)C1C=CC=CC=1: Molecule contains unsupported element
key='CC1=C(C=NC=C1)B(O)O-1065' prediction.modelResults.predictionError=CC1C=CN=CC=1B(O)O: Molecule contains unsupported element
key='OB(O)C1=C(Cl)N=C(Cl)C=C1-1065' prediction.modelResults.predictionError=OB(O)C1C=CC(Cl)=NC=1Cl: Molecule contains unsupported element
key='OB(O)C1=C(F)N=C(F)C=C1-1065' prediction.modelResults.predictionError=OB(O)C1C=CC(F)=NC=1F: Molecule contains unsupported element
key='OB(O)C1=NC(Br)=CC=C1-1065' prediction.modelResults.predictionError=OB(O)C1C=CC=C(Br)N=1: Molecule contains unsupported element
key='COC1=CC=CC(=N1)B(O)O-1065' prediction.modelResults.predictionError=COC1=CC=CC(=N1)B(O)O: Molecule contains unsupported element
key='CC1=CC=CC(=N1)B(O)O-1065' prediction.modelResults.predictionError=CC1=CC=CC(=N1)B(O)O: Molecule contains unsupported element
key='CC1=CN=C(C=C1)B(O)O-1065' prediction.modelResults.predictionError=CC1C=CC(=NC=1)B(O)O: Molecule contains unsupported element
key='CC1=CC(=NC=C1)B(O)O-1065' prediction.modelResults.predictionError=CC1=CC(=NC=C1)B(O)O: Molecule contains unsupported element
key='OB(O)C1=CC=CC=N1-1065' prediction.modelResults.predictionError=OB(O)C1=CC=CC=N1: Molecule contains unsupported element
key='NC1=CC2=NC3=C(C=CC(N)=C3)C(B(O)O)=C2C=C1-1065' prediction.modelResults.predictionError=NC1=CC2=NC3C=C(N)C=CC=3C(B(O)O)=C2C=C1: Molecule contains unsupported element
key='OB(O)C1=CC(F)=NC(F)=C1-1065' prediction.modelResults.predictionError=OB(O)C1=CC(F)=NC(F)=C1: Molecule contains unsupported element
key='OB(O)C1=CC=NC2=CC=CC=C12-1065' prediction.modelResults.predictionError=OB(O)C1=CC=NC2=CC=CC=C12: Molecule contains unsupported element
key='OB(O)C1=C(Br)C=CS1-1065' prediction.modelResults.predictionError=OB(O)C1SC=CC=1Br: Molecule contains unsupported element
key='COC1=NC=C(B(O)O)C(C)=C1-1065' prediction.modelResults.predictionError=CC1=CC(=NC=C1B(O)O)OC: Molecule contains unsupported element
key='COC1=NC(C)=C(C=C1)B(O)O-1065' prediction.modelResults.predictionError=CC1N=C(C=CC=1B(O)O)OC: Molecule contains unsupported element
key='OB(O)C1=C(N=CC=C1)C1=CC=CC=C1-1065' prediction.modelResults.predictionError=OB(O)C1C=CC=NC=1C1C=CC=CC=1: Molecule contains unsupported element
key='OB(O)C1=C(C=CN=C1)C1=CC=CC=C1-1065' prediction.modelResults.predictionError=OB(O)C1C=NC=CC=1C1C=CC=CC=1: Molecule contains unsupported element
key='COC1=CN=CC(=C1)B(O)O-1065' prediction.modelResults.predictionError=COC1=CN=CC(=C1)B(O)O: Molecule contains unsupported element
key='CC1=C(C)C(=CN=C1)B(O)O-1065' prediction.modelResults.predictionError=CC1C=NC=C(B(O)O)C=1C: Molecule contains unsupported element
key='CC1=C(B(O)O)C(C)=NC=C1-1065' prediction.modelResults.predictionError=CC1C=CN=C(C)C=1B(O)O: Molecule contains unsupported element
key='CC1=NC=C(B(O)O)C(C)=C1-1065' prediction.modelResults.predictionError=CC1C=C(C)C(=CN=1)B(O)O: Molecule contains unsupported element
key='CC1=NC(C)=C(B(O)O)C(C)=C1-1065' prediction.modelResults.predictionError=CC1=CC(C)=NC(C)=C1B(O)O: Molecule contains unsupported element
key='CC1=CN=C(C)C(=C1)B(O)O-1065' prediction.modelResults.predictionError=CC1C=C(B(O)O)C(C)=NC=1: Molecule contains unsupported element
key='CC1=NC(C)=C(C=C1)B(O)O-1065' prediction.modelResults.predictionError=CC1C=CC(B(O)O)=C(C)N=1: Molecule contains unsupported element
key='OB(O)C1=C(F)N=C(C=C1)C1=CC=CC=C1-1065' prediction.modelResults.predictionError=OB(O)C1C=CC(=NC=1F)C1C=CC=CC=1: Molecule contains unsupported element
key='COC1=NC=CC(C)=C1B(O)O-1065' prediction.modelResults.predictionError=CC1C=CN=C(OC)C=1B(O)O: Molecule contains unsupported element
key='COC1=C(C=CC(C)=N1)B(O)O-1065' prediction.modelResults.predictionError=CC1C=CC(B(O)O)=C(N=1)OC: Molecule contains unsupported element
key='COC1=NC=CC(C2=CC=CC=C2)=C1B(O)O-1065' prediction.modelResults.predictionError=COC1=NC=CC(=C1B(O)O)C1C=CC=CC=1: Molecule contains unsupported element
key='OB(O)C1=C(C=CN=C1Cl)C1=CC=CC=C1-1065' prediction.modelResults.predictionError=OB(O)C1C(Cl)=NC=CC=1C1C=CC=CC=1: Molecule contains unsupported element
key='COC1=C(C=CC(=N1)C1=CC=CC=C1)B(O)O-1065' prediction.modelResults.predictionError=COC1N=C(C=CC=1B(O)O)C1C=CC=CC=1: Molecule contains unsupported element
key='CC1=CN=C(Cl)C(=C1)B(O)O-1065' prediction.modelResults.predictionError=CC1C=C(B(O)O)C(Cl)=NC=1: Molecule contains unsupported element
key='CC1=NC(Cl)=C(C=C1)B(O)O-1065' prediction.modelResults.predictionError=CC1C=CC(B(O)O)=C(Cl)N=1: Molecule contains unsupported element
key='COC1=NC=C(C)C=C1B(O)O-1065' prediction.modelResults.predictionError=CC1C=C(B(O)O)C(=NC=1)OC: Molecule contains unsupported element
key='CC1=C(B(O)O)C(Cl)=NC=C1-1065' prediction.modelResults.predictionError=CC1C=CN=C(Cl)C=1B(O)O: Molecule contains unsupported element
key='CC1=C(B(O)O)C(F)=NC=C1-1065' prediction.modelResults.predictionError=CC1C=CN=C(F)C=1B(O)O: Molecule contains unsupported element
key='CC1=NC(F)=C(C=C1)B(O)O-1065' prediction.modelResults.predictionError=CC1C=CC(B(O)O)=C(F)N=1: Molecule contains unsupported element
key='COB(OC)C1=CC=CC=N1-1065' prediction.modelResults.predictionError=COB(OC)C1=CC=CC=N1: Molecule contains unsupported element
key='CC1(C)OB(CC=C)OC1(C)C-1065' prediction.modelResults.predictionError=CC1(C)OB(CC=C)OC1(C)C: Molecule contains unsupported element
key='CC(C)(C)OC(=O)N1C(=CC2=C1C=CC=C2OCC1=CC=CC=C1)B(O)O-1065' prediction.modelResults.predictionError=CC(C)(C)OC(=O)N1C(=CC2C(=CC=CC1=2)OCC1C=CC=CC=1)B(O)O: Molecule contains unsupported element
key='OB(O)C1=C2C=CNC2=CC=C1-1065' prediction.modelResults.predictionError=OB(O)C1=CC=CC2NC=CC=21: Molecule contains unsupported element
key='OB(O)C1=CC(F)=C(C=C1)C(O)=O-1065' prediction.modelResults.predictionError=OC(=O)C1C=CC(=CC=1F)B(O)O: Molecule contains unsupported element
key='OB(O)C1=CC2=C(C=CN2)C=C1-1065' prediction.modelResults.predictionError=OB(O)C1=CC2NC=CC=2C=C1: Molecule contains unsupported element
key='OB(O)C1=CC2=C(C=C1)N(C=C2)S(=O)(=O)C1=CC=CC=C1-1065' prediction.modelResults.predictionError=OB(O)C1=CC2C=CN(C=2C=C1)S(=O)(=O)C1C=CC=CC=1: Molecule contains unsupported element
key='OB(O)C1=CC2=C(C=CN2S(=O)(=O)C2=CC=CC=C2)C=C1-1065' prediction.modelResults.predictionError=OB(O)C1=CC2=C(C=CN2S(=O)(=O)C2C=CC=CC=2)C=C1: Molecule contains unsupported element
key='CCCCCCOC1=C(F)C(F)=C(C=C1)B(O)O-1065' prediction.modelResults.predictionError=CCCCCCOC1C=CC(B(O)O)=C(F)C=1F: Molecule contains unsupported element
key='OB(O)C1=C(Cl)C=CC(OC(F)(F)F)=C1-1065' prediction.modelResults.predictionError=OB(O)C1C=C(C=CC=1Cl)OC(F)(F)F: Molecule contains unsupported element
key='OB(O)C1=C(Cl)C=CC(C=O)=C1-1065' prediction.modelResults.predictionError=OB(O)C1C=C(C=O)C=CC=1Cl: Molecule contains unsupported element
key='OB(O)C1=C(F)C=CC(C=O)=C1-1065' prediction.modelResults.predictionError=OB(O)C1C=C(C=O)C=CC=1F: Molecule contains unsupported element
key='OB(O)C1=CC(C(O)=O)=C(F)C=C1-1065' prediction.modelResults.predictionError=OC(=O)C1C=C(C=CC=1F)B(O)O: Molecule contains unsupported element
key='COC1=CC(F)=CC(=C1)B(O)O-1065' prediction.modelResults.predictionError=COC1C=C(C=C(F)C=1)B(O)O: Molecule contains unsupported element
key='OB(O)C1=C(C=C(Cl)C=C1)C(F)(F)F-1065' prediction.modelResults.predictionError=OB(O)C1C=CC(Cl)=CC=1C(F)(F)F: Molecule contains unsupported element
key='CCOC(=O)C1=C(F)C=C(C=C1)B(O)O-1065' prediction.modelResults.predictionError=CCOC(=O)C1C=CC(=CC=1F)B(O)O: Molecule contains unsupported element
key='CC(=O)C1=CC(B(O)O)=C(Cl)C=C1-1065' prediction.modelResults.predictionError=CC(=O)C1=CC(B(O)O)=C(Cl)C=C1: Molecule contains unsupported element
key='CC(=O)C1=CC(B(O)O)=C(F)C=C1-1065' prediction.modelResults.predictionError=CC(=O)C1=CC(B(O)O)=C(F)C=C1: Molecule contains unsupported element
key='CSC1=NC=C(C=N1)B(O)O-1065' prediction.modelResults.predictionError=CSC1N=CC(=CN=1)B(O)O: Molecule contains unsupported element
key='CN(C)C1=NC=C(C=C1)B(O)O-1065' prediction.modelResults.predictionError=CN(C)C1C=CC(=CN=1)B(O)O: Molecule contains unsupported element
key='OB(O)C1=CN=C(F)N=C1F-1065' prediction.modelResults.predictionError=OB(O)C1=CN=C(F)N=C1F: Molecule contains unsupported element
key='OB(O)C1=C(Cl)C=CC(=C1)C#N-1065' prediction.modelResults.predictionError=N#CC1=CC(B(O)O)=C(Cl)C=C1: Molecule contains unsupported element
key='OB(O)C1=C(F)C=CC(=C1)[N+]([O-])=O-1065' prediction.modelResults.predictionError=[O-][N+](=O)C1=CC(B(O)O)=C(F)C=C1: Molecule contains unsupported element
key='OB(O)C1=CN=C(F)N=C1-1065' prediction.modelResults.predictionError=OB(O)C1C=NC(F)=NC=1: Molecule contains unsupported element
key='OB(O)C1=C2NC=CC2=CC=C1-1065' prediction.modelResults.predictionError=OB(O)C1C=CC=C2C=CNC2=1: Molecule contains unsupported element
key='CC(C)(C)OC(=O)N1C(=CC2=C1C=CC(F)=C2)B(O)O-1065' prediction.modelResults.predictionError=CC(C)(C)OC(=O)N1C(=CC2C=C(F)C=CC1=2)B(O)O: Molecule contains unsupported element
key='CC(C)=CB(O)O-1065' prediction.modelResults.predictionError=CC(C)=CB(O)O: Molecule contains unsupported element
key='OB(O)C1=C(F)C=CC(=C1)C(F)(F)F-1065' prediction.modelResults.predictionError=OB(O)C1C=C(C=CC=1F)C(F)(F)F: Molecule contains unsupported element
key='CC(C)[Si](C(C)C)(C(C)C)N1C=CC(=C1)B(O)O-1065' prediction.modelResults.predictionError=CC(C)[Si](C(C)C)(C(C)C)N1C=C(C=C1)B(O)O: Molecule contains unsupported element
key='FC1=CC=C(C=C1)B1OB(OB(O1)C1=CC=C(F)C=C1)C1=CC=C(F)C=C1-1065' prediction.modelResults.predictionError=FC1C=CC(=CC=1)B1OB(OB(O1)C1C=CC(F)=CC=1)C1C=CC(F)=CC=1: Molecule contains unsupported element
key='OB(O)C1=CC=C(NC(=O)CCC(O)=O)C=C1-1065' prediction.modelResults.predictionError=OC(=O)CCC(=O)NC1C=CC(=CC=1)B(O)O: Molecule contains unsupported element
key='CC1(C)OB(OC1(C)C)C1=CC(NC(=O)CCC(O)=O)=CC=C1-1065' prediction.modelResults.predictionError=CC1(C)OB(OC1(C)C)C1=CC(=CC=C1)NC(=O)CCC(O)=O: Molecule contains unsupported element
key='CC1(C)OB(OC1(C)C)C1=CC=C(C=O)C=C1-1065' prediction.modelResults.predictionError=CC1(C)OB(OC1(C)C)C1C=CC(C=O)=CC=1: Molecule contains unsupported element
key='CN1CCN(CC1)C1=NC=CC(=C1)B1OC(C)(C)C(C)(C)O1-1065' prediction.modelResults.predictionError=CN1CCN(CC1)C1C=C(C=CN=1)B1OC(C)(C)C(C)(C)O1: Molecule contains unsupported element
key='CN(C)CCCNC(=O)C1=CC=CC(=C1)B1OC(C)(C)C(C)(C)O1-1065' prediction.modelResults.predictionError=CN(C)CCCNC(=O)C1C=C(C=CC=1)B1OC(C)(C)C(C)(C)O1: Molecule contains unsupported element
key='CN1CCN(CC1)C1=NC=C(C=C1)B1OC(C)(C)C(C)(C)O1-1065' prediction.modelResults.predictionError=CN1CCN(CC1)C1C=CC(=CN=1)B1OC(C)(C)C(C)(C)O1: Molecule contains unsupported element
key='OB(O)C1=CC=C(S1)B(O)O-1065' prediction.modelResults.predictionError=OB(O)C1=CC=C(S1)B(O)O: Molecule contains unsupported element
key='Cl.COC1=C(C=NC=C1)B(O)O-1065' prediction.modelResults.predictionError=COC1C=CN=CC=1B(O)O: Molecule contains unsupported element
key='CC1CCCC(N1C(=O)CCSC(C)=O)C(O)=O-1065' prediction.modelResults.predictionError=Number of atoms equals zero
key='O=C1C=CC2=N[Se]NC2=C1-1065' prediction.modelResults.predictionError=O=C1C=C2N[Se]N=C2C=C1: Molecule contains unsupported element
key='CC(C)(C)OC(=O)NC1=CC(=CC(=C1)B1OC(C)(C)C(C)(C)O1)[N+]([O-])=O-1065' prediction.modelResults.predictionError=CC(C)(C)OC(=O)NC1=CC(=CC(=C1)B1OC(C)(C)C(C)(C)O1)[N+]([O-])=O: Molecule contains unsupported element
key='CC(C)(C)OC(=O)NC1=CC=CC=C1B(O)O-1065' prediction.modelResults.predictionError=CC(C)(C)OC(=O)NC1=CC=CC=C1B(O)O: Molecule contains unsupported element
key='CC(C)(C)OC(=O)NC1=CC=CC=C1B1OC(C)(C)C(C)(C)O1-1065' prediction.modelResults.predictionError=CC(C)(C)OC(=O)NC1=CC=CC=C1B1OC(C)(C)C(C)(C)O1: Molecule contains unsupported element
key='OB(O)C1=CC=C(C=C1)C(=O)NCC1=CC=CC=C1-1065' prediction.modelResults.predictionError=OB(O)C1C=CC(=CC=1)C(=O)NCC1C=CC=CC=1: Molecule contains unsupported element
key='CC1=C(C=CC(OCC2=CC=CC=C2)=C1)B(O)O-1065' prediction.modelResults.predictionError=CC1C=C(C=CC=1B(O)O)OCC1C=CC=CC=1: Molecule contains unsupported element
key='OB(O)C1=CC(=CC(=C1)[N+]([O-])=O)C(=O)OCC1=CC=CC=C1-1065' prediction.modelResults.predictionError=[O-][N+](=O)C1C=C(C=C(C=1)B(O)O)C(=O)OCC1C=CC=CC=1: Molecule contains unsupported element
key='OB(O)C1=CC(=CC=C1)C(=O)OCC1=CC=CC=C1-1065' prediction.modelResults.predictionError=OB(O)C1=CC(=CC=C1)C(=O)OCC1C=CC=CC=1: Molecule contains unsupported element
key='OB(O)C1=CC=C(C=C1)C(=O)OCC1=CC=CC=C1-1065' prediction.modelResults.predictionError=OB(O)C1C=CC(=CC=1)C(=O)OCC1C=CC=CC=1: Molecule contains unsupported element
key='OB(O)C1=CC=CC=C1OCC1=CC=CC=C1-1065' prediction.modelResults.predictionError=OB(O)C1=CC=CC=C1OCC1C=CC=CC=1: Molecule contains unsupported element
key='OB(O)C1=CC(=CC(Br)=C1)[N+]([O-])=O-1065' prediction.modelResults.predictionError=[O-][N+](=O)C1C=C(C=C(Br)C=1)B(O)O: Molecule contains unsupported element
key='OB(O)C1=CC=CC=C1CBr-1065' prediction.modelResults.predictionError=OB(O)C1=CC=CC=C1CBr: Molecule contains unsupported element
key='OB(O)C1=CC(CBr)=CC=C1-1065' prediction.modelResults.predictionError=OB(O)C1C=CC=C(CBr)C=1: Molecule contains unsupported element
key='CC1(C)OB(OC1(C)C)C1=CC(CBr)=CC=C1-1065' prediction.modelResults.predictionError=CC1(C)OB(OC1(C)C)C1C=CC=C(CBr)C=1: Molecule contains unsupported element
key='OB(O)C1=C(F)C(F)=C(Br)C=C1-1065' prediction.modelResults.predictionError=OB(O)C1C=CC(Br)=C(F)C=1F: Molecule contains unsupported element
key='OB(O)C1=CC=CC=C1Br-1065' prediction.modelResults.predictionError=OB(O)C1=CC=CC=C1Br: Molecule contains unsupported element
key='CC(C)(C)OC(=O)C1=CC=CC(=C1)B(O)O-1065' prediction.modelResults.predictionError=CC(C)(C)OC(=O)C1C=C(C=CC=1)B(O)O: Molecule contains unsupported element
key='CC(C)(C)OC(=O)C1=CC=C(C=C1)B(O)O-1065' prediction.modelResults.predictionError=CC(C)(C)OC(=O)C1C=CC(=CC=1)B(O)O: Molecule contains unsupported element
key='CC(C)(C)OC(=O)N1C(=CC2=CC=CC=C12)B(O)O-1065' prediction.modelResults.predictionError=CC(C)(C)OC(=O)N1C2=CC=CC=C2C=C1B(O)O: Molecule contains unsupported element
key='CC1=CC(=CC(=C1)B(O)O)C(C)(C)C-1065' prediction.modelResults.predictionError=CC1C=C(C=C(C=1)C(C)(C)C)B(O)O: Molecule contains unsupported element
key='CCCCNC(=O)C1=CC=C(C=C1)B(O)O-1065' prediction.modelResults.predictionError=CCCCNC(=O)C1C=CC(=CC=1)B(O)O: Molecule contains unsupported element
key='CC(C)(C)NC(=O)C1=CC=C(C=C1)B(O)O-1065' prediction.modelResults.predictionError=CC(C)(C)NC(=O)C1C=CC(=CC=1)B(O)O: Molecule contains unsupported element
key='OB(O)C1=CC(=CC(=C1)[N+]([O-])=O)C(O)=O-1065' prediction.modelResults.predictionError=[O-][N+](=O)C1C=C(C=C(C=1)B(O)O)C(O)=O: Molecule contains unsupported element
key='OB(O)C1=CC=C(NC(=O)OCC2=CC=CC=C2)C=C1-1065' prediction.modelResults.predictionError=OB(O)C1C=CC(=CC=1)NC(=O)OCC1C=CC=CC=1: Molecule contains unsupported element
key='COC1=CC(Cl)=C(C=C1)B(O)O-1065' prediction.modelResults.predictionError=COC1=CC(Cl)=C(C=C1)B(O)O: Molecule contains unsupported element
key='OB(O)C1=C(F)C=C(Br)C=C1-1065' prediction.modelResults.predictionError=OB(O)C1C=CC(Br)=CC=1F: Molecule contains unsupported element
key='CC1=CC(Cl)=C(C=C1)B(O)O-1065' prediction.modelResults.predictionError=CC1C=CC(B(O)O)=C(Cl)C=1: Molecule contains unsupported element
key='OB(O)C1=CC(F)=C(Br)C=C1-1065' prediction.modelResults.predictionError=OB(O)C1C=CC(Br)=C(F)C=1: Molecule contains unsupported element
key='CC1=C(C=C(Cl)C=C1)B(O)O-1065' prediction.modelResults.predictionError=CC1C=CC(Cl)=CC=1B(O)O: Molecule contains unsupported element
key='OB(O)C1=CC=C(CC#N)C=C1-1065' prediction.modelResults.predictionError=N#CCC1=CC=C(C=C1)B(O)O: Molecule contains unsupported element
key='CC1(C)OB(OC1(C)C)C1=CC(CC#N)=CC=C1-1065' prediction.modelResults.predictionError=CC1(C)OB(OC1(C)C)C1C=CC=C(CC#N)C=1: Molecule contains unsupported element
key='OB(O)C1=CC(CC#N)=CC=C1-1065' prediction.modelResults.predictionError=N#CCC1C=C(C=CC=1)B(O)O: Molecule contains unsupported element
key='OB(O)C1=CC=C(C=C1)C(=O)NC1CCCCC1-1065' prediction.modelResults.predictionError=OB(O)C1C=CC(=CC=1)C(=O)NC1CCCCC1: Molecule contains unsupported element
key='OB(O)C1=CC=C(C=C1)C(=O)NC1CCCC1-1065' prediction.modelResults.predictionError=OB(O)C1C=CC(=CC=1)C(=O)NC1CCCC1: Molecule contains unsupported element
key='OB(O)C1=CC=C(C=C1)C(=O)NC1CC1-1065' prediction.modelResults.predictionError=OB(O)C1C=CC(=CC=1)C(=O)NC1CC1: Molecule contains unsupported element
key='OB(O)C1=C(Cl)C=CC(Cl)=C1-1065' prediction.modelResults.predictionError=OB(O)C1C=C(Cl)C=CC=1Cl: Molecule contains unsupported element
key='CCN(CC)C(=O)C1=CC=C(C=C1)B(O)O-1065' prediction.modelResults.predictionError=CCN(CC)C(=O)C1C=CC(=CC=1)B(O)O: Molecule contains unsupported element
key='CN(C)C(=O)C1=CC=CC(=C1)B(O)O-1065' prediction.modelResults.predictionError=CN(C)C(=O)C1C=C(C=CC=1)B(O)O: Molecule contains unsupported element
key='CC1=CC=CC(B(O)O)=C1C-1065' prediction.modelResults.predictionError=CC1=C(C=CC=C1C)B(O)O: Molecule contains unsupported element
key='CCOC(=O)C1=CC(=CC(=C1)B(O)O)[N+]([O-])=O-1065' prediction.modelResults.predictionError=CCOC(=O)C1=CC(=CC(=C1)B(O)O)[N+]([O-])=O: Molecule contains unsupported element
key='CCOC(=O)C1=CC(=C(C=C1)B(O)O)[N+]([O-])=O-1065' prediction.modelResults.predictionError=CCOC(=O)C1=CC(=C(C=C1)B(O)O)[N+]([O-])=O: Molecule contains unsupported element
key='CCOC(=O)C1=CC=CC=C1B(O)O-1065' prediction.modelResults.predictionError=CCOC(=O)C1=CC=CC=C1B(O)O: Molecule contains unsupported element
key='OB(O)C1=CC2=C(OCO2)C=C1C=O-1065' prediction.modelResults.predictionError=OB(O)C1=CC2OCOC=2C=C1C=O: Molecule contains unsupported element
key='OB(O)C1=C(SC=C1)C=O-1065' prediction.modelResults.predictionError=OB(O)C1C=CSC=1C=O: Molecule contains unsupported element
key='OB(O)C1=C(C=O)C=CS1-1065' prediction.modelResults.predictionError=OB(O)C1SC=CC=1C=O: Molecule contains unsupported element
key='CC(C)CNC(=O)C1=CC=C(C=C1)B(O)O-1065' prediction.modelResults.predictionError=CC(C)CNC(=O)C1C=CC(=CC=1)B(O)O: Molecule contains unsupported element
key='CC(C)CC1=CC=C(C=C1)B(O)O-1065' prediction.modelResults.predictionError=CC(C)CC1=CC=C(C=C1)B(O)O: Molecule contains unsupported element
key='CC1(C)OB(OC1(C)C)C1=CC=C(C=C1)N=C=O-1065' prediction.modelResults.predictionError=CC1(C)OB(OC1(C)C)C1C=CC(=CC=1)N=C=O: Molecule contains unsupported element
key='CC(C)NC(=O)C1=CC=C(C=C1)B(O)O-1065' prediction.modelResults.predictionError=CC(C)NC(=O)C1C=CC(=CC=1)B(O)O: Molecule contains unsupported element
key='CC(C)C1=CC=CC=C1B(O)O-1065' prediction.modelResults.predictionError=CC(C)C1=CC=CC=C1B(O)O: Molecule contains unsupported element
key='CC(C)C1=CC=C(C=C1)B(O)O-1065' prediction.modelResults.predictionError=CC(C)C1C=CC(=CC=1)B(O)O: Molecule contains unsupported element
key='CC(C)SC1=CC=C(C=C1)B(O)O-1065' prediction.modelResults.predictionError=CC(C)SC1C=CC(=CC=1)B(O)O: Molecule contains unsupported element
key='COC1=C(C=C(C)C=C1)B(O)O-1065' prediction.modelResults.predictionError=CC1C=CC(OC)=C(C=1)B(O)O: Molecule contains unsupported element
key='COC1=CC(C)=C(C=C1)B(O)O-1065' prediction.modelResults.predictionError=CC1C=C(C=CC=1B(O)O)OC: Molecule contains unsupported element
key='COC1=C(C)C=C(C=C1)B(O)O-1065' prediction.modelResults.predictionError=CC1C=C(C=CC=1OC)B(O)O: Molecule contains unsupported element
key='COC(=O)C=CC1=CC=CC=C1B(O)O-1065' prediction.modelResults.predictionError=COC(=O)C=CC1=CC=CC=C1B(O)O: Molecule contains unsupported element
key='COC(=O)C=CC1=CC=CC(=C1)B(O)O-1065' prediction.modelResults.predictionError=COC(=O)C=CC1C=C(C=CC=1)B(O)O: Molecule contains unsupported element
key='COC(=O)C=CC1=CC=C(C=C1)B(O)O-1065' prediction.modelResults.predictionError=COC(=O)C=CC1C=CC(=CC=1)B(O)O: Molecule contains unsupported element
key='COC(=O)C1=CC(=CC(=C1)B(O)O)[N+]([O-])=O-1065' prediction.modelResults.predictionError=COC(=O)C1=CC(=CC(=C1)B(O)O)[N+]([O-])=O: Molecule contains unsupported element
key='COC(=O)C1=CC(=C(C=C1)B(O)O)[N+]([O-])=O-1065' prediction.modelResults.predictionError=COC(=O)C1=CC(=C(C=C1)B(O)O)[N+]([O-])=O: Molecule contains unsupported element
key='COC(=O)NC1=CC=C(C=C1)B(O)O-1065' prediction.modelResults.predictionError=COC(=O)NC1C=CC(=CC=1)B(O)O: Molecule contains unsupported element
key='COC(=O)C1=CC=CC=C1B(O)O-1065' prediction.modelResults.predictionError=COC(=O)C1=CC=CC=C1B(O)O: Molecule contains unsupported element
key='COC(=O)C1=CC=C(C=C1)B1OC(C)(C)C(C)(C)O1-1065' prediction.modelResults.predictionError=COC(=O)C1C=CC(=CC=1)B1OC(C)(C)C(C)(C)O1: Molecule contains unsupported element
key='CC1=CC=C(B(O)O)C2=CC=CC=C12-1065' prediction.modelResults.predictionError=CC1=CC=C(B(O)O)C2=CC=CC=C21: Molecule contains unsupported element
key='CC1=C(C=C(C=C1)[N+]([O-])=O)B(O)O-1065' prediction.modelResults.predictionError=CC1C=CC(=CC=1B(O)O)[N+]([O-])=O: Molecule contains unsupported element
key='CC1=C(C=C(C=C1)B(O)O)[N+]([O-])=O-1065' prediction.modelResults.predictionError=CC1C=CC(=CC=1[N+]([O-])=O)B(O)O: Molecule contains unsupported element
key='CNC(=O)C1=CC=CC(=C1)B(O)O-1065' prediction.modelResults.predictionError=CNC(=O)C1C=C(C=CC=1)B(O)O: Molecule contains unsupported element
key='CNC(=O)C1=CC=C(C=C1)B(O)O-1065' prediction.modelResults.predictionError=CNC(=O)C1C=CC(=CC=1)B(O)O: Molecule contains unsupported element
key='CS(=O)C1=CC=CC=C1B(O)O-1065' prediction.modelResults.predictionError=C[SH+](=O)C1=CC=CC=C1B(O)O: Molecule contains unsupported element
key='CS(=O)C1=CC=C(C=C1)B(O)O-1065' prediction.modelResults.predictionError=C[SH+](=O)C1C=CC(=CC=1)B(O)O: Molecule contains unsupported element
key='CS(=O)(=O)NC1=CC=CC=C1B(O)O-1065' prediction.modelResults.predictionError=CS(=O)(=O)NC1=CC=CC=C1B(O)O: Molecule contains unsupported element
key='CS(=O)(=O)NC1=CC=CC(=C1)B(O)O-1065' prediction.modelResults.predictionError=CS(=O)(=O)NC1C=C(C=CC=1)B(O)O: Molecule contains unsupported element
key='CS(=O)(=O)NC1=CC=C(C=C1)B(O)O-1065' prediction.modelResults.predictionError=CS(=O)(=O)NC1C=CC(=CC=1)B(O)O: Molecule contains unsupported element
key='CS(=O)(=O)C1=CC=CC=C1B(O)O-1065' prediction.modelResults.predictionError=CS(=O)(=O)C1=CC=CC=C1B(O)O: Molecule contains unsupported element
key='CS(=O)(=O)C1=CC=CC(=C1)B(O)O-1065' prediction.modelResults.predictionError=CS(=O)(=O)C1C=C(C=CC=1)B(O)O: Molecule contains unsupported element
key='CSC1=CC=CC=C1B(O)O-1065' prediction.modelResults.predictionError=CSC1=CC=CC=C1B(O)O: Molecule contains unsupported element
key='OB(O)C1=CC=C(C=C1)C(=O)N1CCOCC1-1065' prediction.modelResults.predictionError=OB(O)C1C=CC(=CC=1)C(=O)N1CCOCC1: Molecule contains unsupported element
key='OB(O)C1=CC=C(C=C1)[N+]([O-])=O-1065' prediction.modelResults.predictionError=[O-][N+](=O)C1C=CC(=CC=1)B(O)O: Molecule contains unsupported element
key='CC1(C)OB(OC1(C)C)C1=CC=C(C=C1)[N+]([O-])=O-1065' prediction.modelResults.predictionError=CC1(C)OB(OC1(C)C)C1C=CC(=CC=1)[N+]([O-])=O: Molecule contains unsupported element
key='OB(O)C1=CC=CC=C1OC1=CC=CC=C1-1065' prediction.modelResults.predictionError=OB(O)C1=CC=CC=C1OC1C=CC=CC=1: Molecule contains unsupported element
key='CC1(C)OB(OC1(C)C)C1=CC=CC=C1CN1C(=O)C2=CC=CC=C2C1=O-1065' prediction.modelResults.predictionError=CC1(C)OB(OC1(C)C)C1=CC=CC=C1CN1C(=O)C2=CC=CC=C2C1=O: Molecule contains unsupported element
key='CC1(C)OB(OC1(C)C)C1=CC(CN2C(=O)C3=CC=CC=C3C2=O)=CC=C1-1065' prediction.modelResults.predictionError=CC1(C)OB(OC1(C)C)C1=CC(CN2C(=O)C3=CC=CC=C3C2=O)=CC=C1: Molecule contains unsupported element
key='CC1(C)OB(OC1(C)C)C1=CC=C(CN2C(=O)C3=CC=CC=C3C2=O)C=C1-1065' prediction.modelResults.predictionError=CC1(C)OB(OC1(C)C)C1C=CC(CN2C(=O)C3=CC=CC=C3C2=O)=CC=1: Molecule contains unsupported element
key='OB(O)C1=CC=C(C=C1)C(=O)N1CCCCC1-1065' prediction.modelResults.predictionError=OB(O)C1C=CC(=CC=1)C(=O)N1CCCCC1: Molecule contains unsupported element
key='CCCNC(=O)C1=CC=C(C=C1)B(O)O-1065' prediction.modelResults.predictionError=CCCNC(=O)C1C=CC(=CC=1)B(O)O: Molecule contains unsupported element
key='OB(O)C1=CC=C(C=C1)C(=O)N1CCCC1-1065' prediction.modelResults.predictionError=OB(O)C1C=CC(=CC=1)C(=O)N1CCCC1: Molecule contains unsupported element
key='COC1=C(OC)C(OC)=C(C=C1)B(O)O-1065' prediction.modelResults.predictionError=COC1C(OC)=C(C=CC=1OC)B(O)O: Molecule contains unsupported element
key='COC1=C(OC)C(B(O)O)=C(OC)C=C1-1065' prediction.modelResults.predictionError=COC1C=CC(OC)=C(B(O)O)C=1OC: Molecule contains unsupported element
key='OB(O)C1=CC=CC=C1C=C-1065' prediction.modelResults.predictionError=C=CC1=CC=CC=C1B(O)O: Molecule contains unsupported element
key='CCCCCC(=CB1OC(C)(C)C(C)(C)O1)B1OC(C)(C)C(C)(C)O1-1065' prediction.modelResults.predictionError=CCCCCC(=CB1OC(C)(C)C(C)(C)O1)B1OC(C)(C)C(C)(C)O1: Molecule contains unsupported element
key='CCCC(=CB1OC(C)(C)C(C)(C)O1)B1OC(C)(C)C(C)(C)O1-1065' prediction.modelResults.predictionError=CCCC(=CB1OC(C)(C)C(C)(C)O1)B1OC(C)(C)C(C)(C)O1: Molecule contains unsupported element
key='CCCCB1OC(C)(C)C(C)(C)O1-1065' prediction.modelResults.predictionError=CCCCB1OC(C)(C)C(C)(C)O1: Molecule contains unsupported element
key='CC(C)(C)OC(=O)NC1=CC=CC(=C1)B1OC(C)(C)C(C)(C)O1-1065' prediction.modelResults.predictionError=CC(C)(C)OC(=O)NC1C=C(C=CC=1)B1OC(C)(C)C(C)(C)O1: Molecule contains unsupported element
key='OB(O)C1=CC(=C(Br)C=C1)[N+]([O-])=O-1065' prediction.modelResults.predictionError=[O-][N+](=O)C1C=C(C=CC=1Br)B(O)O: Molecule contains unsupported element
key='CCOC1=CC=CC(=C1)B(O)O-1065' prediction.modelResults.predictionError=CCOC1C=C(C=CC=1)B(O)O: Molecule contains unsupported element
key='OB(O)C1=CC(S)=CC=C1-1065' prediction.modelResults.predictionError=OB(O)C1C=CC=C(S)C=1: Molecule contains unsupported element
key='CC(C)(C)OC(=O)OC1=CC=CC=C1B1OC(C)(C)C(C)(C)O1-1065' prediction.modelResults.predictionError=CC(C)(C)OC(=O)OC1=CC=CC=C1B1OC(C)(C)C(C)(C)O1: Molecule contains unsupported element
key='CC(C)(C)OC(=O)OC1=CC=CC(=C1)B1OC(C)(C)C(C)(C)O1-1065' prediction.modelResults.predictionError=CC(C)(C)OC(=O)OC1C=C(C=CC=1)B1OC(C)(C)C(C)(C)O1: Molecule contains unsupported element
key='CC(C)(C)OC(=O)OC1=CC=C(C=C1)B1OC(C)(C)C(C)(C)O1-1065' prediction.modelResults.predictionError=CC(C)(C)OC(=O)OC1C=CC(=CC=1)B1OC(C)(C)C(C)(C)O1: Molecule contains unsupported element
key='CCOC(=O)C1=CC=CC=C1B1OC(C)(C)C(C)(C)O1-1065' prediction.modelResults.predictionError=CCOC(=O)C1=CC=CC=C1B1OC(C)(C)C(C)(C)O1: Molecule contains unsupported element
key='CCOC(=O)C1=CC=CC(=C1)B1OC(C)(C)C(C)(C)O1-1065' prediction.modelResults.predictionError=CCOC(=O)C1C=C(C=CC=1)B1OC(C)(C)C(C)(C)O1: Molecule contains unsupported element
key='COC1=C(OC(C)=O)C=CC(=C1)B1OC(C)(C)C(C)(C)O1-1065' prediction.modelResults.predictionError=CC(=O)OC1C=CC(=CC=1OC)B1OC(C)(C)C(C)(C)O1: Molecule contains unsupported element
key='CN1C=C(C=N1)B1OC(C)(C)C(C)(C)O1-1065' prediction.modelResults.predictionError=CN1C=C(C=N1)B1OC(C)(C)C(C)(C)O1: Molecule contains unsupported element
key='CC(=O)NC1=CC=CC(=C1)B1OC(C)(C)C(C)(C)O1-1065' prediction.modelResults.predictionError=CC(=O)NC1C=C(C=CC=1)B1OC(C)(C)C(C)(C)O1: Molecule contains unsupported element
key='CC1(C)OB(OC1(C)C)C1=COC=C1-1065' prediction.modelResults.predictionError=CC1(C)OB(OC1(C)C)C1=COC=C1: Molecule contains unsupported element
key='CC(=O)OC1=CC=CC=C1B1OC(C)(C)C(C)(C)O1-1065' prediction.modelResults.predictionError=CC(=O)OC1=CC=CC=C1B1OC(C)(C)C(C)(C)O1: Molecule contains unsupported element
key='CC(=O)OC1=CC=CC(=C1)B1OC(C)(C)C(C)(C)O1-1065' prediction.modelResults.predictionError=CC(=O)OC1C=C(C=CC=1)B1OC(C)(C)C(C)(C)O1: Molecule contains unsupported element
key='CC(=O)OC1=CC=C(C=C1)B1OC(C)(C)C(C)(C)O1-1065' prediction.modelResults.predictionError=CC(=O)OC1C=CC(=CC=1)B1OC(C)(C)C(C)(C)O1: Molecule contains unsupported element
key='CC1(C)OB(OC1(C)C)C1=CC=CC=C1NC=O-1065' prediction.modelResults.predictionError=CC1(C)OB(OC1(C)C)C1=CC=CC=C1NC=O: Molecule contains unsupported element
key='CC1(C)OB(OC1(C)C)C1=CC(NC=O)=CC=C1-1065' prediction.modelResults.predictionError=CC1(C)OB(OC1(C)C)C1=CC(=CC=C1)NC=O: Molecule contains unsupported element
key='CC1(C)OB(OC1(C)C)C1=CC=C(NC=O)C=C1-1065' prediction.modelResults.predictionError=CC1(C)OB(OC1(C)C)C1C=CC(=CC=1)NC=O: Molecule contains unsupported element
key='CC1(C)OB(OC1(C)C)C1=CNN=C1-1065' prediction.modelResults.predictionError=CC1(C)OB(OC1(C)C)C1=CNN=C1: Molecule contains unsupported element
key='CC1=CC=C(C=C1)B1OC(C)(C)C(C)(C)O1-1065' prediction.modelResults.predictionError=CC1C=CC(=CC=1)B1OC(C)(C)C(C)(C)O1: Molecule contains unsupported element
key='CC1(C)COB(OC1)C1=CC(F)=CC(F)=C1-1065' prediction.modelResults.predictionError=CC1(C)COB(OC1)C1C=C(F)C=C(F)C=1: Molecule contains unsupported element
key='OB(O)C1=C(F)C=C(I)C=C1-1065' prediction.modelResults.predictionError=OB(O)C1C=CC(I)=CC=1F: Molecule contains unsupported element
key='CC1=C(F)C=CC(=C1)B(O)O-1065' prediction.modelResults.predictionError=CC1C=C(C=CC=1F)B(O)O: Molecule contains unsupported element
key='OB(O)C1=CC(F)=C(C=C1)C1=CC=CC=C1-1065' prediction.modelResults.predictionError=OB(O)C1=CC(F)=C(C=C1)C1C=CC=CC=1: Molecule contains unsupported element
key='CCCCC=CC(F)(F)C(F)(F)C(F)(F)F-1065' prediction.modelResults.predictionError=Number of atoms equals zero
key='OB(O)C1=C(F)C(F)=C(F)C(F)=C1F-1065' prediction.modelResults.predictionError=OB(O)C1C(F)=C(F)C(F)=C(F)C=1F: Molecule contains unsupported element
key='OB(O)C1=CC2=C(OCCO2)C=C1-1065' prediction.modelResults.predictionError=OB(O)C1=CC2OCCOC=2C=C1: Molecule contains unsupported element
key='OB(O)C1=CN(C2=CC=CC=C12)S(=O)(=O)C1=CC=CC=C1-1065' prediction.modelResults.predictionError=OB(O)C1=CN(C2=CC=CC=C12)S(=O)(=O)C1C=CC=CC=1: Molecule contains unsupported element
key='OB(O)C1=CC2=CC=CC=C2N1S(=O)(=O)C1=CC=CC=C1-1065' prediction.modelResults.predictionError=OB(O)C1=CC2=CC=CC=C2N1S(=O)(=O)C1C=CC=CC=1: Molecule contains unsupported element
key='OB(O)C1=CC2=CC=CC=C2O1-1065' prediction.modelResults.predictionError=OB(O)C1=CC2=CC=CC=C2O1: Molecule contains unsupported element
key='OB(O)C1=CC=C(S1)C1=CC=CC=C1-1065' prediction.modelResults.predictionError=OB(O)C1=CC=C(S1)C1C=CC=CC=1: Molecule contains unsupported element
key='OB(O)C1=CSC2=CC=CC=C12-1065' prediction.modelResults.predictionError=OB(O)C1=CSC2=CC=CC=C12: Molecule contains unsupported element
key='OB(O)C1=CC2=C(OCCCO2)C=C1-1065' prediction.modelResults.predictionError=OB(O)C1=CC2OCCCOC=2C=C1: Molecule contains unsupported element
key='OB(O)C1=CC=C(S1)C1=CC=CS1-1065' prediction.modelResults.predictionError=OB(O)C1=CC=C(S1)C1=CC=CS1: Molecule contains unsupported element
key='OB(O)C1=CC=CC=C1OC(F)(F)F-1065' prediction.modelResults.predictionError=OB(O)C1=CC=CC=C1OC(F)(F)F: Molecule contains unsupported element
key='[O-]S(=O)(=O)C(F)(F)F.FC(F)(F)[Se+]1C2=CC=CC=C2C2=CC=CC=C12-1065' prediction.modelResults.predictionError=FC(F)(F)[Se+]1C2=CC=CC=C2C2=CC=CC=C12: Molecule contains unsupported element
key='[Zn+]Br-1065' prediction.modelResults.predictionError=Number of atoms equals zero
key='C1COCC[NH2+]1.[O-]S(=O)(=O)C(F)(F)F-1065' prediction.modelResults.predictionError=Number of atoms equals zero
key='OB(O)C1=CC(C=O)=C(F)C=C1-1065' prediction.modelResults.predictionError=OB(O)C1C=CC(F)=C(C=O)C=1: Molecule contains unsupported element
key='OB(O)C1=CC(F)=C(C=O)C=C1-1065' prediction.modelResults.predictionError=OB(O)C1C=CC(C=O)=C(F)C=1: Molecule contains unsupported element
key='OB(O)C1=CC(F)=C(Cl)C=C1-1065' prediction.modelResults.predictionError=OB(O)C1C=CC(Cl)=C(F)C=1: Molecule contains unsupported element
key='OB(O)C1=C(C=CC(=C1)C(F)(F)F)C(F)(F)F-1065' prediction.modelResults.predictionError=OB(O)C1C=C(C=CC=1C(F)(F)F)C(F)(F)F: Molecule contains unsupported element
key='OB(O)C1=C(F)C=C(F)C=C1F-1065' prediction.modelResults.predictionError=OB(O)C1C(F)=CC(F)=CC=1F: Molecule contains unsupported element
key='O.OB(O)C1=C(F)C=NC=C1-1065' prediction.modelResults.predictionError=OB(O)C1C=CN=CC=1F: Molecule contains unsupported element
key='OB(O)C1=C(F)C=NC=C1-1065' prediction.modelResults.predictionError=OB(O)C1C=CN=CC=1F: Molecule contains unsupported element
key='OB(O)C1=CC=C(S1)C(O)=O-1065' prediction.modelResults.predictionError=OC(=O)C1=CC=C(S1)B(O)O: Molecule contains unsupported element
key='NC1=CC=C(NC(=O)C2=CC=CC=C2O)C=C1-1065' prediction.modelResults.predictionError=Number of atoms equals zero
key='OB(O)C1=C(OCC2=CC=CC=C2)C=C(F)C=C1-1065' prediction.modelResults.predictionError=OB(O)C1C=CC(F)=CC=1OCC1C=CC=CC=1: Molecule contains unsupported element
key='OB(O)C1=C(OCC2=CC=CC=C2)C=CC(F)=C1-1065' prediction.modelResults.predictionError=OB(O)C1C=C(F)C=CC=1OCC1C=CC=CC=1: Molecule contains unsupported element
key='OB(O)C1=C(C=C(C=C1)C(F)(F)F)C(F)(F)F-1065' prediction.modelResults.predictionError=OB(O)C1C=CC(=CC=1C(F)(F)F)C(F)(F)F: Molecule contains unsupported element
key='OB(O)C1=C(Cl)C=CC(=C1)C(F)(F)F-1065' prediction.modelResults.predictionError=OB(O)C1C=C(C=CC=1Cl)C(F)(F)F: Molecule contains unsupported element
key='OB(O)C1=CC(=C(Cl)C=C1)C(F)(F)F-1065' prediction.modelResults.predictionError=OB(O)C1=CC(=C(Cl)C=C1)C(F)(F)F: Molecule contains unsupported element
key='COC1=C(C=CC(F)=C1)B(O)O-1065' prediction.modelResults.predictionError=COC1C=C(F)C=CC=1B(O)O: Molecule contains unsupported element
key='COC1=C(C=C(F)C=C1)B(O)O-1065' prediction.modelResults.predictionError=COC1C=CC(F)=CC=1B(O)O: Molecule contains unsupported element
key='CC1=C(F)C=C(C=C1)B(O)O-1065' prediction.modelResults.predictionError=CC1C=CC(=CC=1F)B(O)O: Molecule contains unsupported element
key='OB(O)C1=CC=C(F)C2=CC=CC=C12-1065' prediction.modelResults.predictionError=OB(O)C1=CC=C(F)C2=CC=CC=C21: Molecule contains unsupported element
key='COC1=C(C=C(C=C1)C(F)(F)F)B(O)O-1065' prediction.modelResults.predictionError=COC1C=CC(=CC=1B(O)O)C(F)(F)F: Molecule contains unsupported element
key='OB(O)C(=C)C(F)(F)F-1065' prediction.modelResults.predictionError=C=C(B(O)O)C(F)(F)F: Molecule contains unsupported element
key='OB(O)C1=C(F)C=CN=C1-1065' prediction.modelResults.predictionError=OB(O)C1C=NC=CC=1F: Molecule contains unsupported element
key='COC(=O)C1=C(F)C=C(C=C1)B(O)O-1065' prediction.modelResults.predictionError=COC(=O)C1C=CC(=CC=1F)B(O)O: Molecule contains unsupported element
key='Cl.NCC1=C(C=C(F)C=C1)B(O)O-1065' prediction.modelResults.predictionError=NCC1C=CC(F)=CC=1B(O)O: Molecule contains unsupported element
key='CCOC1=C(F)C=C(C=C1)B(O)O-1065' prediction.modelResults.predictionError=CCOC1C=CC(=CC=1F)B(O)O: Molecule contains unsupported element
key='[K+].[O-][N+](=O)C1=CC=CC=C1[B-](F)(F)F-1065' prediction.modelResults.predictionError=[O-][N+](=O)C1=CC=CC=C1[B-](F)(F)F: Molecule contains unsupported element
key='[K+].[O-][N+](=O)C1=CC=CC(=C1)[B-](F)(F)F-1065' prediction.modelResults.predictionError=[O-][N+](=O)C1C=C(C=CC=1)[B-](F)(F)F: Molecule contains unsupported element
key='OB(O)C1=CC(=CC=C1)C(=O)NC1=CC=C(F)C=C1-1065' prediction.modelResults.predictionError=OB(O)C1=CC(=CC=C1)C(=O)NC1C=CC(F)=CC=1: Molecule contains unsupported element
key='OB(O)C1=CC(F)=C(C=C1)C#N-1065' prediction.modelResults.predictionError=N#CC1C=CC(=CC=1F)B(O)O: Molecule contains unsupported element
key='COC1=C(F)C(B(O)O)=C(F)C=C1-1065' prediction.modelResults.predictionError=COC1C=CC(F)=C(B(O)O)C=1F: Molecule contains unsupported element
key='CC1=CC(F)=C(C=C1)B(O)O-1065' prediction.modelResults.predictionError=CC1C=CC(B(O)O)=C(F)C=1: Molecule contains unsupported element
key='OB(O)C1=CC(F)=C(F)C=C1F-1065' prediction.modelResults.predictionError=OB(O)C1=CC(F)=C(F)C=C1F: Molecule contains unsupported element
key='CC1=C(C=C(F)C=C1)B(O)O-1065' prediction.modelResults.predictionError=CC1C=CC(F)=CC=1B(O)O: Molecule contains unsupported element
key='CC1=C(C=CC=C1F)B(O)O-1065' prediction.modelResults.predictionError=CC1C(F)=CC=CC=1B(O)O: Molecule contains unsupported element
key='OB(O)C1=CC(=CC(F)=C1)C(F)(F)F-1065' prediction.modelResults.predictionError=OB(O)C1C=C(F)C=C(C=1)C(F)(F)F: Molecule contains unsupported element
key='OB(O)C1=CC(F)=C(OC(F)(F)F)C=C1-1065' prediction.modelResults.predictionError=OB(O)C1=CC(F)=C(C=C1)OC(F)(F)F: Molecule contains unsupported element
key='[O-]S(=O)(=O)C(F)(F)F.CC(C)(C)C1=CC=C(C=C1)[S+](C1=CC=CC=C1)C1=CC=CC=C1-1065' prediction.modelResults.predictionError=[O-]S(=O)(=O)C(F)(F)F.CC(C)(C)C1=CC=C(C=C1)[S+](C1=CC=CC=C1)C1=CC=CC=C1: model can't run mixtures
key='OB(O)C1=C(C=CC=C1C(F)(F)F)C(F)(F)F-1065' prediction.modelResults.predictionError=OB(O)C1C(=CC=CC=1C(F)(F)F)C(F)(F)F: Molecule contains unsupported element
key='OB(O)C1=CC(Br)=CN=C1F-1065' prediction.modelResults.predictionError=OB(O)C1=CC(Br)=CN=C1F: Molecule contains unsupported element
key='OB(O)C1=C(Cl)C=C(C=C1)C(F)(F)F-1065' prediction.modelResults.predictionError=OB(O)C1C=CC(=CC=1Cl)C(F)(F)F: Molecule contains unsupported element
key='OB(O)C1=C(F)N=CC=C1-1065' prediction.modelResults.predictionError=OB(O)C1C=CC=NC=1F: Molecule contains unsupported element
key='OB(O)C1=CC2=CC=CC=C2N=C1F-1065' prediction.modelResults.predictionError=OB(O)C1=CC2=CC=CC=C2N=C1F: Molecule contains unsupported element
key='OB(O)C1=CC(F)=C(F)C(F)=C1F-1065' prediction.modelResults.predictionError=OB(O)C1=CC(F)=C(F)C(F)=C1F: Molecule contains unsupported element
key='OB(O)C1=C(F)C(F)=C(F)C=C1F-1065' prediction.modelResults.predictionError=OB(O)C1C(F)=CC(F)=C(F)C=1F: Molecule contains unsupported element
key='OB(O)C1=C(F)C(F)=CC(F)=C1F-1065' prediction.modelResults.predictionError=OB(O)C1=C(F)C(F)=CC(F)=C1F: Molecule contains unsupported element
key='OB(O)C1=C(F)C(F)=C(F)C=C1-1065' prediction.modelResults.predictionError=OB(O)C1C=CC(F)=C(F)C=1F: Molecule contains unsupported element
key='OB(O)C1=C(F)C=CC(=C1)C#N-1065' prediction.modelResults.predictionError=N#CC1=CC(B(O)O)=C(F)C=C1: Molecule contains unsupported element
key='OB(O)C1=CC(F)=NC=C1-1065' prediction.modelResults.predictionError=OB(O)C1C=CN=C(F)C=1: Molecule contains unsupported element
key='OB(O)C1=CN=C(F)C=C1-1065' prediction.modelResults.predictionError=OB(O)C1C=CC(F)=NC=1: Molecule contains unsupported element
key='O1B(OC2=CC=CC=C2C1P(C1=CC=CC=C1)C1=CC=CC=C1)C1=CC=CC=C1-1065' prediction.modelResults.predictionError=C1=CC=CC=C1B1OC2=CC=CC=C2C(O1)P(C1C=CC=CC=1)C1C=CC=CC=1: Molecule contains unsupported element
key='ClC(Cl)(Cl)C1OB(OC(P1C1=CC=CC=C1)C(Cl)(Cl)Cl)C1=CC=CC=C1-1065' prediction.modelResults.predictionError=ClC(Cl)(Cl)C1OB(OC(P1C1C=CC=CC=1)C(Cl)(Cl)Cl)C1C=CC=CC=1: Molecule contains unsupported element
key='OB(O)C1=C(C=CS1)C(O)=O-1065' prediction.modelResults.predictionError=OC(=O)C1C=CSC=1B(O)O: Molecule contains unsupported element
key='CSC1=CC=C(S1)B(O)O-1065' prediction.modelResults.predictionError=CSC1=CC=C(S1)B(O)O: Molecule contains unsupported element
key='OB(O)C1=CC2=C(C=C1)C=C(OCC1=CC=CC=C1)C=C2-1065' prediction.modelResults.predictionError=OB(O)C1=CC2C=CC(=CC=2C=C1)OCC1C=CC=CC=1: Molecule contains unsupported element
key='CC1=CC2=C(SC(=C2)B(O)O)C=C1-1065' prediction.modelResults.predictionError=CC1=CC2C=C(SC=2C=C1)B(O)O: Molecule contains unsupported element
key='CC1=C(SC(=N1)C1=CC=C(C=C1)C(F)(F)F)B1OC(C)(C)C(C)(C)O1-1065' prediction.modelResults.predictionError=CC1N=C(SC=1B1OC(C)(C)C(C)(C)O1)C1C=CC(=CC=1)C(F)(F)F: Molecule contains unsupported element
key='OB(O)C1=CC2=C(OCCCO2)C=C1-1065' prediction.modelResults.predictionError=OB(O)C1=CC2OCCCOC=2C=C1: Molecule contains unsupported element
key='OB(O)C1=CC=C(S1)C1=CC=CS1-1065' prediction.modelResults.predictionError=OB(O)C1=CC=C(S1)C1=CC=CS1: Molecule contains unsupported element
key='OB(O)C1=CC=CC=C1OC(F)(F)F-1065' prediction.modelResults.predictionError=OB(O)C1=CC=CC=C1OC(F)(F)F: Molecule contains unsupported element
key='[O-]S(=O)(=O)C(F)(F)F.FC(F)(F)[Se+]1C2=CC=CC=C2C2=CC=CC=C12-1065' prediction.modelResults.predictionError=FC(F)(F)[Se+]1C2=CC=CC=C2C2=CC=CC=C12: Molecule contains unsupported element
key='OB(O)C1=CC(C=O)=C(F)C=C1-1065' prediction.modelResults.predictionError=OB(O)C1C=CC(F)=C(C=O)C=1: Molecule contains unsupported element
key='OB(O)C1=CC(F)=C(C=O)C=C1-1065' prediction.modelResults.predictionError=OB(O)C1C=CC(C=O)=C(F)C=1: Molecule contains unsupported element
key='OB(O)C1=CC(F)=C(Cl)C=C1-1065' prediction.modelResults.predictionError=OB(O)C1C=CC(Cl)=C(F)C=1: Molecule contains unsupported element
key='OB(O)C1=C(C=CC(=C1)C(F)(F)F)C(F)(F)F-1065' prediction.modelResults.predictionError=OB(O)C1C=C(C=CC=1C(F)(F)F)C(F)(F)F: Molecule contains unsupported element
key='OB(O)C1=C(F)C=C(F)C=C1F-1065' prediction.modelResults.predictionError=OB(O)C1C(F)=CC(F)=CC=1F: Molecule contains unsupported element
key='O.OB(O)C1=C(F)C=NC=C1-1065' prediction.modelResults.predictionError=OB(O)C1C=CN=CC=1F: Molecule contains unsupported element
key='OB(O)C1=C(F)C=NC=C1-1065' prediction.modelResults.predictionError=OB(O)C1C=CN=CC=1F: Molecule contains unsupported element
key='OB(O)C1=CC=C(S1)C(O)=O-1065' prediction.modelResults.predictionError=OC(=O)C1=CC=C(S1)B(O)O: Molecule contains unsupported element
key='NC1=CC=C(NC(=O)C2=CC=CC=C2O)C=C1-1065' prediction.modelResults.predictionError=NC1=CC=C(NC(=O)C2=CC=CC=C2O)C=C1 failed standardization
key='OB(O)C1=C(OCC2=CC=CC=C2)C=C(F)C=C1-1065' prediction.modelResults.predictionError=OB(O)C1C=CC(F)=CC=1OCC1C=CC=CC=1: Molecule contains unsupported element
key='OB(O)C1=C(OCC2=CC=CC=C2)C=CC(F)=C1-1065' prediction.modelResults.predictionError=OB(O)C1C=C(F)C=CC=1OCC1C=CC=CC=1: Molecule contains unsupported element
key='OB(O)C1=C(C=C(C=C1)C(F)(F)F)C(F)(F)F-1065' prediction.modelResults.predictionError=OB(O)C1C=CC(=CC=1C(F)(F)F)C(F)(F)F: Molecule contains unsupported element
key='OB(O)C1=C(Cl)C=CC(=C1)C(F)(F)F-1065' prediction.modelResults.predictionError=OB(O)C1C=C(C=CC=1Cl)C(F)(F)F: Molecule contains unsupported element
key='OB(O)C1=CC(=C(Cl)C=C1)C(F)(F)F-1065' prediction.modelResults.predictionError=OB(O)C1=CC(=C(Cl)C=C1)C(F)(F)F: Molecule contains unsupported element
key='COC1=C(C=CC(F)=C1)B(O)O-1065' prediction.modelResults.predictionError=COC1C=C(F)C=CC=1B(O)O: Molecule contains unsupported element
key='COC1=C(C=C(F)C=C1)B(O)O-1065' prediction.modelResults.predictionError=COC1C=CC(F)=CC=1B(O)O: Molecule contains unsupported element
key='CC1=C(F)C=C(C=C1)B(O)O-1065' prediction.modelResults.predictionError=CC1C=CC(=CC=1F)B(O)O: Molecule contains unsupported element
key='OB(O)C1=CC=C(F)C2=CC=CC=C12-1065' prediction.modelResults.predictionError=OB(O)C1=CC=C(F)C2=CC=CC=C21: Molecule contains unsupported element
key='COC1=C(C=C(C=C1)C(F)(F)F)B(O)O-1065' prediction.modelResults.predictionError=COC1C=CC(=CC=1B(O)O)C(F)(F)F: Molecule contains unsupported element
key='OB(O)C(=C)C(F)(F)F-1065' prediction.modelResults.predictionError=C=C(B(O)O)C(F)(F)F: Molecule contains unsupported element
key='OB(O)C1=C(F)C=CN=C1-1065' prediction.modelResults.predictionError=OB(O)C1C=NC=CC=1F: Molecule contains unsupported element
key='COC(=O)C1=C(F)C=C(C=C1)B(O)O-1065' prediction.modelResults.predictionError=COC(=O)C1C=CC(=CC=1F)B(O)O: Molecule contains unsupported element
key='Cl.NCC1=C(C=C(F)C=C1)B(O)O-1065' prediction.modelResults.predictionError=NCC1C=CC(F)=CC=1B(O)O: Molecule contains unsupported element
key='CCOC1=C(F)C=C(C=C1)B(O)O-1065' prediction.modelResults.predictionError=CCOC1C=CC(=CC=1F)B(O)O: Molecule contains unsupported element
key='[K+].[O-][N+](=O)C1=CC=CC=C1[B-](F)(F)F-1065' prediction.modelResults.predictionError=[O-][N+](=O)C1=CC=CC=C1[B-](F)(F)F: Molecule contains unsupported element
key='[K+].[O-][N+](=O)C1=CC=CC(=C1)[B-](F)(F)F-1065' prediction.modelResults.predictionError=[O-][N+](=O)C1C=C(C=CC=1)[B-](F)(F)F: Molecule contains unsupported element
key='OB(O)C1=CC(=CC=C1)C(=O)NC1=CC=C(F)C=C1-1065' prediction.modelResults.predictionError=OB(O)C1=CC(=CC=C1)C(=O)NC1C=CC(F)=CC=1: Molecule contains unsupported element
key='OB(O)C1=CC(F)=C(C=C1)C#N-1065' prediction.modelResults.predictionError=N#CC1C=CC(=CC=1F)B(O)O: Molecule contains unsupported element
key='COC1=C(F)C(B(O)O)=C(F)C=C1-1065' prediction.modelResults.predictionError=COC1C=CC(F)=C(B(O)O)C=1F: Molecule contains unsupported element
key='CC1=CC(F)=C(C=C1)B(O)O-1065' prediction.modelResults.predictionError=CC1C=CC(B(O)O)=C(F)C=1: Molecule contains unsupported element
key='OB(O)C1=CC(F)=C(F)C=C1F-1065' prediction.modelResults.predictionError=OB(O)C1=CC(F)=C(F)C=C1F: Molecule contains unsupported element
key='CC1=C(C=C(F)C=C1)B(O)O-1065' prediction.modelResults.predictionError=CC1C=CC(F)=CC=1B(O)O: Molecule contains unsupported element
key='CC1=C(C=CC=C1F)B(O)O-1065' prediction.modelResults.predictionError=CC1C(F)=CC=CC=1B(O)O: Molecule contains unsupported element
key='OB(O)C1=CC(=CC(F)=C1)C(F)(F)F-1065' prediction.modelResults.predictionError=OB(O)C1C=C(F)C=C(C=1)C(F)(F)F: Molecule contains unsupported element
key='OB(O)C1=CC(F)=C(OC(F)(F)F)C=C1-1065' prediction.modelResults.predictionError=OB(O)C1=CC(F)=C(C=C1)OC(F)(F)F: Molecule contains unsupported element
key='[O-]S(=O)(=O)C(F)(F)F.CC(C)(C)C1=CC=C(C=C1)[S+](C1=CC=CC=C1)C1=CC=CC=C1-1065' prediction.modelResults.predictionError=[O-]S(=O)(=O)C(F)(F)F.CC(C)(C)C1=CC=C(C=C1)[S+](C1=CC=CC=C1)C1=CC=CC=C1: model can't run mixtures
key='OB(O)C1=C(C=CC=C1C(F)(F)F)C(F)(F)F-1065' prediction.modelResults.predictionError=OB(O)C1C(=CC=CC=1C(F)(F)F)C(F)(F)F: Molecule contains unsupported element
key='OB(O)C1=CC(Br)=CN=C1F-1065' prediction.modelResults.predictionError=OB(O)C1=CC(Br)=CN=C1F: Molecule contains unsupported element
key='OB(O)C1=C(Cl)C=C(C=C1)C(F)(F)F-1065' prediction.modelResults.predictionError=OB(O)C1C=CC(=CC=1Cl)C(F)(F)F: Molecule contains unsupported element
key='OB(O)C1=C(F)N=CC=C1-1065' prediction.modelResults.predictionError=OB(O)C1C=CC=NC=1F: Molecule contains unsupported element
key='OB(O)C1=CC2=CC=CC=C2N=C1F-1065' prediction.modelResults.predictionError=OB(O)C1=CC2=CC=CC=C2N=C1F: Molecule contains unsupported element
key='OB(O)C1=CC(F)=C(F)C(F)=C1F-1065' prediction.modelResults.predictionError=OB(O)C1=CC(F)=C(F)C(F)=C1F: Molecule contains unsupported element
key='OB(O)C1=C(F)C(F)=C(F)C=C1F-1065' prediction.modelResults.predictionError=OB(O)C1C(F)=CC(F)=C(F)C=1F: Molecule contains unsupported element
key='OB(O)C1=C(F)C(F)=CC(F)=C1F-1065' prediction.modelResults.predictionError=OB(O)C1=C(F)C(F)=CC(F)=C1F: Molecule contains unsupported element
key='OB(O)C1=C(F)C(F)=C(F)C=C1-1065' prediction.modelResults.predictionError=OB(O)C1C=CC(F)=C(F)C=1F: Molecule contains unsupported element
key='OB(O)C1=C(F)C=CC(=C1)C#N-1065' prediction.modelResults.predictionError=N#CC1=CC(B(O)O)=C(F)C=C1: Molecule contains unsupported element
key='OB(O)C1=CC(F)=NC=C1-1065' prediction.modelResults.predictionError=OB(O)C1C=CN=C(F)C=1: Molecule contains unsupported element
key='OB(O)C1=CN=C(F)C=C1-1065' prediction.modelResults.predictionError=OB(O)C1C=CC(F)=NC=1: Molecule contains unsupported element
key='O1B(OC2=CC=CC=C2C1P(C1=CC=CC=C1)C1=CC=CC=C1)C1=CC=CC=C1-1065' prediction.modelResults.predictionError=C1=CC=CC=C1B1OC2=CC=CC=C2C(O1)P(C1C=CC=CC=1)C1C=CC=CC=1: Molecule contains unsupported element
key='ClC(Cl)(Cl)C1OB(OC(P1C1=CC=CC=C1)C(Cl)(Cl)Cl)C1=CC=CC=C1-1065' prediction.modelResults.predictionError=ClC(Cl)(Cl)C1OB(OC(P1C1C=CC=CC=1)C(Cl)(Cl)Cl)C1C=CC=CC=1: Molecule contains unsupported element
key='OB(O)C1=C(C=CS1)C(O)=O-1065' prediction.modelResults.predictionError=OC(=O)C1C=CSC=1B(O)O: Molecule contains unsupported element
key='CSC1=CC=C(S1)B(O)O-1065' prediction.modelResults.predictionError=CSC1=CC=C(S1)B(O)O: Molecule contains unsupported element
key='OB(O)C1=CC2=C(C=C1)C=C(OCC1=CC=CC=C1)C=C2-1065' prediction.modelResults.predictionError=OB(O)C1=CC2C=CC(=CC=2C=C1)OCC1C=CC=CC=1: Molecule contains unsupported element
key='CC1=CC2=C(SC(=C2)B(O)O)C=C1-1065' prediction.modelResults.predictionError=CC1=CC2C=C(SC=2C=C1)B(O)O: Molecule contains unsupported element
key='CC1=C(SC(=N1)C1=CC=C(C=C1)C(F)(F)F)B1OC(C)(C)C(C)(C)O1-1065' prediction.modelResults.predictionError=CC1N=C(SC=1B1OC(C)(C)C(C)(C)O1)C1C=CC(=CC=1)C(F)(F)F: Molecule contains unsupported element
key='COC(=O)C1=CC2=C(S1)C=CC(=C2)B1OC(C)(C)C(C)(C)O1-1065' prediction.modelResults.predictionError=COC(=O)C1=CC2C=C(C=CC=2S1)B1OC(C)(C)C(C)(C)O1: Molecule contains unsupported element
key='CC(C)[Si](C(C)C)(C(C)C)N1C=CC2=C1C=CC(=C2)B1OC(C)(C)C(C)(C)O1-1065' prediction.modelResults.predictionError=CC1(C)OB(OC1(C)C)C1=CC2C=CN(C=2C=C1)[Si](C(C)C)(C(C)C)C(C)C: Molecule contains unsupported element
key='OB(O)C1=CC2=C(SC3=CC=CC=C23)C=C1-1065' prediction.modelResults.predictionError=OB(O)C1=CC2C3=CC=CC=C3SC=2C=C1: Molecule contains unsupported element
key='CC(C)(C)OC(=O)N1C(=CC2=C1C=CC(Br)=C2)B(O)O-1065' prediction.modelResults.predictionError=CC(C)(C)OC(=O)N1C(=CC2C=C(Br)C=CC1=2)B(O)O: Molecule contains unsupported element
key='CC1(C)OB(OC1(C)C)C1=CN=C(Br)C=C1-1065' prediction.modelResults.predictionError=CC1(C)OB(OC1(C)C)C1C=CC(Br)=NC=1: Molecule contains unsupported element
key='COC1=CC2=C(C=C1)N(C(=O)OC(C)(C)C)C(=C2)B(O)O-1065' prediction.modelResults.predictionError=COC1=CC2C=C(B(O)O)N(C(=O)OC(C)(C)C)C=2C=C1: Molecule contains unsupported element
key='CC1(C)COB(OC1)C1=CN=CC=C1-1065' prediction.modelResults.predictionError=CC1(C)COB(OC1)C1=CN=CC=C1: Molecule contains unsupported element
key='CC1(C)OB(OC1(C)C)C1=CN=C(Cl)C=C1-1065' prediction.modelResults.predictionError=CC1(C)OB(OC1(C)C)C1C=CC(Cl)=NC=1: Molecule contains unsupported element
key='OC(=O)C(F)(F)F.BrC1=CC2=C(OC3(CCNCC3)NC2=O)C=C1-1065' prediction.modelResults.predictionError=OC(=O)C(F)(F)F.BrC1=CC2=C(OC3(CCNCC3)NC2=O)C=C1: model can't run mixtures
key='OC(=O)C(F)(F)F.BrC1=CC2=C(OC3(CCNCC3)CC2=O)C=C1-1065' prediction.modelResults.predictionError=OC(=O)C(F)(F)F.BrC1=CC2=C(OC3(CCNCC3)CC2=O)C=C1: model can't run mixtures
key='OB(O)C1=CC(Br)=CC2=C1OCC2-1065' prediction.modelResults.predictionError=OB(O)C1=CC(Br)=CC2CCOC=21: Molecule contains unsupported element
key='CC1(C)COB(OC1)C1=CN=CC2=CC=CC=C12-1065' prediction.modelResults.predictionError=CC1(C)COB(OC1)C1=CN=CC2=CC=CC=C21: Molecule contains unsupported element
key='CC1(C)OB(OC1(C)C)C1=CC2=C(OC=C2)C=C1-1065' prediction.modelResults.predictionError=CC1(C)OB(OC1(C)C)C1=CC2C=COC=2C=C1: Molecule contains unsupported element
key='OB(O)C1=CN=CN=C1-1065' prediction.modelResults.predictionError=OB(O)C1C=NC=NC=1: Molecule contains unsupported element
key='[H]C12CC3([H])CC([H])(C1)C(=CC)C([H])(C2)C3-1065' prediction.modelResults.predictionError=[H]C12CC3([H])CC([H])(C1)C(=CC)C([H])(C2)C3 failed standardization
key='CN1CCOC2=C1C=CC(=C2)B1OC(C)(C)C(C)(C)O1-1065' prediction.modelResults.predictionError=CN1CCOC2C=C(C=CC1=2)B1OC(C)(C)C(C)(C)O1: Molecule contains unsupported element
key='CN1N=C(C)C(B2OC(C)(C)C(C)(C)O2)=C1C-1065' prediction.modelResults.predictionError=CC1=C(B2OC(C)(C)C(C)(C)O2)C(C)=NN1C: Molecule contains unsupported element
key='CC1=C(C=NN1C1=CC=CC=C1)B1OC(C)(C)C(C)(C)O1-1065' prediction.modelResults.predictionError=CC1=C(C=NN1C1C=CC=CC=1)B1OC(C)(C)C(C)(C)O1: Molecule contains unsupported element
key='OB(O)C1=CC=C(C=C1)N1CCOCC1-1065' prediction.modelResults.predictionError=OB(O)C1C=CC(=CC=1)N1CCOCC1: Molecule contains unsupported element
key='CC1(C)OB(OC1(C)C)C1=CC=C(C=C1)N1CCOCC1-1065' prediction.modelResults.predictionError=CC1(C)OB(OC1(C)C)C1=CC=C(C=C1)N1CCOCC1: Molecule contains unsupported element
key='CC1(C)OB(OC1(C)C)C1=CN=C(C=C1)N1CCOCC1-1065' prediction.modelResults.predictionError=CC1(C)OB(OC1(C)C)C1C=CC(=NC=1)N1CCOCC1: Molecule contains unsupported element
key='CC1(C)OB(OC1(C)C)C1=CC2=C(SC=C2)C=C1-1065' prediction.modelResults.predictionError=CC1(C)OB(OC1(C)C)C1=CC2C=CSC=2C=C1: Molecule contains unsupported element
key='OB(O)C1=C2C3=CC=CC=C3C2=CC=C1-1065' prediction.modelResults.predictionError=OB(O)C1C=CC=C2C=1C1=CC=CC=C12: Molecule contains unsupported element
key='CC1=C(SC(=N1)C1=CC=CC=C1)B1OC(C)(C)C(C)(C)O1-1065' prediction.modelResults.predictionError=CC1N=C(SC=1B1OC(C)(C)C(C)(C)O1)C1C=CC=CC=1: Molecule contains unsupported element
key='CC1(C)OB(OC1(C)C)C1=CC=C(CN2CCOCC2)C=C1-1065' prediction.modelResults.predictionError=CC1(C)OB(OC1(C)C)C1=CC=C(CN2CCOCC2)C=C1: Molecule contains unsupported element
key='CC(C)(C)OC(=O)N1CCN(CC1)C1=CC=C(C=C1)B1OC(C)(C)C(C)(C)O1-1065' prediction.modelResults.predictionError=CC(C)(C)OC(=O)N1CCN(CC1)C1C=CC(=CC=1)B1OC(C)(C)C(C)(C)O1: Molecule contains unsupported element
key='CC(C)[Si](C(C)C)(C(C)C)N1C=CC2=C(C=CC=C12)B1OC(C)(C)C(C)(C)O1-1065' prediction.modelResults.predictionError=CC1(C)OB(OC1(C)C)C1C=CC=C2C=1C=CN2[Si](C(C)C)(C(C)C)C(C)C: Molecule contains unsupported element
key='CC1(C)OB(OC1(C)C)C1=CC(CN2CCOCC2)=CC=C1-1065' prediction.modelResults.predictionError=CC1(C)OB(OC1(C)C)C1=CC(CN2CCOCC2)=CC=C1: Molecule contains unsupported element
key='CCOC(=O)C(C#N)=C1SC(S1)=C(C#N)C(=O)OCC-1065' prediction.modelResults.predictionError=CCOC(=O)C(C#N)=C1SC(S1)=C(C#N)C(=O)OCC failed standardization
key='NC(N)=NN=C1CCC(CC1)=NN=C(N)N-1065' prediction.modelResults.predictionError=NC(N)=NN=C1CCC(CC1)=NN=C(N)N failed standardization
key='[45Ca++]-1065' prediction.modelResults.predictionError=[45Ca++] failed standardization
key='[NH2-]-1065' prediction.modelResults.predictionError=[NH2-] failed standardization
key='OB(O)C1=CC=C(OC2=CC=C(C=C2)B(O)O)C=C1-1065' prediction.modelResults.predictionError=OB(O)C1C=CC(=CC=1)OC1C=CC(=CC=1)B(O)O: Molecule contains unsupported element
key='[H]C12CC3([H])CC([H])(C1)C(=CC(O)=O)C([H])(C2)C3-1065' prediction.modelResults.predictionError=[H]C12CC3([H])CC([H])(C1)C(=CC(O)=O)C([H])(C2)C3 failed standardization
key='[H]C12CC3([H])CC([H])(C1)C(=C(C#N)C(O)=O)C([H])(C2)C3-1065' prediction.modelResults.predictionError=[H]C12CC3([H])CC([H])(C1)C(=C(C#N)C(O)=O)C([H])(C2)C3 failed standardization
key='O=C(C=CC1=CC=C[Se]1)C1=CC=C[Se]1-1065' prediction.modelResults.predictionError=O=C(C=CC1=CC=C[Se]1)C1=CC=C[Se]1: Molecule contains unsupported element
key='OB(O)C1=CC=C(C=C1)C1CC1-1065' prediction.modelResults.predictionError=OB(O)C1C=CC(=CC=1)C1CC1: Molecule contains unsupported element
key='[H]C12CC3([H])CC([H])(C1)CC(C2)(C3)C(=O)NS(=O)(=O)C1=C(C)C=C(C)C=C1C-1065' prediction.modelResults.predictionError=[H]C12CC3([H])CC([H])(C1)CC(C2)(C3)C(=O)NS(=O)(=O)C1=C(C)C=C(C)C=C1C failed standardization
key='[O-]S(=O)(=O)C1=CC=CC=C1.C[N+]1=CC=C(C=C1)C1=NC=C(O1)C1=CC=C(F)C=C1-1065' prediction.modelResults.predictionError=[O-]S(=O)(=O)C1=CC=CC=C1.C[N+]1=CC=C(C=C1)C1=NC=C(O1)C1=CC=C(F)C=C1: model can't run mixtures
key='CC(=O)C1=CC=C(C=C1)N1C(=O)C2C(C1=O)C1(C)C3=CC=CC=C3C2(C)C2=CC=CC=C12-1065' prediction.modelResults.predictionError=CC(=O)C1=CC=C(C=C1)N1C(=O)C2C(C1=O)C1(C)C3=CC=CC=C3C2(C)C2=CC=CC=C12 failed standardization
key='OC(=O)C(O)=O.ClC1=CC=CC(Cl)=C1SCCC1=CC=CC=N1-1065' prediction.modelResults.predictionError=OC(=O)C(O)=O.ClC1=CC=CC(Cl)=C1SCCC1=CC=CC=N1: model can't run mixtures
key='[H]C12CC3([H])CC([H])(C1)CC(C2)(C3)C(=O)NS(=O)(=O)C1=C(C)C=C(C)C=C1C-1065' prediction.modelResults.predictionError=Number of atoms equals zero
key='[O-]S(=O)(=O)C1=CC=CC=C1.C[N+]1=CC=C(C=C1)C1=NC=C(O1)C1=CC=C(F)C=C1-1065' prediction.modelResults.predictionError=[O-]S(=O)(=O)C1=CC=CC=C1.C[N+]1=CC=C(C=C1)C1=NC=C(O1)C1=CC=C(F)C=C1: model can't run mixtures
key='CC(=O)C1=CC=C(C=C1)N1C(=O)C2C(C1=O)C1(C)C3=CC=CC=C3C2(C)C2=CC=CC=C12-1065' prediction.modelResults.predictionError=Number of atoms equals zero
key='OC(=O)C(O)=O.ClC1=CC=CC(Cl)=C1SCCC1=CC=CC=N1-1065' prediction.modelResults.predictionError=OC(=O)C(O)=O.ClC1=CC=CC(Cl)=C1SCCC1=CC=CC=N1: model can't run mixtures
run=1	request=7	smiles=<batch-level>	error=batch failed but single-smile checks passed: HTTPConnectionPool(host='192.168.1.7', port=5004): Read timed out. (read timeout=600)
key='[H]C12CCN(CC1)C1C(N(N=C21)C(=O)CC)C1=CC=C(C=C1)[N+]([O-])=O-1065' prediction.modelResults.predictionError=Number of atoms equals zero
key='O=C(CCCN1C(=O)C2=CC=CC3=C2C(=CC=C3)C1=O)NC1CCS(=O)(=O)C1-1065' prediction.modelResults.predictionError=Number of atoms equals zero
key='CC(SC1=CC=CC=C1)C(=O)NC1=C(C)C=CC(C)=C1-1065' prediction.modelResults.predictionError=Number of atoms equals zero
key='[H]C12CC3([H])CC([H])(C1)CC(C2)(C3)C(=O)NS(=O)(=O)C1=C(C)C=C(C)C=C1C-1065' prediction.modelResults.predictionError=[H]C12CC3([H])CC([H])(C1)CC(C2)(C3)C(=O)NS(=O)(=O)C1=C(C)C=C(C)C=C1C failed standardization
key='[O-]S(=O)(=O)C1=CC=CC=C1.C[N+]1=CC=C(C=C1)C1=NC=C(O1)C1=CC=C(F)C=C1-1065' prediction.modelResults.predictionError=[O-]S(=O)(=O)C1=CC=CC=C1.C[N+]1=CC=C(C=C1)C1=NC=C(O1)C1=CC=C(F)C=C1: model can't run mixtures
key='CC(=O)C1=CC=C(C=C1)N1C(=O)C2C(C1=O)C1(C)C3=CC=CC=C3C2(C)C2=CC=CC=C12-1065' prediction.modelResults.predictionError=CC(=O)C1=CC=C(C=C1)N1C(=O)C2C(C1=O)C1(C)C3=CC=CC=C3C2(C)C2=CC=CC=C12 failed standardization
key='OC(=O)C(O)=O.ClC1=CC=CC(Cl)=C1SCCC1=CC=CC=N1-1065' prediction.modelResults.predictionError=OC(=O)C(O)=O.ClC1=CC=CC(Cl)=C1SCCC1=CC=CC=N1: model can't run mixtures
key='[H]C12CCN(CC1)C1C(N(N=C21)C(=O)CC)C1=CC=C(C=C1)[N+]([O-])=O-1065' prediction.modelResults.predictionError=Number of atoms equals zero
key='O=C(CCCN1C(=O)C2=CC=CC3=C2C(=CC=C3)C1=O)NC1CCS(=O)(=O)C1-1065' prediction.modelResults.predictionError=Number of atoms equals zero
key='CC(SC1=CC=CC=C1)C(=O)NC1=C(C)C=CC(C)=C1-1065' prediction.modelResults.predictionError=Number of atoms equals zero
key='[O-][N+](=O)C1=CC=C(C[Se]C#N)O1-1065' prediction.modelResults.predictionError=N#C[Se]CC1=CC=C(O1)[N+]([O-])=O: Molecule contains unsupported element
key='NC[C@H]1CCCN1-1065' prediction.modelResults.predictionError=Number of atoms equals zero
key='[Ni].[Ni].[Ni].[GaH3].[GaH3]-1065' prediction.modelResults.predictionError=[Ni].[Ni].[Ni].[GaH3].[GaH3] failed standardization
key='CCCCOB(O)O-1065' prediction.modelResults.predictionError=CCCCOB(O)O: Molecule contains unsupported element
key='[GeH3]CBr-1065' prediction.modelResults.predictionError=[GeH3]CBr: Molecule contains unsupported element
key='[NH2-].[NH2-].[NH2-].[NH2-].[NH2-].[NH2-].[Co+3].O[N+]([O-])=O-1065' prediction.modelResults.predictionError=[NH2-].[NH2-].[NH2-].[NH2-].[NH2-].[NH2-].[Co+3].O[N+]([O-])=O failed standardization
key='FC1=C(F)C(F)=C([GeH2]C2=C(F)C(F)=C(F)C(F)=C2F)C(F)=C1F-1065' prediction.modelResults.predictionError=FC1C([GeH2]C2=C(F)C(F)=C(F)C(F)=C2F)=C(F)C(F)=C(F)C=1F: Molecule contains unsupported element
key='CCCCCC1CCC(CC1)C1=CC(F)=C(C=C1)C1=CC=C(C=C1)C1CCC(CCC)CC1-1065' prediction.modelResults.predictionError=Number of atoms equals zero
key='C[Sb+](C1=CC=CC=C1)(C1=CC=CC=C1)C1=CC=CC=C1-1065' prediction.modelResults.predictionError=C[Sb+](C1C=CC=CC=1)(C1C=CC=CC=1)C1C=CC=CC=1: Molecule contains unsupported element
key='OC(COC1=CC=CC2=CC=CC=C12)CN1CCN(CC(O)COC2=CC=CC3=CC=CC=C23)CC1-1065' prediction.modelResults.predictionError=Number of atoms equals zero
key='CCOC(=O)C1(COC(=O)C1)C1=CSC(N)=N1-1065' prediction.modelResults.predictionError=Number of atoms equals zero
key='C(OC1=CC=CC=C1)C1CN2CCOB(OCC2)O1-1065' prediction.modelResults.predictionError=C(OC1C=CC=CC=1)C1CN2CCOB(O1)OCC2: Molecule contains unsupported element
key='NC1=CC=CC=C1.OP(=O)(OP(O)(=O)C1=CC=CC=C1)C1=CC=CC=C1-1065' prediction.modelResults.predictionError=NC1=CC=CC=C1.OP(=O)(OP(O)(=O)C1=CC=CC=C1)C1=CC=CC=C1: model can't run mixtures
key='CCCCCC=CCC=CCC(O)C(O)CC=CCCCC(O)=O-1065' prediction.modelResults.predictionError=CCCCCC=CCC=CCC(O)C(O)CC=CCCCC(O)=O failed standardization
key='CCCCCC=CCC(=O)C=CC=CCC=CCCCC(O)=O-1065' prediction.modelResults.predictionError=CCCCCC=CCC(=O)C=CC=CCC=CCCCC(O)=O failed standardization
key='COC1=C(Cl)C=C(C=C1)B(O)O-1065' prediction.modelResults.predictionError=COC1C=CC(=CC=1Cl)B(O)O: Molecule contains unsupported element
key='CCOC(=O)C1=CC=CC(=C1)B(O)O-1065' prediction.modelResults.predictionError=CCOC(=O)C1C=C(C=CC=1)B(O)O: Molecule contains unsupported element
key='ClC1=CC=C(C=C1)B1OC2=CC=CC=C2O1-1065' prediction.modelResults.predictionError=ClC1C=CC(=CC=1)B1OC2=CC=CC=C2O1: Molecule contains unsupported element
key='[W].[C-]#[O+].[C-]#[O+].[C-]#[O+].[CH-]1[C-]=[C-][C-]=[C-]1.FC(F)(F)[C-]=O-1065' prediction.modelResults.predictionError=[W].[C-]#[O+].[C-]#[O+].[C-]#[O+].[CH-]1[C-]=[C-][C-]=[C-]1.FC(F)(F)[C-]=O: model can't run mixtures
key='[Mo].[C-]#[O+].[C-]#[O+].[C-]#[O+].[CH-]1[C-]=[C-][C-]=[C-]1.FC(F)(F)C(F)(F)C(F)(F)[C-]=O-1065' prediction.modelResults.predictionError=[Mo].[C-]#[O+].[C-]#[O+].[C-]#[O+].[CH-]1[C-]=[C-][C-]=[C-]1.FC(F)(F)C(F)(F)C(F)(F)[C-]=O: model can't run mixtures
key='OB(O)C1=CC(=CC=C1)C(=O)NCC1=CC=CC=C1-1065' prediction.modelResults.predictionError=OB(O)C1=CC(=CC=C1)C(=O)NCC1C=CC=CC=1: Molecule contains unsupported element
key='OB(O)C1=CC=C(C=C1)C1=NC(=C(N1)C1=CC=CC=C1)C1=CC=CC=C1-1065' prediction.modelResults.predictionError=OB(O)C1C=CC(=CC=1)C1NC(=C(N=1)C1C=CC=CC=1)C1C=CC=CC=1: Molecule contains unsupported element
key='CC1=C(SC=C1)B(O)O-1065' prediction.modelResults.predictionError=CC1C=CSC=1B(O)O: Molecule contains unsupported element
key='COC(=O)CNC(=O)C1=CC=C(C=C1)B(O)O-1065' prediction.modelResults.predictionError=COC(=O)CNC(=O)C1=CC=C(C=C1)B(O)O: Molecule contains unsupported element
key='O=C1CC(N1)[Se]C1=CC=CC=C1-1065' prediction.modelResults.predictionError=O=C1CC(N1)[Se]C1C=CC=CC=1: Molecule contains unsupported element
key='OB(O)C1=C(F)C(C=O)=C(F)C=C1-1065' prediction.modelResults.predictionError=OB(O)C1C=CC(F)=C(C=O)C=1F: Molecule contains unsupported element
key='COC1=C(B(O)O)C(F)=CC=C1-1065' prediction.modelResults.predictionError=COC1C=CC=C(F)C=1B(O)O: Molecule contains unsupported element
key='OB(O)C1=CC=CC=C1N1C=CC=N1-1065' prediction.modelResults.predictionError=OB(O)C1=CC=CC=C1N1C=CC=N1: Molecule contains unsupported element
key='[ClH2+]-1065' prediction.modelResults.predictionError=[ClH2+] failed standardization
key='CC(C)(C)B1OC(C)(C)C(C)(C)O1-1065' prediction.modelResults.predictionError=CC(C)(C)B1OC(C)(C)C(C)(C)O1: Molecule contains unsupported element
key='OB(O)C1=C(F)C(Cl)=NC=C1-1065' prediction.modelResults.predictionError=OB(O)C1C=CN=C(Cl)C=1F: Molecule contains unsupported element
key='[H]C12CCC([H])(C1)C(C2)B(O)O-1065' prediction.modelResults.predictionError=OB(O)C1CC2CC1CC2: Molecule contains unsupported element
key='OB(O)CCCC1=CC=CC=C1-1065' prediction.modelResults.predictionError=OB(O)CCCC1C=CC=CC=1: Molecule contains unsupported element
key='CC1=C(C=C(C=C1[N+]([O-])=O)C(N)=O)[N+]([O-])=O-1065' prediction.modelResults.predictionError=Number of atoms equals zero
key='CN(C)C(=O)C1OB(OC1C(=O)N(C)C)B1OC(C(O1)C(=O)N(C)C)C(=O)N(C)C-1065' prediction.modelResults.predictionError=CN(C)C(=O)C1OB(OC1C(=O)N(C)C)B1OC(C(O1)C(=O)N(C)C)C(=O)N(C)C: Molecule contains unsupported element
key='O[SiH](O)O-1065' prediction.modelResults.predictionError=O[SiH](O)O failed standardization
key='[CuH]-1065' prediction.modelResults.predictionError=[CuH] failed standardization
key='CCOC1=C(C)C=C(C=C1)B(O)O-1065' prediction.modelResults.predictionError=CC1C=C(C=CC=1OCC)B(O)O: Molecule contains unsupported element
key='OB(O)C1=C(F)C=NC=C1F-1065' prediction.modelResults.predictionError=OB(O)C1C(F)=CN=CC=1F: Molecule contains unsupported element
key='OB(O)C1=CN(CC2=CC=CC=C2)N=C1-1065' prediction.modelResults.predictionError=OB(O)C1C=NN(CC2C=CC=CC=2)C=1: Molecule contains unsupported element
key='CCOC1=C(C=C(Br)C=C1)B(O)O-1065' prediction.modelResults.predictionError=CCOC1C=CC(Br)=CC=1B(O)O: Molecule contains unsupported element
key='OC(=O)C1=CC2=CC=CC=C2[Se]1-1065' prediction.modelResults.predictionError=OC(=O)C1=CC2=CC=CC=C2[Se]1: Molecule contains unsupported element
key='COC1=C(B(O)O)C(Cl)=CC=C1-1065' prediction.modelResults.predictionError=COC1C=CC=C(Cl)C=1B(O)O: Molecule contains unsupported element
key='CONC(=O)C1=CC=C(C=C1)B(O)O-1065' prediction.modelResults.predictionError=CONC(=O)C1C=CC(=CC=1)B(O)O: Molecule contains unsupported element
key='CC(C)OC1=C(Cl)C=C(C=C1)B(O)O-1065' prediction.modelResults.predictionError=CC(C)OC1C=CC(=CC=1Cl)B(O)O: Molecule contains unsupported element
key='CC1OC(OC2C(O)C(O)C(CO)OC2OC2C(NC(C)=O)C(OC3C(O)C(COC4OC(CO)C(OC5OC(CO)C(O)C(O)C5O)C(OC5OC(C)C(O)C(O)C5O)C4NC(C)=O)OC(OC(C(O)CO)C(O)C(O)C=O)C3O)OC(CO)C2OC2OC(C)C(O)C(O)C2O)C(O)C(O)C1O-1065' prediction.modelResults.predictionError=Number of atoms equals zero
key='CB(OC(C)C)OC(C)C-1065' prediction.modelResults.predictionError=CB(OC(C)C)OC(C)C: Molecule contains unsupported element
key='CCNC(=O)C1=CC=C(C=C1)B(O)O-1065' prediction.modelResults.predictionError=CCNC(=O)C1C=CC(=CC=1)B(O)O: Molecule contains unsupported element
key='[O-]S(F)(=O)=O-1065' prediction.modelResults.predictionError=[O-]S(F)(=O)=O failed standardization
key='CC1(C)OB(OC1(C)C)C1=CC(=CC(=C1)[N+]([O-])=O)C(O)=O-1065' prediction.modelResults.predictionError=CC1(C)OB(OC1(C)C)C1C=C(C=C(C=1)C(O)=O)[N+]([O-])=O: Molecule contains unsupported element
key='CC(C)(C)OC(=O)NCC1=CC=C(C=C1)B1OC(C)(C)C(C)(C)O1-1065' prediction.modelResults.predictionError=CC(C)(C)OC(=O)NCC1=CC=C(C=C1)B1OC(C)(C)C(C)(C)O1: Molecule contains unsupported element
key='CSCCC(N)C(=O)NC(CC(C)C)C(O)=O-1065' prediction.modelResults.predictionError=Number of atoms equals zero
key='OB(O)C1=CCCCCC1-1065' prediction.modelResults.predictionError=OB(O)C1CCCCCC=1: Molecule contains unsupported element
key='NCC1=C(C=CC(F)=C1)B(O)O-1065' prediction.modelResults.predictionError=NCC1C=C(F)C=CC=1B(O)O: Molecule contains unsupported element
key='CC(=O)C1=CC=C(Br)[Se]1-1065' prediction.modelResults.predictionError=CC(=O)C1=CC=C(Br)[Se]1: Molecule contains unsupported element
key='N1SSSSSSS1-1065' prediction.modelResults.predictionError=N1SSSSSSS1 failed standardization
key='CN(C)CC1=CC=C(C=C1)B1OC(C)(C)C(C)(C)O1-1065' prediction.modelResults.predictionError=CN(C)CC1=CC=C(C=C1)B1OC(C)(C)C(C)(C)O1: Molecule contains unsupported element
key='CC(C)(C)[Si](C)(C)OC1=CC=CC(=C1)B(O)O-1065' prediction.modelResults.predictionError=CC(C)(C)[Si](C)(C)OC1C=C(C=CC=1)B(O)O: Molecule contains unsupported element
key='CCCCC(CC)CC1(CC(CC)CCCC)C2=C(C=CC(=C2)B(O)O)C2=C1C=C(C=C2)B(O)O-1065' prediction.modelResults.predictionError=CCCCC(CC1(CC(CCCC)CC)C2C=C(C=CC=2C2C=CC(=CC1=2)B(O)O)B(O)O)CC: Molecule contains unsupported element
key='CCOC(=O)COC1=CC=C(C=C1)B1OC(C)(C)C(C)(C)O1-1065' prediction.modelResults.predictionError=CCOC(=O)COC1C=CC(=CC=1)B1OC(C)(C)C(C)(C)O1: Molecule contains unsupported element
key='CC1=CC(C)=C(B(F)C2=C(C)C=C(C)C=C2C)C(C)=C1-1065' prediction.modelResults.predictionError=CC1=CC(C)=C(B(F)C2C(C)=CC(C)=CC=2C)C(C)=C1: Molecule contains unsupported element
key='CCCCCCCCCCCCC1(CCCCCCCCCCCC)C2=C(C=CC(=C2)B(O)O)C2=C1C=C(C=C2)B(O)O-1065' prediction.modelResults.predictionError=CCCCCCCCCCCCC1(CCCCCCCCCCCC)C2C=C(C=CC=2C2C=CC(=CC1=2)B(O)O)B(O)O: Molecule contains unsupported element
key='OB(O)C1=C(Cl)C(Cl)=NC=C1-1065' prediction.modelResults.predictionError=OB(O)C1C=CN=C(Cl)C=1Cl: Molecule contains unsupported element
key='CC1CCC2C(C)(CO)C(O)CCC2(C)C11CCC(CO)(CCO)O1-1065' prediction.modelResults.predictionError=Number of atoms equals zero
key='O1B(OC2=CC=CC=C12)B1OC2=CC=CC=C2O1-1065' prediction.modelResults.predictionError=C1C=CC=C2OB(OC2=1)B1OC2=CC=CC=C2O1: Molecule contains unsupported element
key='[H]C12COC([H])(O1)C(OS(=O)(=O)C1=CC=C(C)C=C1)C1OC21-1065' prediction.modelResults.predictionError=Number of atoms equals zero
key='CNC(=O)C(N)C(C)(C)C-1065' prediction.modelResults.predictionError=Number of atoms equals zero
key='CN(C)C(=O)C1=CC=C(C=C1)B(O)O-1065' prediction.modelResults.predictionError=CN(C)C(=O)C1C=CC(=CC=1)B(O)O: Molecule contains unsupported element
key='CCCOC1=C(Cl)C=C(C=C1)B(O)O-1065' prediction.modelResults.predictionError=CCCOC1C=CC(=CC=1Cl)B(O)O: Molecule contains unsupported element
key='OB(O)C1=CC(=CC=C1)C(=O)NCC=C-1065' prediction.modelResults.predictionError=C=CCNC(=O)C1C=C(C=CC=1)B(O)O: Molecule contains unsupported element
key='CCCN(CCC)B(Cl)Cl-1065' prediction.modelResults.predictionError=CCCN(CCC)B(Cl)Cl: Molecule contains unsupported element
key='OC1C(O)C2=C(OC1C1=CC(O)=C(O)C=C1)C=C(O)C=C2-1065' prediction.modelResults.predictionError=Number of atoms equals zero
key='OB(O)C1=C(F)C(F)=C(C=O)C=C1-1065' prediction.modelResults.predictionError=OB(O)C1C=CC(C=O)=C(F)C=1F: Molecule contains unsupported element
key='CC1(C)OB(OC1(C)C)C1=CC=CC=C1OCC1=CC=CC=C1-1065' prediction.modelResults.predictionError=CC1(C)OB(OC1(C)C)C1=CC=CC=C1OCC1C=CC=CC=1: Molecule contains unsupported element
key='CCCCCCCCCCCCCCB(O)O-1065' prediction.modelResults.predictionError=CCCCCCCCCCCCCCB(O)O: Molecule contains unsupported element
key='N#CC1=CC=CC=C1B1OCCCO1-1065' prediction.modelResults.predictionError=N#CC1=CC=CC=C1B1OCCCO1: Molecule contains unsupported element
key='[*:1]C1C%89=C%90C(C2C%91=C%92C%93=C%94C%95=2)=C%96C%97=1.[*:1]%97.[*:1]%96.[*:1]%90.[*:1]%89.[*:1]%95.[*:1]%94.[*:1]%93.[*:1]%92.[*:1]%91-1065' prediction.modelResults.predictionError=[*:1]C1C%89=C%90C(C2C%91=C%92C%93=C%94C%95=2)=C%96C%97=1.[*:1]%97.[*:1]%96.[*:1]%90.[*:1]%89.[*:1]%95.[*:1]%94.[*:1]%93.[*:1]%92.[*:1]%91 failed standardization
key='CC1=CC2=C(C=C(B(O)O)N2C(=O)OC(C)(C)C)C=C1-1065' prediction.modelResults.predictionError=CC1C=CC2C=C(B(O)O)N(C=2C=1)C(=O)OC(C)(C)C: Molecule contains unsupported element
key='CCOC1=CC(Cl)=C(C=C1)B(O)O-1065' prediction.modelResults.predictionError=CCOC1=CC(Cl)=C(C=C1)B(O)O: Molecule contains unsupported element
key='CC1=C(CCl)C(CCl)=C(C)[Se]1-1065' prediction.modelResults.predictionError=CC1[Se]C(C)=C(CCl)C=1CCl: Molecule contains unsupported element
key='CC(C)OC1=C(C=C(C)C=C1)B(O)O-1065' prediction.modelResults.predictionError=CC1C=CC(OC(C)C)=C(C=1)B(O)O: Molecule contains unsupported element
key='CC1(C)OB(OC1(C)C)C1=COC(C=O)=C1-1065' prediction.modelResults.predictionError=CC1(C)OB(OC1(C)C)C1C=C(C=O)OC=1: Molecule contains unsupported element
key='OB(O)C1=C(F)C=CC=C1Cl-1065' prediction.modelResults.predictionError=OB(O)C1=C(F)C=CC=C1Cl: Molecule contains unsupported element
key='COB(OC)C1=C2N=CC=CC2=CC=C1-1065' prediction.modelResults.predictionError=COB(OC)C1C=CC=C2C=CC=NC2=1: Molecule contains unsupported element
key='BrB1OC2=CC=CC=C2O1-1065' prediction.modelResults.predictionError=BrB1OC2=CC=CC=C2O1: Molecule contains unsupported element
key='OB(O)C1=CC(=CN=C1)C(O)=O-1065' prediction.modelResults.predictionError=OC(=O)C1C=C(C=NC=1)B(O)O: Molecule contains unsupported element
key='BrCCCCB1OC2=CC=CC=C2O1-1065' prediction.modelResults.predictionError=BrCCCCB1OC2=CC=CC=C2O1: Molecule contains unsupported element
key='OB(O)C1=CC=C(C=C1)C(=O)NCCC#N-1065' prediction.modelResults.predictionError=N#CCCNC(=O)C1C=CC(=CC=1)B(O)O: Molecule contains unsupported element
key='CC1(C)OB(OC1(C)C)C1=CC=CC=C1C#N-1065' prediction.modelResults.predictionError=CC1(C)OB(OC1(C)C)C1=CC=CC=C1C#N: Molecule contains unsupported element
key='OB(O)C1=CC(=CC=C1)C(=O)NCC1=CC=CO1-1065' prediction.modelResults.predictionError=OB(O)C1=CC(=CC=C1)C(=O)NCC1=CC=CO1: Molecule contains unsupported element
key='OB(O)C1=CC=C2CCC3=C2C1=CC=C3-1065' prediction.modelResults.predictionError=OB(O)C1=CC=C2CCC3=CC=CC1=C23: Molecule contains unsupported element
key='NSN-1065' prediction.modelResults.predictionError=NSN failed standardization
key='CCCCCCC1(CCCCCC)C2=C(C=CC(=C2)B2OCCCO2)C2=C1C=C(C=C2)B1OCCCO1-1065' prediction.modelResults.predictionError=CCCCCCC1(CCCCCC)C2C=C(C=CC=2C2C=CC(=CC1=2)B1OCCCO1)B1OCCCO1: Molecule contains unsupported element
key='CC1(C)OB(OC1(C)C)C1=CC=C(S1)C1=CC=CS1-1065' prediction.modelResults.predictionError=CC1(C)OB(OC1(C)C)C1=CC=C(S1)C1=CC=CS1: Molecule contains unsupported element
key='CC(C)(C)NC(=O)C1=CC=CC(=C1)B(O)O-1065' prediction.modelResults.predictionError=CC(C)(C)NC(=O)C1C=C(C=CC=1)B(O)O: Molecule contains unsupported element
key='FC(F)(F)COB(OCC(F)(F)F)OCC(F)(F)F-1065' prediction.modelResults.predictionError=FC(F)(F)COB(OCC(F)(F)F)OCC(F)(F)F: Molecule contains unsupported element
key='CC(O)C1=C(C)\\C2=C\\C3=C(C(C)O)C(C)=C4\\C=C5/N=C(/C=C6\\N([Sn]N34)\\C(=C/C1=N2)C(C)=C6CCC(O)=O)C(CCC(O)=O)=C5C-1065' prediction.modelResults.predictionError=CC(O)C1=C(C)\C2=C\C3=C(C(C)O)C(C)=C4\C=C5/N=C(/C=C6\N([Sn]N34)\C(=C/C1=N2)C(C)=C6CCC(O)=O)C(CCC(O)=O)=C5C failed standardization
key='OB(O)C1=CC(=CC=C1)C(=O)N1CCOCC1-1065' prediction.modelResults.predictionError=OB(O)C1=CC(=CC=C1)C(=O)N1CCOCC1: Molecule contains unsupported element
key='[Se]([Se]C1=CC=CC2=CC=CC=C12)C1=CC=CC2=CC=CC=C12-1065' prediction.modelResults.predictionError=C1=CC=C([Se][Se]C2=CC=CC3=CC=CC=C32)C2=CC=CC=C21: Molecule contains unsupported element
key='CCNC(=O)C1=CC=CC(=C1)B(O)O-1065' prediction.modelResults.predictionError=CCNC(=O)C1C=C(C=CC=1)B(O)O: Molecule contains unsupported element
key='NC1=NC(Br)=C(Br)C=C1Br-1065' prediction.modelResults.predictionError=Number of atoms equals zero
key='CCCCOC1=C(C=C(C)C=C1)B(O)O-1065' prediction.modelResults.predictionError=CC1C=CC(OCCCC)=C(C=1)B(O)O: Molecule contains unsupported element
key='CC(C)(C)OC(=O)NC1=CC=C(C=C1)B(O)O-1065' prediction.modelResults.predictionError=CC(C)(C)OC(=O)NC1C=CC(=CC=1)B(O)O: Molecule contains unsupported element
key='N(C1C=CC=CC=1)=C1C(=O)CC(C(=O)C1)=NC(C)CCC(C)C-1065' prediction.modelResults.predictionError=N(C1C=CC=CC=1)=C1C(=O)CC(C(=O)C1)=NC(C)CCC(C)C failed standardization
key='[*:1]C1C%89=C%90C(C2C%91=C%92C%93=C%94C%95=2)=C%96C%97=1.[*:1]%97.[*:1]%96.[*:1]%90.[*:1]%89.[*:1]%95.[*:1]%94.[*:1]%93.[*:1]%92.[*:1]%91-1065' prediction.modelResults.predictionError=[*:1]C1C%89=C%90C(C2C%91=C%92C%93=C%94C%95=2)=C%96C%97=1.[*:1]%97.[*:1]%96.[*:1]%90.[*:1]%89.[*:1]%95.[*:1]%94.[*:1]%93.[*:1]%92.[*:1]%91 failed standardization
key='CC1=CC=CC2=N[Se]N=C12-1065' prediction.modelResults.predictionError=CC1=CC=CC2=N[Se]N=C21: Molecule contains unsupported element
key='N(C1C=CC=CC=1)=C1C(=O)CC(C(=O)C1)=NC(C)CCC(C)C-1065' prediction.modelResults.predictionError=N(C1C=CC=CC=1)=C1C(=O)CC(C(=O)C1)=NC(C)CCC(C)C failed standardization
key='[*:1]C1C%89=C%90C(C2C%91=C%92C%93=C%94C%95=2)=C%96C%97=1.[*:1]%97.[*:1]%96.[*:1]%90.[*:1]%89.[*:1]%95.[*:1]%94.[*:1]%93.[*:1]%92.[*:1]%91-1065' prediction.modelResults.predictionError=[*:1]C1C%89=C%90C(C2C%91=C%92C%93=C%94C%95=2)=C%96C%97=1.[*:1]%97.[*:1]%96.[*:1]%90.[*:1]%89.[*:1]%95.[*:1]%94.[*:1]%93.[*:1]%92.[*:1]%91 failed standardization
key='BrB(N1CCCC1)N1CCCC1-1065' prediction.modelResults.predictionError=BrB(N1CCCC1)N1CCCC1: Molecule contains unsupported element
key='CSC1=C[Se]C=C1SC-1065' prediction.modelResults.predictionError=CSC1=C[Se]C=C1SC: Molecule contains unsupported element
key='Cl[Fe+]Cl-1065' prediction.modelResults.predictionError=Cl[Fe+]Cl failed standardization
key='NC(CC1=CNC2=CC=CC=C12)C(=O)NC(CCC(O)=O)C(O)=O-1065' prediction.modelResults.predictionError=NC(CC1=CNC2=CC=CC=C12)C(=O)NC(CCC(O)=O)C(O)=O failed standardization
key='[W].[C-]#[O+].[C-]#[O+].[C-]#[O+].[C-]#[O+].[C-]#[O+].C1CC[N-]C1-1065' prediction.modelResults.predictionError=[W].[C-]#[O+].[C-]#[O+].[C-]#[O+].[C-]#[O+].[C-]#[O+].C1CC[N-]C1: model can't run mixtures
key='CC1OC(OC2C(NC(C)=O)C(OC3C(O)C(CO)OC(OC4C(CO)OC(OC5C(O)C(CO)OC(OC(C(O)CO)C(O)C(O)C=O)C5O)C(NC(C)=O)C4OC4OC(C)C(O)C(O)C4O)C3O)OC(CO)C2OC2OC(CO)C(O)C(O)C2O)C(O)C(O)C1O-1065' prediction.modelResults.predictionError=CC1OC(OC2C(NC(C)=O)C(OC3C(O)C(CO)OC(OC4C(CO)OC(OC5C(O)C(CO)OC(OC(C(O)CO)C(O)C(O)C=O)C5O)C(NC(C)=O)C4OC4OC(C)C(O)C(O)C4O)C3O)OC(CO)C2OC2OC(CO)C(O)C(O)C2O)C(O)C(O)C1O failed standardization
key='[Se]1[Se]C2=C3C=CC=CC3=C3[Se][Se]C4=C3C2=C1C1=CC=CC=C41-1065' prediction.modelResults.predictionError=C1=CC=CC2=C3[Se][Se]C4C3=C3C([Se][Se]C3=C3C=CC=CC3=4)=C21: Molecule contains unsupported element
key='CC1=CC=C([Te]C2=CC=C(C)C=C2)C=C1-1065' prediction.modelResults.predictionError=CC1C=CC(=CC=1)[Te]C1C=CC(C)=CC=1: Molecule contains unsupported element
key='ClC1=CC=C(C=C1)C1CNC(=S)[Se]1-1065' prediction.modelResults.predictionError=S=C1NCC([Se]1)C1C=CC(Cl)=CC=1: Molecule contains unsupported element
key='CC1=C(F)C(B(O)O)=C(Cl)C=C1-1065' prediction.modelResults.predictionError=CC1C=CC(Cl)=C(B(O)O)C=1F: Molecule contains unsupported element
key='CC1(C)OB(OC1(C)C)C1CCCCC1-1065' prediction.modelResults.predictionError=CC1(C)OB(OC1(C)C)C1CCCCC1: Molecule contains unsupported element
key='OCCCC1=CC=CC(=C1)B(O)O-1065' prediction.modelResults.predictionError=OCCCC1C=C(C=CC=1)B(O)O: Molecule contains unsupported element
key='CON(C)C(=O)C1=CC=C(C=C1)B(O)O-1065' prediction.modelResults.predictionError=CON(C)C(=O)C1C=CC(=CC=1)B(O)O: Molecule contains unsupported element
key='CC1(OCCO1)C1=CC=CC(=C1)B(O)O-1065' prediction.modelResults.predictionError=CC1(OCCO1)C1C=C(C=CC=1)B(O)O: Molecule contains unsupported element
key='OB(O)C1=CC=C(C=C1)C(=O)N1CCC(=O)CC1-1065' prediction.modelResults.predictionError=OB(O)C1C=CC(=CC=1)C(=O)N1CCC(=O)CC1: Molecule contains unsupported element
key='OP([O-])([O-])=O-1065' prediction.modelResults.predictionError=OP([O-])([O-])=O failed standardization
key='OB(O)C1=C(F)C(Cl)=C(F)C=C1-1065' prediction.modelResults.predictionError=OB(O)C1C=CC(F)=C(Cl)C=1F: Molecule contains unsupported element
key='CCCCCCOC1=CC=C(C=C1)B(O)O-1065' prediction.modelResults.predictionError=CCCCCCOC1C=CC(=CC=1)B(O)O: Molecule contains unsupported element
key='CC(C)(C)OC(=O)NCC1=CC=CC(=C1)B(O)O-1065' prediction.modelResults.predictionError=CC(C)(C)OC(=O)NCC1C=C(C=CC=1)B(O)O: Molecule contains unsupported element
key='CC(C)(C)OC(=O)NCC1=C(C=CC(F)=C1)B(O)O-1065' prediction.modelResults.predictionError=CC(C)(C)OC(=O)NCC1C=C(F)C=CC=1B(O)O: Molecule contains unsupported element
key='OB(O)C1=CC(=CC=C1)C(=O)NCCC#N-1065' prediction.modelResults.predictionError=N#CCCNC(=O)C1C=C(C=CC=1)B(O)O: Molecule contains unsupported element
key='CCC(C)C1=CC=C(C=C1)B(O)O-1065' prediction.modelResults.predictionError=CCC(C)C1C=CC(=CC=1)B(O)O: Molecule contains unsupported element
key='CCCOC1=CC=CC(=C1)B(O)O-1065' prediction.modelResults.predictionError=CCCOC1C=C(C=CC=1)B(O)O: Molecule contains unsupported element
key='CCCCNC(=O)C1=CC=CC(=C1)B(O)O-1065' prediction.modelResults.predictionError=CCCCNC(=O)C1C=C(C=CC=1)B(O)O: Molecule contains unsupported element
key='COC1=C(F)C=C(B(O)O)C(F)=C1-1065' prediction.modelResults.predictionError=COC1C=C(F)C(=CC=1F)B(O)O: Molecule contains unsupported element
key='CC1(C)OB(OC1(C)C)C1=CCC2(CC1)OCCO2-1065' prediction.modelResults.predictionError=CC1(C)OB(OC1(C)C)C1CCC2(CC=1)OCCO2: Molecule contains unsupported element
key='CC(C)OC1=CC=C(C=C1)B(O)O-1065' prediction.modelResults.predictionError=CC(C)OC1C=CC(=CC=1)B(O)O: Molecule contains unsupported element
key='CC1(C)OB(OC1(C)C)C1=CC=CC=C1[N+]([O-])=O-1065' prediction.modelResults.predictionError=CC1(C)OB(OC1(C)C)C1=CC=CC=C1[N+]([O-])=O: Molecule contains unsupported element
key='CCOC1=C(C=C(Cl)C=C1)B(O)O-1065' prediction.modelResults.predictionError=CCOC1C=CC(Cl)=CC=1B(O)O: Molecule contains unsupported element
key='CC(=O)C1=CC=C(C=C1)B(O)O-1065' prediction.modelResults.predictionError=CC(=O)C1C=CC(=CC=1)B(O)O: Molecule contains unsupported element
key='CC(C)(C)OCC1=CC=C(C=C1)B(O)O-1065' prediction.modelResults.predictionError=CC(C)(C)OCC1=CC=C(C=C1)B(O)O: Molecule contains unsupported element
key='CC1=CC(=CC(=C1)B(O)O)C(F)(F)F-1065' prediction.modelResults.predictionError=CC1=CC(=CC(=C1)B(O)O)C(F)(F)F: Molecule contains unsupported element
key='[IH2+]-1065' prediction.modelResults.predictionError=[IH2+] failed standardization
key='COC1=CC(C)=C(B(O)O)C(C)=C1-1065' prediction.modelResults.predictionError=CC1C=C(C=C(C)C=1B(O)O)OC: Molecule contains unsupported element
key='CCOC1=C(Cl)C=C(C=C1)B(O)O-1065' prediction.modelResults.predictionError=CCOC1C=CC(=CC=1Cl)B(O)O: Molecule contains unsupported element
key='[O-]P(Cl)(Cl)=O-1065' prediction.modelResults.predictionError=[O-]P(Cl)(Cl)=O failed standardization
key='NNC(=O)C1=C(F)C=C(C=C1)B(O)O-1065' prediction.modelResults.predictionError=NNC(=O)C1C=CC(=CC=1F)B(O)O: Molecule contains unsupported element
key='OB(O)C1=C(F)C=CC(Cl)=C1-1065' prediction.modelResults.predictionError=OB(O)C1C=C(Cl)C=CC=1F: Molecule contains unsupported element
key='CC1(C)OB(OC1(C)C)C1=CC=C(CC(O)=O)C=C1-1065' prediction.modelResults.predictionError=CC1(C)OB(OC1(C)C)C1C=CC(CC(O)=O)=CC=1: Molecule contains unsupported element
key='CCN(CC)C(=O)C1=CC=CC(=C1)B(O)O-1065' prediction.modelResults.predictionError=CCN(CC)C(=O)C1C=C(C=CC=1)B(O)O: Molecule contains unsupported element
key='COCC1=CC=C(C=C1)B(O)O-1065' prediction.modelResults.predictionError=COCC1=CC=C(C=C1)B(O)O: Molecule contains unsupported element
key='CC1=CC(B(O)O)=C(C=O)C=C1-1065' prediction.modelResults.predictionError=CC1=CC(B(O)O)=C(C=O)C=C1: Molecule contains unsupported element
key='CC1(C)COB(OC1)C1=CC=C(C=C1)[N+]([O-])=O-1065' prediction.modelResults.predictionError=CC1(C)COB(OC1)C1C=CC(=CC=1)[N+]([O-])=O: Molecule contains unsupported element
key='CC1(C)OB(OC1(C)C)C1=CC=C(CBr)C=C1-1065' prediction.modelResults.predictionError=CC1(C)OB(OC1(C)C)C1C=CC(CBr)=CC=1: Molecule contains unsupported element
key='C1=CC=C(C=C1)N=C1C=CC(C=C1)=NC1=CC=CC=C1-1065' prediction.modelResults.predictionError=Number of atoms equals zero
key='OB(O)C1=C(C=O)C=CO1-1065' prediction.modelResults.predictionError=OB(O)C1OC=CC=1C=O: Molecule contains unsupported element
key='CC1=C(C=CC=C1Cl)B(O)O-1065' prediction.modelResults.predictionError=CC1C(Cl)=CC=CC=1B(O)O: Molecule contains unsupported element
key='CC1=C([Se]C2=C(C)NN=C2)C=NN1-1065' prediction.modelResults.predictionError=CC1NN=CC=1[Se]C1C=NNC=1C: Molecule contains unsupported element
key='[CH3-].[CH3-].[Pd++]-1065' prediction.modelResults.predictionError=Only one non-hydrogen atom
key='COCC1=CC=CC=C1B(O)O-1065' prediction.modelResults.predictionError=COCC1=CC=CC=C1B(O)O: Molecule contains unsupported element
key='OB(O)C1=CN=CC2=CC=CC=C12-1065' prediction.modelResults.predictionError=OB(O)C1=CN=CC2=CC=CC=C21: Molecule contains unsupported element
key='OB(O)C1=CC(Cl)=C(OCC2=CC=CC=C2)C=C1-1065' prediction.modelResults.predictionError=OB(O)C1=CC(Cl)=C(C=C1)OCC1C=CC=CC=1: Molecule contains unsupported element
key='CCC1C(=O)OC(C)(C)OC1=O-1065' mongo batch write failed: 192.168.1.3:27017: timed out (configured timeouts: socketTimeoutMS: 500.0ms, connectTimeoutMS: 500.0ms)
key='NC1=NC2=C(S1)C=C(F)C=C2Br-1065' mongo batch write failed: 192.168.1.3:27017: timed out (configured timeouts: socketTimeoutMS: 500.0ms, connectTimeoutMS: 500.0ms)
key='CC(C)OC(=O)C1=C(C=CC=N1)C(C)=O-1065' mongo batch write failed: 192.168.1.3:27017: timed out (configured timeouts: socketTimeoutMS: 500.0ms, connectTimeoutMS: 500.0ms)
key='CCC1(C)N=NC(=S)N1C1=CC=CC=C1-1065' mongo batch write failed: 192.168.1.3:27017: timed out (configured timeouts: socketTimeoutMS: 500.0ms, connectTimeoutMS: 500.0ms)
key='COC1=CC=C(C=C1)C(C(O)=O)C1=CC=CC=C1-1065' mongo batch write failed: 192.168.1.3:27017: timed out (configured timeouts: socketTimeoutMS: 500.0ms, connectTimeoutMS: 500.0ms)
key='CCN1C(=S)NN=C1CC1=CC=C(Cl)C=C1-1065' mongo batch write failed: 192.168.1.3:27017: timed out (configured timeouts: socketTimeoutMS: 500.0ms, connectTimeoutMS: 500.0ms)
key='CC1=C(Cl)C=CC2=C1NC(C1CC=CC21)C(O)=O-1065' mongo batch write failed: 192.168.1.3:27017: timed out (configured timeouts: socketTimeoutMS: 500.0ms, connectTimeoutMS: 500.0ms)
key='CC(Cl)=CCNCC=C-1065' mongo batch write failed: 192.168.1.3:27017: timed out (configured timeouts: socketTimeoutMS: 500.0ms, connectTimeoutMS: 500.0ms)
key='CC(=O)S(O)(=O)=O-1065' mongo batch write failed: 192.168.1.3:27017: timed out (configured timeouts: socketTimeoutMS: 500.0ms, connectTimeoutMS: 500.0ms)
key='NCC(O)CC1=CC=CC=C1-1065' mongo batch write failed: 192.168.1.3:27017: timed out (configured timeouts: socketTimeoutMS: 500.0ms, connectTimeoutMS: 500.0ms)
key='ClC1=CC=C(C=C1)C1SCC(=O)N1C1=NC=CN=C1-1065' mongo batch write failed: 192.168.1.3:27017: timed out (configured timeouts: socketTimeoutMS: 500.0ms, connectTimeoutMS: 500.0ms)
key='CCC(=O)C(C)=CC1=CC=CC=C1-1065' mongo batch write failed: 192.168.1.3:27017: timed out (configured timeouts: socketTimeoutMS: 500.0ms, connectTimeoutMS: 500.0ms)
key='CCOC(=O)C1(C)C=C(NC2=CC(C(O)=O)=C(O)C=C2)C(=O)N1C1=CC=CC=C1-1065' mongo batch write failed: 192.168.1.3:27017: timed out (configured timeouts: socketTimeoutMS: 500.0ms, connectTimeoutMS: 500.0ms)
key='OC1=C(C(=O)C(=O)C2=CC=CC=C12)[N+]([O-])=O-1065' mongo batch write failed: 192.168.1.3:27017: timed out (configured timeouts: socketTimeoutMS: 500.0ms, connectTimeoutMS: 500.0ms)
key='OC(=O)C1=C(O)C=C(NC(=S)NNC(=O)C2=CC=NC=C2)C=C1-1065' mongo batch write failed: 192.168.1.3:27017: timed out (configured timeouts: socketTimeoutMS: 500.0ms, connectTimeoutMS: 500.0ms)
key='COC1=CC=C(C=C1)C1CC(=O)C(C(C)C)C(N1)C1=CC=C(OC)C=C1-1065' mongo batch write failed: 192.168.1.3:27017: timed out (configured timeouts: socketTimeoutMS: 500.0ms, connectTimeoutMS: 500.0ms)
key='CCC1=CC=C(OC(C)C2=NNC(=S)N2CC=C)C=C1-1065' mongo batch write failed: 192.168.1.3:27017: timed out (configured timeouts: socketTimeoutMS: 500.0ms, connectTimeoutMS: 500.0ms)
key='O=C(NC1=CC=NC=C1)C1=CC=NC=C1-1065' mongo batch write failed: 192.168.1.3:27017: timed out (configured timeouts: socketTimeoutMS: 500.0ms, connectTimeoutMS: 500.0ms)
key='C=CCOC1=CC(OCC=C)=CC=C1-1065' mongo batch write failed: 192.168.1.3:27017: timed out (configured timeouts: socketTimeoutMS: 500.0ms, connectTimeoutMS: 500.0ms)
key='OC(NC(=O)C1=CC=C(Cl)C=C1)C(Cl)(Cl)Cl-1065' mongo batch write failed: 192.168.1.3:27017: timed out (configured timeouts: socketTimeoutMS: 500.0ms, connectTimeoutMS: 500.0ms)
key='COC(=O)C1=NC=CC(N)=C1-1065' mongo batch write failed: 192.168.1.3:27017: timed out (configured timeouts: socketTimeoutMS: 500.0ms, connectTimeoutMS: 500.0ms)
key='COC1=CC=C(C=C1)C1=C(C=O)C2=C(N1)C=CC(C)=C2-1065' mongo batch write failed: 192.168.1.3:27017: timed out (configured timeouts: socketTimeoutMS: 500.0ms, connectTimeoutMS: 500.0ms)
key='OCC1C(O)CC2OC(=O)CC12-1065' mongo batch write failed: 192.168.1.3:27017: timed out (configured timeouts: socketTimeoutMS: 500.0ms, connectTimeoutMS: 500.0ms)
key='FC(F)C(F)(F)COC1=C(F)C(F)=C(F)C(F)=C1F-1065' mongo batch write failed: 192.168.1.3:27017: timed out (configured timeouts: socketTimeoutMS: 500.0ms, connectTimeoutMS: 500.0ms)
key='COC1=CC=C(C=C1)C1CNCCO1-1065' mongo batch write failed: 192.168.1.3:27017: timed out (configured timeouts: socketTimeoutMS: 500.0ms, connectTimeoutMS: 500.0ms)
key='CC(=O)N1CC(=O)NC(=CC2=CC=CC=C2)C1=O-1065' mongo batch write failed: 192.168.1.3:27017: timed out (configured timeouts: socketTimeoutMS: 500.0ms, connectTimeoutMS: 500.0ms)
key='N#CCC1CCOCC1-1065' mongo batch write failed: 192.168.1.3:27017: timed out (configured timeouts: socketTimeoutMS: 500.0ms, connectTimeoutMS: 500.0ms)
key='CCC1=CC2=CC=CC=C2N=C1C1=CC=CC=C1-1065' mongo batch write failed: 192.168.1.3:27017: timed out (configured timeouts: socketTimeoutMS: 500.0ms, connectTimeoutMS: 500.0ms)
key='BrCC(=O)CCN1C(=O)C2=CC=CC=C2C1=O-1065' mongo batch write failed: 192.168.1.3:27017: timed out (configured timeouts: socketTimeoutMS: 500.0ms, connectTimeoutMS: 500.0ms)
key='COC1=C(CO)C=CC(O)=C1-1065' mongo batch write failed: 192.168.1.3:27017: timed out (configured timeouts: socketTimeoutMS: 500.0ms, connectTimeoutMS: 500.0ms)
key='CCCCCCCCCCCCCC1=CC=NC=C1-1065' mongo batch write failed: 192.168.1.3:27017: timed out (configured timeouts: socketTimeoutMS: 500.0ms, connectTimeoutMS: 500.0ms)
key='CC(C)\\C=N\\CCC1=CC=CC=C1-1065' mongo batch write failed: 192.168.1.3:27017: timed out (configured timeouts: socketTimeoutMS: 500.0ms, connectTimeoutMS: 500.0ms)
key='NC1=CC=C(C=C1)C#C-1065' mongo batch write failed: 192.168.1.3:27017: timed out (configured timeouts: socketTimeoutMS: 500.0ms, connectTimeoutMS: 500.0ms)
key='N#CC1=C2C=CC=CN2C=C1-1065' mongo batch write failed: 192.168.1.3:27017: timed out (configured timeouts: socketTimeoutMS: 500.0ms, connectTimeoutMS: 500.0ms)
key='CC(C)(C)CNCC(C)(C)C-1065' mongo batch write failed: 192.168.1.3:27017: timed out (configured timeouts: socketTimeoutMS: 500.0ms, connectTimeoutMS: 500.0ms)
key='OC(=O)CN1CCCCC1=O-1065' mongo batch write failed: 192.168.1.3:27017: timed out (configured timeouts: socketTimeoutMS: 500.0ms, connectTimeoutMS: 500.0ms)
key='CC(Br)C(=O)NCCCCCCNC(=O)C(C)Br-1065' mongo batch write failed: 192.168.1.3:27017: timed out (configured timeouts: socketTimeoutMS: 500.0ms, connectTimeoutMS: 500.0ms)
key='CC1=C(C=NC(=S)N1)C(O)=O-1065' mongo batch write failed: 192.168.1.3:27017: timed out (configured timeouts: socketTimeoutMS: 500.0ms, connectTimeoutMS: 500.0ms)
key='NC1=NC2=C(NC=N2)C(SCC=C)=N1-1065' mongo batch write failed: 192.168.1.3:27017: timed out (configured timeouts: socketTimeoutMS: 500.0ms, connectTimeoutMS: 500.0ms)
key='CNCC(O)C1=CC2=C(C=CN2)C=C1-1065' mongo batch write failed: 192.168.1.3:27017: timed out (configured timeouts: socketTimeoutMS: 500.0ms, connectTimeoutMS: 500.0ms)
key='FC(F)(F)C1=C(C=O)N2C=CSC2=N1-1065' mongo batch write failed: 192.168.1.3:27017: timed out (configured timeouts: socketTimeoutMS: 500.0ms, connectTimeoutMS: 500.0ms)
key='CC1=C(N)C=C(C=C1)S(=O)(=O)N1CCCCC1-1065' mongo batch write failed: 192.168.1.3:27017: timed out (configured timeouts: socketTimeoutMS: 500.0ms, connectTimeoutMS: 500.0ms)
key='CC(=O)NC1=C(C=C(OC2=CC=C(C=C2)[N+]([O-])=O)C=C1)[N+]([O-])=O-1065' mongo batch write failed: 192.168.1.3:27017: timed out (configured timeouts: socketTimeoutMS: 500.0ms, connectTimeoutMS: 500.0ms)
key='CC(=O)N(CC1=CC=CC=C1)C1=CC=CC=C1-1065' mongo batch write failed: 192.168.1.3:27017: timed out (configured timeouts: socketTimeoutMS: 500.0ms, connectTimeoutMS: 500.0ms)
key='CN(C)C1=C(Br)C=C(C=N1)[N+]([O-])=O-1065' mongo batch write failed: 192.168.1.3:27017: timed out (configured timeouts: socketTimeoutMS: 500.0ms, connectTimeoutMS: 500.0ms)
key='CCNC1=C2NC(=S)SC2=NC(N)=N1-1065' mongo batch write failed: 192.168.1.3:27017: timed out (configured timeouts: socketTimeoutMS: 500.0ms, connectTimeoutMS: 500.0ms)
key='CCOC(=O)C1=C(Cl)C2=CC=CC(C#N)=C2N=C1-1065' mongo batch write failed: 192.168.1.3:27017: timed out (configured timeouts: socketTimeoutMS: 500.0ms, connectTimeoutMS: 500.0ms)
key='C=CC=CNC(=S)C1=CC=CC=C1-1065' mongo batch write failed: 192.168.1.3:27017: timed out (configured timeouts: socketTimeoutMS: 500.0ms, connectTimeoutMS: 500.0ms)
key='OC(=O)C1=CC=C(C=C1)C(=O)NC1=CC=C(C=C1)[N+]([O-])=O-1065' mongo batch write failed: 192.168.1.3:27017: timed out (configured timeouts: socketTimeoutMS: 500.0ms, connectTimeoutMS: 500.0ms)
key='CN1C(=S)NC(CCCN=C(N)N)C1=O-1065' mongo batch write failed: 192.168.1.3:27017: timed out (configured timeouts: socketTimeoutMS: 500.0ms, connectTimeoutMS: 500.0ms)
key='COC(=O)CSCC(C)=O-1065' mongo batch write failed: 192.168.1.3:27017: timed out (configured timeouts: socketTimeoutMS: 500.0ms, connectTimeoutMS: 500.0ms)
key='CC1=C(C)C(=CC=C1)N1C=CC=C1C=O-1065' mongo batch write failed: 192.168.1.3:27017: timed out (configured timeouts: socketTimeoutMS: 500.0ms, connectTimeoutMS: 500.0ms)
key='CC(=O)NC1=CC=C(SCC(O)=O)C=C1-1065' mongo batch write failed: 192.168.1.3:27017: timed out (configured timeouts: socketTimeoutMS: 500.0ms, connectTimeoutMS: 500.0ms)
key='CCOC(=O)C1=CC=CC=C1N1N=NN=C1C-1065' mongo batch write failed: 192.168.1.3:27017: timed out (configured timeouts: socketTimeoutMS: 500.0ms, connectTimeoutMS: 500.0ms)
key='C1COC2=C(SC=C2O1)C1=C2OCCOC2=CS1-1065' mongo batch write failed: 192.168.1.3:27017: timed out (configured timeouts: socketTimeoutMS: 500.0ms, connectTimeoutMS: 500.0ms)
key='CC1CC(O)(C#C)C(C)CN1C-1065' mongo batch write failed: 192.168.1.3:27017: timed out (configured timeouts: socketTimeoutMS: 500.0ms, connectTimeoutMS: 500.0ms)
key='CCN1OC(=CC1=O)C1=CC=CC=C1-1065' mongo batch write failed: 192.168.1.3:27017: timed out (configured timeouts: socketTimeoutMS: 500.0ms, connectTimeoutMS: 500.0ms)
key='NC(=NO)C1=CC(=C(OC2=C(F)C=C(F)C=C2)C=C1)[N+]([O-])=O-1065' mongo batch write failed: 192.168.1.3:27017: timed out (configured timeouts: socketTimeoutMS: 500.0ms, connectTimeoutMS: 500.0ms)
key='NC1=NN=C(COC2=CC3=CC=CC=C3C=C2)S1-1065' mongo batch write failed: 192.168.1.3:27017: timed out (configured timeouts: socketTimeoutMS: 500.0ms, connectTimeoutMS: 500.0ms)
key='CC(=O)NC1=C(O)C(=CC(=C1)S(O)(=O)=O)[N+]([O-])=O-1065' mongo batch write failed: 192.168.1.3:27017: timed out (configured timeouts: socketTimeoutMS: 500.0ms, connectTimeoutMS: 500.0ms)
key='CCCC[Sn](CCCC)(CCCC)C1=NC2=CC=CC=C2S1-1065' mongo batch write failed: 192.168.1.3:27017: timed out (configured timeouts: socketTimeoutMS: 500.0ms, connectTimeoutMS: 500.0ms)
key='FC(F)(F)C(=O)C1=COCCC1-1065' mongo batch write failed: 192.168.1.3:27017: timed out (configured timeouts: socketTimeoutMS: 500.0ms, connectTimeoutMS: 500.0ms)
key='BrC1=CC(Br)=C2N=C3CCCCC3=CC2=C1-1065' mongo batch write failed: 192.168.1.3:27017: timed out (configured timeouts: socketTimeoutMS: 500.0ms, connectTimeoutMS: 500.0ms)
key='CN(C)C1=CC2=C(C=C1)C1=C(C2)C=C(C=C1)[N+]([O-])=O-1065' mongo batch write failed: 192.168.1.3:27017: timed out (configured timeouts: socketTimeoutMS: 500.0ms, connectTimeoutMS: 500.0ms)
key='CC1=CC=C(NC(=O)C2CC2(C)C)C=C1-1065' mongo batch write failed: 192.168.1.3:27017: timed out (configured timeouts: socketTimeoutMS: 500.0ms, connectTimeoutMS: 500.0ms)
key='CCC(C)N1N=CC=C1N-1065' mongo batch write failed: 192.168.1.3:27017: timed out (configured timeouts: socketTimeoutMS: 500.0ms, connectTimeoutMS: 500.0ms)
key='CC(C)OC1=CC=CC=C1OCCOCCN1CCN(C)CC1-1065' mongo batch write failed: 192.168.1.3:27017: timed out (configured timeouts: socketTimeoutMS: 500.0ms, connectTimeoutMS: 500.0ms)
key='CSCCC(N(CCC#N)CCC#N)C(O)=O-1065' mongo batch write failed: 192.168.1.3:27017: timed out (configured timeouts: socketTimeoutMS: 500.0ms, connectTimeoutMS: 500.0ms)
key='CC1CC(=NO)C(C)CN1-1065' mongo batch write failed: 192.168.1.3:27017: timed out (configured timeouts: socketTimeoutMS: 500.0ms, connectTimeoutMS: 500.0ms)
key='[O-][N+](=O)C1=CC=C(C=C1)C#CC1=CC=[N+]([O-])C=C1-1065' mongo batch write failed: 192.168.1.3:27017: timed out (configured timeouts: socketTimeoutMS: 500.0ms, connectTimeoutMS: 500.0ms)
key='CC1=CC=C(N\\C(NC(=O)NC2=CC=CC=C2)=N\\CC2=CC=CC=C2)C=C1-1065' mongo batch write failed: 192.168.1.3:27017: timed out (configured timeouts: socketTimeoutMS: 500.0ms, connectTimeoutMS: 500.0ms)
key='CCC(CC)(CC1=CC=CC=C1)N1CCOCC1-1065' mongo batch write failed: 192.168.1.3:27017: timed out (configured timeouts: socketTimeoutMS: 500.0ms, connectTimeoutMS: 500.0ms)
key='COC(=O)CCSC(N)=S-1065' mongo batch write failed: 192.168.1.3:27017: timed out (configured timeouts: socketTimeoutMS: 500.0ms, connectTimeoutMS: 500.0ms)
key='O=C1NC2=C(N1)C(=S)N=CN2-1065' mongo batch write failed: 192.168.1.3:27017: timed out (configured timeouts: socketTimeoutMS: 500.0ms, connectTimeoutMS: 500.0ms)
key='CC1=CC(=CC=C1)C1=NC2=C(C=CC=C2Cl)C(=C1)C(O)=O-1065' mongo batch write failed: 192.168.1.3:27017: timed out (configured timeouts: socketTimeoutMS: 500.0ms, connectTimeoutMS: 500.0ms)
key='OCCCCCCCCCCCCCCCCS-1065' mongo batch write failed: 192.168.1.3:27017: timed out (configured timeouts: socketTimeoutMS: 500.0ms, connectTimeoutMS: 500.0ms)
key='CN(C)CC1=NC2=CC=CC=C2C(Cl)=N1-1065' mongo batch write failed: 192.168.1.3:27017: timed out (configured timeouts: socketTimeoutMS: 500.0ms, connectTimeoutMS: 500.0ms)
key='CC(C)C1=C(O)C=C(C)C(NC(=S)NCC=C)=C1-1065' mongo batch write failed: 192.168.1.3:27017: timed out (configured timeouts: socketTimeoutMS: 500.0ms, connectTimeoutMS: 500.0ms)
key='CC(C)(C)[Si](C)(C)S[Si](C)(C)C(C)(C)C-1065' mongo batch write failed: 192.168.1.3:27017: timed out (configured timeouts: socketTimeoutMS: 500.0ms, connectTimeoutMS: 500.0ms)
key='NC(N)=NC1=NC(=CS1)C1=CC=CC=C1-1065' mongo batch write failed: 192.168.1.3:27017: timed out (configured timeouts: socketTimeoutMS: 500.0ms, connectTimeoutMS: 500.0ms)
key='[O-][N+](=O)C1=CC(F)=C(C=C1)N1CCC(=O)CC1-1065' mongo batch write failed: 192.168.1.3:27017: timed out (configured timeouts: socketTimeoutMS: 500.0ms, connectTimeoutMS: 500.0ms)
key='CC1=CCC2C(C1)C(=O)N(C2=O)C1=CC=C(C=C1)C(=O)NC1=CC=CC(C)=C1-1065' mongo batch write failed: 192.168.1.3:27017: timed out (configured timeouts: socketTimeoutMS: 500.0ms, connectTimeoutMS: 500.0ms)
key='CN1N=C(C)C(C=CC(O)=O)=C1C-1065' mongo batch write failed: 192.168.1.3:27017: timed out (configured timeouts: socketTimeoutMS: 500.0ms, connectTimeoutMS: 500.0ms)
key='OC(=O)C1=CC=C(OCC(F)(F)F)C=C1-1065' mongo batch write failed: 192.168.1.3:27017: timed out (configured timeouts: socketTimeoutMS: 500.0ms, connectTimeoutMS: 500.0ms)
key='CC1=CC2=C(C(C3=CC=CC=C3I)C(C#N)=C(N)O2)C(=O)O1-1065' mongo batch write failed: 192.168.1.3:27017: timed out (configured timeouts: socketTimeoutMS: 500.0ms, connectTimeoutMS: 500.0ms)
key='OC(=O)C1=CC2=CC(Br)=CC(Br)=C2O1-1065' mongo batch write failed: 192.168.1.3:27017: timed out (configured timeouts: socketTimeoutMS: 500.0ms, connectTimeoutMS: 500.0ms)
key='CC1=CC=CC(C)=C1NC(=O)C(=O)NC1=C(C)C=CC=C1C-1065' mongo batch write failed: 192.168.1.3:27017: timed out (configured timeouts: socketTimeoutMS: 500.0ms, connectTimeoutMS: 500.0ms)
key='CC1=C(C)C(C(=O)C(=O)C2=CC=CC=C2)=C(C)C(C)=C1C(=O)C(=O)C1=CC=CC=C1-1065' mongo batch write failed: 192.168.1.3:27017: timed out (configured timeouts: socketTimeoutMS: 500.0ms, connectTimeoutMS: 500.0ms)
key='CCOC(=O)C1=C(N(N=C1)C1=CC=CC=C1)C1=CC=CC=C1-1065' mongo batch write failed: 192.168.1.3:27017: timed out (configured timeouts: socketTimeoutMS: 500.0ms, connectTimeoutMS: 500.0ms)
key='OCCOC1=CC=C(C=C1)C1(C2=CC=CC=C2C2=CC=CC=C12)C1=CC=C(OCCO)C=C1-1065' mongo batch write failed: 192.168.1.3:27017: timed out (configured timeouts: socketTimeoutMS: 500.0ms, connectTimeoutMS: 500.0ms)
key='COC1=CC(=CC(OC)=C1C)C(O)=O-1065' mongo batch write failed: 192.168.1.3:27017: timed out (configured timeouts: socketTimeoutMS: 500.0ms, connectTimeoutMS: 500.0ms)
key='CCSC(=S)NC(C)=O-1065' mongo batch write failed: 192.168.1.3:27017: timed out (configured timeouts: socketTimeoutMS: 500.0ms, connectTimeoutMS: 500.0ms)
key='ClC1=NC2=C(N1)C(=S)N=CN2-1065' mongo batch write failed: 192.168.1.3:27017: timed out (configured timeouts: socketTimeoutMS: 500.0ms, connectTimeoutMS: 500.0ms)
key='CN1CCN2C(C1)=C(C)C1=CC=CC=C21-1065' mongo batch write failed: 192.168.1.3:27017: timed out (configured timeouts: socketTimeoutMS: 500.0ms, connectTimeoutMS: 500.0ms)
key='CCCCC(=NNS(=O)(=O)C1=CC=C(C)C=C1)C1=CC=CC=C1-1065' mongo batch write failed: 192.168.1.3:27017: timed out (configured timeouts: socketTimeoutMS: 500.0ms, connectTimeoutMS: 500.0ms)
key='CC(NC(=O)CCl)C1=CC(Cl)=CC=C1-1065' mongo batch write failed: 192.168.1.3:27017: timed out (configured timeouts: socketTimeoutMS: 500.0ms, connectTimeoutMS: 500.0ms)
key='OC=C1CC2=CC=CC=C2C1=O-1065' mongo batch write failed: 192.168.1.3:27017: timed out (configured timeouts: socketTimeoutMS: 500.0ms, connectTimeoutMS: 500.0ms)
key='CC1=C(Cl)C=CC(=C1)B1OC(C)(C)C(C)(C)O1-1065' prediction.modelResults.predictionError=CC1C=C(C=CC=1Cl)B1OC(C)(C)C(C)(C)O1: Molecule contains unsupported element
key='OB(O)C1=CC(Cl)=C(F)C=C1F-1065' prediction.modelResults.predictionError=OB(O)C1=CC(Cl)=C(F)C=C1F: Molecule contains unsupported element
key='OB(O)C1=CC(=CC=C1)C(=O)NC1CCCCC1-1065' prediction.modelResults.predictionError=OB(O)C1=CC(=CC=C1)C(=O)NC1CCCCC1: Molecule contains unsupported element
key='NC1=CC2=C(COB2O)C=C1-1065' prediction.modelResults.predictionError=NC1=CC2B(O)OCC=2C=C1: Molecule contains unsupported element
key='OB(O)C1=C(O)C=CC(F)=C1-1065' prediction.modelResults.predictionError=OC1C=CC(F)=CC=1B(O)O: Molecule contains unsupported element
key='OB(O)C1=CC(Cl)=C(C=C1)C(F)(F)F-1065' prediction.modelResults.predictionError=OB(O)C1=CC(Cl)=C(C=C1)C(F)(F)F: Molecule contains unsupported element
key='CC(C)(C)OCC1=CC=CC(=C1)B(O)O-1065' prediction.modelResults.predictionError=CC(C)(C)OCC1C=C(C=CC=1)B(O)O: Molecule contains unsupported element
key='CC1=CC(Br)=C(C)C=C1B(O)O-1065' prediction.modelResults.predictionError=CC1C=C(B(O)O)C(C)=CC=1Br: Molecule contains unsupported element
key='OB(O)C1=CC(=CC=C1)C(=O)NC1CCCC1-1065' prediction.modelResults.predictionError=OB(O)C1=CC(=CC=C1)C(=O)NC1CCCC1: Molecule contains unsupported element
key='COC(=O)CCC1=CC=C(C=C1)B(O)O-1065' prediction.modelResults.predictionError=COC(=O)CCC1C=CC(=CC=1)B(O)O: Molecule contains unsupported element
key='CCSC1=CC=CC=C1B(O)O-1065' prediction.modelResults.predictionError=CCSC1=CC=CC=C1B(O)O: Molecule contains unsupported element
key='CC1=C(Cl)C=CC(=C1)B(O)O-1065' prediction.modelResults.predictionError=CC1C=C(C=CC=1Cl)B(O)O: Molecule contains unsupported element
key='[CH3-].[CH3-].[Fe++]-1065' prediction.modelResults.predictionError=Only one non-hydrogen atom
key='OB(O)C1=CC(=C(F)C=C1F)[N+]([O-])=O-1065' prediction.modelResults.predictionError=[O-][N+](=O)C1C=C(B(O)O)C(F)=CC=1F: Molecule contains unsupported element
key='CC(C)(C)OCC1=CC=CC=C1B(O)O-1065' prediction.modelResults.predictionError=CC(C)(C)OCC1=CC=CC=C1B(O)O: Molecule contains unsupported element
key='CN(C)CC1=CC=CC(=C1)B1OC(C)(C)C(C)(C)O1-1065' prediction.modelResults.predictionError=CN(C)CC1C=C(C=CC=1)B1OC(C)(C)C(C)(C)O1: Molecule contains unsupported element
key='CC1=NC([Se]CC#N)=C(C#N)C(C)=C1-1065' prediction.modelResults.predictionError=CC1=CC(C)=NC([Se]CC#N)=C1C#N: Molecule contains unsupported element
key='OB(O)C1=C(C=O)C=CC(Cl)=C1-1065' prediction.modelResults.predictionError=OB(O)C1C=C(Cl)C=CC=1C=O: Molecule contains unsupported element
key='OB1OCC2=C1C=C(C=C2)[N+]([O-])=O-1065' prediction.modelResults.predictionError=[O-][N+](=O)C1=CC2B(O)OCC=2C=C1: Molecule contains unsupported element
key='OB(O)C1=CC(Br)=CN=C1-1065' prediction.modelResults.predictionError=OB(O)C1C=NC=C(Br)C=1: Molecule contains unsupported element
key='CCOC(=O)C1=CN=CC(=C1)B1OC(C)(C)C(C)(C)O1-1065' prediction.modelResults.predictionError=CCOC(=O)C1=CN=CC(=C1)B1OC(C)(C)C(C)(C)O1: Molecule contains unsupported element
key='COC1=C(C)C=C(C=C1C)B(O)O-1065' prediction.modelResults.predictionError=CC1C=C(C=C(C)C=1OC)B(O)O: Molecule contains unsupported element
key='CC(C)(C)OC(=O)C1=CC=CC(=C1)B1OC(C)(C)C(C)(C)O1-1065' prediction.modelResults.predictionError=CC(C)(C)OC(=O)C1C=C(C=CC=1)B1OC(C)(C)C(C)(C)O1: Molecule contains unsupported element
key='COCC1=CC=CC(=C1)B(O)O-1065' prediction.modelResults.predictionError=COCC1C=C(C=CC=1)B(O)O: Molecule contains unsupported element
key='OCCCOB(C1=CC=CC=C1)C1=CC=CC=C1-1065' prediction.modelResults.predictionError=OCCCOB(C1C=CC=CC=1)C1C=CC=CC=1: Molecule contains unsupported element
key='OB(O)C1=C(C=O)C=C(OCC2=CC=CC=C2)C=C1-1065' prediction.modelResults.predictionError=OB(O)C1C=CC(=CC=1C=O)OCC1C=CC=CC=1: Molecule contains unsupported element
key='CC1(C)OB(OC1(C)C)C1=CC=CC=C1CC#N-1065' prediction.modelResults.predictionError=CC1(C)OB(OC1(C)C)C1=CC=CC=C1CC#N: Molecule contains unsupported element
key='CC1(C)OB(OC1(C)C)C1=C(F)C=CC(=C1)[N+]([O-])=O-1065' prediction.modelResults.predictionError=CC1(C)OB(OC1(C)C)C1C=C(C=CC=1F)[N+]([O-])=O: Molecule contains unsupported element
key='CC1(C)OB(OC1(C)C)C1=CC=CC=C1CBr-1065' prediction.modelResults.predictionError=CC1(C)OB(OC1(C)C)C1=CC=CC=C1CBr: Molecule contains unsupported element
key='CCCCOC1=CC=C(C=C1)B(O)O-1065' prediction.modelResults.predictionError=CCCCOC1C=CC(=CC=1)B(O)O: Molecule contains unsupported element
key='OB(O)C1=CC=C(C=C1)C1=CC=C(Br)C=C1-1065' prediction.modelResults.predictionError=OB(O)C1C=CC(=CC=1)C1C=CC(Br)=CC=1: Molecule contains unsupported element
key='CC1(C)OB(OC1(C)C)C1=CC=C(CC#N)C=C1-1065' prediction.modelResults.predictionError=CC1(C)OB(OC1(C)C)C1C=CC(CC#N)=CC=1: Molecule contains unsupported element
key='CC(=O)NC1=CC=CC=C1B1OC(C)(C)C(C)(C)O1-1065' prediction.modelResults.predictionError=CC(=O)NC1=CC=CC=C1B1OC(C)(C)C(C)(C)O1: Molecule contains unsupported element
key='CC1(C)COB(OC1)C1=CC(CBr)=CC=C1-1065' prediction.modelResults.predictionError=CC1(C)COB(OC1)C1C=CC=C(CBr)C=1: Molecule contains unsupported element
key='OB(O)C1=CN=C(Cl)C=C1-1065' prediction.modelResults.predictionError=OB(O)C1C=CC(Cl)=NC=1: Molecule contains unsupported element
key='NC1=CC(=NO1)C1=CC=CC2=CC=CC=C12-1065' prediction.modelResults.predictionError=Number of atoms equals zero
key='CCOC(=O)CCC1=CC=C(C=C1)B(O)O-1065' prediction.modelResults.predictionError=CCOC(=O)CCC1C=CC(=CC=1)B(O)O: Molecule contains unsupported element
key='CC(C)NC(=O)C1=CC=CC(=C1)B(O)O-1065' prediction.modelResults.predictionError=CC(C)NC(=O)C1C=C(C=CC=1)B(O)O: Molecule contains unsupported element
key='CC1=C(Cl)C=C(C=C1)B(O)O-1065' prediction.modelResults.predictionError=CC1C=CC(=CC=1Cl)B(O)O: Molecule contains unsupported element
key='OB(O)C1=CC(CCC(O)=O)=CC=C1-1065' prediction.modelResults.predictionError=OC(=O)CCC1C=C(C=CC=1)B(O)O: Molecule contains unsupported element
key='CON(C)C(=O)C1=CC=CC(=C1)B(O)O-1065' prediction.modelResults.predictionError=CN(OC)C(=O)C1C=C(C=CC=1)B(O)O: Molecule contains unsupported element
key='CC1=CC=C(C=C1)S(=O)(=O)N1C=C(B(O)O)C2=CC=CC=C12-1065' prediction.modelResults.predictionError=CC1C=CC(=CC=1)S(=O)(=O)N1C=C(B(O)O)C2=CC=CC=C12: Molecule contains unsupported element
key='COC1=C(C=CC(Cl)=C1)B(O)O-1065' prediction.modelResults.predictionError=COC1C=C(Cl)C=CC=1B(O)O: Molecule contains unsupported element
key='OB(O)C1=C(C=C(C=C1)C(=O)OCC1=CC=CC=C1)[N+]([O-])=O-1065' prediction.modelResults.predictionError=[O-][N+](=O)C1C=C(C=CC=1B(O)O)C(=O)OCC1C=CC=CC=1: Molecule contains unsupported element
key='OB(O)C1=CCCC1-1065' prediction.modelResults.predictionError=OB(O)C1CCCC=1: Molecule contains unsupported element
key='OB(O)C1=C(Cl)C=NC=C1-1065' prediction.modelResults.predictionError=OB(O)C1C=CN=CC=1Cl: Molecule contains unsupported element
key='OB(O)C1=CCCCC1-1065' prediction.modelResults.predictionError=OB(O)C1CCCCC=1: Molecule contains unsupported element
key='OB(O)C1=C(F)C=CC(Cl)=C1F-1065' prediction.modelResults.predictionError=OB(O)C1C(F)=C(Cl)C=CC=1F: Molecule contains unsupported element
key='CC(C)(C)OC(=O)NCC1=CC=C(C=C1)B(O)O-1065' prediction.modelResults.predictionError=CC(C)(C)OC(=O)NCC1=CC=C(C=C1)B(O)O: Molecule contains unsupported element
key='CC1=CC2=C(C=C1)N(C(=O)OC(C)(C)C)C(=C2)B(O)O-1065' prediction.modelResults.predictionError=CC1C=CC2=C(C=1)C=C(B(O)O)N2C(=O)OC(C)(C)C: Molecule contains unsupported element
key='OB(O)C1=CC=C(CCC(O)=O)C=C1-1065' prediction.modelResults.predictionError=OC(=O)CCC1=CC=C(C=C1)B(O)O: Molecule contains unsupported element
key='CC(C)CNC(=O)C1=CC=CC(=C1)B(O)O-1065' prediction.modelResults.predictionError=CC(C)CNC(=O)C1C=C(C=CC=1)B(O)O: Molecule contains unsupported element
key='OB(O)C1=C(O)C=C(F)C=C1-1065' prediction.modelResults.predictionError=OC1C=C(F)C=CC=1B(O)O: Molecule contains unsupported element
key='OB(O)C1=CC=C(C=C1)C(=O)NCC=C-1065' prediction.modelResults.predictionError=C=CCNC(=O)C1C=CC(=CC=1)B(O)O: Molecule contains unsupported element
key='COC1=CN=CC(=C1)B1OC(C)(C)C(C)(C)O1-1065' prediction.modelResults.predictionError=COC1C=C(C=NC=1)B1OC(C)(C)C(C)(C)O1: Molecule contains unsupported element
key='CCOC(=O)C=CC1=CC=C(C=C1)B(O)O-1065' prediction.modelResults.predictionError=CCOC(=O)C=CC1C=CC(=CC=1)B(O)O: Molecule contains unsupported element
key='CC(C)CC1=C(C=C(C=C1)B(O)O)[N+]([O-])=O-1065' prediction.modelResults.predictionError=CC(C)CC1C=CC(=CC=1[N+]([O-])=O)B(O)O: Molecule contains unsupported element
key='CN(C)S(=O)(=O)C1=CC=C(C=C1)B1OC(C)(C)C(C)(C)O1-1065' prediction.modelResults.predictionError=CN(C)S(=O)(=O)C1C=CC(=CC=1)B1OC(C)(C)C(C)(C)O1: Molecule contains unsupported element
key='OB(O)C1=C(C=C(C=C1)C#N)[N+]([O-])=O-1065' prediction.modelResults.predictionError=N#CC1=CC(=C(C=C1)B(O)O)[N+]([O-])=O: Molecule contains unsupported element
key='OB(O)C1=CC(=CC=C1)C(=O)NC1CC1-1065' prediction.modelResults.predictionError=OB(O)C1=CC(=CC=C1)C(=O)NC1CC1: Molecule contains unsupported element
key='CC1=CC(C=C(C)N1O)=NO-1065' prediction.modelResults.predictionError=CC1=CC(C=C(C)N1O)=NO failed standardization
key='CCOC(=O)C(C)(C(=O)OCC)C1=C(C2=CC=CC=C2[N+]([O-])=C1)[N+]([O-])=O-1065' prediction.modelResults.predictionError=Number of atoms equals zero
key='[Mo].[C-]#[O+].[C-]#[O+].[C-]#[O+].[CH-]1[C-]=[C-][C-]=[C-]1.FC(F)(F)[C-]=O-1065' prediction.modelResults.predictionError=[Mo].[C-]#[O+].[C-]#[O+].[C-]#[O+].[CH-]1[C-]=[C-][C-]=[C-]1.FC(F)(F)[C-]=O: model can't run mixtures
key='[C-]#[O+].Cl[Ru](Cl)(Cl)(Cl)Cl-1065' prediction.modelResults.predictionError=[C-]#[O+].Cl[Ru](Cl)(Cl)(Cl)Cl failed standardization
key='CCCCCCCCOC1=CC=C(C=C1)B(O)O-1065' prediction.modelResults.predictionError=CCCCCCCCOC1C=CC(=CC=1)B(O)O: Molecule contains unsupported element
key='O=P(C1OB(OC2=CC=CC=C12)C1=CC=CC=C1)(C1=CC=CC=C1)C1=CC=CC=C1-1065' prediction.modelResults.predictionError=O=P(C1OB(OC2=CC=CC=C21)C1C=CC=CC=1)(C1C=CC=CC=1)C1C=CC=CC=1: Molecule contains unsupported element
key='C[N+](C)(C)B(I)I-1065' prediction.modelResults.predictionError=C[N+](C)(C)B(I)I: Molecule contains unsupported element
key='CC(=O)C1=C(OB(F)F)C=CC(C)=C1-1065' prediction.modelResults.predictionError=CC1C=CC(OB(F)F)=C(C=1)C(C)=O: Molecule contains unsupported element
key='CC(=O)C=C(OB(F)F)C1=CC=CC=C1-1065' prediction.modelResults.predictionError=CC(=O)C=C(OB(F)F)C1C=CC=CC=1: Molecule contains unsupported element
key='Br[Tl](C1=CC=CC=C1)C1=CC=CC=C1-1065' prediction.modelResults.predictionError=Br[Tl](C1C=CC=CC=1)C1C=CC=CC=1: Molecule contains unsupported element
key='CC(CCC(=O)NCC(O)=O)C1CCC2C3CCC4CC(O)CCC4(C)C3CCC12C-1065' prediction.modelResults.predictionError=Number of atoms equals zero
key='CCCCB(CCCC)OCCN-1065' prediction.modelResults.predictionError=CCCCB(CCCC)OCCN: Molecule contains unsupported element
key='CCCOC1=C(C=CC=C1Br)B(O)O-1065' prediction.modelResults.predictionError=CCCOC1C(Br)=CC=CC=1B(O)O: Molecule contains unsupported element
key='C1CCN(C1)B(B(N1CCCC1)N1CCCC1)N1CCCC1-1065' prediction.modelResults.predictionError=C1CCCN1B(B(N1CCCC1)N1CCCC1)N1CCCC1: Molecule contains unsupported element
key='BrC1=CC=C([Te][Te]C2=CC=C(Br)C=C2)C=C1-1065' prediction.modelResults.predictionError=BrC1C=CC(=CC=1)[Te][Te]C1C=CC(Br)=CC=1: Molecule contains unsupported element
key='OB(O)C1=CC(F)=CC(F)=C1F-1065' prediction.modelResults.predictionError=OB(O)C1=CC(F)=CC(F)=C1F: Molecule contains unsupported element
key='[Se]1C(=CC=C1C1=CC=CC=C1)C1=CC=CC=C1-1065' prediction.modelResults.predictionError=C1=CC=CC=C1C1=CC=C([Se]1)C1C=CC=CC=1: Molecule contains unsupported element
key='CC1OC(OC(C(O)C=O)C(OC2OC(CO)C(O)C(OC3OC(CO)C(O)C(OC4OC(CO)C(O)C(O)C4O)C3NC(C)=O)C2O)C(O)CO)C(O)C(O)C1O-1065' prediction.modelResults.predictionError=CC1OC(OC(C(O)C=O)C(OC2OC(CO)C(O)C(OC3OC(CO)C(O)C(OC4OC(CO)C(O)C(O)C4O)C3NC(C)=O)C2O)C(O)CO)C(O)C(O)C1O failed standardization
key='OP([O-])(=O)OP([O-])([O-])=O-1065' prediction.modelResults.predictionError=OP([O-])(=O)OP([O-])([O-])=O failed standardization
key='CCOC1=CC=C([Te]C2=CC=C(OCC)C=C2)C=C1-1065' prediction.modelResults.predictionError=CCOC1C=CC(=CC=1)[Te]C1C=CC(=CC=1)OCC: Molecule contains unsupported element
key='CCCCC1=CC=C(C=C1)B(O)O-1065' prediction.modelResults.predictionError=CCCCC1=CC=C(C=C1)B(O)O: Molecule contains unsupported element
key='CCCC1=CC=C(C=C1)B(O)O-1065' prediction.modelResults.predictionError=CCCC1=CC=C(C=C1)B(O)O: Molecule contains unsupported element
key='CCC1=CC=CC=C1B(O)O-1065' prediction.modelResults.predictionError=CCC1=CC=CC=C1B(O)O: Molecule contains unsupported element
key='OB1NN=CC2=C1SC=C2-1065' prediction.modelResults.predictionError=OB1NN=CC2C=CSC=21: Molecule contains unsupported element
key='CCCCCC(=CC(=O)OC)B1OC(C)(C)C(C)(C)O1-1065' prediction.modelResults.predictionError=COC(=O)C=C(CCCCC)B1OC(C)(C)C(C)(C)O1: Molecule contains unsupported element
key='CCCCOC1=C(C=CC=C1Br)B(O)O-1065' prediction.modelResults.predictionError=CCCCOC1C(Br)=CC=CC=1B(O)O: Molecule contains unsupported element
key='C1CCN(C1)B(N1CCCC1)N1CCCC1-1065' prediction.modelResults.predictionError=C1CCCN1B(N1CCCC1)N1CCCC1: Molecule contains unsupported element
key='C1=CC=C(C=C1)C#C[Pb](C1=CC=CC=C1)(C1=CC=CC=C1)C1=CC=CC=C1-1065' prediction.modelResults.predictionError=C1=CC=CC=C1C#C[Pb](C1C=CC=CC=1)(C1C=CC=CC=1)C1C=CC=CC=1: Molecule contains unsupported element
key='OB(O)C1=C(F)C=C(Br)C=C1F-1065' prediction.modelResults.predictionError=OB(O)C1C(F)=CC(Br)=CC=1F: Molecule contains unsupported element
key='CCCOC1=C(C=C(C)C=C1)B(O)O-1065' prediction.modelResults.predictionError=CC1C=CC(OCCC)=C(C=1)B(O)O: Molecule contains unsupported element
key='C[Ge](C)(C)C1=CNC(=O)NC1=O-1065' prediction.modelResults.predictionError=C[Ge](C)(C)C1=CNC(=O)NC1=O: Molecule contains unsupported element
key='ClB1OC2=CC=CC=C2O1-1065' prediction.modelResults.predictionError=ClB1OC2=CC=CC=C2O1: Molecule contains unsupported element
key='[H][Zr][H]-1065' prediction.modelResults.predictionError=[H][Zr][H] failed standardization
key='CC(C)N(B(Cl)Cl)C(C)C-1065' prediction.modelResults.predictionError=CC(C)N(B(Cl)Cl)C(C)C: Molecule contains unsupported element
key='O1C2=CC=CC=C2C=[O+][B-]1(C1=CC=CC=C1)C1=CC=CC=C1-1065' prediction.modelResults.predictionError=C1=[O+][B-](OC2=CC=CC=C21)(C1C=CC=CC=1)C1C=CC=CC=1: Molecule contains unsupported element
key='CC(=O)C1=CC=C(S1)B(O)O-1065' prediction.modelResults.predictionError=CC(=O)C1=CC=C(S1)B(O)O: Molecule contains unsupported element
key='O=[SiH2]-1065' prediction.modelResults.predictionError=O=[SiH2] failed standardization
key='BrC1=CC=C([Se]C#N)C=C1-1065' prediction.modelResults.predictionError=N#C[Se]C1C=CC(Br)=CC=1: Molecule contains unsupported element
key='[H]C12CCCC([H])(CCC1)B2CC1=CC=CC=C1-1065' prediction.modelResults.predictionError=C(B1C2CCCC1CCC2)C1C=CC=CC=1: Molecule contains unsupported element
key='COC1=CC(B(O)O)=C(F)C=C1-1065' prediction.modelResults.predictionError=COC1=CC(B(O)O)=C(F)C=C1: Molecule contains unsupported element
key='CCOC(=O)C(C#N)=C1CCC(C)CC1-1065' prediction.modelResults.predictionError=Number of atoms equals zero
key='OB(O)C1=C(F)C=CC(F)=C1F-1065' prediction.modelResults.predictionError=OB(O)C1C(F)=C(F)C=CC=1F: Molecule contains unsupported element
key='[O-][N+](=O)C1=CC=CC2=N[Se]N=C12-1065' prediction.modelResults.predictionError=[O-][N+](=O)C1=CC=CC2=N[Se]N=C21: Molecule contains unsupported element
key='CCCCCC=CCC=CCC=CCC=CCCCC(=O)NC1CC1-1065' prediction.modelResults.predictionError=Number of atoms equals zero
key='CC1CCC(CC1)=CC(O)=O-1065' prediction.modelResults.predictionError=CC1CCC(CC1)=CC(O)=O failed standardization
key='ON1ONC(C(=N)N=N)=C1C#N-1065' prediction.modelResults.predictionError=ON1ONC(C(=N)N=N)=C1C#N failed standardization
key='CC1CCC(CC1)=CC(O)=O-1065' prediction.modelResults.predictionError=CC1CCC(CC1)=CC(O)=O failed standardization
key='ON1ONC(C(=N)N=N)=C1C#N-1065' prediction.modelResults.predictionError=ON1ONC(C(=N)N=N)=C1C#N failed standardization
key='CCCCCCC=CCCCCCCCCC(=O)OC-1065' prediction.modelResults.predictionError=Number of atoms equals zero
key='C[S+](C)[B-](Br)(Br)Br-1065' prediction.modelResults.predictionError=C[S+](C)[B-](Br)(Br)Br: Molecule contains unsupported element
key='OB(O)C1=CC(C=O)=CC(C=O)=C1-1065' prediction.modelResults.predictionError=OB(O)C1C=C(C=C(C=1)C=O)C=O: Molecule contains unsupported element
key='OB(O)C=CC1=CC=C(C=C1)[N+]([O-])=O-1065' prediction.modelResults.predictionError=[O-][N+](=O)C1C=CC(C=CB(O)O)=CC=1: Molecule contains unsupported element
key='CCCCCCCCCCB(O)O-1065' prediction.modelResults.predictionError=CCCCCCCCCCB(O)O: Molecule contains unsupported element
key='CC1=C(O)C=C(C=C1)B(O)O-1065' prediction.modelResults.predictionError=CC1C=CC(=CC=1O)B(O)O: Molecule contains unsupported element
key='CCCC(C)CB(O)O-1065' prediction.modelResults.predictionError=CCCC(C)CB(O)O: Molecule contains unsupported element
key='CC(C)OC1=C(Br)C=C(C)C=C1B(O)O-1065' prediction.modelResults.predictionError=CC1C=C(B(O)O)C(OC(C)C)=C(Br)C=1: Molecule contains unsupported element
key='CCN(CC)C(=O)C1=CC=CC=C1B(O)O-1065' prediction.modelResults.predictionError=CCN(CC)C(=O)C1=CC=CC=C1B(O)O: Molecule contains unsupported element
key='OB(O)C1=CSC=C1C=O-1065' prediction.modelResults.predictionError=OB(O)C1=CSC=C1C=O: Molecule contains unsupported element
key='OB(O)C1=CC(Cl)=C(Cl)C=C1Cl-1065' prediction.modelResults.predictionError=OB(O)C1=CC(Cl)=C(Cl)C=C1Cl: Molecule contains unsupported element
key='COC1=CC2=C(NC(=C2)B(O)O)C=C1-1065' prediction.modelResults.predictionError=COC1=CC2C=C(NC=2C=C1)B(O)O: Molecule contains unsupported element
key='OB(O)C1=C2OCOC2=CC=C1-1065' prediction.modelResults.predictionError=OB(O)C1C=CC=C2OCOC=12: Molecule contains unsupported element
key='OB(O)C1=CC=CC=C1N1CCOCC1-1065' prediction.modelResults.predictionError=OB(O)C1=CC=CC=C1N1CCOCC1: Molecule contains unsupported element
key='OB(O)C1=CC(=CC=C1)N1CCOCC1-1065' prediction.modelResults.predictionError=OB(O)C1=CC(=CC=C1)N1CCOCC1: Molecule contains unsupported element
key='CC1(C)OB(OC1(C)C)C1=CC=CC=C1N1CCOCC1-1065' prediction.modelResults.predictionError=CC1(C)OB(OC1(C)C)C1=CC=CC=C1N1CCOCC1: Molecule contains unsupported element
key='CC1(C)OB(OC1(C)C)C1=CC(=CC=C1)N1CCOCC1-1065' prediction.modelResults.predictionError=CC1(C)OB(OC1(C)C)C1=CC(=CC=C1)N1CCOCC1: Molecule contains unsupported element
key='CC1=NC=CC(=C1)B(O)O-1065' prediction.modelResults.predictionError=CC1C=C(C=CN=1)B(O)O: Molecule contains unsupported element
key='OB(O)C1=CC=CC=C1N1CCCCC1-1065' prediction.modelResults.predictionError=OB(O)C1=CC=CC=C1N1CCCCC1: Molecule contains unsupported element
key='CC1(C)OB(OC1(C)C)C1=CN=CN=C1-1065' prediction.modelResults.predictionError=CC1(C)OB(OC1(C)C)C1C=NC=NC=1: Molecule contains unsupported element
key='OB(O)C1=CC=CN1-1065' prediction.modelResults.predictionError=OB(O)C1=CC=CN1: Molecule contains unsupported element
key='OB(O)C1=CC2=C(C=C1)N=CC=C2-1065' prediction.modelResults.predictionError=OB(O)C1=CC2C=CC=NC=2C=C1: Molecule contains unsupported element
key='OB(O)C1=C(Cl)C(Cl)=C(Cl)C=C1-1065' prediction.modelResults.predictionError=OB(O)C1C=CC(Cl)=C(Cl)C=1Cl: Molecule contains unsupported element
key='CC(C)(C)C(=O)NC1=CC=CC=C1B(O)O-1065' prediction.modelResults.predictionError=CC(C)(C)C(=O)NC1=CC=CC=C1B(O)O: Molecule contains unsupported element
key='[SeH]C1=CC=C(Br)C=C1-1065' prediction.modelResults.predictionError=[SeH]C1=CC=C(Br)C=C1: Molecule contains unsupported element
key='OB(O)C1=C(F)C=C(Cl)C=C1-1065' prediction.modelResults.predictionError=OB(O)C1C=CC(Cl)=CC=1F: Molecule contains unsupported element
key='OB(O)C1=CC(C=O)=C(OCC2=CC=CC=C2)C=C1-1065' prediction.modelResults.predictionError=OB(O)C1=CC(C=O)=C(C=C1)OCC1C=CC=CC=1: Molecule contains unsupported element
key='COC1=C(Br)C=C(C)C=C1B(O)O-1065' prediction.modelResults.predictionError=CC1C=C(B(O)O)C(OC)=C(Br)C=1: Molecule contains unsupported element
key='C=CC[Ge](C1=CC=CC=C1)(C1=CC=CC=C1)C1=CC=CC=C1-1065' prediction.modelResults.predictionError=C=CC[Ge](C1C=CC=CC=1)(C1C=CC=CC=1)C1C=CC=CC=1: Molecule contains unsupported element
key='CC(C)OB(OC(C)C)C(Cl)Cl-1065' prediction.modelResults.predictionError=CC(C)OB(OC(C)C)C(Cl)Cl: Molecule contains unsupported element
key='CC1(C)COB(OC1)C1=CC=C(C=O)C=C1-1065' prediction.modelResults.predictionError=CC1(C)COB(OC1)C1C=CC(C=O)=CC=1: Molecule contains unsupported element
key='OB(O)C1=CC=C(C=C1)C(=O)C1=CC=CC=C1-1065' prediction.modelResults.predictionError=OB(O)C1C=CC(=CC=1)C(=O)C1C=CC=CC=1: Molecule contains unsupported element
key='CN(C)S(=O)(=O)C1=CC=CC=C1B(O)O-1065' prediction.modelResults.predictionError=CN(C)S(=O)(=O)C1=CC=CC=C1B(O)O: Molecule contains unsupported element
key='CN(CC1=CC=CC=C1B(O)O)C1=CC=CC(C)=C1-1065' prediction.modelResults.predictionError=CC1C=CC=C(C=1)N(C)CC1=CC=CC=C1B(O)O: Molecule contains unsupported element
key='COC1=C(Cl)C=C(C=C1Cl)B(O)O-1065' prediction.modelResults.predictionError=COC1C(Cl)=CC(=CC=1Cl)B(O)O: Molecule contains unsupported element
key='OB(O)C1=CC(Cl)=C(OCC2=CC=CC=C2)C(Cl)=C1-1065' prediction.modelResults.predictionError=OB(O)C1=CC(Cl)=C(OCC2C=CC=CC=2)C(Cl)=C1: Molecule contains unsupported element
key='COC1=CC=C(C=C1)C1=CC=C(C=C1)B(O)O-1065' prediction.modelResults.predictionError=COC1C=CC(=CC=1)C1C=CC(=CC=1)B(O)O: Molecule contains unsupported element
key='OB(O)C1=CC=C(C=C1)C1CC(=O)C1-1065' prediction.modelResults.predictionError=OB(O)C1C=CC(=CC=1)C1CC(=O)C1: Molecule contains unsupported element
key='OB(O)C1=C2C(=O)C3=CC=CC=C3C2=CC=C1-1065' prediction.modelResults.predictionError=OB(O)C1C=CC=C2C=1C(=O)C1=CC=CC=C12: Molecule contains unsupported element
key='CN(CC1=CC=CC=C1B(O)O)C1=CC=CC=C1-1065' prediction.modelResults.predictionError=CN(CC1=CC=CC=C1B(O)O)C1C=CC=CC=1: Molecule contains unsupported element
key='OB(O)C1=CC(=NO1)C1=CC=CC=C1-1065' prediction.modelResults.predictionError=OB(O)C1=CC(=NO1)C1C=CC=CC=1: Molecule contains unsupported element
key='CCC(=O)C1=CC=CC(=C1)B(O)O-1065' prediction.modelResults.predictionError=CCC(=O)C1C=C(C=CC=1)B(O)O: Molecule contains unsupported element
key='CCC(=O)C1=CC=C(C=C1)B(O)O-1065' prediction.modelResults.predictionError=CCC(=O)C1C=CC(=CC=1)B(O)O: Molecule contains unsupported element
key='CCCCCCC1=CC=C(C=C1)B(O)O-1065' prediction.modelResults.predictionError=CCCCCCC1=CC=C(C=C1)B(O)O: Molecule contains unsupported element
key='CCCCCCCC1=CC=C(C=C1)B(O)O-1065' prediction.modelResults.predictionError=CCCCCCCC1=CC=C(C=C1)B(O)O: Molecule contains unsupported element
key='CCCCCCCCC1=CC=C(C=C1)B(O)O-1065' prediction.modelResults.predictionError=CCCCCCCCC1=CC=C(C=C1)B(O)O: Molecule contains unsupported element
key='COC1=C(OC2CCCC2)C=C(C=C1)B(O)O-1065' prediction.modelResults.predictionError=COC1C=CC(=CC=1OC1CCCC1)B(O)O: Molecule contains unsupported element
key='CC1(C)COB(OC1)C1=CC=CC=C1C=O-1065' prediction.modelResults.predictionError=CC1(C)COB(OC1)C1=CC=CC=C1C=O: Molecule contains unsupported element
key='CC1=CC=CC=C1OCC1=CC=CC=C1B(O)O-1065' prediction.modelResults.predictionError=CC1=CC=CC=C1OCC1=CC=CC=C1B(O)O: Molecule contains unsupported element
key='COC1=CC(OC)=C(B(O)O)C(OC)=C1-1065' prediction.modelResults.predictionError=COC1C=C(C=C(OC)C=1B(O)O)OC: Molecule contains unsupported element
key='CCCCCCCCCOC1=CC=C(C=C1)B(O)O-1065' prediction.modelResults.predictionError=CCCCCCCCCOC1C=CC(=CC=1)B(O)O: Molecule contains unsupported element
key='OB(O)C1=CC=C(C=C1)C1CCCC1-1065' prediction.modelResults.predictionError=OB(O)C1C=CC(=CC=1)C1CCCC1: Molecule contains unsupported element
key='OB(O)C1=CC2=C(OC=C2)C=C1-1065' prediction.modelResults.predictionError=OB(O)C1=CC2C=COC=2C=C1: Molecule contains unsupported element
key='OB(O)C1=CC=C(C=C1)C1CC2(C1)OCCO2-1065' prediction.modelResults.predictionError=OB(O)C1C=CC(=CC=1)C1CC2(C1)OCCO2: Molecule contains unsupported element
key='OB(O)C1=CC=CC=C1CN1CCCCC1-1065' prediction.modelResults.predictionError=OB(O)C1=CC=CC=C1CN1CCCCC1: Molecule contains unsupported element
key='CCN(CC)CC1=CC=C(C=C1)B(O)O-1065' prediction.modelResults.predictionError=CCN(CC1=CC=C(C=C1)B(O)O)CC: Molecule contains unsupported element
key='C1COB(OC1)C1=CN=CC=C1-1065' prediction.modelResults.predictionError=C1CCOB(O1)C1=CN=CC=C1: Molecule contains unsupported element
key='OB(O)C1=CC2=CC=CC=C2N=C1Cl-1065' prediction.modelResults.predictionError=OB(O)C1=CC2=CC=CC=C2N=C1Cl: Molecule contains unsupported element
key='CC1=CC(C)=C(C=C1)B(O)O-1065' prediction.modelResults.predictionError=CC1=CC(C)=C(C=C1)B(O)O: Molecule contains unsupported element
key='OB(O)C1=C(OCC2=CC=CC=C2)C=CC(Cl)=C1-1065' prediction.modelResults.predictionError=OB(O)C1C=C(Cl)C=CC=1OCC1C=CC=CC=1: Molecule contains unsupported element
key='COC1=CC(C=O)=CC(OC)=C1B(O)O-1065' prediction.modelResults.predictionError=COC1=CC(C=O)=CC(OC)=C1B(O)O: Molecule contains unsupported element
key='CC1=CC(=CC(C)=C1OCC1=CC=CC=C1)B(O)O-1065' prediction.modelResults.predictionError=CC1C=C(C=C(C)C=1OCC1C=CC=CC=1)B(O)O: Molecule contains unsupported element
key='OB(O)C1=CC=C(S1)C#N-1065' prediction.modelResults.predictionError=N#CC1=CC=C(S1)B(O)O: Molecule contains unsupported element
key='CC(C)(C)OC(=O)N1C(=CC2=C1C=CC(Cl)=C2)B(O)O-1065' prediction.modelResults.predictionError=CC(C)(C)OC(=O)N1C(=CC2C=C(Cl)C=CC1=2)B(O)O: Molecule contains unsupported element
key='OB(O)C1=CC=C(OCC2CC2)C=C1-1065' prediction.modelResults.predictionError=OB(O)C1C=CC(=CC=1)OCC1CC1: Molecule contains unsupported element
key='OB(O)C1=CC(OCC2CC2)=CC=C1-1065' prediction.modelResults.predictionError=OB(O)C1=CC(=CC=C1)OCC1CC1: Molecule contains unsupported element
key='OB(O)C1=CC=CC=C1OCC1CC1-1065' prediction.modelResults.predictionError=OB(O)C1=CC=CC=C1OCC1CC1: Molecule contains unsupported element
key='COC1=CC=C(B(O)O)C2=CC=CC=C12-1065' prediction.modelResults.predictionError=COC1=CC=C(B(O)O)C2=CC=CC=C21: Molecule contains unsupported element
key='COC1=C(B(O)O)C2=CC=CC=C2C=C1-1065' prediction.modelResults.predictionError=COC1C=CC2=CC=CC=C2C=1B(O)O: Molecule contains unsupported element
key='CC1=CC=C(C=C1)B(C1=CC=C(C)C=C1)C1=CC=C(C)C=C1-1065' prediction.modelResults.predictionError=CC1C=CC(=CC=1)B(C1C=CC(C)=CC=1)C1C=CC(C)=CC=1: Molecule contains unsupported element
key='CCCOC1=CC=CC=C1B(O)O-1065' prediction.modelResults.predictionError=CCCOC1=CC=CC=C1B(O)O: Molecule contains unsupported element
key='I[Yb]I-1065' prediction.modelResults.predictionError=I[Yb]I failed standardization
key='CC(C)(C)OC(=O)N1C(=CC2=C1C=CC(=C2)C#N)B(O)O-1065' prediction.modelResults.predictionError=CC(C)(C)OC(=O)N1C(=CC2C=C(C=CC1=2)C#N)B(O)O: Molecule contains unsupported element
key='[W].[C-]#[O+].[C-]#[O+].[C-]#[O+].[C-]#[O+].[C-]#[O+].[NH-]C1=CC=CC=C1-1065' prediction.modelResults.predictionError=[W].[C-]#[O+].[C-]#[O+].[C-]#[O+].[C-]#[O+].[C-]#[O+].[NH-]C1=CC=CC=C1: model can't run mixtures
key='N1SNSNSNS1-1065' prediction.modelResults.predictionError=N1SNSNSNS1 failed standardization
key='CCCCC(CC)CC1(CC(CC)CCCC)C2=C(C=CC(=C2)B2OCCCO2)C2=C1C=C(C=C2)B1OCCCO1-1065' prediction.modelResults.predictionError=CCCCC(CC1(CC(CCCC)CC)C2C=C(C=CC=2C2C=CC(=CC1=2)B1OCCCO1)B1OCCCO1)CC: Molecule contains unsupported element
key='CCOC1=C(C=CC(Cl)=C1)B(O)O-1065' prediction.modelResults.predictionError=CCOC1C=C(Cl)C=CC=1B(O)O: Molecule contains unsupported element
key='CCCCCC1COB(OC1)C1=CC(F)=C(C=C1)C(O)=O-1065' prediction.modelResults.predictionError=CCCCCC1COB(OC1)C1=CC(F)=C(C=C1)C(O)=O: Molecule contains unsupported element
key='CCCOC1=C(Br)C=C(C)C=C1B(O)O-1065' prediction.modelResults.predictionError=CC1C=C(B(O)O)C(OCCC)=C(Br)C=1: Molecule contains unsupported element
key='[Mo].Cl[Hg].[C-]#[O+].[C-]#[O+].[C-]#[O+].[CH-]1[C-]=[C-][C-]=[C-]1-1065' prediction.modelResults.predictionError=[Mo].Cl[Hg].[C-]#[O+].[C-]#[O+].[C-]#[O+].[CH-]1[C-]=[C-][C-]=[C-]1: model can't run mixtures
key='CCCCCCCCC1(CCCCCCCC)C2=C(C=CC(=C2)B(O)O)C2=C1C=C(C=C2)B(O)O-1065' prediction.modelResults.predictionError=CCCCCCCCC1(CCCCCCCC)C2C=C(C=CC=2C2C=CC(=CC1=2)B(O)O)B(O)O: Molecule contains unsupported element
key='CC(=O)NC1C(O)CC(OCC2OC(OC3C(O)C(CO)OC(OC(C(O)CO)C(O)C(O)C=O)C3O)C(NC(C)=O)C(OC3OC(CO)C(O)C(O)C3O)C2O)(OC1C(O)C(O)CO)C(O)=O-1065' prediction.modelResults.predictionError=Number of atoms equals zero
key='CN1C2=CC=CC=C2C(=NC(=NO)C1=O)C1=CC=CC=C1-1065' prediction.modelResults.predictionError=CN1C2=CC=CC=C2C(=NC(=NO)C1=O)C1=CC=CC=C1 failed standardization
key='[K+].CCC(C)[BH-](C(C)CC)C(C)CC-1065' prediction.modelResults.predictionError=CC(CC)B(C(C)CC)C(C)CC: Molecule contains unsupported element
key='C1=CC=NC=C1.C1=CC=NC=C1.Cl[Sn](Cl)(C1=CC=CC=C1)C1=CC=CC=C1-1065' prediction.modelResults.predictionError=C1=CC=NC=C1.C1=CC=NC=C1.Cl[Sn](Cl)(C1=CC=CC=C1)C1=CC=CC=C1: model can't run mixtures
key='[SnH]N=C=N[SnH]-1065' prediction.modelResults.predictionError=[SnH]N=C=N[SnH] failed standardization
key='CC1CCC(CC1)=CC(O)=O-1065' prediction.modelResults.predictionError=CC1CCC(CC1)=CC(O)=O failed standardization
key='ON1ONC(C(=N)N=N)=C1C#N-1065' prediction.modelResults.predictionError=ON1ONC(C(=N)N=N)=C1C#N failed standardization
key='CCCCCCC=CCCCCCCCCC(=O)OC-1065' prediction.modelResults.predictionError=Number of atoms equals zero
key='C[S+](C)[B-](Br)(Br)Br-1065' prediction.modelResults.predictionError=C[S+](C)[B-](Br)(Br)Br: Molecule contains unsupported element
key='OB(O)C1=CC(C=O)=CC(C=O)=C1-1065' prediction.modelResults.predictionError=OB(O)C1C=C(C=C(C=1)C=O)C=O: Molecule contains unsupported element
key='OB(O)C=CC1=CC=C(C=C1)[N+]([O-])=O-1065' prediction.modelResults.predictionError=[O-][N+](=O)C1C=CC(C=CB(O)O)=CC=1: Molecule contains unsupported element
key='CCCCCCCCCCB(O)O-1065' prediction.modelResults.predictionError=CCCCCCCCCCB(O)O: Molecule contains unsupported element
key='CC1=C(O)C=C(C=C1)B(O)O-1065' prediction.modelResults.predictionError=CC1C=CC(=CC=1O)B(O)O: Molecule contains unsupported element
key='CCCC(C)CB(O)O-1065' prediction.modelResults.predictionError=CCCC(C)CB(O)O: Molecule contains unsupported element
key='CC(C)OC1=C(Br)C=C(C)C=C1B(O)O-1065' prediction.modelResults.predictionError=CC1C=C(B(O)O)C(OC(C)C)=C(Br)C=1: Molecule contains unsupported element
key='CCN(CC)C(=O)C1=CC=CC=C1B(O)O-1065' prediction.modelResults.predictionError=CCN(CC)C(=O)C1=CC=CC=C1B(O)O: Molecule contains unsupported element
key='OB(O)C1=CSC=C1C=O-1065' prediction.modelResults.predictionError=OB(O)C1=CSC=C1C=O: Molecule contains unsupported element
key='OB(O)C1=CC(Cl)=C(Cl)C=C1Cl-1065' prediction.modelResults.predictionError=OB(O)C1=CC(Cl)=C(Cl)C=C1Cl: Molecule contains unsupported element
key='COC1=CC2=C(NC(=C2)B(O)O)C=C1-1065' prediction.modelResults.predictionError=COC1=CC2C=C(NC=2C=C1)B(O)O: Molecule contains unsupported element
key='OB(O)C1=C2OCOC2=CC=C1-1065' prediction.modelResults.predictionError=OB(O)C1C=CC=C2OCOC=12: Molecule contains unsupported element
key='OB(O)C1=CC=CC=C1N1CCOCC1-1065' prediction.modelResults.predictionError=OB(O)C1=CC=CC=C1N1CCOCC1: Molecule contains unsupported element
key='OB(O)C1=CC(=CC=C1)N1CCOCC1-1065' prediction.modelResults.predictionError=OB(O)C1=CC(=CC=C1)N1CCOCC1: Molecule contains unsupported element
key='CC1(C)OB(OC1(C)C)C1=CC=CC=C1N1CCOCC1-1065' prediction.modelResults.predictionError=CC1(C)OB(OC1(C)C)C1=CC=CC=C1N1CCOCC1: Molecule contains unsupported element
key='CC1(C)OB(OC1(C)C)C1=CC(=CC=C1)N1CCOCC1-1065' prediction.modelResults.predictionError=CC1(C)OB(OC1(C)C)C1=CC(=CC=C1)N1CCOCC1: Molecule contains unsupported element
key='CC1=NC=CC(=C1)B(O)O-1065' prediction.modelResults.predictionError=CC1C=C(C=CN=1)B(O)O: Molecule contains unsupported element
key='OB(O)C1=CC=CC=C1N1CCCCC1-1065' prediction.modelResults.predictionError=OB(O)C1=CC=CC=C1N1CCCCC1: Molecule contains unsupported element
key='CC1(C)OB(OC1(C)C)C1=CN=CN=C1-1065' prediction.modelResults.predictionError=CC1(C)OB(OC1(C)C)C1C=NC=NC=1: Molecule contains unsupported element
key='OB(O)C1=CC=CN1-1065' prediction.modelResults.predictionError=OB(O)C1=CC=CN1: Molecule contains unsupported element
key='OB(O)C1=CC2=C(C=C1)N=CC=C2-1065' prediction.modelResults.predictionError=OB(O)C1=CC2C=CC=NC=2C=C1: Molecule contains unsupported element
key='OB(O)C1=C(Cl)C(Cl)=C(Cl)C=C1-1065' prediction.modelResults.predictionError=OB(O)C1C=CC(Cl)=C(Cl)C=1Cl: Molecule contains unsupported element
key='CC(C)(C)C(=O)NC1=CC=CC=C1B(O)O-1065' prediction.modelResults.predictionError=CC(C)(C)C(=O)NC1=CC=CC=C1B(O)O: Molecule contains unsupported element
key='[SeH]C1=CC=C(Br)C=C1-1065' prediction.modelResults.predictionError=[SeH]C1=CC=C(Br)C=C1: Molecule contains unsupported element
key='OB(O)C1=C(F)C=C(Cl)C=C1-1065' prediction.modelResults.predictionError=OB(O)C1C=CC(Cl)=CC=1F: Molecule contains unsupported element
key='OB(O)C1=CC(C=O)=C(OCC2=CC=CC=C2)C=C1-1065' prediction.modelResults.predictionError=OB(O)C1=CC(C=O)=C(C=C1)OCC1C=CC=CC=1: Molecule contains unsupported element
key='COC1=C(Br)C=C(C)C=C1B(O)O-1065' prediction.modelResults.predictionError=CC1C=C(B(O)O)C(OC)=C(Br)C=1: Molecule contains unsupported element
key='C=CC[Ge](C1=CC=CC=C1)(C1=CC=CC=C1)C1=CC=CC=C1-1065' prediction.modelResults.predictionError=C=CC[Ge](C1C=CC=CC=1)(C1C=CC=CC=1)C1C=CC=CC=1: Molecule contains unsupported element
key='CC(C)OB(OC(C)C)C(Cl)Cl-1065' prediction.modelResults.predictionError=CC(C)OB(OC(C)C)C(Cl)Cl: Molecule contains unsupported element
key='CC1(C)COB(OC1)C1=CC=C(C=O)C=C1-1065' prediction.modelResults.predictionError=CC1(C)COB(OC1)C1C=CC(C=O)=CC=1: Molecule contains unsupported element
key='OB(O)C1=CC=C(C=C1)C(=O)C1=CC=CC=C1-1065' prediction.modelResults.predictionError=OB(O)C1C=CC(=CC=1)C(=O)C1C=CC=CC=1: Molecule contains unsupported element
key='CN(C)S(=O)(=O)C1=CC=CC=C1B(O)O-1065' prediction.modelResults.predictionError=CN(C)S(=O)(=O)C1=CC=CC=C1B(O)O: Molecule contains unsupported element
key='CN(CC1=CC=CC=C1B(O)O)C1=CC=CC(C)=C1-1065' prediction.modelResults.predictionError=CC1C=CC=C(C=1)N(C)CC1=CC=CC=C1B(O)O: Molecule contains unsupported element
key='COC1=C(Cl)C=C(C=C1Cl)B(O)O-1065' prediction.modelResults.predictionError=COC1C(Cl)=CC(=CC=1Cl)B(O)O: Molecule contains unsupported element
key='OB(O)C1=CC(Cl)=C(OCC2=CC=CC=C2)C(Cl)=C1-1065' prediction.modelResults.predictionError=OB(O)C1=CC(Cl)=C(OCC2C=CC=CC=2)C(Cl)=C1: Molecule contains unsupported element
key='COC1=CC=C(C=C1)C1=CC=C(C=C1)B(O)O-1065' prediction.modelResults.predictionError=COC1C=CC(=CC=1)C1C=CC(=CC=1)B(O)O: Molecule contains unsupported element
key='OB(O)C1=CC=C(C=C1)C1CC(=O)C1-1065' prediction.modelResults.predictionError=OB(O)C1C=CC(=CC=1)C1CC(=O)C1: Molecule contains unsupported element
key='OB(O)C1=C2C(=O)C3=CC=CC=C3C2=CC=C1-1065' prediction.modelResults.predictionError=OB(O)C1C=CC=C2C=1C(=O)C1=CC=CC=C12: Molecule contains unsupported element
key='CN(CC1=CC=CC=C1B(O)O)C1=CC=CC=C1-1065' prediction.modelResults.predictionError=CN(CC1=CC=CC=C1B(O)O)C1C=CC=CC=1: Molecule contains unsupported element
key='OB(O)C1=CC(=NO1)C1=CC=CC=C1-1065' prediction.modelResults.predictionError=OB(O)C1=CC(=NO1)C1C=CC=CC=1: Molecule contains unsupported element
key='CCC(=O)C1=CC=CC(=C1)B(O)O-1065' prediction.modelResults.predictionError=CCC(=O)C1C=C(C=CC=1)B(O)O: Molecule contains unsupported element
key='CCC(=O)C1=CC=C(C=C1)B(O)O-1065' prediction.modelResults.predictionError=CCC(=O)C1C=CC(=CC=1)B(O)O: Molecule contains unsupported element
key='CCCCCCC1=CC=C(C=C1)B(O)O-1065' prediction.modelResults.predictionError=CCCCCCC1=CC=C(C=C1)B(O)O: Molecule contains unsupported element
key='CCCCCCCC1=CC=C(C=C1)B(O)O-1065' prediction.modelResults.predictionError=CCCCCCCC1=CC=C(C=C1)B(O)O: Molecule contains unsupported element
key='CCCCCCCCC1=CC=C(C=C1)B(O)O-1065' prediction.modelResults.predictionError=CCCCCCCCC1=CC=C(C=C1)B(O)O: Molecule contains unsupported element
key='COC1=C(OC2CCCC2)C=C(C=C1)B(O)O-1065' prediction.modelResults.predictionError=COC1C=CC(=CC=1OC1CCCC1)B(O)O: Molecule contains unsupported element
key='CC1(C)COB(OC1)C1=CC=CC=C1C=O-1065' prediction.modelResults.predictionError=CC1(C)COB(OC1)C1=CC=CC=C1C=O: Molecule contains unsupported element
key='CC1=CC=CC=C1OCC1=CC=CC=C1B(O)O-1065' prediction.modelResults.predictionError=CC1=CC=CC=C1OCC1=CC=CC=C1B(O)O: Molecule contains unsupported element
key='COC1=CC(OC)=C(B(O)O)C(OC)=C1-1065' prediction.modelResults.predictionError=COC1C=C(C=C(OC)C=1B(O)O)OC: Molecule contains unsupported element
key='CCCCCCCCCOC1=CC=C(C=C1)B(O)O-1065' prediction.modelResults.predictionError=CCCCCCCCCOC1C=CC(=CC=1)B(O)O: Molecule contains unsupported element
key='OB(O)C1=CC=C(C=C1)C1CCCC1-1065' prediction.modelResults.predictionError=OB(O)C1C=CC(=CC=1)C1CCCC1: Molecule contains unsupported element
key='OB(O)C1=CC2=C(OC=C2)C=C1-1065' prediction.modelResults.predictionError=OB(O)C1=CC2C=COC=2C=C1: Molecule contains unsupported element
key='OB(O)C1=CC=C(C=C1)C1CC2(C1)OCCO2-1065' prediction.modelResults.predictionError=OB(O)C1C=CC(=CC=1)C1CC2(C1)OCCO2: Molecule contains unsupported element
key='OB(O)C1=CC=CC=C1CN1CCCCC1-1065' prediction.modelResults.predictionError=OB(O)C1=CC=CC=C1CN1CCCCC1: Molecule contains unsupported element
key='CCN(CC)CC1=CC=C(C=C1)B(O)O-1065' prediction.modelResults.predictionError=CCN(CC1=CC=C(C=C1)B(O)O)CC: Molecule contains unsupported element
key='C1COB(OC1)C1=CN=CC=C1-1065' prediction.modelResults.predictionError=C1CCOB(O1)C1=CN=CC=C1: Molecule contains unsupported element
key='OB(O)C1=CC2=CC=CC=C2N=C1Cl-1065' prediction.modelResults.predictionError=OB(O)C1=CC2=CC=CC=C2N=C1Cl: Molecule contains unsupported element
key='CC1=CC(C)=C(C=C1)B(O)O-1065' prediction.modelResults.predictionError=CC1=CC(C)=C(C=C1)B(O)O: Molecule contains unsupported element
key='OB(O)C1=C(OCC2=CC=CC=C2)C=CC(Cl)=C1-1065' prediction.modelResults.predictionError=OB(O)C1C=C(Cl)C=CC=1OCC1C=CC=CC=1: Molecule contains unsupported element
key='COC1=CC(C=O)=CC(OC)=C1B(O)O-1065' prediction.modelResults.predictionError=COC1=CC(C=O)=CC(OC)=C1B(O)O: Molecule contains unsupported element
key='CC1=CC(=CC(C)=C1OCC1=CC=CC=C1)B(O)O-1065' prediction.modelResults.predictionError=CC1C=C(C=C(C)C=1OCC1C=CC=CC=1)B(O)O: Molecule contains unsupported element
key='OB(O)C1=CC=C(S1)C#N-1065' prediction.modelResults.predictionError=N#CC1=CC=C(S1)B(O)O: Molecule contains unsupported element
key='CC(C)(C)OC(=O)N1C(=CC2=C1C=CC(Cl)=C2)B(O)O-1065' prediction.modelResults.predictionError=CC(C)(C)OC(=O)N1C(=CC2C=C(Cl)C=CC1=2)B(O)O: Molecule contains unsupported element
key='OB(O)C1=CC=C(OCC2CC2)C=C1-1065' prediction.modelResults.predictionError=OB(O)C1C=CC(=CC=1)OCC1CC1: Molecule contains unsupported element
key='OB(O)C1=CC(OCC2CC2)=CC=C1-1065' prediction.modelResults.predictionError=OB(O)C1=CC(=CC=C1)OCC1CC1: Molecule contains unsupported element
key='OB(O)C1=CC=CC=C1OCC1CC1-1065' prediction.modelResults.predictionError=OB(O)C1=CC=CC=C1OCC1CC1: Molecule contains unsupported element
key='COC1=CC=C(B(O)O)C2=CC=CC=C12-1065' prediction.modelResults.predictionError=COC1=CC=C(B(O)O)C2=CC=CC=C21: Molecule contains unsupported element
key='COC1=C(B(O)O)C2=CC=CC=C2C=C1-1065' prediction.modelResults.predictionError=COC1C=CC2=CC=CC=C2C=1B(O)O: Molecule contains unsupported element
key='CC1=CC=C(C=C1)B(C1=CC=C(C)C=C1)C1=CC=C(C)C=C1-1065' prediction.modelResults.predictionError=CC1C=CC(=CC=1)B(C1C=CC(C)=CC=1)C1C=CC(C)=CC=1: Molecule contains unsupported element
key='CCCOC1=CC=CC=C1B(O)O-1065' prediction.modelResults.predictionError=CCCOC1=CC=CC=C1B(O)O: Molecule contains unsupported element
key='I[Yb]I-1065' prediction.modelResults.predictionError=I[Yb]I failed standardization
key='CC(C)(C)OC(=O)N1C(=CC2=C1C=CC(=C2)C#N)B(O)O-1065' prediction.modelResults.predictionError=CC(C)(C)OC(=O)N1C(=CC2C=C(C=CC1=2)C#N)B(O)O: Molecule contains unsupported element
key='CCCCC(CC)CC1(CC(CC)CCCC)C2=C(C=CC(=C2)B2OCCCO2)C2=C1C=C(C=C2)B1OCCCO1-1065' prediction.modelResults.predictionError=CCCCC(CC1(CC(CCCC)CC)C2C=C(C=CC=2C2C=CC(=CC1=2)B1OCCCO1)B1OCCCO1)CC: Molecule contains unsupported element
key='CCOC1=C(C=CC(Cl)=C1)B(O)O-1065' prediction.modelResults.predictionError=CCOC1C=C(Cl)C=CC=1B(O)O: Molecule contains unsupported element
key='CCCCCC1COB(OC1)C1=CC(F)=C(C=C1)C(O)=O-1065' prediction.modelResults.predictionError=CCCCCC1COB(OC1)C1=CC(F)=C(C=C1)C(O)=O: Molecule contains unsupported element
key='CCCOC1=C(Br)C=C(C)C=C1B(O)O-1065' prediction.modelResults.predictionError=CC1C=C(B(O)O)C(OCCC)=C(Br)C=1: Molecule contains unsupported element
key='[Mo].Cl[Hg].[C-]#[O+].[C-]#[O+].[C-]#[O+].[CH-]1[C-]=[C-][C-]=[C-]1-1065' prediction.modelResults.predictionError=[Mo].Cl[Hg].[C-]#[O+].[C-]#[O+].[C-]#[O+].[CH-]1[C-]=[C-][C-]=[C-]1: model can't run mixtures
key='CCCCCCCCC1(CCCCCCCC)C2=C(C=CC(=C2)B(O)O)C2=C1C=C(C=C2)B(O)O-1065' prediction.modelResults.predictionError=CCCCCCCCC1(CCCCCCCC)C2C=C(C=CC=2C2C=CC(=CC1=2)B(O)O)B(O)O: Molecule contains unsupported element
key='CC(=O)NC1C(O)CC(OCC2OC(OC3C(O)C(CO)OC(OC(C(O)CO)C(O)C(O)C=O)C3O)C(NC(C)=O)C(OC3OC(CO)C(O)C(O)C3O)C2O)(OC1C(O)C(O)CO)C(O)=O-1065' prediction.modelResults.predictionError=Number of atoms equals zero
key='CN1C2=CC=CC=C2C(=NC(=NO)C1=O)C1=CC=CC=C1-1065' prediction.modelResults.predictionError=CN1C2=CC=CC=C2C(=NC(=NO)C1=O)C1=CC=CC=C1 failed standardization
key='[K+].CCC(C)[BH-](C(C)CC)C(C)CC-1065' prediction.modelResults.predictionError=CC(CC)B(C(C)CC)C(C)CC: Molecule contains unsupported element
key='CCCCCCCOC1=CC=C(C=C1)B(O)O-1065' prediction.modelResults.predictionError=CCCCCCCOC1C=CC(=CC=1)B(O)O: Molecule contains unsupported element
key='CCCCOC1=C(Br)C=C(C)C=C1B(O)O-1065' prediction.modelResults.predictionError=CC1C=C(B(O)O)C(OCCCC)=C(Br)C=1: Molecule contains unsupported element
key='NC1=C(Cl)C=CC(=C1)B(O)O-1065' prediction.modelResults.predictionError=NC1C=C(C=CC=1Cl)B(O)O: Molecule contains unsupported element
key='CC(C)(C)[Se]C(C)(C)C-1065' prediction.modelResults.predictionError=CC(C)(C)[Se]C(C)(C)C: Molecule contains unsupported element
key='OB(O)C1=CC2=C(C=C1)C=C(O)C=C2-1065' prediction.modelResults.predictionError=OC1C=CC2C=C(C=CC=2C=1)B(O)O: Molecule contains unsupported element
key='CC1=C(C=C(C=C1B(O)O)[N+]([O-])=O)[N+]([O-])=O-1065' prediction.modelResults.predictionError=CC1C(=CC(=CC=1[N+]([O-])=O)[N+]([O-])=O)B(O)O: Molecule contains unsupported element
key='CC1(C)OB(OC1(C)C)C1=CC=CC=C1NS(C)(=O)=O-1065' prediction.modelResults.predictionError=CS(=O)(=O)NC1=CC=CC=C1B1OC(C)(C)C(C)(C)O1: Molecule contains unsupported element
key='CC1=CC=CC=C1CCB(O)O-1065' prediction.modelResults.predictionError=CC1=CC=CC=C1CCB(O)O: Molecule contains unsupported element
key='[O-][N+](=O)C1=C(Cl)C=CC2=N[Se]N=C12-1065' prediction.modelResults.predictionError=[O-][N+](=O)C1=C(Cl)C=CC2=N[Se]N=C21: Molecule contains unsupported element
key='OB(O)C1=CC(C=C)=CC=C1-1065' prediction.modelResults.predictionError=C=CC1C=C(C=CC=1)B(O)O: Molecule contains unsupported element
key='CC(C)CC=CB(O)O-1065' prediction.modelResults.predictionError=CC(C)CC=CB(O)O: Molecule contains unsupported element
key='Cl[Se](Cl)(Cl)C1=CC=CC=C1-1065' prediction.modelResults.predictionError=Cl[Se](Cl)(Cl)C1C=CC=CC=1: Molecule contains unsupported element
key='CC(C)(C)[Si](C)(C)N1C=CC2=C1C=CC(=C2)B(O)O-1065' prediction.modelResults.predictionError=CC(C)(C)[Si](C)(C)N1C=CC2C=C(C=CC1=2)B(O)O: Molecule contains unsupported element
key='CC(C)(C)[Si](C)(C)N1C=CC2=C1C=C(C=C2)B(O)O-1065' prediction.modelResults.predictionError=CC(C)(C)[Si](C)(C)N1C=CC2C=CC(=CC1=2)B(O)O: Molecule contains unsupported element
key='OB(O)C1=C(F)C(=CC=C1)C(O)=O-1065' prediction.modelResults.predictionError=OC(=O)C1=CC=CC(B(O)O)=C1F: Molecule contains unsupported element
key='OB(O)C1=C(F)C=C(Cl)C=C1F-1065' prediction.modelResults.predictionError=OB(O)C1C(F)=CC(Cl)=CC=1F: Molecule contains unsupported element
key='OB(O)C1=CC2=C(N1)C=CC(Cl)=C2-1065' prediction.modelResults.predictionError=OB(O)C1=CC2C=C(Cl)C=CC=2N1: Molecule contains unsupported element
key='OB(O)C1=CC(Cl)=CS1-1065' prediction.modelResults.predictionError=OB(O)C1=CC(Cl)=CS1: Molecule contains unsupported element
key='OB(O)C1=C(O)C=CC(F)=C1F-1065' prediction.modelResults.predictionError=OC1C=CC(F)=C(F)C=1B(O)O: Molecule contains unsupported element
key='OB(O)C1=CC(F)=CC(F)=C1O-1065' prediction.modelResults.predictionError=OC1C(=CC(F)=CC=1F)B(O)O: Molecule contains unsupported element
key='COC1=C(B(O)O)C(F)=C(F)C=C1-1065' prediction.modelResults.predictionError=COC1C=CC(F)=C(F)C=1B(O)O: Molecule contains unsupported element
key='COC1=CC(=CC(OC)=C1)B(O)O-1065' prediction.modelResults.predictionError=COC1C=C(C=C(C=1)OC)B(O)O: Molecule contains unsupported element
key='COC1=CC=CC(N(C)C)=C1B(O)O-1065' prediction.modelResults.predictionError=CN(C)C1C=CC=C(OC)C=1B(O)O: Molecule contains unsupported element
key='CN(C)C1=CC=CC=C1B(O)O-1065' prediction.modelResults.predictionError=CN(C)C1=CC=CC=C1B(O)O: Molecule contains unsupported element
key='OCC1=CC=CC=C1B(O)O-1065' prediction.modelResults.predictionError=OCC1=CC=CC=C1B(O)O: Molecule contains unsupported element
key='OCC1=CC=C(O1)B(O)O-1065' prediction.modelResults.predictionError=OCC1=CC=C(O1)B(O)O: Molecule contains unsupported element
key='OCC1=CC=C(S1)B(O)O-1065' prediction.modelResults.predictionError=OCC1=CC=C(S1)B(O)O: Molecule contains unsupported element
key='OB(O)C1=CC=CC=C1S-1065' prediction.modelResults.predictionError=OB(O)C1=CC=CC=C1S: Molecule contains unsupported element
key='COC(=O)C1=C(C=CC=C1F)B(O)O-1065' prediction.modelResults.predictionError=COC(=O)C1C(F)=CC=CC=1B(O)O: Molecule contains unsupported element
key='COC(=O)C1=C(C=C(F)C=C1)B(O)O-1065' prediction.modelResults.predictionError=COC(=O)C1C=CC(F)=CC=1B(O)O: Molecule contains unsupported element
key='CC(C)(C)OC(=O)C1=CC=CC=C1B1OC(C)(C)C(C)(C)O1-1065' prediction.modelResults.predictionError=CC(C)(C)OC(=O)C1=CC=CC=C1B1OC(C)(C)C(C)(C)O1: Molecule contains unsupported element
key='CC(C)(C)OC(=O)C1=CC=C(C=C1)B1OC(C)(C)C(C)(C)O1-1065' prediction.modelResults.predictionError=CC(C)(C)OC(=O)C1C=CC(=CC=1)B1OC(C)(C)C(C)(C)O1: Molecule contains unsupported element
key='CCCCCCCCC1(CCCCCCCC)C2=C(C=CC(=C2)B2OCCCO2)C2=C1C=C(C=C2)B1OCCCO1-1065' prediction.modelResults.predictionError=CCCCCCCCC1(CCCCCCCC)C2C=C(C=CC=2C2C=CC(=CC1=2)B1OCCCO1)B1OCCCO1: Molecule contains unsupported element
key='CCCCCCC=CCCCCCCCCCCCC(O)=O-1065' prediction.modelResults.predictionError=Number of atoms equals zero
key='CC1CCC(CC1)=CC(O)=O-1065' prediction.modelResults.predictionError=CC1CCC(CC1)=CC(O)=O failed standardization
key='ON1ONC(C(=N)N=N)=C1C#N-1065' prediction.modelResults.predictionError=ON1ONC(C(=N)N=N)=C1C#N failed standardization
key='CCCCCCC=CCCCCCCCCC(=O)OC-1065' prediction.modelResults.predictionError=Number of atoms equals zero
key='C[S+](C)[B-](Br)(Br)Br-1065' prediction.modelResults.predictionError=C[S+](C)[B-](Br)(Br)Br: Molecule contains unsupported element
key='OB(O)C1=CC(C=O)=CC(C=O)=C1-1065' prediction.modelResults.predictionError=OB(O)C1C=C(C=C(C=1)C=O)C=O: Molecule contains unsupported element
key='OB(O)C=CC1=CC=C(C=C1)[N+]([O-])=O-1065' prediction.modelResults.predictionError=[O-][N+](=O)C1C=CC(C=CB(O)O)=CC=1: Molecule contains unsupported element
key='CCCCCCCCCCB(O)O-1065' prediction.modelResults.predictionError=CCCCCCCCCCB(O)O: Molecule contains unsupported element
key='CC1=C(O)C=C(C=C1)B(O)O-1065' prediction.modelResults.predictionError=CC1C=CC(=CC=1O)B(O)O: Molecule contains unsupported element
key='CCCC(C)CB(O)O-1065' prediction.modelResults.predictionError=CCCC(C)CB(O)O: Molecule contains unsupported element
key='CC(C)OC1=C(Br)C=C(C)C=C1B(O)O-1065' prediction.modelResults.predictionError=CC1C=C(B(O)O)C(OC(C)C)=C(Br)C=1: Molecule contains unsupported element
key='CCN(CC)C(=O)C1=CC=CC=C1B(O)O-1065' prediction.modelResults.predictionError=CCN(CC)C(=O)C1=CC=CC=C1B(O)O: Molecule contains unsupported element
key='OB(O)C1=CSC=C1C=O-1065' prediction.modelResults.predictionError=OB(O)C1=CSC=C1C=O: Molecule contains unsupported element
key='OB(O)C1=CC(Cl)=C(Cl)C=C1Cl-1065' prediction.modelResults.predictionError=OB(O)C1=CC(Cl)=C(Cl)C=C1Cl: Molecule contains unsupported element
key='COC1=CC2=C(NC(=C2)B(O)O)C=C1-1065' prediction.modelResults.predictionError=COC1=CC2C=C(NC=2C=C1)B(O)O: Molecule contains unsupported element
key='OB(O)C1=C2OCOC2=CC=C1-1065' prediction.modelResults.predictionError=OB(O)C1C=CC=C2OCOC=12: Molecule contains unsupported element
key='OB(O)C1=CC=CC=C1N1CCOCC1-1065' prediction.modelResults.predictionError=OB(O)C1=CC=CC=C1N1CCOCC1: Molecule contains unsupported element
key='OB(O)C1=CC(=CC=C1)N1CCOCC1-1065' prediction.modelResults.predictionError=OB(O)C1=CC(=CC=C1)N1CCOCC1: Molecule contains unsupported element
key='CC1(C)OB(OC1(C)C)C1=CC=CC=C1N1CCOCC1-1065' prediction.modelResults.predictionError=CC1(C)OB(OC1(C)C)C1=CC=CC=C1N1CCOCC1: Molecule contains unsupported element
key='CC1(C)OB(OC1(C)C)C1=CC(=CC=C1)N1CCOCC1-1065' prediction.modelResults.predictionError=CC1(C)OB(OC1(C)C)C1=CC(=CC=C1)N1CCOCC1: Molecule contains unsupported element
key='CC1=NC=CC(=C1)B(O)O-1065' prediction.modelResults.predictionError=CC1C=C(C=CN=1)B(O)O: Molecule contains unsupported element
key='OB(O)C1=CC=CC=C1N1CCCCC1-1065' prediction.modelResults.predictionError=OB(O)C1=CC=CC=C1N1CCCCC1: Molecule contains unsupported element
key='CC1(C)OB(OC1(C)C)C1=CN=CN=C1-1065' prediction.modelResults.predictionError=CC1(C)OB(OC1(C)C)C1C=NC=NC=1: Molecule contains unsupported element
key='OB(O)C1=CC=CN1-1065' prediction.modelResults.predictionError=OB(O)C1=CC=CN1: Molecule contains unsupported element
key='OB(O)C1=CC2=C(C=C1)N=CC=C2-1065' prediction.modelResults.predictionError=OB(O)C1=CC2C=CC=NC=2C=C1: Molecule contains unsupported element
key='OB(O)C1=C(Cl)C(Cl)=C(Cl)C=C1-1065' prediction.modelResults.predictionError=OB(O)C1C=CC(Cl)=C(Cl)C=1Cl: Molecule contains unsupported element
key='CC(C)(C)C(=O)NC1=CC=CC=C1B(O)O-1065' prediction.modelResults.predictionError=CC(C)(C)C(=O)NC1=CC=CC=C1B(O)O: Molecule contains unsupported element
key='[SeH]C1=CC=C(Br)C=C1-1065' prediction.modelResults.predictionError=[SeH]C1=CC=C(Br)C=C1: Molecule contains unsupported element
key='OB(O)C1=C(F)C=C(Cl)C=C1-1065' prediction.modelResults.predictionError=OB(O)C1C=CC(Cl)=CC=1F: Molecule contains unsupported element
key='OB(O)C1=CC(C=O)=C(OCC2=CC=CC=C2)C=C1-1065' prediction.modelResults.predictionError=OB(O)C1=CC(C=O)=C(C=C1)OCC1C=CC=CC=1: Molecule contains unsupported element
key='COC1=C(Br)C=C(C)C=C1B(O)O-1065' prediction.modelResults.predictionError=CC1C=C(B(O)O)C(OC)=C(Br)C=1: Molecule contains unsupported element
key='C=CC[Ge](C1=CC=CC=C1)(C1=CC=CC=C1)C1=CC=CC=C1-1065' prediction.modelResults.predictionError=C=CC[Ge](C1C=CC=CC=1)(C1C=CC=CC=1)C1C=CC=CC=1: Molecule contains unsupported element
key='CC(C)OB(OC(C)C)C(Cl)Cl-1065' prediction.modelResults.predictionError=CC(C)OB(OC(C)C)C(Cl)Cl: Molecule contains unsupported element
key='CC1(C)COB(OC1)C1=CC=C(C=O)C=C1-1065' prediction.modelResults.predictionError=CC1(C)COB(OC1)C1C=CC(C=O)=CC=1: Molecule contains unsupported element
key='OB(O)C1=CC=C(C=C1)C(=O)C1=CC=CC=C1-1065' prediction.modelResults.predictionError=OB(O)C1C=CC(=CC=1)C(=O)C1C=CC=CC=1: Molecule contains unsupported element
key='CN(C)S(=O)(=O)C1=CC=CC=C1B(O)O-1065' prediction.modelResults.predictionError=CN(C)S(=O)(=O)C1=CC=CC=C1B(O)O: Molecule contains unsupported element
key='CN(CC1=CC=CC=C1B(O)O)C1=CC=CC(C)=C1-1065' prediction.modelResults.predictionError=CC1C=CC=C(C=1)N(C)CC1=CC=CC=C1B(O)O: Molecule contains unsupported element
key='COC1=C(Cl)C=C(C=C1Cl)B(O)O-1065' prediction.modelResults.predictionError=COC1C(Cl)=CC(=CC=1Cl)B(O)O: Molecule contains unsupported element
key='OB(O)C1=CC(Cl)=C(OCC2=CC=CC=C2)C(Cl)=C1-1065' prediction.modelResults.predictionError=OB(O)C1=CC(Cl)=C(OCC2C=CC=CC=2)C(Cl)=C1: Molecule contains unsupported element
key='COC1=CC=C(C=C1)C1=CC=C(C=C1)B(O)O-1065' prediction.modelResults.predictionError=COC1C=CC(=CC=1)C1C=CC(=CC=1)B(O)O: Molecule contains unsupported element
key='OB(O)C1=CC=C(C=C1)C1CC(=O)C1-1065' prediction.modelResults.predictionError=OB(O)C1C=CC(=CC=1)C1CC(=O)C1: Molecule contains unsupported element
key='OB(O)C1=C2C(=O)C3=CC=CC=C3C2=CC=C1-1065' prediction.modelResults.predictionError=OB(O)C1C=CC=C2C=1C(=O)C1=CC=CC=C12: Molecule contains unsupported element
key='CN(CC1=CC=CC=C1B(O)O)C1=CC=CC=C1-1065' prediction.modelResults.predictionError=CN(CC1=CC=CC=C1B(O)O)C1C=CC=CC=1: Molecule contains unsupported element
key='OB(O)C1=CC(=NO1)C1=CC=CC=C1-1065' prediction.modelResults.predictionError=OB(O)C1=CC(=NO1)C1C=CC=CC=1: Molecule contains unsupported element
key='CCC(=O)C1=CC=CC(=C1)B(O)O-1065' prediction.modelResults.predictionError=CCC(=O)C1C=C(C=CC=1)B(O)O: Molecule contains unsupported element
key='CCC(=O)C1=CC=C(C=C1)B(O)O-1065' prediction.modelResults.predictionError=CCC(=O)C1C=CC(=CC=1)B(O)O: Molecule contains unsupported element
key='CCCCCCC1=CC=C(C=C1)B(O)O-1065' prediction.modelResults.predictionError=CCCCCCC1=CC=C(C=C1)B(O)O: Molecule contains unsupported element
key='CCCCCCCC1=CC=C(C=C1)B(O)O-1065' prediction.modelResults.predictionError=CCCCCCCC1=CC=C(C=C1)B(O)O: Molecule contains unsupported element
key='CCCCCCCCC1=CC=C(C=C1)B(O)O-1065' prediction.modelResults.predictionError=CCCCCCCCC1=CC=C(C=C1)B(O)O: Molecule contains unsupported element
key='COC1=C(OC2CCCC2)C=C(C=C1)B(O)O-1065' prediction.modelResults.predictionError=COC1C=CC(=CC=1OC1CCCC1)B(O)O: Molecule contains unsupported element
key='CC1(C)COB(OC1)C1=CC=CC=C1C=O-1065' prediction.modelResults.predictionError=CC1(C)COB(OC1)C1=CC=CC=C1C=O: Molecule contains unsupported element
key='CC1=CC=CC=C1OCC1=CC=CC=C1B(O)O-1065' prediction.modelResults.predictionError=CC1=CC=CC=C1OCC1=CC=CC=C1B(O)O: Molecule contains unsupported element
key='COC1=CC(OC)=C(B(O)O)C(OC)=C1-1065' prediction.modelResults.predictionError=COC1C=C(C=C(OC)C=1B(O)O)OC: Molecule contains unsupported element
key='CCCCCCCCCOC1=CC=C(C=C1)B(O)O-1065' prediction.modelResults.predictionError=CCCCCCCCCOC1C=CC(=CC=1)B(O)O: Molecule contains unsupported element
key='OB(O)C1=CC=C(C=C1)C1CCCC1-1065' prediction.modelResults.predictionError=OB(O)C1C=CC(=CC=1)C1CCCC1: Molecule contains unsupported element
key='OB(O)C1=CC2=C(OC=C2)C=C1-1065' prediction.modelResults.predictionError=OB(O)C1=CC2C=COC=2C=C1: Molecule contains unsupported element
key='OB(O)C1=CC=C(C=C1)C1CC2(C1)OCCO2-1065' prediction.modelResults.predictionError=OB(O)C1C=CC(=CC=1)C1CC2(C1)OCCO2: Molecule contains unsupported element
key='OB(O)C1=CC=CC=C1CN1CCCCC1-1065' prediction.modelResults.predictionError=OB(O)C1=CC=CC=C1CN1CCCCC1: Molecule contains unsupported element
key='CCN(CC)CC1=CC=C(C=C1)B(O)O-1065' prediction.modelResults.predictionError=CCN(CC1=CC=C(C=C1)B(O)O)CC: Molecule contains unsupported element
key='C1COB(OC1)C1=CN=CC=C1-1065' prediction.modelResults.predictionError=C1CCOB(O1)C1=CN=CC=C1: Molecule contains unsupported element
key='OB(O)C1=CC2=CC=CC=C2N=C1Cl-1065' prediction.modelResults.predictionError=OB(O)C1=CC2=CC=CC=C2N=C1Cl: Molecule contains unsupported element
key='CC1=CC(C)=C(C=C1)B(O)O-1065' prediction.modelResults.predictionError=CC1=CC(C)=C(C=C1)B(O)O: Molecule contains unsupported element
key='OB(O)C1=C(OCC2=CC=CC=C2)C=CC(Cl)=C1-1065' prediction.modelResults.predictionError=OB(O)C1C=C(Cl)C=CC=1OCC1C=CC=CC=1: Molecule contains unsupported element
key='COC1=CC(C=O)=CC(OC)=C1B(O)O-1065' prediction.modelResults.predictionError=COC1=CC(C=O)=CC(OC)=C1B(O)O: Molecule contains unsupported element
key='CC1=CC(=CC(C)=C1OCC1=CC=CC=C1)B(O)O-1065' prediction.modelResults.predictionError=CC1C=C(C=C(C)C=1OCC1C=CC=CC=1)B(O)O: Molecule contains unsupported element
key='OB(O)C1=CC=C(S1)C#N-1065' prediction.modelResults.predictionError=N#CC1=CC=C(S1)B(O)O: Molecule contains unsupported element
key='CC(C)(C)OC(=O)N1C(=CC2=C1C=CC(Cl)=C2)B(O)O-1065' prediction.modelResults.predictionError=CC(C)(C)OC(=O)N1C(=CC2C=C(Cl)C=CC1=2)B(O)O: Molecule contains unsupported element
key='OB(O)C1=CC=C(OCC2CC2)C=C1-1065' prediction.modelResults.predictionError=OB(O)C1C=CC(=CC=1)OCC1CC1: Molecule contains unsupported element
key='OB(O)C1=CC(OCC2CC2)=CC=C1-1065' prediction.modelResults.predictionError=OB(O)C1=CC(=CC=C1)OCC1CC1: Molecule contains unsupported element
key='OB(O)C1=CC=CC=C1OCC1CC1-1065' prediction.modelResults.predictionError=OB(O)C1=CC=CC=C1OCC1CC1: Molecule contains unsupported element
key='COC1=CC=C(B(O)O)C2=CC=CC=C12-1065' prediction.modelResults.predictionError=COC1=CC=C(B(O)O)C2=CC=CC=C21: Molecule contains unsupported element
key='COC1=C(B(O)O)C2=CC=CC=C2C=C1-1065' prediction.modelResults.predictionError=COC1C=CC2=CC=CC=C2C=1B(O)O: Molecule contains unsupported element
key='CC1=CC=C(C=C1)B(C1=CC=C(C)C=C1)C1=CC=C(C)C=C1-1065' prediction.modelResults.predictionError=CC1C=CC(=CC=1)B(C1C=CC(C)=CC=1)C1C=CC(C)=CC=1: Molecule contains unsupported element
key='CCCOC1=CC=CC=C1B(O)O-1065' prediction.modelResults.predictionError=CCCOC1=CC=CC=C1B(O)O: Molecule contains unsupported element
key='I[Yb]I-1065' prediction.modelResults.predictionError=I[Yb]I failed standardization
key='CC(C)(C)OC(=O)N1C(=CC2=C1C=CC(=C2)C#N)B(O)O-1065' prediction.modelResults.predictionError=CC(C)(C)OC(=O)N1C(=CC2C=C(C=CC1=2)C#N)B(O)O: Molecule contains unsupported element
key='CCCCC(CC)CC1(CC(CC)CCCC)C2=C(C=CC(=C2)B2OCCCO2)C2=C1C=C(C=C2)B1OCCCO1-1065' prediction.modelResults.predictionError=CCCCC(CC1(CC(CCCC)CC)C2C=C(C=CC=2C2C=CC(=CC1=2)B1OCCCO1)B1OCCCO1)CC: Molecule contains unsupported element
key='CCOC1=C(C=CC(Cl)=C1)B(O)O-1065' prediction.modelResults.predictionError=CCOC1C=C(Cl)C=CC=1B(O)O: Molecule contains unsupported element
key='CCCCCC1COB(OC1)C1=CC(F)=C(C=C1)C(O)=O-1065' prediction.modelResults.predictionError=CCCCCC1COB(OC1)C1=CC(F)=C(C=C1)C(O)=O: Molecule contains unsupported element
key='CCCOC1=C(Br)C=C(C)C=C1B(O)O-1065' prediction.modelResults.predictionError=CC1C=C(B(O)O)C(OCCC)=C(Br)C=1: Molecule contains unsupported element
key='[Mo].Cl[Hg].[C-]#[O+].[C-]#[O+].[C-]#[O+].[CH-]1[C-]=[C-][C-]=[C-]1-1065' prediction.modelResults.predictionError=[Mo].Cl[Hg].[C-]#[O+].[C-]#[O+].[C-]#[O+].[CH-]1[C-]=[C-][C-]=[C-]1: model can't run mixtures
key='CCCCCCCCC1(CCCCCCCC)C2=C(C=CC(=C2)B(O)O)C2=C1C=C(C=C2)B(O)O-1065' prediction.modelResults.predictionError=CCCCCCCCC1(CCCCCCCC)C2C=C(C=CC=2C2C=CC(=CC1=2)B(O)O)B(O)O: Molecule contains unsupported element
key='CC(=O)NC1C(O)CC(OCC2OC(OC3C(O)C(CO)OC(OC(C(O)CO)C(O)C(O)C=O)C3O)C(NC(C)=O)C(OC3OC(CO)C(O)C(O)C3O)C2O)(OC1C(O)C(O)CO)C(O)=O-1065' prediction.modelResults.predictionError=Number of atoms equals zero
key='CN1C2=CC=CC=C2C(=NC(=NO)C1=O)C1=CC=CC=C1-1065' prediction.modelResults.predictionError=CN1C2=CC=CC=C2C(=NC(=NO)C1=O)C1=CC=CC=C1 failed standardization
key='[K+].CCC(C)[BH-](C(C)CC)C(C)CC-1065' prediction.modelResults.predictionError=CC(CC)B(C(C)CC)C(C)CC: Molecule contains unsupported element
key='CCCCCCCOC1=CC=C(C=C1)B(O)O-1065' prediction.modelResults.predictionError=CCCCCCCOC1C=CC(=CC=1)B(O)O: Molecule contains unsupported element
key='CCCCOC1=C(Br)C=C(C)C=C1B(O)O-1065' prediction.modelResults.predictionError=CC1C=C(B(O)O)C(OCCCC)=C(Br)C=1: Molecule contains unsupported element
key='NC1=C(Cl)C=CC(=C1)B(O)O-1065' prediction.modelResults.predictionError=NC1C=C(C=CC=1Cl)B(O)O: Molecule contains unsupported element
key='CC(C)(C)[Se]C(C)(C)C-1065' prediction.modelResults.predictionError=CC(C)(C)[Se]C(C)(C)C: Molecule contains unsupported element
key='OB(O)C1=CC2=C(C=C1)C=C(O)C=C2-1065' prediction.modelResults.predictionError=OC1C=CC2C=C(C=CC=2C=1)B(O)O: Molecule contains unsupported element
key='CC1=C(C=C(C=C1B(O)O)[N+]([O-])=O)[N+]([O-])=O-1065' prediction.modelResults.predictionError=CC1C(=CC(=CC=1[N+]([O-])=O)[N+]([O-])=O)B(O)O: Molecule contains unsupported element
key='CC1(C)OB(OC1(C)C)C1=CC=CC=C1NS(C)(=O)=O-1065' prediction.modelResults.predictionError=CS(=O)(=O)NC1=CC=CC=C1B1OC(C)(C)C(C)(C)O1: Molecule contains unsupported element
key='CC1=CC=CC=C1CCB(O)O-1065' prediction.modelResults.predictionError=CC1=CC=CC=C1CCB(O)O: Molecule contains unsupported element
key='[O-][N+](=O)C1=C(Cl)C=CC2=N[Se]N=C12-1065' prediction.modelResults.predictionError=[O-][N+](=O)C1=C(Cl)C=CC2=N[Se]N=C21: Molecule contains unsupported element
key='OB(O)C1=CC(C=C)=CC=C1-1065' prediction.modelResults.predictionError=C=CC1C=C(C=CC=1)B(O)O: Molecule contains unsupported element
key='CC(C)CC=CB(O)O-1065' prediction.modelResults.predictionError=CC(C)CC=CB(O)O: Molecule contains unsupported element
key='Cl[Se](Cl)(Cl)C1=CC=CC=C1-1065' prediction.modelResults.predictionError=Cl[Se](Cl)(Cl)C1C=CC=CC=1: Molecule contains unsupported element
key='CC(C)(C)[Si](C)(C)N1C=CC2=C1C=CC(=C2)B(O)O-1065' prediction.modelResults.predictionError=CC(C)(C)[Si](C)(C)N1C=CC2C=C(C=CC1=2)B(O)O: Molecule contains unsupported element
key='CC(C)(C)[Si](C)(C)N1C=CC2=C1C=C(C=C2)B(O)O-1065' prediction.modelResults.predictionError=CC(C)(C)[Si](C)(C)N1C=CC2C=CC(=CC1=2)B(O)O: Molecule contains unsupported element
key='OB(O)C1=C(F)C(=CC=C1)C(O)=O-1065' prediction.modelResults.predictionError=OC(=O)C1=CC=CC(B(O)O)=C1F: Molecule contains unsupported element
key='OB(O)C1=C(F)C=C(Cl)C=C1F-1065' prediction.modelResults.predictionError=OB(O)C1C(F)=CC(Cl)=CC=1F: Molecule contains unsupported element
key='OB(O)C1=CC2=C(N1)C=CC(Cl)=C2-1065' prediction.modelResults.predictionError=OB(O)C1=CC2C=C(Cl)C=CC=2N1: Molecule contains unsupported element
key='OB(O)C1=CC(Cl)=CS1-1065' prediction.modelResults.predictionError=OB(O)C1=CC(Cl)=CS1: Molecule contains unsupported element
key='OB(O)C1=C(O)C=CC(F)=C1F-1065' prediction.modelResults.predictionError=OC1C=CC(F)=C(F)C=1B(O)O: Molecule contains unsupported element
key='OB(O)C1=CC(F)=CC(F)=C1O-1065' prediction.modelResults.predictionError=OC1C(=CC(F)=CC=1F)B(O)O: Molecule contains unsupported element
key='COC1=C(B(O)O)C(F)=C(F)C=C1-1065' prediction.modelResults.predictionError=COC1C=CC(F)=C(F)C=1B(O)O: Molecule contains unsupported element
key='COC1=CC(=CC(OC)=C1)B(O)O-1065' prediction.modelResults.predictionError=COC1C=C(C=C(C=1)OC)B(O)O: Molecule contains unsupported element
key='COC1=CC=CC(N(C)C)=C1B(O)O-1065' prediction.modelResults.predictionError=CN(C)C1C=CC=C(OC)C=1B(O)O: Molecule contains unsupported element
key='CN(C)C1=CC=CC=C1B(O)O-1065' prediction.modelResults.predictionError=CN(C)C1=CC=CC=C1B(O)O: Molecule contains unsupported element
key='OCC1=CC=CC=C1B(O)O-1065' prediction.modelResults.predictionError=OCC1=CC=CC=C1B(O)O: Molecule contains unsupported element
key='OCC1=CC=C(O1)B(O)O-1065' prediction.modelResults.predictionError=OCC1=CC=C(O1)B(O)O: Molecule contains unsupported element
key='OCC1=CC=C(S1)B(O)O-1065' prediction.modelResults.predictionError=OCC1=CC=C(S1)B(O)O: Molecule contains unsupported element
key='OB(O)C1=CC=CC=C1S-1065' prediction.modelResults.predictionError=OB(O)C1=CC=CC=C1S: Molecule contains unsupported element
key='COC(=O)C1=C(C=CC=C1F)B(O)O-1065' prediction.modelResults.predictionError=COC(=O)C1C(F)=CC=CC=1B(O)O: Molecule contains unsupported element
key='COC(=O)C1=C(C=C(F)C=C1)B(O)O-1065' prediction.modelResults.predictionError=COC(=O)C1C=CC(F)=CC=1B(O)O: Molecule contains unsupported element
key='CC(C)(C)OC(=O)C1=CC=CC=C1B1OC(C)(C)C(C)(C)O1-1065' prediction.modelResults.predictionError=CC(C)(C)OC(=O)C1=CC=CC=C1B1OC(C)(C)C(C)(C)O1: Molecule contains unsupported element
key='CC(C)(C)OC(=O)C1=CC=C(C=C1)B1OC(C)(C)C(C)(C)O1-1065' prediction.modelResults.predictionError=CC(C)(C)OC(=O)C1C=CC(=CC=1)B1OC(C)(C)C(C)(C)O1: Molecule contains unsupported element
key='CCCCCCCCC1(CCCCCCCC)C2=C(C=CC(=C2)B2OCCCO2)C2=C1C=C(C=C2)B1OCCCO1-1065' prediction.modelResults.predictionError=CCCCCCCCC1(CCCCCCCC)C2C=C(C=CC=2C2C=CC(=CC1=2)B1OCCCO1)B1OCCCO1: Molecule contains unsupported element
key='CCCCCCC=CCCCCCCCCCCCC(O)=O-1065' prediction.modelResults.predictionError=Number of atoms equals zero
key='CSC1=NC(N)=C(N=O)C(=O)N1C-1065' prediction.modelResults.predictionError=Number of atoms equals zero
key='CCOC1=CC=C([Te][Te]C2=CC=C(OCC)C=C2)C=C1-1065' prediction.modelResults.predictionError=CCOC1C=CC(=CC=1)[Te][Te]C1C=CC(=CC=1)OCC: Molecule contains unsupported element
key='CCCC[Sb](Br)(Br)(CCCC)CCCC-1065' prediction.modelResults.predictionError=CCCC[Sb](Br)(Br)(CCCC)CCCC: Molecule contains unsupported element
key='CCCCOB1OB(OCCCC)OB(OCCCC)O1-1065' prediction.modelResults.predictionError=CCCCOB1OB(OB(O1)OCCCC)OCCCC: Molecule contains unsupported element
key='ClB(C1CCCCC1)C1CCCCC1-1065' prediction.modelResults.predictionError=ClB(C1CCCCC1)C1CCCCC1: Molecule contains unsupported element
key='I[Rh](I)I-1065' prediction.modelResults.predictionError=I[Rh](I)I failed standardization
key='OB(O)C1=CC=C(S)C=C1-1065' prediction.modelResults.predictionError=OB(O)C1C=CC(S)=CC=1: Molecule contains unsupported element
key='CC1(C)OB(OC1(C)C)C1=CC=C(CCN2CCOCC2)C=C1-1065' prediction.modelResults.predictionError=CC1(C)OB(OC1(C)C)C1=CC=C(CCN2CCOCC2)C=C1: Molecule contains unsupported element
key='CCCCC=CCCCCCCCCC(=O)OC-1065' prediction.modelResults.predictionError=Number of atoms equals zero
key='CC(C)C1COC(=N1)C1=CC=CC=C1P(C1=CC=CC=C1)C1=CC=CC=C1-1065' prediction.modelResults.predictionError=Number of atoms equals zero
key='CCCOC1=CC=C(C=C1)B(O)O-1065' prediction.modelResults.predictionError=CCCOC1C=CC(=CC=1)B(O)O: Molecule contains unsupported element
key='CCCCB(Cl)Cl-1065' prediction.modelResults.predictionError=CCCCB(Cl)Cl: Molecule contains unsupported element
key='O.O.[Fe++]-1065' prediction.modelResults.predictionError=O.O.[Fe++] failed standardization
key='O.[Mn++]-1065' prediction.modelResults.predictionError=O.[Mn++] failed standardization
key='C[Pb](C1=CC=CC=C1)(C1=CC=CC=C1)C1=CC=CC=C1-1065' prediction.modelResults.predictionError=C[Pb](C1C=CC=CC=1)(C1C=CC=CC=1)C1C=CC=CC=1: Molecule contains unsupported element
key='CC1=CC=C(C=C1)C1(O)C2=CC=CC=C2[Te]C2=CC=CC=C12-1065' prediction.modelResults.predictionError=CC1C=CC(=CC=1)C1(O)C2=CC=CC=C2[Te]C2=CC=CC=C12: Molecule contains unsupported element
key='CCCCCCC1(CCCCCC)C2=C(C=CC(=C2)B(O)O)C2=C1C=C(C=C2)B(O)O-1065' prediction.modelResults.predictionError=CCCCCCC1(CCCCCC)C2C=C(C=CC=2C2C=CC(=CC1=2)B(O)O)B(O)O: Molecule contains unsupported element
key='FC(F)(F)[Ge](I)(C(F)(F)F)C(F)(F)F-1065' prediction.modelResults.predictionError=FC(F)(F)[Ge](I)(C(F)(F)F)C(F)(F)F: Molecule contains unsupported element
key='IB(C1CCCCC1)C1CCCCC1-1065' prediction.modelResults.predictionError=IB(C1CCCCC1)C1CCCCC1: Molecule contains unsupported element
key='COC1=C(C=C(Br)C=C1)B(O)O-1065' prediction.modelResults.predictionError=COC1C=CC(Br)=CC=1B(O)O: Molecule contains unsupported element
key='Br[Te]C1=CC=CC=C1C=O-1065' prediction.modelResults.predictionError=O=CC1=CC=CC=C1[Te]Br: Molecule contains unsupported element
key='COC1=CC=C(C=C1)[Te](Cl)=O-1065' prediction.modelResults.predictionError=COC1C=CC(=CC=1)[Te](=O)Cl: Molecule contains unsupported element
key='CC(C)N=C1C=CC(C=C1)=NC1=CC=CC=C1-1065' prediction.modelResults.predictionError=CC(C)N=C1C=CC(C=C1)=NC1=CC=CC=C1 failed standardization
key='[W].[C-]#[O+].[C-]#[O+].[C-]#[O+].[CH-]1[C-]=[C-][C-]=[C-]1.CC(C=C)S([O-])=O-1065' prediction.modelResults.predictionError=[W].[C-]#[O+].[C-]#[O+].[C-]#[O+].[CH-]1[C-]=[C-][C-]=[C-]1.CC(C=C)S([O-])=O: model can't run mixtures
key='C[OH2+].Cl[Cu+].Cl[Cu+].[NH-]CCC([OH2+])CC[NH-]-1065' prediction.modelResults.predictionError=C[OH2+].Cl[Cu+].Cl[Cu+].[NH-]CCC([OH2+])CC[NH-]: model can't run mixtures
key='CC1=CC(=CC=C1)[Pb](C1=CC=CC(C)=C1)(C1=CC=CC(C)=C1)C1=CC=CC(C)=C1-1065' prediction.modelResults.predictionError=CC1=CC(=CC=C1)[Pb](C1C=C(C)C=CC=1)(C1C=C(C)C=CC=1)C1C=C(C)C=CC=1: Molecule contains unsupported element
key='F[Bi](F)(C1=CC=CC=C1)(C1=CC=CC=C1)C1=CC=CC=C1-1065' prediction.modelResults.predictionError=F[Bi](F)(C1C=CC=CC=1)(C1C=CC=CC=1)C1C=CC=CC=1: Molecule contains unsupported element
key='C[Si](C)(C)C1=CC=CC(=C1)B(O)O-1065' prediction.modelResults.predictionError=C[Si](C)(C)C1C=C(C=CC=1)B(O)O: Molecule contains unsupported element
key='OB(O)C1=CC=CC=C1C1=CC=CC=C1-1065' prediction.modelResults.predictionError=OB(O)C1=CC=CC=C1C1C=CC=CC=1: Molecule contains unsupported element
key='OB(O)C1=CC=C(C=C1)C1CCCCC1-1065' prediction.modelResults.predictionError=OB(O)C1C=CC(=CC=1)C1CCCCC1: Molecule contains unsupported element
key='COC1=C(C=C(C=C1)C(C)C)B(O)O-1065' prediction.modelResults.predictionError=COC1C=CC(=CC=1B(O)O)C(C)C: Molecule contains unsupported element
key='CCCCCC1=CC=C(C=C1)B(O)O-1065' prediction.modelResults.predictionError=CCCCCC1=CC=C(C=C1)B(O)O: Molecule contains unsupported element
key='CCCCCCCCCC1=CC=C(C=C1)B(O)O-1065' prediction.modelResults.predictionError=CCCCCCCCCC1=CC=C(C=C1)B(O)O: Molecule contains unsupported element
key='[W].[C-]#[O+].[C-]#[O+].[C-]#[O+].[C-]#[O+].C1=CC2=C(N=C1)C1=C(C=CC=N1)C=C2-1065' prediction.modelResults.predictionError=[W].[C-]#[O+].[C-]#[O+].[C-]#[O+].[C-]#[O+].C1=CC2=C(N=C1)C1=C(C=CC=N1)C=C2: model can't run mixtures
key='CC1(C)OB(OC1(C)C)C1=CC=C(NC(=O)OCC2=CC=CC=C2)C=C1-1065' prediction.modelResults.predictionError=CC1(C)OB(OC1(C)C)C1C=CC(=CC=1)NC(=O)OCC1C=CC=CC=1: Molecule contains unsupported element
key='COC1=CC=C([Te]C2=CC=C(OC)C=C2)C=C1-1065' prediction.modelResults.predictionError=COC1C=CC(=CC=1)[Te]C1C=CC(=CC=1)OC: Molecule contains unsupported element
key='OP(O)(=O)C1=C(Br)C2=CC=CC=C2[Se]1-1065' prediction.modelResults.predictionError=OP(O)(=O)C1[Se]C2=CC=CC=C2C=1Br: Molecule contains unsupported element
key='[Co].OC(O)=O.[NH-]CCN(CC[NH-])CC[NH-]-1065' prediction.modelResults.predictionError=[Co].OC(O)=O.[NH-]CCN(CC[NH-])CC[NH-]: model can't run mixtures
key='ClC1=CC=C(C=C1)[Bi](Cl)(Cl)(C1=CC=C(Cl)C=C1)C1=CC=C(Cl)C=C1-1065' prediction.modelResults.predictionError=Cl[Bi](Cl)(C1C=CC(Cl)=CC=1)(C1C=CC(Cl)=CC=1)C1C=CC(Cl)=CC=1: Molecule contains unsupported element
key='CCOC1=C(C=C(C)C=C1)B(O)O-1065' prediction.modelResults.predictionError=CC1C=CC(OCC)=C(C=1)B(O)O: Molecule contains unsupported element
key='OC(=O)C1=C[Se]C=C1-1065' prediction.modelResults.predictionError=OC(=O)C1C=C[Se]C=1: Molecule contains unsupported element
key='OB(O)C1=CC(NC(=O)CI)=CC=C1-1065' prediction.modelResults.predictionError=OB(O)C1=CC(=CC=C1)NC(=O)CI: Molecule contains unsupported element
key='COC1=CC2=C(C=C1)C=C(C=C2)B(O)O-1065' prediction.modelResults.predictionError=COC1=CC2C=CC(=CC=2C=C1)B(O)O: Molecule contains unsupported element
key='CCOC1=CC2=C(C=C1)C=C(C=C2)B(O)O-1065' prediction.modelResults.predictionError=CCOC1=CC2C=CC(=CC=2C=C1)B(O)O: Molecule contains unsupported element
key='CC(C)(C)OC(=O)N1CCC(=CC1)B1OC(C)(C)C(C)(C)O1-1065' prediction.modelResults.predictionError=CC(C)(C)OC(=O)N1CCC(=CC1)B1OC(C)(C)C(C)(C)O1: Molecule contains unsupported element
key='[Mo].[C-]#[O+].[C-]#[O+].[CH-]1[C-]=[C-][C-]=[C-]1.CC1=CC=C(C=C1)N=[N-]-1065' prediction.modelResults.predictionError=[Mo].[C-]#[O+].[C-]#[O+].[CH-]1[C-]=[C-][C-]=[C-]1.CC1=CC=C(C=C1)N=[N-]: model can't run mixtures
key='[Mo].[C-]#[O+].[C-]#[O+].[CH-]1[C-]=[C-][C-]=[C-]1.[O-][N+](=O)C1=CC=C(C=C1)N=[N-]-1065' prediction.modelResults.predictionError=[Mo].[C-]#[O+].[C-]#[O+].[CH-]1[C-]=[C-][C-]=[C-]1.[O-][N+](=O)C1=CC=C(C=C1)N=[N-]: model can't run mixtures
key='[W].[C-]#[O+].CCC#CCC.CCC#CCC.CCC#CCC-1065' prediction.modelResults.predictionError=[W].[C-]#[O+].CCC#CCC.CCC#CCC.CCC#CCC: model can't run mixtures
key='[Mo].[C-]#[O+].[C-]#[O+].[CH-]1[C-]=[C-][C-]=[C-]1.COC1=CC=C(C=C1)N=[N-]-1065' prediction.modelResults.predictionError=[Mo].[C-]#[O+].[C-]#[O+].[CH-]1[C-]=[C-][C-]=[C-]1.COC1=CC=C(C=C1)N=[N-]: model can't run mixtures
key='CC1(C)OB(OC1(C)C)C1=CC=C(OCCCN2CCOCC2)C=C1-1065' prediction.modelResults.predictionError=CC1(C)OB(OC1(C)C)C1=CC=C(C=C1)OCCCN1CCOCC1: Molecule contains unsupported element
key='N1C=NC2=C1C(S[Sn](C1=CC=CC=C1)(C1=CC=CC=C1)C1=CC=CC=C1)=NC=N2-1065' prediction.modelResults.predictionError=Number of atoms equals zero
key='S=C1NCC[Se]1-1065' prediction.modelResults.predictionError=S=C1NCC[Se]1: Molecule contains unsupported element
key='OB(O)C1=CC2=NON=C2C=C1-1065' prediction.modelResults.predictionError=OB(O)C1=CC2=NON=C2C=C1: Molecule contains unsupported element
key='CC1(C)OB(CSC2=CC=CC=C2)OC1(C)C-1065' prediction.modelResults.predictionError=CC1(C)OB(CSC2C=CC=CC=2)OC1(C)C: Molecule contains unsupported element
key='NC1=CC(B(O)O)=C(F)C=C1-1065' prediction.modelResults.predictionError=NC1=CC(B(O)O)=C(F)C=C1: Molecule contains unsupported element
key='OB(O)C1=C2OCCOC2=CC=C1-1065' prediction.modelResults.predictionError=OB(O)C1C=CC=C2OCCOC=12: Molecule contains unsupported element
key='OB(O)C1=CC2=C(C=C1)N=CS2-1065' prediction.modelResults.predictionError=OB(O)C1=CC2SC=NC=2C=C1: Molecule contains unsupported element
key='CCCCCOC1=CC=C(C=C1)B(O)O-1065' prediction.modelResults.predictionError=CCCCCOC1C=CC(=CC=1)B(O)O: Molecule contains unsupported element
key='[C-]#[O+].I[Co]I.[CH-]1[C-]=[C-][C-]=[C-]1-1065' prediction.modelResults.predictionError=[C-]#[O+].I[Co]I.[CH-]1[C-]=[C-][C-]=[C-]1: model can't run mixtures
key='ClC1=CC=C(C=C1)B(C1=CC=C(Cl)C=C1)C1=CC=C(Cl)C=C1-1065' prediction.modelResults.predictionError=ClC1C=CC(=CC=1)B(C1C=CC(Cl)=CC=1)C1C=CC(Cl)=CC=1: Molecule contains unsupported element
key='CN(C(=O)OC(C)(C)C)C1=CC=C(C=C1)B1OC(C)(C)C(C)(C)O1-1065' prediction.modelResults.predictionError=CC(C)(C)OC(=O)N(C)C1C=CC(=CC=1)B1OC(C)(C)C(C)(C)O1: Molecule contains unsupported element
key='CN(C)C(=O)C1=CC=C(C=C1)B1OC(C)(C)C(C)(C)O1-1065' prediction.modelResults.predictionError=CN(C)C(=O)C1C=CC(=CC=1)B1OC(C)(C)C(C)(C)O1: Molecule contains unsupported element
key='CC1=C2N=CC=CC2=C(C=C1)B(O)O-1065' prediction.modelResults.predictionError=CC1C=CC(B(O)O)=C2C=CC=NC2=1: Molecule contains unsupported element
key='OB(O)C1=CC(=CN=C1)B(O)O-1065' prediction.modelResults.predictionError=OB(O)C1C=NC=C(C=1)B(O)O: Molecule contains unsupported element
key='[Fe++].OB(O)C1=CC=C[CH-]1.OB(O)C1=CC=C[CH-]1-1065' prediction.modelResults.predictionError=OB(O)C1[CH-]C=CC=1: Molecule contains unsupported element
key='CN1N=C(C)C=C1B1OC(C)(C)C(C)(C)O1-1065' prediction.modelResults.predictionError=CC1C=C(B2OC(C)(C)C(C)(C)O2)N(C)N=1: Molecule contains unsupported element
key='CN1N=CC=C1B1OC(C)(C)C(C)(C)O1-1065' prediction.modelResults.predictionError=CN1N=CC=C1B1OC(C)(C)C(C)(C)O1: Molecule contains unsupported element
key='CC1=CC=C(C=C1)C1=C[Se]N=N1-1065' prediction.modelResults.predictionError=CC1C=CC(=CC=1)C1=C[Se]N=N1: Molecule contains unsupported element
key='CC1=C(B(O)O)C(=NO1)C1=CC=CC=C1-1065' prediction.modelResults.predictionError=CC1ON=C(C=1B(O)O)C1C=CC=CC=1: Molecule contains unsupported element
key='CC1(C)OB(OC1(C)C)C1=CC(=CC=C1)N1C=CC=N1-1065' prediction.modelResults.predictionError=CC1(C)OB(OC1(C)C)C1=CC(=CC=C1)N1C=CC=N1: Molecule contains unsupported element
key='CC1(C)OB(OC1(C)C)C1=CC=C(C=C1)N1CCCCC1-1065' prediction.modelResults.predictionError=CC1(C)OB(OC1(C)C)C1C=CC(=CC=1)N1CCCCC1: Molecule contains unsupported element
key='CC1(C)OB(OC1(C)C)C1=CC(=CC=C1)N1CCCCC1-1065' prediction.modelResults.predictionError=CC1(C)OB(OC1(C)C)C1=CC(=CC=C1)N1CCCCC1: Molecule contains unsupported element
key='OB(O)C1=CC=C(C=C1)C(=O)NCC1=CC=CO1-1065' prediction.modelResults.predictionError=OB(O)C1C=CC(=CC=1)C(=O)NCC1=CC=CO1: Molecule contains unsupported element
key='OCC1OC(OCC2=CC=CC=C2)C(O)C(O)C1O-1065' prediction.modelResults.predictionError=Number of atoms equals zero
key='COC1=CC=CC(B(O)O)=C1F-1065' prediction.modelResults.predictionError=COC1=CC=CC(B(O)O)=C1F: Molecule contains unsupported element
key='CC1(C)OB(OC1(C)C)C1=CC(C=O)=CN=C1-1065' prediction.modelResults.predictionError=CC1(C)OB(OC1(C)C)C1C=NC=C(C=O)C=1: Molecule contains unsupported element
key='COC(=O)CCC1=CC=CC(=C1)B(O)O-1065' prediction.modelResults.predictionError=COC(=O)CCC1C=C(C=CC=1)B(O)O: Molecule contains unsupported element
key='CC1=C(Cl)C(B(O)O)=C(F)C=C1-1065' prediction.modelResults.predictionError=CC1C=CC(F)=C(B(O)O)C=1Cl: Molecule contains unsupported element
key='CC(C)(C)NS(=O)(=O)C1=CC=CC=C1B(O)O-1065' prediction.modelResults.predictionError=CC(C)(C)NS(=O)(=O)C1=CC=CC=C1B(O)O: Molecule contains unsupported element
key='C1=CC=C2C(C=CC=C2[Sb](C2=CC=CC3=CC=CC=C23)C2=CC=CC3=CC=CC=C23)=C1-1065' prediction.modelResults.predictionError=C1=CC=CC2C(=CC=CC=21)[Sb](C1=CC=CC2=CC=CC=C21)C1=CC=CC2=CC=CC=C21: Molecule contains unsupported element
key='OB(O)C(=C)C1=CC=CC=C1-1065' prediction.modelResults.predictionError=C=C(B(O)O)C1C=CC=CC=1: Molecule contains unsupported element
key='OB(O)C1=CC(=C(Cl)C=C1)[N+]([O-])=O-1065' prediction.modelResults.predictionError=[O-][N+](=O)C1C=C(C=CC=1Cl)B(O)O: Molecule contains unsupported element
key='CC1=C(C=CC(Cl)=C1)B(O)O-1065' prediction.modelResults.predictionError=CC1C=C(Cl)C=CC=1B(O)O: Molecule contains unsupported element
key='OB(O)C1=CC=C(OC2CCCCO2)C=C1-1065' prediction.modelResults.predictionError=OB(O)C1C=CC(=CC=1)OC1CCCCO1: Molecule contains unsupported element
key='CC(C)OB1OC(C)(C)C(C)(C)O1-1065' prediction.modelResults.predictionError=CC(C)OB1OC(C)(C)C(C)(C)O1: Molecule contains unsupported element
key='[Ti+4].C[N-]C.C[N-]C.CC[N-]CC.CC[N-]CC-1065' prediction.modelResults.predictionError=[Ti+4].C[N-]C.C[N-]C.CC[N-]CC.CC[N-]CC: model can't run mixtures
key='CC1(C)OB(OC1(C)C)C1=CC2=C(OC=CC2=O)C=C1-1065' prediction.modelResults.predictionError=CC1(C)OB(OC1(C)C)C1=CC2C(=O)C=COC=2C=C1: Molecule contains unsupported element
key='[W].[C-]#[O+].[C-]#[O+].[C-]#[O+].[C-]#[O+].[C-]#[O+].[NH-]C1CCCCC1-1065' prediction.modelResults.predictionError=[W].[C-]#[O+].[C-]#[O+].[C-]#[O+].[C-]#[O+].[C-]#[O+].[NH-]C1CCCCC1: model can't run mixtures
key='[Re].[C-]#[O+].[C-]#[O+].[C-]#[O+].[C-]#[O+].C[C-]=O.C[C-]=O-1065' prediction.modelResults.predictionError=[Re].[C-]#[O+].[C-]#[O+].[C-]#[O+].[C-]#[O+].C[C-]=O.C[C-]=O failed standardization
key='CCCCCCCCOC1=CC2=C3\\N=C4/N=C(/N=C5\\N6\\C(=N/C7=N/C(=N\\C(N3[Si]6(O)O)=C2C=C1OCCCCCCCC)/C1=CC(OCCCCCCCC)=C(OCCCCCCCC)C=C71)C1=CC(OCCCCCCCC)=C(OCCCCCCCC)C=C51)C1=CC(OCCCCCCCC)=C(OCCCCCCCC)C=C41-1065' prediction.modelResults.predictionError={"timestamp":"2026-03-17T09:22:01.143+00:00","status":400,"error":"Bad Request","message":"400 BAD_REQUEST","path":"/api/descriptors"}
run=1	request=76	smiles=<batch-level>	error=batch failed but single-smile checks passed: HTTPConnectionPool(host='192.168.1.7', port=5004): Read timed out. (read timeout=600)
key='COC(=O)C(C)P(=O)(C1=CC=CC=C1)C1=CC=CC=C1-1065' prediction.modelResults.predictionError=Number of atoms equals zero
key='CC1(C)OB(OC1(C)C)C1=CC=C(OCC2=CC=CC=C2)C=C1-1065' prediction.modelResults.predictionError=CC1(C)OB(OC1(C)C)C1C=CC(=CC=1)OCC1C=CC=CC=1: Molecule contains unsupported element
key='[Li+].CC(C)C(C)[BH-](C(C)C(C)C)C(C)C(C)C-1065' prediction.modelResults.predictionError=CC(C)C(C)B(C(C)C(C)C)C(C)C(C)C: Molecule contains unsupported element
key='[O-]C(=O)C1=CC(NC2=NC(=CS2)C2=CC=CC=N2)=CC=C1-1065' prediction.modelResults.predictionError=N#C[Se]C1C=CC(Cl)=CC=1: Molecule contains unsupported element
key='CO[Si](CCCN(C)CCC[Si](OC)(OC)OC)(OC)OC-1065' prediction.modelResults.predictionError=[Se]=P1([Se]P(=[Se])([Se]1)C1C=CC=CC=1)C1C=CC=CC=1: Molecule contains unsupported element
key='CCCCB1OC(C(O1)C(=O)N(C)C)C(=O)N(C)C-1065' prediction.modelResults.predictionError=CCCCB1OC(C(O1)C(=O)N(C)C)C(=O)N(C)C: Molecule contains unsupported element
key='O[Se](=O)C1=CC=C(Cl)C=C1-1065' prediction.modelResults.predictionError=O[Se](=O)C1C=CC(Cl)=CC=1: Molecule contains unsupported element
key='CC1=CC(C)=C(C)C=C1B(O)O-1065' prediction.modelResults.predictionError=CC1C=C(B(O)O)C(C)=CC=1C: Molecule contains unsupported element
key='CC1=CSC=C1B(O)O-1065' prediction.modelResults.predictionError=CC1=CSC=C1B(O)O: Molecule contains unsupported element
key='CC(C)OC1=CC=CC(=C1)B(O)O-1065' prediction.modelResults.predictionError=CC(C)OC1C=C(C=CC=1)B(O)O: Molecule contains unsupported element
key='CC(C)OC1=CC=CC=C1B(O)O-1065' prediction.modelResults.predictionError=CC(C)OC1=CC=CC=C1B(O)O: Molecule contains unsupported element
key='CCCCOC1=CC=CC=C1B(O)O-1065' prediction.modelResults.predictionError=CCCCOC1=CC=CC=C1B(O)O: Molecule contains unsupported element
key='CCCCOC1=CC=CC(=C1)B(O)O-1065' prediction.modelResults.predictionError=CCCCOC1C=C(C=CC=1)B(O)O: Molecule contains unsupported element
key='OB(O)C1=C2C=CC3=CC=CC4=C3C2=C(C=C4)C=C1-1065' prediction.modelResults.predictionError=OB(O)C1C=CC2=CC=C3C=CC=C4C=CC=1C2=C43: Molecule contains unsupported element
key='C[Si](C)(C)CB(C[Si](C)(C)C)C[Si](C)(C)C-1065' prediction.modelResults.predictionError=C[Si](C)(C)CB(C[Si](C)(C)C)C[Si](C)(C)C: Molecule contains unsupported element
key='CC1=CC(C)=C(B(O)C2=C(C)C=C(C)C=C2C)C(C)=C1-1065' prediction.modelResults.predictionError=CC1=CC(C)=C(B(O)C2C(C)=CC(C)=CC=2C)C(C)=C1: Molecule contains unsupported element
key='CC1(C)OB(OC1(C)C)C1=CC(Cl)=NC=C1-1065' prediction.modelResults.predictionError=CC1(C)OB(OC1(C)C)C1C=CN=C(Cl)C=1: Molecule contains unsupported element
key='OB(O)C1=CC(Cl)=CC(Cl)=C1Cl-1065' prediction.modelResults.predictionError=OB(O)C1=CC(Cl)=CC(Cl)=C1Cl: Molecule contains unsupported element
key='CC(=O)OCC1=CC=CC(=C1)B1OC(C)(C)C(C)(C)O1-1065' prediction.modelResults.predictionError=CC(=O)OCC1C=C(C=CC=1)B1OC(C)(C)C(C)(C)O1: Molecule contains unsupported element
key='CC(=O)OCC1=CC=C(C=C1)B1OC(C)(C)C(C)(C)O1-1065' prediction.modelResults.predictionError=CC(=O)OCC1=CC=C(C=C1)B1OC(C)(C)C(C)(C)O1: Molecule contains unsupported element
key='[W].[C-]#[O+].[C-]#[O+].[C-]#[O+].[CH-]1[C-]=[C-][C-]=[C-]1.CC1[CH-]COC1(C(F)(F)F)C(F)(F)F-1065' prediction.modelResults.predictionError=[W].[C-]#[O+].[C-]#[O+].[C-]#[O+].[CH-]1[C-]=[C-][C-]=[C-]1.CC1[CH-]COC1(C(F)(F)F)C(F)(F)F: model can't run mixtures
key='O=C(C1=CC=CC2=CC=CC=C12)C1=CC=CC2=CC=CC=C12-1065' prediction.modelResults.predictionError=Number of atoms equals zero
key='CCCB1OC2=CC=CC=C2O1-1065' prediction.modelResults.predictionError=CCCB1OC2=CC=CC=C2O1: Molecule contains unsupported element
key='[Mo].[C-]#[O+].[C-]#[O+].[C-]#[O+].[CH2-]N=C=O.[CH-]1[C-]=[C-][C-]=[C-]1-1065' prediction.modelResults.predictionError=[Mo].[C-]#[O+].[C-]#[O+].[C-]#[O+].[CH2-]N=C=O.[CH-]1[C-]=[C-][C-]=[C-]1: model can't run mixtures
key='CC1(OCCO1)C1=CC=CC=C1B(O)O-1065' prediction.modelResults.predictionError=CC1(OCCO1)C1=CC=CC=C1B(O)O: Molecule contains unsupported element
key='[Mn].[C-]#[O+].[C-]#[O+].C[C-]1[C-]=[C-][C-]=[C-]1.C1CC[N-]CC1-1065' prediction.modelResults.predictionError=[Mn].[C-]#[O+].[C-]#[O+].C[C-]1[C-]=[C-][C-]=[C-]1.C1CC[N-]CC1: model can't run mixtures
key='[Fe].[CH-]1[C-]=[C-][C-]=[C-]1.C(NC1=NC=NC2=C1NC=N2)[C-]1[C-]=[C-][C-]=[C-]1-1065' prediction.modelResults.predictionError=[Fe].[CH-]1[C-]=[C-][C-]=[C-]1.C(NC1=NC=NC2=C1NC=N2)[C-]1[C-]=[C-][C-]=[C-]1: model can't run mixtures
key='OC1=CC2=C(NC=C2CC#N)C=C1-1065' prediction.modelResults.predictionError=OC1=CC2=C(NC=C2CC#N)C=C1 failed standardization
key='OCCCC1=CC=C(C=C1)B(O)O-1065' prediction.modelResults.predictionError=OCCCC1=CC=C(C=C1)B(O)O: Molecule contains unsupported element
key='OB(O)C1=CC(Cl)=NC=C1-1065' prediction.modelResults.predictionError=OB(O)C1C=CN=C(Cl)C=1: Molecule contains unsupported element
key='CC[Tl](Br)CC-1065' prediction.modelResults.predictionError=CC[Tl](Br)CC: Molecule contains unsupported element
key='OB(O)C1=C2C=CC=NC2=CC=C1-1065' prediction.modelResults.predictionError=OB(O)C1C=CC=C2N=CC=CC=12: Molecule contains unsupported element
key='O.[Co++]-1065' prediction.modelResults.predictionError=O.[Co++] failed standardization
key='COC1=CC=CC(B(O)O)=C1OC-1065' prediction.modelResults.predictionError=COC1=CC=CC(B(O)O)=C1OC: Molecule contains unsupported element
key='[O-]S(=O)(=O)NS([O-])(=O)=O-1065' prediction.modelResults.predictionError=[O-]S(=O)(=O)NS([O-])(=O)=O failed standardization
key='CC(C)OC1=C(C=C(C=C1)B(O)O)B(O)O-1065' prediction.modelResults.predictionError=CC(C)OC1C=CC(=CC=1B(O)O)B(O)O: Molecule contains unsupported element
key='C1=CC=C(C=C1)[Sb+](C1=CC=CC=C1)(C1=CC=CC=C1)C1=CC=CC=C1-1065' prediction.modelResults.predictionError=C1=CC=CC=C1[Sb+](C1C=CC=CC=1)(C1C=CC=CC=1)C1C=CC=CC=1: Molecule contains unsupported element
key='CC1OC(OC2C(O)OC(CO)C(O)C2O)C(O)C(O)C1O-1065' prediction.modelResults.predictionError=Number of atoms equals zero
key='CCCCCCCCB(O)O-1065' prediction.modelResults.predictionError=CCCCCCCCB(O)O: Molecule contains unsupported element
key='FC1=CC=CC=C1CN(CCCN1C=CN=C1)C(=O)NC1=CC=CC=C1-1065' prediction.modelResults.predictionError=Number of atoms equals zero
key='CCCCOC1=C(Cl)C=C(C=C1)B(O)O-1065' prediction.modelResults.predictionError=CCCCOC1C=CC(=CC=1Cl)B(O)O: Molecule contains unsupported element
key='CC1=CC=C(C=C1)C(=O)N=C1C=CC(C=C1)=NC(=O)C1=CC=C(C)C=C1-1065' prediction.modelResults.predictionError=Number of atoms equals zero
key='[C-]#[O+].I[Rh]I.[CH-]1[C-]=[C-][C-]=[C-]1-1065' prediction.modelResults.predictionError=[C-]#[O+].I[Rh]I.[CH-]1[C-]=[C-][C-]=[C-]1 failed standardization
key='[CH+]1C=CC=CC=C1-1065' prediction.modelResults.predictionError=[CH+]1C=CC=CC=C1 failed standardization
key='CC(C)C1CC(CC(C(C)C)C1NC(OOC(NC1C(CC(CC1C(C)C)N(O)O)C(C)C)C1CCC(CC1)C(C)(C)C)C1CCC(CC1)C(C)(C)C)N(O)O-1065' prediction.modelResults.predictionError=CC(C)C1CC(CC(C(C)C)C1NC(OOC(NC1C(CC(CC1C(C)C)N(O)O)C(C)C)C1CCC(CC1)C(C)(C)C)C1CCC(CC1)C(C)(C)C)N(O)O failed standardization
key='ClP(Cl)(Cl)=N-1065' prediction.modelResults.predictionError=ClP(Cl)(Cl)=N failed standardization
key='O.O.O.O.O.O.[Ag]-1065' prediction.modelResults.predictionError=O.O.O.O.O.O.[Ag] failed standardization
key='O=[BiH2+]-1065' prediction.modelResults.predictionError=O=[BiH2+] failed standardization
key='NP([O-])(F)=O-1065' prediction.modelResults.predictionError=NP([O-])(F)=O failed standardization
key='[Ru+8].C1CCC([N-]C1)C1CCCC[N-]1.C1CCC([N-]C1)C1CCCC[N-]1.C1CCC(NC1)C(C1CCCCN1)=C(C1CCCC[N-]1)C1[N-]C=CC=C1-1065' prediction.modelResults.predictionError=[Ru+8].C1CCC([N-]C1)C1CCCC[N-]1.C1CCC([N-]C1)C1CCCC[N-]1.C1CCC(NC1)C(C1CCCCN1)=C(C1CCCC[N-]1)C1[N-]C=CC=C1 failed standardization
key='O=[Tc++]-1065' prediction.modelResults.predictionError=O=[Tc++] failed standardization
key='SPS-1065' prediction.modelResults.predictionError=SPS failed standardization
key='[Rh].[Rh+3].CC#N.CC#N.CC#N.C1CCC([N-]C1)C1[N-]C=CC=C1.CC1CCC(CC1)[N-]C[N-]C1CCC(C)CC1.CC1CCC(CC1)[N-]C[N-]C1=CC=C(C)C=C1-1065' prediction.modelResults.predictionError=[Rh].[Rh+3].CC#N.CC#N.CC#N.C1CCC([N-]C1)C1[N-]C=CC=C1.CC1CCC(CC1)[N-]C[N-]C1CCC(C)CC1.CC1CCC(CC1)[N-]C[N-]C1=CC=C(C)C=C1 failed standardization
key='[OH3+].[OH3+].[OH3+].[OH3+].[OH3+].[OH3+].[Zn++]-1065' prediction.modelResults.predictionError=[OH3+].[OH3+].[OH3+].[OH3+].[OH3+].[OH3+].[Zn++] failed standardization
key='[NH-]N=[N-].[NH-]N=[N-].Cl[Ti](Cl)(Cl)Cl.Cl[Ti](Cl)(Cl)Cl-1065' prediction.modelResults.predictionError=[NH-]N=[N-].[NH-]N=[N-].Cl[Ti](Cl)(Cl)Cl.Cl[Ti](Cl)(Cl)Cl failed standardization
key='Cl.Cl.Cl.Cl.O=[Re]O[Re]=O.C1CCC(NC2CCCC[N-]2)[N-]C1.C1CCC(NC2=CC=CC[N-]2)[N-]C1-1065' prediction.modelResults.predictionError=Cl.Cl.Cl.Cl.O=[Re]O[Re]=O.C1CCC(NC2CCCC[N-]2)[N-]C1.C1CCC(NC2=CC=CC[N-]2)[N-]C1 failed standardization
key='[SH-].[Ag].[Ag].[Ag].[Ag].[Ag].[Ag].[Ag].[Ag].[Ag+]-1065' prediction.modelResults.predictionError=[SH-].[Ag].[Ag].[Ag].[Ag].[Ag].[Ag].[Ag].[Ag].[Ag+] failed standardization
key='[Ag].[Ag]-1065' prediction.modelResults.predictionError=[Ag].[Ag] failed standardization
key='Br.O=[Re](=O)=O.[N-]1C=CC=C2C=CC3=CC=C[N-]C3=C12-1065' prediction.modelResults.predictionError=Br.O=[Re](=O)=O.[N-]1C=CC=C2C=CC3=CC=C[N-]C3=C12 failed standardization
key='[Ru+5].[Ru+5].C[Si](C)(C)C#CC#[C-].CC(C)[Si](C#[C-])(C(C)C)C(C)C.C1CCC(CC1)[N-]C1CCCC[N-]1.C1CCC(CC1)[N-]C1CCCC[N-]1.C1CCC(CC1)[N-]C1CCCC[N-]1.C1CCC(CC1)[N-]C1[N-]C=CC=C1-1065' prediction.modelResults.predictionError=[Ru+5].[Ru+5].C[Si](C)(C)C#CC#[C-].CC(C)[Si](C#[C-])(C(C)C)C(C)C.C1CCC(CC1)[N-]C1CCCC[N-]1.C1CCC(CC1)[N-]C1CCCC[N-]1.C1CCC(CC1)[N-]C1CCCC[N-]1.C1CCC(CC1)[N-]C1[N-]C=CC=C1 failed standardization
key='NNNNN-1065' prediction.modelResults.predictionError=NNNNN failed standardization
key='Br[Re-](Br)(Br)Br.Br[Re-](Br)(Br)Br-1065' prediction.modelResults.predictionError=Br[Re-](Br)(Br)Br.Br[Re-](Br)(Br)Br failed standardization
key='CC(C)(CC1CCCCC1N(O)N(O)C1CCCCC1CC(C)(C)N(O)O)N(O)O-1065' prediction.modelResults.predictionError=CC(C)(CC1CCCCC1N(O)N(O)C1CCCCC1CC(C)(C)N(O)O)N(O)O failed standardization
key='O.O.O.O.O.O.O.O.O.[Eu+3]-1065' prediction.modelResults.predictionError=O.O.O.O.O.O.O.O.O.[Eu+3] failed standardization
key='[Ru+8].C1CCC([N-]C1)C1CCCC[N-]1.C1CCC([N-]C1)C1=CC=CC[N-]1.CC1(C)N=C2C3CCC[N-]C3C3[N-]CCCC3C2=N1-1065' prediction.modelResults.predictionError=[Ru+8].C1CCC([N-]C1)C1CCCC[N-]1.C1CCC([N-]C1)C1=CC=CC[N-]1.CC1(C)N=C2C3CCC[N-]C3C3[N-]CCCC3C2=N1 failed standardization
key='Cl[W](Cl)Cl-1065' prediction.modelResults.predictionError=Cl[W](Cl)Cl failed standardization
key='Cl[Ru+].O=C1C2CCC[N-]C2C2[N-]CCCC2C1=O.C1CCC([N-]C1)C1CCCC([N-]1)C1=CC=CC[N-]1-1065' prediction.modelResults.predictionError=Cl[Ru+].O=C1C2CCC[N-]C2C2[N-]CCCC2C1=O.C1CCC([N-]C1)C1CCCC([N-]1)C1=CC=CC[N-]1 failed standardization
key='Br[Hg+]-1065' prediction.modelResults.predictionError=Br[Hg+] failed standardization
key='[OH3+].[OH3+].[OH3+].[OH3+].[OH3+].[OH3+].[Al+3]-1065' prediction.modelResults.predictionError=[OH3+].[OH3+].[OH3+].[OH3+].[OH3+].[OH3+].[Al+3] failed standardization
key='[Ru++].CC(O)CC(C)O.CC(O)CC(C)O.[NH-]C1=CC=CC=C1[NH-]-1065' prediction.modelResults.predictionError=[Ru++].CC(O)CC(C)O.CC(O)CC(C)O.[NH-]C1=CC=CC=C1[NH-] failed standardization
key='CCN(CC)C1=CC2=C(C=C1)C=C(C(=O)NC1=CC=CC=C1OC)C(O2)=NO-1065' prediction.modelResults.predictionError=CCN(CC)C1=CC2=C(C=C1)C=C(C(=O)NC1=CC=CC=C1OC)C(O2)=NO failed standardization
run=1	request=134	smiles=C1C[As]2O[As]3CCN4CC[As]5O[As]6CCN1CC[As]1O[As]7CCN8CC[As](O2)O[As](CCN2CC[As]9O[As](CC4)O[As]4CCN%10CC[As](O5)O[As](CCN5CC[As](O1)O[As](CCN1CC[As]%11O[As](CC8)O[As](CC2)O[As](CCN(CC[As](O9)O4)CC[As]2O[As](CC%10)O[As](CC5)O[As](CC1)O2)O%11)O7)O6)O3	error=500 Server Error: Internal Server Error for url: http://192.168.1.7:5004/api/predictor_models/predict
key='Cl[Ru++]Cl.C1CCC(CC1)\\N=N\\C1CCCC[N-]1.C1CCC(CC1)\\N=N\\C1[N-]C=CC=C1-1065' prediction.modelResults.predictionError=Cl[Ru++]Cl.C1CCC(CC1)\N=N\C1CCCC[N-]1.C1CCC(CC1)\N=N\C1[N-]C=CC=C1 failed standardization
key='[Ru+4].C1CC([N-]C(C1)C1=NC=CN1)C1=NC=CN1.C1C=CC([N-]C1C1=NC=CN1)C1=NC=CN1-1065' prediction.modelResults.predictionError=[Ru+4].C1CC([N-]C(C1)C1=NC=CN1)C1=NC=CN1.C1C=CC([N-]C1C1=NC=CN1)C1=NC=CN1 failed standardization
key='F[P-]F-1065' prediction.modelResults.predictionError=F[P-]F failed standardization
key='Br[Cd--](Br)(Br)Br-1065' prediction.modelResults.predictionError=Br[Cd--](Br)(Br)Br failed standardization
key='[SH-].[SH-].[SH-].[SH-].[SH-].[SH-].[Co].S=[W].S=[W]-1065' prediction.modelResults.predictionError=[SH-].[SH-].[SH-].[SH-].[SH-].[SH-].[Co].S=[W].S=[W] failed standardization
key='[AsH]1[AsH][AsH][AsH][AsH]1-1065' prediction.modelResults.predictionError=[AsH]1[AsH][AsH][AsH][AsH]1 failed standardization
key='O.Cl[Ru++].Cl[Ru++].CCC1=C(CC)/C2=C/C3=N/C(=C\\C4=C(CC)C(CC)=C([N-]4)/C=C4\\N=C(\\C=C\\1/[N-]\\2)C(CC)=C4CC)/C(CC)=C3CC.CCC1=C(CC)/C2=C/C3=N/C(=C\\C4=C(CC)C(CC)=C([N-]4)/C=C4\\N=C(\\C=C\\1/[N-]\\2)C(CC)=C4CC)/C(CC)=C3CC-1065' prediction.modelResults.predictionError=O.Cl[Ru++].Cl[Ru++].CCC1=C(CC)/C2=C/C3=N/C(=C\C4=C(CC)C(CC)=C([N-]4)/C=C4\N=C(\C=C\1/[N-]\2)C(CC)=C4CC)/C(CC)=C3CC.CCC1=C(CC)/C2=C/C3=N/C(=C\C4=C(CC)C(CC)=C([N-]4)/C=C4\N=C(\C=C\1/[N-]\2)C(CC)=C4CC)/C(CC)=C3CC failed standardization
key='OP(O)(O)=O.OP(O)(O)=O-1065' prediction.modelResults.predictionError=OP(O)(O)=O.OP(O)(O)=O failed standardization
key='OS(O)(=O)=O.OS(O)(=O)=O-1065' prediction.modelResults.predictionError=OS(O)(=O)=O.OS(O)(=O)=O failed standardization
key='Cl[B-](Cl)(Cl)Cl-1065' prediction.modelResults.predictionError=Cl[B-](Cl)(Cl)Cl failed standardization
key='S=[Bi] |^1:1|-1065' prediction.modelResults.predictionError=S=[Bi] |^1:1| failed standardization
key='O\\N=C1\\SC2=CC=CC=C2N1CCS-1065' prediction.modelResults.predictionError=O\N=C1\SC2=CC=CC=C2N1CCS failed standardization
key='[SeH3+]-1065' prediction.modelResults.predictionError=[SeH3+] failed standardization
key='[PH4+]-1065' prediction.modelResults.predictionError=[PH4+] failed standardization
key='[AsH4+]-1065' prediction.modelResults.predictionError=[AsH4+] failed standardization
key='F[P+](F)(F)F-1065' prediction.modelResults.predictionError=F[P+](F)(F)F failed standardization
key='N=[NH2+]-1065' prediction.modelResults.predictionError=N=[NH2+] failed standardization
key='O[AsH2]-1065' prediction.modelResults.predictionError=O[AsH2] failed standardization
key='O[AsH2]=O-1065' prediction.modelResults.predictionError=O[AsH2]=O failed standardization
key='[O-]S[O-]-1065' prediction.modelResults.predictionError=[O-]S[O-] failed standardization
key='S=S-1065' prediction.modelResults.predictionError=S=S failed standardization
key='[NH]-1065' prediction.modelResults.predictionError=[NH] failed standardization
key='[O-]OP([O-])([O-])=O-1065' prediction.modelResults.predictionError=[O-]OP([O-])([O-])=O failed standardization
key='OP(O)[O-]-1065' prediction.modelResults.predictionError=OP(O)[O-] failed standardization
key='[O-][Br]=O-1065' prediction.modelResults.predictionError=[O-][Br]=O failed standardization
key='[O-][Br](=O)(=O)=O-1065' prediction.modelResults.predictionError=[O-][Br](=O)(=O)=O failed standardization
key='[O-]I-1065' prediction.modelResults.predictionError=[O-]I failed standardization
key='O[Se]([O-])(=O)=O-1065' prediction.modelResults.predictionError=O[Se]([O-])(=O)=O failed standardization
run=1	request=199	smiles=C1=CC2=CC3=C4C=C2C2=CC5=C(C=CC6=CC7=C(C=C56)C5=CC6=C(C=CC8=C6C=C6C(C=CC9=C6C=C4C(C=C3)=C9)=C8)C=C5C=C7)C=C12	error=500 Server Error: Internal Server Error for url: http://192.168.1.7:5004/api/predictor_models/predict
key='O\\N=C1/C=C(OC2=CC=CC=C12)C1=CC=CC=C1-1065' prediction.modelResults.predictionError=O\N=C1/C=C(OC2=CC=CC=C12)C1=CC=CC=C1 failed standardization
key='[Rh].[O-]S(=O)(=O)C(F)(F)F.C1C\\C=C/CC\\C=C/1.C1C\\C=C/CC\\C=C/1-1065' prediction.modelResults.predictionError=[Rh].[O-]S(=O)(=O)C(F)(F)F.C1C\C=C/CC\C=C/1.C1C\C=C/CC\C=C/1 failed standardization
key='[Rh].F[B-](F)(F)F.C1C\\C=C/CC\\C=C/1.C[C@@H]1CC[C@@H](C)P1C1=CC=CC=C1P1[C@H](C)CC[C@H]1C-1065' prediction.modelResults.predictionError=[Rh].F[B-](F)(F)F.C1C\C=C/CC\C=C/1.C[C@@H]1CC[C@@H](C)P1C1=CC=CC=C1P1[C@H](C)CC[C@H]1C failed standardization
key='[Rh].F[B-](F)(F)F.C1C\\C=C/CC\\C=C/1.C1C\\C=C/CC\\C=C/1-1065' prediction.modelResults.predictionError=[Rh].F[B-](F)(F)F.C1C\C=C/CC\C=C/1.C1C\C=C/CC\C=C/1 failed standardization
key='O.O.O.[AlH3]-1065' prediction.modelResults.predictionError=O.O.O.[AlH3] failed standardization
key='[K+].[K+].[O-][Te]([O-])(=O)=O-1065' prediction.modelResults.predictionError=[K+].[K+].[O-][Te]([O-])(=O)=O failed standardization
key='O.[Ba++].[O-]N=O.[O-]N=O-1065' prediction.modelResults.predictionError=O.[Ba++].[O-]N=O.[O-]N=O failed standardization
key='O.[K+].[K+].[O-]S([O-])(=O)=S-1065' prediction.modelResults.predictionError=O.[K+].[K+].[O-]S([O-])(=O)=S failed standardization
key='O.[Mg++].[Mg++].[Mg++].[O-]P([O-])([O-])=O.[O-]P([O-])([O-])=O-1065' prediction.modelResults.predictionError=O.[Mg++].[Mg++].[Mg++].[O-]P([O-])([O-])=O.[O-]P([O-])([O-])=O failed standardization
key='Cl[Ir](Cl)(Cl)([N]1=CC=CC=C1)([N]1=CC=CC=C1)[N]1=CC=CC=C1-1065' prediction.modelResults.predictionError=Cl[Ir](Cl)(Cl)([N]1=CC=CC=C1)([N]1=CC=CC=C1)[N]1=CC=CC=C1 failed standardization
key='O.[AlH3]-1065' prediction.modelResults.predictionError=O.[AlH3] failed standardization
key='CC1=C\\C(=N/O)C2=C(OC=C(C2=O)[N+]([O-])=O)N1O-1065' prediction.modelResults.predictionError=CC1=C\C(=N/O)C2=C(OC=C(C2=O)[N+]([O-])=O)N1O failed standardization
key='OOP(O)(O)=O-1065' prediction.modelResults.predictionError=OOP(O)(O)=O failed standardization
key='[O-]P(=O)=O-1065' prediction.modelResults.predictionError=[O-]P(=O)=O failed standardization
key='NP(O)O-1065' prediction.modelResults.predictionError=NP(O)O failed standardization
key='[B-]-1065' prediction.modelResults.predictionError=[B-] failed standardization
key='[Ni+3].[Sb]-1065' prediction.modelResults.predictionError=[Ni+3].[Sb] failed standardization
key='I[Bi](SC(=S)N1CCCC1)SC(=S)N1CCCC1-1065' prediction.modelResults.predictionError=I[Bi](SC(=S)N1CCCC1)SC(=S)N1CCCC1 failed standardization
key='F[P+](F)=S-1065' prediction.modelResults.predictionError=F[P+](F)=S failed standardization
key='Cl[Bi]-1065' prediction.modelResults.predictionError=Cl[Bi] failed standardization
key='CCCCCCCCCCCCCCCCCCN[N+](O)=O-1065' prediction.modelResults.predictionError=CCCCCCCCCCCCCCCCCCN[N+](O)=O failed standardization
key='[B].N-1065' prediction.modelResults.predictionError=[B].N failed standardization
key='CN[N+](O)=O-1065' prediction.modelResults.predictionError=CN[N+](O)=O failed standardization
key='CS(=O)(=O)OCC\\N=C(/N)N[N+](O)=O-1065' prediction.modelResults.predictionError=CS(=O)(=O)OCC\N=C(/N)N[N+](O)=O failed standardization
key='[NH2-].[NH2-].[NH2-].[Co].N=[N+]=[N-].N=[N+]=[N-].N=[N+]=[N-]-1065' prediction.modelResults.predictionError=[NH2-].[NH2-].[NH2-].[Co].N=[N+]=[N-].N=[N+]=[N-].N=[N+]=[N-] failed standardization
key='[Rh].N#[O+].O[N+]([O-])=O.O[N+]([O-])=O.C1=CC=C(C=C1)[PH+](C1=CC=CC=C1)C1=CC=CC=C1.C1=CC=C(C=C1)[PH+](C1=CC=CC=C1)C1=CC=CC=C1-1065' prediction.modelResults.predictionError=[Rh].N#[O+].O[N+]([O-])=O.O[N+]([O-])=O.C1=CC=C(C=C1)[PH+](C1=CC=CC=C1)C1=CC=CC=C1.C1=CC=C(C=C1)[PH+](C1=CC=CC=C1)C1=CC=CC=C1 failed standardization
key='[Sb].[Lu+3]-1065' prediction.modelResults.predictionError=[Sb].[Lu+3] failed standardization
key='[Ga+3].[Sb]-1065' prediction.modelResults.predictionError=[Ga+3].[Sb] failed standardization
key='[Sb].[La+3]-1065' prediction.modelResults.predictionError=[Sb].[La+3] failed standardization
key='[GeH2].[GeH2].[GeH2]-1065' prediction.modelResults.predictionError=[GeH2].[GeH2].[GeH2] failed standardization
key='[B].[B].[B].[B].[Si]-1065' prediction.modelResults.predictionError=[B].[B].[B].[B].[Si] failed standardization
key='[B].[B].[B].[B].[B].[W].[W]-1065' prediction.modelResults.predictionError=[B].[B].[B].[B].[B].[W].[W] failed standardization
key='[OH-].[OH-].[OH-].[OH-].[OH-].[O--].[O--].[O--].[O--].[O--].[K+].[K+].[K+].[Ge].[Ge].[Ge]-1065' prediction.modelResults.predictionError=[OH-].[OH-].[OH-].[OH-].[OH-].[O--].[O--].[O--].[O--].[O--].[K+].[K+].[K+].[Ge].[Ge].[Ge] failed standardization
key='[OH-].[OH-].[OH-].[OH-].[OH-].[O--].[O--].[O--].[O--].[O--].[Na+].[Na+].[Na+].[Ge].[Ge].[Ge]-1065' prediction.modelResults.predictionError=[OH-].[OH-].[OH-].[OH-].[OH-].[O--].[O--].[O--].[O--].[O--].[Na+].[Na+].[Na+].[Ge].[Ge].[Ge] failed standardization
key='[GeH]-1065' prediction.modelResults.predictionError=[GeH] failed standardization
key='[Li][Ge](CC)(CC)CC-1065' prediction.modelResults.predictionError=[Li][Ge](CC)(CC)CC failed standardization
key='S=[In]-1065' prediction.modelResults.predictionError=S=[In] failed standardization
key='[Ru++].[C-]#[O+].[CH-]1[C-]=[C-][C-]=[C-]1.P(C1=CC=CC=C1)C1=CC=CC=C1.C1=CC=C(C=C1)[PH+](C1=CC=CC=C1)C1=CC=CC=C1-1065' prediction.modelResults.predictionError=[Ru++].[C-]#[O+].[CH-]1[C-]=[C-][C-]=[C-]1.P(C1=CC=CC=C1)C1=CC=CC=C1.C1=CC=C(C=C1)[PH+](C1=CC=CC=C1)C1=CC=CC=C1 failed standardization
key='O.O.O.O.[Mn].[Se-].[Se-].[SeH].[SeH].[SeH].[SeH].[SeH].[SeH].[Re].[Re].[Re].[Re].[Re].[Re].[C-]#N.[C-]#N.[C-]#N.[C-]#N.[C-]#N.[C-]#N |^1:7,8,9,10,11,12|-1065' prediction.modelResults.predictionError=O.O.O.O.[Mn].[Se-].[Se-].[SeH].[SeH].[SeH].[SeH].[SeH].[SeH].[Re].[Re].[Re].[Re].[Re].[Re].[C-]#N.[C-]#N.[C-]#N.[C-]#N.[C-]#N.[C-]#N |^1:7,8,9,10,11,12| failed standardization
key='O.Cl[Rh]Cl.Cl[Rh](Cl)[ClH+].CC(C)C1CCC(C)CC1(O)C[PH+](C1=CC=CC=C1)C1=CC=CC=C1.CC(C)C1CCC(C)CC1(O)C[PH+](C1=CC=CC=C1)C1=CC=CC=C1-1065' prediction.modelResults.predictionError=O.Cl[Rh]Cl.Cl[Rh](Cl)[ClH+].CC(C)C1CCC(C)CC1(O)C[PH+](C1=CC=CC=C1)C1=CC=CC=C1.CC(C)C1CCC(C)CC1(O)C[PH+](C1=CC=CC=C1)C1=CC=CC=C1 failed standardization
key='Cl[Ru]Cl.C1CCC(CC1)[PH+](C1CCCCC1)C1CCCCC1.OC(CC1[N-]C(CC(O)(C2CCCCC2)C2CCCCC2)=CC=C1)(C1CCCCC1)C1CCCCC1-1065' prediction.modelResults.predictionError=Cl[Ru]Cl.C1CCC(CC1)[PH+](C1CCCCC1)C1CCCCC1.OC(CC1[N-]C(CC(O)(C2CCCCC2)C2CCCCC2)=CC=C1)(C1CCCCC1)C1CCCCC1 failed standardization
key='[NH2-].[SeH].[SeH].[SeH].[SeH].[SeH].[SeH].[SeH].[SeH].[Cd].[Re].[Re].[Re].[Re].[Re].[Re].[Re].CC[PH+](CC)CC.CC[PH+](CC)CC.CC[PH+](CC)CC.CC[PH+](CC)CC.[O-][N+](O)=O.[O-][N+](O)=O.O[N+](O)=O.C1C=C(C=C[N-]1)C1CC[N-]CC1.C1C[N-]CCC1C1CC[N-]CC1 |^1:1,2,3,4,5,6,7,8|-1065' prediction.modelResults.predictionError=[NH2-].[SeH].[SeH].[SeH].[SeH].[SeH].[SeH].[SeH].[SeH].[Cd].[Re].[Re].[Re].[Re].[Re].[Re].[Re].CC[PH+](CC)CC.CC[PH+](CC)CC.CC[PH+](CC)CC.CC[PH+](CC)CC.[O-][N+](O)=O.[O-][N+](O)=O.O[N+](O)=O.C1C=C(C=C[N-]1)C1CC[N-]CC1.C1C[N-]CCC1C1CC[N-]CC1 |^1:1,2,3,4,5,6,7,8| failed standardization
key='[Ho].O[N+](O)=O.O[N+](O)=O.O[N+](O)=O.O[N+]([O-])=O.O[N+]([O-])=O-1065' prediction.modelResults.predictionError=[Ho].O[N+](O)=O.O[N+](O)=O.O[N+](O)=O.O[N+]([O-])=O.O[N+]([O-])=O failed standardization
key='[Cu].Cl[ClH+].[ClH+][Cu].Cl[Cu]Cl-1065' prediction.modelResults.predictionError=[Cu].Cl[ClH+].[ClH+][Cu].Cl[Cu]Cl failed standardization
key='N.N.N.N.[OH3+].[Cu++]-1065' prediction.modelResults.predictionError=N.N.N.N.[OH3+].[Cu++] failed standardization
key='Cl[Ru]Cl.C1CNCCNCCCNCCNC1-1065' prediction.modelResults.predictionError=Cl[Ru]Cl.C1CNCCNCCCNCCNC1 failed standardization
key='F[Cr+]F-1065' prediction.modelResults.predictionError=F[Cr+]F failed standardization
key='[Ge].[Ge].[Ge].[Ge].[Ge].[Ge].[Ge].[Ge].[Ge].[Ge].[Ge].[Ge].[GeH].[GeH].[GeH].[GeH].[GeH].[GeH]-1065' prediction.modelResults.predictionError=[Ge].[Ge].[Ge].[Ge].[Ge].[Ge].[Ge].[Ge].[Ge].[Ge].[Ge].[Ge].[GeH].[GeH].[GeH].[GeH].[GeH].[GeH] failed standardization
key='[Rb+].C1COCCOCCOCCOCCOCCO1.[S-][P+](N[P+]([S-])(C1=CC=CC=C1)C1=CC=CC=C1)(C1=CC=CC=C1)C1=CC=CC=C1-1065' prediction.modelResults.predictionError=[Rb+].C1COCCOCCOCCOCCOCCO1.[S-][P+](N[P+]([S-])(C1=CC=CC=C1)C1=CC=CC=C1)(C1=CC=CC=C1)C1=CC=CC=C1 failed standardization
key='[B]1[B][B][B]1-1065' prediction.modelResults.predictionError=[B]1[B][B][B]1 failed standardization
key='NP(F)(Br)=S-1065' prediction.modelResults.predictionError=NP(F)(Br)=S failed standardization
key='FP(F)(F)=NP(F)(F)=S-1065' prediction.modelResults.predictionError=FP(F)(F)=NP(F)(F)=S failed standardization
key='[Na+].[Na+].[Na+].[I-].[I-].[I-]-1065' prediction.modelResults.predictionError=[Na+].[Na+].[Na+].[I-].[I-].[I-] failed standardization
key='[He].[Ne]-1065' prediction.modelResults.predictionError=[He].[Ne] failed standardization
key='[K+].[K+].[I-].[I-]-1065' prediction.modelResults.predictionError=[K+].[K+].[I-].[I-] failed standardization
key='[Na+].[Na+].[I-].[I-]-1065' prediction.modelResults.predictionError=[Na+].[Na+].[I-].[I-] failed standardization
key='FS-1065' prediction.modelResults.predictionError=FS failed standardization
key='[Li+].[Li+].[Li+].[I-].[I-].[I-]-1065' prediction.modelResults.predictionError=[Li+].[Li+].[Li+].[I-].[I-].[I-] failed standardization
key='[Ar].[Hg]-1065' prediction.modelResults.predictionError=[Ar].[Hg] failed standardization
key='[O--].[O--].[O--].[O--].[Mg++].[W]-1065' prediction.modelResults.predictionError=[O--].[O--].[O--].[O--].[Mg++].[W] failed standardization
key='[Rh+3].O=S(=O)([OH2+])[OH2+].C(=C[AsH](C1C=CC=CC=1)C1C=CC=CC=1)[AsH](C1C=CC=CC=1)C1C=CC=CC=1.C(=C[AsH](C1C=CC=CC=1)C1C=CC=CC=1)[AsH](C1C=CC=CC=1)C1C=CC=CC=1 |^1:8,21,36,49|-1065' prediction.modelResults.predictionError=[Rh+3].O=S(=O)([OH2+])[OH2+].C(=C[AsH](C1C=CC=CC=1)C1C=CC=CC=1)[AsH](C1C=CC=CC=1)C1C=CC=CC=1.C(=C[AsH](C1C=CC=CC=1)C1C=CC=CC=1)[AsH](C1C=CC=CC=1)C1C=CC=CC=1 |^1:8,21,36,49| failed standardization
key='Cl[Re]Cl.C[PH+](C)C1=CC=CC=C1.C[PH+](C)C1=CC=CC=C1.O=C1C=CC=CC1=CNC1=CC=CC=C1-1065' prediction.modelResults.predictionError=Cl[Re]Cl.C[PH+](C)C1=CC=CC=C1.C[PH+](C)C1=CC=CC=C1.O=C1C=CC=CC1=CNC1=CC=CC=C1 failed standardization
key='O=[P]-1065' prediction.modelResults.predictionError=O=[P] failed standardization
key='OS(=O)S([O-])=O-1065' prediction.modelResults.predictionError=OS(=O)S([O-])=O failed standardization
key='O[SbH2]=O-1065' prediction.modelResults.predictionError=O[SbH2]=O failed standardization
key='O.[Mg++].[O-][Cl](=O)(=O)=O.[O-][Cl](=O)(=O)=O-1065' prediction.modelResults.predictionError=O.[Mg++].[O-][Cl](=O)(=O)=O.[O-][Cl](=O)(=O)=O failed standardization
key='O=[AsH3]-1065' prediction.modelResults.predictionError=O=[AsH3] failed standardization
key='O\\N=C1/C=COC2=CC=CC=C12-1065' prediction.modelResults.predictionError=O\N=C1/C=COC2=CC=CC=C12 failed standardization
key='Br[Sn](Br)(SC1=CC=CC=N1)SC1=CC=CC=N1-1065' prediction.modelResults.predictionError=Br[Sn](Br)(SC1=CC=CC=N1)SC1=CC=CC=N1 failed standardization
key='CC1=NC(S[Sn](Cl)(Cl)SC2=C(C#N)C(C)=CC(C)=N2)=C(C#N)C(C)=C1-1065' prediction.modelResults.predictionError=CC1=NC(S[Sn](Cl)(Cl)SC2=C(C#N)C(C)=CC(C)=N2)=C(C#N)C(C)=C1 failed standardization
key='CCOC(=O)C1=C(S[Sn](Cl)(Cl)SC2=C(C(=O)OCC)C(C)=CC(C)=N2)N=C(C)C=C1C-1065' prediction.modelResults.predictionError=CCOC(=O)C1=C(S[Sn](Cl)(Cl)SC2=C(C(=O)OCC)C(C)=CC(C)=N2)N=C(C)C=C1C failed standardization
key='CCCC[S@](=O)C[C@H](N)C(O)=O-1065' prediction.modelResults.predictionError=CCCC[S@](=O)C[C@H](N)C(O)=O failed standardization
key='[O-][N+]1=CC=CC=C1S[Sn](Cl)(Cl)SC1=CC=CC=[N+]1[O-]-1065' prediction.modelResults.predictionError=[O-][N+]1=CC=CC=C1S[Sn](Cl)(Cl)SC1=CC=CC=[N+]1[O-] failed standardization
key='P.[Ni]-1065' prediction.modelResults.predictionError=P.[Ni] failed standardization
key='[Ni].[Cu]-1065' prediction.modelResults.predictionError=[Ni].[Cu] failed standardization
key='O.O.O.O.O.O.[Na+].[Na+].[Na+].[O-]P([O-])([O-])=O-1065' prediction.modelResults.predictionError=O.O.O.O.O.O.[Na+].[Na+].[Na+].[O-]P([O-])([O-])=O failed standardization
key='O.[Fe+3].[O-][Cl](=O)(=O)=O.[O-][Cl](=O)(=O)=O.[O-][Cl](=O)(=O)=O-1065' prediction.modelResults.predictionError=O.[Fe+3].[O-][Cl](=O)(=O)=O.[O-][Cl](=O)(=O)=O.[O-][Cl](=O)(=O)=O failed standardization
key='[Cu++].[O-][I](=O)=O.[O-][I](=O)=O-1065' prediction.modelResults.predictionError=[Cu++].[O-][I](=O)=O.[O-][I](=O)=O failed standardization
key='[Fe++].[O-][N+]([O-])=O.[O-][N+]([O-])=O-1065' prediction.modelResults.predictionError=[Fe++].[O-][N+]([O-])=O.[O-][N+]([O-])=O failed standardization
key='[In+3].[O-]P([O-])([O-])=O-1065' prediction.modelResults.predictionError=[In+3].[O-]P([O-])([O-])=O failed standardization
key='[Cs+].[Cs+].[Cs+].[O-]P([O-])([O-])=O-1065' prediction.modelResults.predictionError=[Cs+].[Cs+].[Cs+].[O-]P([O-])([O-])=O failed standardization
key='[Cr].[Cu]-1065' prediction.modelResults.predictionError=[Cr].[Cu] failed standardization
key='[Al].[Ti].[V]-1065' prediction.modelResults.predictionError=[Al].[Ti].[V] failed standardization
key='O.O.O.O.[Ti].[Zr]-1065' prediction.modelResults.predictionError=O.O.O.O.[Ti].[Zr] failed standardization
key='[NaH].[Hg]-1065' prediction.modelResults.predictionError=[NaH].[Hg] failed standardization
key='NON-1065' prediction.modelResults.predictionError=NON failed standardization
key='[OH-].[OH-].[Pb++]-1065' prediction.modelResults.predictionError=[OH-].[OH-].[Pb++] failed standardization
key='N[C@@]1([C@H]2[C@@H]3C[C@@H]1C[C@]23C(O)=O)C(O)=O-1065' prediction.modelResults.predictionError=N[C@@]1([C@H]2[C@@H]3C[C@@H]1C[C@]23C(O)=O)C(O)=O failed standardization
key='[In].[Pt]-1065' prediction.modelResults.predictionError=[In].[Pt] failed standardization
key='COCCCOC1=C(C)C(C[S@@](=O)C2=NC3=CC=CC=C3N2)=NC=C1-1065' prediction.modelResults.predictionError=COCCCOC1=C(C)C(C[S@@](=O)C2=NC3=CC=CC=C3N2)=NC=C1 failed standardization
key='[NH4+].[O-][I](=O)(=O)=O-1065' prediction.modelResults.predictionError=[NH4+].[O-][I](=O)(=O)=O failed standardization
key='[Li+].[F-].[F-].[F-].[F-].[Lu+3]-1065' prediction.modelResults.predictionError=[Li+].[F-].[F-].[F-].[F-].[Lu+3] failed standardization
key='[Se--].[Pb++]-1065' prediction.modelResults.predictionError=[Se--].[Pb++] failed standardization
key='NS(N)=O-1065' prediction.modelResults.predictionError=NS(N)=O failed standardization
key='N[C@]1([C@H]2[C@@H]3C[C@@H]1C[C@]23C(O)=O)C(O)=O-1065' prediction.modelResults.predictionError=N[C@]1([C@H]2[C@@H]3C[C@@H]1C[C@]23C(O)=O)C(O)=O failed standardization
key='[Mo].[Re]-1065' prediction.modelResults.predictionError=[Mo].[Re] failed standardization
key='ON=C1C(=C1C1=CC=CC=C1)C1=CC=CC=C1-1065' prediction.modelResults.predictionError=ON=C1C(=C1C1=CC=CC=C1)C1=CC=CC=C1 failed standardization
key='CN1C=C(C(=O)C2=C1C=C(F)C=C2)[S@](C)=O-1065' prediction.modelResults.predictionError=CN1C=C(C(=O)C2=C1C=C(F)C=C2)[S@](C)=O failed standardization
key='[Fe].[Ni]-1065' prediction.modelResults.predictionError=[Fe].[Ni] failed standardization
key='OP(O)(=O)NP(O)(=O)NP(O)(O)=O-1065' prediction.modelResults.predictionError=OP(O)(=O)NP(O)(=O)NP(O)(O)=O failed standardization
key='[40Ar]-1065' prediction.modelResults.predictionError=[40Ar] failed standardization
key='[Na+].[Na+].[O-][N+](=O)N=O-1065' prediction.modelResults.predictionError=[Na+].[Na+].[O-][N+](=O)N=O failed standardization
key='[Co].[Cu]-1065' prediction.modelResults.predictionError=[Co].[Cu] failed standardization
key='[OH-].[Ag+]-1065' prediction.modelResults.predictionError=[OH-].[Ag+] failed standardization
key='[Li+].[F-].[F-].[F-].[Ba++]-1065' prediction.modelResults.predictionError=[Li+].[F-].[F-].[F-].[Ba++] failed standardization
key='[OH-].[OH-].[OH-].[OH-].[OH-].[V]-1065' prediction.modelResults.predictionError=[OH-].[OH-].[OH-].[OH-].[OH-].[V] failed standardization
key='[15N]#[15N]-1065' prediction.modelResults.predictionError=[15N]#[15N] failed standardization
key='[17O]=[17O]-1065' prediction.modelResults.predictionError=[17O]=[17O] failed standardization
key='[Ca++].[N-]=[N+]=[N-].[N-]=[N+]=[N-]-1065' prediction.modelResults.predictionError=[Ca++].[N-]=[N+]=[N-].[N-]=[N+]=[N-] failed standardization
key='[Co].[Mo]-1065' prediction.modelResults.predictionError=[Co].[Mo] failed standardization
key='[NH4+].O.O.O.O.O.O.[Mg++].[O-]P([O-])([O-])=O-1065' prediction.modelResults.predictionError=[NH4+].O.O.O.O.O.O.[Mg++].[O-]P([O-])([O-])=O failed standardization
key='O[Si](Cl)(Cl)Cl-1065' prediction.modelResults.predictionError=O[Si](Cl)(Cl)Cl failed standardization
key='[Co].[Ni]-1065' prediction.modelResults.predictionError=[Co].[Ni] failed standardization
key='[V].[Cr]-1065' prediction.modelResults.predictionError=[V].[Cr] failed standardization
key='[V++].[Br-].[Br-]-1065' prediction.modelResults.predictionError=[V++].[Br-].[Br-] failed standardization
key='[14NH3]-1065' prediction.modelResults.predictionError=[14NH3] failed standardization
key='O.FB(F)F-1065' prediction.modelResults.predictionError=O.FB(F)F failed standardization
key='[18O]=[18O]-1065' prediction.modelResults.predictionError=[18O]=[18O] failed standardization
key='O[15N+]([O-])=O-1065' prediction.modelResults.predictionError=O[15N+]([O-])=O failed standardization
key='[Ti].[Ni]-1065' prediction.modelResults.predictionError=[Ti].[Ni] failed standardization
key='NNS(O)(=O)=O-1065' prediction.modelResults.predictionError=NNS(O)(=O)=O failed standardization
key='[Co].[Pt]-1065' prediction.modelResults.predictionError=[Co].[Pt] failed standardization
key='[Fe].[Pt]-1065' prediction.modelResults.predictionError=[Fe].[Pt] failed standardization
key='CC1=CC=C(C=C1)[S@@](=O)C=C-1065' prediction.modelResults.predictionError=CC1=CC=C(C=C1)[S@@](=O)C=C failed standardization
key='C[S@](=O)CC(=O)C1=CC=CC=C1-1065' prediction.modelResults.predictionError=C[S@](=O)CC(=O)C1=CC=CC=C1 failed standardization
key='CCOP(=O)(OCC)C1[S@](=O)CCC[S@]1=O-1065' prediction.modelResults.predictionError=CCOP(=O)(OCC)C1[S@](=O)CCC[S@]1=O failed standardization
key='CC1=CC=C(C=C1)[S@](=O)C[C@H](O)C(F)F-1065' prediction.modelResults.predictionError=CC1=CC=C(C=C1)[S@](=O)C[C@H](O)C(F)F failed standardization
key='CCCCCCCC[S@@](=O)C1=CC=CC=C1-1065' prediction.modelResults.predictionError=CCCCCCCC[S@@](=O)C1=CC=CC=C1 failed standardization
key='COC(=O)CC(=O)CC(=O)C[S@@](=O)C1=CC=C(C)C=C1-1065' prediction.modelResults.predictionError=COC(=O)CC(=O)CC(=O)C[S@@](=O)C1=CC=C(C)C=C1 failed standardization
key='COCCCOC1=C(C)C(C[S@](=O)C2=NC3=CC=CC=C3N2)=NC=C1-1065' prediction.modelResults.predictionError=COCCCOC1=C(C)C(C[S@](=O)C2=NC3=CC=CC=C3N2)=NC=C1 failed standardization
key='CC(C)(C)[S@](=O)CC[Si](C)(C)C-1065' prediction.modelResults.predictionError=CC(C)(C)[S@](=O)CC[Si](C)(C)C failed standardization
key='CCCCC[C@@H](O)[C@H](C[Si](C)(C)C)[S@@](=O)C1=CC=C(C)C=C1-1065' prediction.modelResults.predictionError=CCCCC[C@@H](O)[C@H](C[Si](C)(C)C)[S@@](=O)C1=CC=C(C)C=C1 failed standardization
key='CC1(C)CN=C2NC(N)=NC(=O)C2=N1-1065' prediction.modelResults.predictionError=CC1(C)CN=C2NC(N)=NC(=O)C2=N1 failed standardization
key='Br[Fe+]Br-1065' prediction.modelResults.predictionError=Br[Fe+]Br failed standardization
key='O=C1C[S@@](=O)C2=CC=CC=C2[S@](=O)C1-1065' prediction.modelResults.predictionError=O=C1C[S@@](=O)C2=CC=CC=C2[S@](=O)C1 failed standardization
key='[Tl+].F[P-](F)(F)(F)(F)F-1065' prediction.modelResults.predictionError=[Tl+].F[P-](F)(F)(F)(F)F failed standardization
key='[Cl-].[Cl-].[Cl-].[Cl-].[Ru++].[Ru++].[H]C1=C([H])C(C(C)C)=C([H])C([H])=C1C.[H]C1=C([H])C(C(C)C)=C([H])C([H])=C1C-1065' prediction.modelResults.predictionError=[Cl-].[Cl-].[Cl-].[Cl-].[Ru++].[Ru++].[H]C1=C([H])C(C(C)C)=C([H])C([H])=C1C.[H]C1=C([H])C(C(C)C)=C([H])C([H])=C1C failed standardization
key='[K+].[O-][15N+]([O-])=O-1065' prediction.modelResults.predictionError=[K+].[O-][15N+]([O-])=O failed standardization
key='CC1=CC=C(C=C1)[S@@](C)=O-1065' prediction.modelResults.predictionError=CC1=CC=C(C=C1)[S@@](C)=O failed standardization
key='[Rh].F[B-](F)(F)F.[H]C12CC([H])(C=C1)C=C2.[H]C12CC([H])(C=C1)C=C2-1065' prediction.modelResults.predictionError=[Rh].F[B-](F)(F)F.[H]C12CC([H])(C=C1)C=C2.[H]C12CC([H])(C=C1)C=C2 failed standardization
key='Br[Mo](Br)(Br)Br-1065' prediction.modelResults.predictionError=Br[Mo](Br)(Br)Br failed standardization
key='Cl[Ru+].CC(C)C1=CC=C(C)C=C1.CC1=CC=C(C=C1)S(=O)(=O)[N-][C@H]([C@@H](N)C1=CC=CC=C1)C1=CC=CC=C1-1065' prediction.modelResults.predictionError=Cl[Ru+].CC(C)C1=CC=C(C)C=C1.CC1=CC=C(C=C1)S(=O)(=O)[N-][C@H]([C@@H](N)C1=CC=CC=C1)C1=CC=CC=C1 failed standardization
key='[Rh].F[B-](F)(F)F.C1C\\C=C/CC\\C=C/1.COC1=CC=CC=C1[P@](CC[P@](C1=CC=CC=C1)C1=CC=CC=C1OC)C1=CC=CC=C1-1065' prediction.modelResults.predictionError=[Rh].F[B-](F)(F)F.C1C\C=C/CC\C=C/1.COC1=CC=CC=C1[P@](CC[P@](C1=CC=CC=C1)C1=CC=CC=C1OC)C1=CC=CC=C1 failed standardization
key='CC(C)[C@H](O)C[S@@](=O)C1=CC=C(C)C=C1-1065' prediction.modelResults.predictionError=CC(C)[C@H](O)C[S@@](=O)C1=CC=C(C)C=C1 failed standardization
key='O=[Re](=O)=O.O[Si](C1=CC=CC=C1)(C1=CC=CC=C1)C1=CC=CC=C1-1065' prediction.modelResults.predictionError=O=[Re](=O)=O.O[Si](C1=CC=CC=C1)(C1=CC=CC=C1)C1=CC=CC=C1 failed standardization
key='CC(C)OC1=CC=CC=C1C=[Ru](Cl)Cl.C1CCC(CC1)P(C1CCCCC1)C1CCCCC1-1065' prediction.modelResults.predictionError=CC(C)OC1=CC=CC=C1C=[Ru](Cl)Cl.C1CCC(CC1)P(C1CCCCC1)C1CCCCC1 failed standardization
key='[Rh].F[B-](F)(F)F.C1C\\C=C/CC\\C=C/1.C(CCP(C1=CC=CC=C1)C1=CC=CC=C1)CP(C1=CC=CC=C1)C1=CC=CC=C1-1065' prediction.modelResults.predictionError=[Rh].F[B-](F)(F)F.C1C\C=C/CC\C=C/1.C(CCP(C1=CC=CC=C1)C1=CC=CC=C1)CP(C1=CC=CC=C1)C1=CC=CC=C1 failed standardization
key='O.O.Cl[Ni]Cl-1065' prediction.modelResults.predictionError=O.O.Cl[Ni]Cl failed standardization
key='C[S@](=O)C1=CC=CC=C1Cl-1065' prediction.modelResults.predictionError=C[S@](=O)C1=CC=CC=C1Cl failed standardization
key='[Cl-].[Cl-].[Cl-].[Cl-].[Ru++].[Ru++].[C-]#[O+].[C-]#[O+].[C-]#[O+].[C-]#[O+].[C-]#[O+].[C-]#[O+]-1065' prediction.modelResults.predictionError=[Cl-].[Cl-].[Cl-].[Cl-].[Ru++].[Ru++].[C-]#[O+].[C-]#[O+].[C-]#[O+].[C-]#[O+].[C-]#[O+].[C-]#[O+] failed standardization
key='[Rh].[Rh].CCCCCCCC(O)=O.CCCCCCCC(O)=O.CCCCCCCC(O)=O.CCCCCCCC(O)=O-1065' prediction.modelResults.predictionError=[Rh].[Rh].CCCCCCCC(O)=O.CCCCCCCC(O)=O.CCCCCCCC(O)=O.CCCCCCCC(O)=O failed standardization
key='CC(C)=CC=[Ru](Cl)Cl.C1CCC(CC1)P(C1CCCCC1)C1CCCCC1.C1CCC(CC1)P(C1CCCCC1)C1CCCCC1-1065' prediction.modelResults.predictionError=CC(C)=CC=[Ru](Cl)Cl.C1CCC(CC1)P(C1CCCCC1)C1CCCCC1.C1CCC(CC1)P(C1CCCCC1)C1CCCCC1 failed standardization
key='Cl[Ru]Cl.Cl[Ru]Cl.C1=CC=CC=C1.C1=CC=CC=C1-1065' prediction.modelResults.predictionError=Cl[Ru]Cl.Cl[Ru]Cl.C1=CC=CC=C1.C1=CC=CC=C1 failed standardization
key='[Ga]I-1065' prediction.modelResults.predictionError=[Ga]I failed standardization
key='CC(C)(C)[S@](N)=O-1065' prediction.modelResults.predictionError=CC(C)(C)[S@](N)=O failed standardization
key='F[Ti+](F)F-1065' prediction.modelResults.predictionError=F[Ti+](F)F failed standardization
key='[Li][Sn](C)(C)C-1065' prediction.modelResults.predictionError=[Li][Sn](C)(C)C failed standardization
key='Cl[Ru+].CC1=CC(C)=CC(C)=C1.CC1=CC=C(C=C1)S(=O)(=O)[N-][C@@H]([C@H](N)C1=CC=CC=C1)C1=CC=CC=C1-1065' prediction.modelResults.predictionError=Cl[Ru+].CC1=CC(C)=CC(C)=C1.CC1=CC=C(C=C1)S(=O)(=O)[N-][C@@H]([C@H](N)C1=CC=CC=C1)C1=CC=CC=C1 failed standardization
key='[Rh].[O-]S(=O)(=O)C(F)(F)F.C1C\\C=C/CC\\C=C/1.C[C@@H]1CC[C@@H](C)P1C1=CC=CC=C1P1[C@H](C)CC[C@H]1C-1065' prediction.modelResults.predictionError=[Rh].[O-]S(=O)(=O)C(F)(F)F.C1C\C=C/CC\C=C/1.C[C@@H]1CC[C@@H](C)P1C1=CC=CC=C1P1[C@H](C)CC[C@H]1C failed standardization
key='Cl[Se+](Cl)Cl-1065' prediction.modelResults.predictionError=Cl[Se+](Cl)Cl failed standardization
key='OB(O)B(O)O-1065' prediction.modelResults.predictionError=OB(O)B(O)O failed standardization
key='CC1=CC=C(C=C1)[S@](=O)C1=CC=CN1-1065' prediction.modelResults.predictionError=CC1=CC=C(C=C1)[S@](=O)C1=CC=CN1 failed standardization
key='CC1=CC=C(C=C1)[S@](=O)CC(=O)C1=CC=CC=C1-1065' prediction.modelResults.predictionError=CC1=CC=C(C=C1)[S@](=O)CC(=O)C1=CC=CC=C1 failed standardization
key='[Rh].F[P-](F)(F)(F)(F)F.C1C\\C=C/CC\\C=C/1.C1C\\C=C/CC\\C=C/1-1065' prediction.modelResults.predictionError=[Rh].F[P-](F)(F)(F)(F)F.C1C\C=C/CC\C=C/1.C1C\C=C/CC\C=C/1 failed standardization
key='[Rh].F[B-](F)(F)F.[H]C12CC([H])(C=C1)C=C2.C(CCP(C1=CC=CC=C1)C1=CC=CC=C1)CP(C1=CC=CC=C1)C1=CC=CC=C1-1065' prediction.modelResults.predictionError=[Rh].F[B-](F)(F)F.[H]C12CC([H])(C=C1)C=C2.C(CCP(C1=CC=CC=C1)C1=CC=CC=C1)CP(C1=CC=CC=C1)C1=CC=CC=C1 failed standardization
key='CC1=CC=C(C=C1)[S@](=O)C1=CCCC1=O-1065' prediction.modelResults.predictionError=CC1=CC=C(C=C1)[S@](=O)C1=CCCC1=O failed standardization
key='[Rh].F[B-](F)(F)F.C1C\\C=C/CC\\C=C/1.CC[C@H]1CC[C@H](CC)P1C1=CC=CC=C1P1[C@@H](CC)CC[C@@H]1CC-1065' prediction.modelResults.predictionError=[Rh].F[B-](F)(F)F.C1C\C=C/CC\C=C/1.CC[C@H]1CC[C@H](CC)P1C1=CC=CC=C1P1[C@@H](CC)CC[C@@H]1CC failed standardization
key='O.[TlH] |^1:1|-1065' prediction.modelResults.predictionError=O.[TlH] |^1:1| failed standardization
key='[Rh].[Rh].CC(C)(C)C1=CC=C(C=C1)S(=O)(=O)N1CCC[C@H]1C(O)=O.CC(C)(C)C1=CC=C(C=C1)S(=O)(=O)N1CCC[C@H]1C(O)=O.CC(C)(C)C1=CC=C(C=C1)S(=O)(=O)N1CCC[C@H]1C(O)=O.CC(C)(C)C1=CC=C(C=C1)S(=O)(=O)N1CCC[C@H]1C(O)=O-1065' prediction.modelResults.predictionError=[Rh].[Rh].CC(C)(C)C1=CC=C(C=C1)S(=O)(=O)N1CCC[C@H]1C(O)=O.CC(C)(C)C1=CC=C(C=C1)S(=O)(=O)N1CCC[C@H]1C(O)=O.CC(C)(C)C1=CC=C(C=C1)S(=O)(=O)N1CCC[C@H]1C(O)=O.CC(C)(C)C1=CC=C(C=C1)S(=O)(=O)N1CCC[C@H]1C(O)=O failed standardization
key='C[S@](=O)C1=CC=CC=C1-1065' prediction.modelResults.predictionError=C[S@](=O)C1=CC=CC=C1 failed standardization
key='C[S@](=O)C1=CC=C(F)C=C1-1065' prediction.modelResults.predictionError=C[S@](=O)C1=CC=C(F)C=C1 failed standardization
key='[Li+].[Li+].Br[Ni--](Br)(Br)Br-1065' prediction.modelResults.predictionError=[Li+].[Li+].Br[Ni--](Br)(Br)Br failed standardization
key='I[Ir](I)I-1065' prediction.modelResults.predictionError=I[Ir](I)I failed standardization
key='[Li+].[B].[NH2-]-1065' prediction.modelResults.predictionError=[Li+].[B].[NH2-] failed standardization
key='CC1=CC=C(C=C1)[S@](N)=O-1065' prediction.modelResults.predictionError=CC1=CC=C(C=C1)[S@](N)=O failed standardization
key='COC(=O)C[S@@](=O)CC(O)=O-1065' prediction.modelResults.predictionError=COC(=O)C[S@@](=O)CC(O)=O failed standardization
key='C[Sn](C)(C)[Na]-1065' prediction.modelResults.predictionError=C[Sn](C)(C)[Na] failed standardization
key='Cl[Si](Cl)(Cl)I-1065' prediction.modelResults.predictionError=Cl[Si](Cl)(Cl)I failed standardization
key='C[S@@](=O)C1=CC=CC2=CC=CC=C12-1065' prediction.modelResults.predictionError=C[S@@](=O)C1=CC=CC2=CC=CC=C12 failed standardization
key='[Li][Ge](C)(C)C1=CC=CC=C1-1065' prediction.modelResults.predictionError=[Li][Ge](C)(C)C1=CC=CC=C1 failed standardization
key='[Ag+].F[As-](F)(F)(F)(F)F-1065' prediction.modelResults.predictionError=[Ag+].F[As-](F)(F)(F)(F)F failed standardization
key='FS(F)=N-1065' prediction.modelResults.predictionError=FS(F)=N failed standardization
key='[Li][Sn](CCCC)(CCCC)CCCC-1065' prediction.modelResults.predictionError=[Li][Sn](CCCC)(CCCC)CCCC failed standardization
key='CC1=CC=C(C=C1)[S@](=O)C=C-1065' prediction.modelResults.predictionError=CC1=CC=C(C=C1)[S@](=O)C=C failed standardization
key='CC1=CC=CC=C1N1C=CN=C1[S@@](=O)CCCO-1065' prediction.modelResults.predictionError=CC1=CC=CC=C1N1C=CN=C1[S@@](=O)CCCO failed standardization
key='CC1=CC=C(C=C1)[S@@](N)=O-1065' prediction.modelResults.predictionError=CC1=CC=C(C=C1)[S@@](N)=O failed standardization
key='C[P](C)(C)[Ni](Cl)(Cl)[P](C)(C)C-1065' prediction.modelResults.predictionError=C[P](C)(C)[Ni](Cl)(Cl)[P](C)(C)C failed standardization
key='OP(Cl)Cl-1065' prediction.modelResults.predictionError=OP(Cl)Cl failed standardization
key='[O-][Re](=O)(=O)=O.CCCC[N+](CCCC)(CCCC)CCCC-1065' prediction.modelResults.predictionError=[O-][Re](=O)(=O)=O.CCCC[N+](CCCC)(CCCC)CCCC failed standardization
key='CC[Ge]([Na])(CC)CC-1065' prediction.modelResults.predictionError=CC[Ge]([Na])(CC)CC failed standardization
key='[Rh].CC#N.CC#N.F[B-](F)(F)F.C1C\\C=C/CC\\C=C/1-1065' prediction.modelResults.predictionError=[Rh].CC#N.CC#N.F[B-](F)(F)F.C1C\C=C/CC\C=C/1 failed standardization
key='Cl[Ru]Cl.N[C@H]([C@@H](N)C1=CC=CC=C1)C1=CC=CC=C1.CC1=CC(=CC(C)=C1)P(C1=CC(C)=CC(C)=C1)C1=C(C2=CC=CC=C2C=C1)C1=C(C=CC2=CC=CC=C12)P(C1=CC(C)=CC(C)=C1)C1=CC(C)=CC(C)=C1-1065' prediction.modelResults.predictionError=Cl[Ru]Cl.N[C@H]([C@@H](N)C1=CC=CC=C1)C1=CC=CC=C1.CC1=CC(=CC(C)=C1)P(C1=CC(C)=CC(C)=C1)C1=C(C2=CC=CC=C2C=C1)C1=C(C=CC2=CC=CC=C12)P(C1=CC(C)=CC(C)=C1)C1=CC(C)=CC(C)=C1 failed standardization
key='[Li][Sn](C1=CC=CC=C1)(C1=CC=CC=C1)C1=CC=CC=C1-1065' prediction.modelResults.predictionError=[Li][Sn](C1=CC=CC=C1)(C1=CC=CC=C1)C1=CC=CC=C1 failed standardization
key='[Rh].[O-]S(=O)(=O)C(F)(F)F.C1C\\C=C/CC\\C=C/1.CC[C@H]1CC[C@H](CC)P1C1=CC=CC=C1P1[C@@H](CC)CC[C@@H]1CC-1065' prediction.modelResults.predictionError=[Rh].[O-]S(=O)(=O)C(F)(F)F.C1C\C=C/CC\C=C/1.CC[C@H]1CC[C@H](CC)P1C1=CC=CC=C1P1[C@@H](CC)CC[C@@H]1CC failed standardization
key='I.O=[Re]=O.C1=CC=C(C=C1)P(C1=CC=CC=C1)C1=CC=CC=C1.C1=CC=C(C=C1)P(C1=CC=CC=C1)C1=CC=CC=C1-1065' prediction.modelResults.predictionError=I.O=[Re]=O.C1=CC=C(C=C1)P(C1=CC=CC=C1)C1=CC=CC=C1.C1=CC=C(C=C1)P(C1=CC=CC=C1)C1=CC=CC=C1 failed standardization
key='BrC1=CN=CC=C1.BrC1=CN=CC=C1.CC1=CC(C)=C(N2CCN(C2=[Ru](Cl)(Cl)=CC2=CC=CC=C2)C2=C(C)C=C(C)C=C2C)C(C)=C1-1065' prediction.modelResults.predictionError=BrC1=CN=CC=C1.BrC1=CN=CC=C1.CC1=CC(C)=C(N2CCN(C2=[Ru](Cl)(Cl)=CC2=CC=CC=C2)C2=C(C)C=C(C)C=C2C)C(C)=C1 failed standardization
key='[Ni].[Cd]-1065' prediction.modelResults.predictionError=[Ni].[Cd] failed standardization
key='NC(=O)C[S@](=O)C(C1=CC=CC=C1)C1=CC=CC=C1-1065' prediction.modelResults.predictionError=NC(=O)C[S@](=O)C(C1=CC=CC=C1)C1=CC=CC=C1 failed standardization
key='CN[S@](=O)C1=CC=CC=C1-1065' prediction.modelResults.predictionError=CN[S@](=O)C1=CC=CC=C1 failed standardization
key='[Na+].[K+].[O-][N+]([O-])=O.[O-][N+]([O-])=O-1065' prediction.modelResults.predictionError=[Na+].[K+].[O-][N+]([O-])=O.[O-][N+]([O-])=O failed standardization
key='[K][Sn](C1=CC=CC=C1)(C1=CC=CC=C1)C1=CC=CC=C1-1065' prediction.modelResults.predictionError=[K][Sn](C1=CC=CC=C1)(C1=CC=CC=C1)C1=CC=CC=C1 failed standardization
key='[Pd].[SnH2]-1065' prediction.modelResults.predictionError=[Pd].[SnH2] failed standardization
key='Cl[C@H](CC1=CC=CC=C1)[S@](=O)C1=CC=C(Cl)C=C1-1065' prediction.modelResults.predictionError=Cl[C@H](CC1=CC=CC=C1)[S@](=O)C1=CC=C(Cl)C=C1 failed standardization
key='[Rh].F[B-](F)(F)F.C1C\\C=C/CC\\C=C/1.CC[C@@H]1CC[C@@H](CC)P1C1=CC=CC=C1P1[C@H](CC)CC[C@H]1CC-1065' prediction.modelResults.predictionError=[Rh].F[B-](F)(F)F.C1C\C=C/CC\C=C/1.CC[C@@H]1CC[C@@H](CC)P1C1=CC=CC=C1P1[C@H](CC)CC[C@H]1CC failed standardization
key='[Cr].[Mo]-1065' prediction.modelResults.predictionError=[Cr].[Mo] failed standardization
key='CSCC1=CC=CC=C1[S@@](=O)C1=CC=C(C)C=C1-1065' prediction.modelResults.predictionError=CSCC1=CC=CC=C1[S@@](=O)C1=CC=C(C)C=C1 failed standardization
key='C[C@H]1[C@H](O[S@@](=O)N1S(=O)(=O)C1=CC=C(C)C=C1)C1=CC=CC=C1-1065' prediction.modelResults.predictionError=C[C@H]1[C@H](O[S@@](=O)N1S(=O)(=O)C1=CC=C(C)C=C1)C1=CC=CC=C1 failed standardization
key='OC(=O)C[S@@](=O)C(C1=CC=CC=C1)C1=CC=CC=C1-1065' prediction.modelResults.predictionError=OC(=O)C[S@@](=O)C(C1=CC=CC=C1)C1=CC=CC=C1 failed standardization
key='[Pt].[Bi]-1065' prediction.modelResults.predictionError=[Pt].[Bi] failed standardization
key='[Si]1[Si][Si][Si][Si]1-1065' prediction.modelResults.predictionError=[Si]1[Si][Si][Si][Si]1 failed standardization
key='C[S@](=O)C1=CC=CC2=CC=CC=C12-1065' prediction.modelResults.predictionError=C[S@](=O)C1=CC=CC2=CC=CC=C12 failed standardization
key='CCCCCCCCCCCCC=C([S@@](=O)C1=CC=C(C)C=C1)[S@@](=O)C1=CC=C(C)C=C1-1065' prediction.modelResults.predictionError=CCCCCCCCCCCCC=C([S@@](=O)C1=CC=C(C)C=C1)[S@@](=O)C1=CC=C(C)C=C1 failed standardization
key='[Cr].[Co]-1065' prediction.modelResults.predictionError=[Cr].[Co] failed standardization
key='[Co].[Pd]-1065' prediction.modelResults.predictionError=[Co].[Pd] failed standardization
key='[Co].[Au]-1065' prediction.modelResults.predictionError=[Co].[Au] failed standardization
key='C1CCC(CC1)P(C1CCCCC1)C1CCCCC1.CC(C)=CC=[Ru](Cl)(Cl)=C1N(CCN1C1=C(C)C=C(C)C=C1C)C1=C(C)C=C(C)C=C1C-1065' prediction.modelResults.predictionError=C1CCC(CC1)P(C1CCCCC1)C1CCCCC1.CC(C)=CC=[Ru](Cl)(Cl)=C1N(CCN1C1=C(C)C=C(C)C=C1C)C1=C(C)C=C(C)C=C1C failed standardization
key='[Fe].[Co]-1065' prediction.modelResults.predictionError=[Fe].[Co] failed standardization
key='CC(C)(C)[S@@](N)=O-1065' prediction.modelResults.predictionError=CC(C)(C)[S@@](N)=O failed standardization
key='CC1=CC=C(C=C1)[S@](=O)CC(=O)C=C-1065' prediction.modelResults.predictionError=CC1=CC=C(C=C1)[S@](=O)CC(=O)C=C failed standardization
key='[Pd].[Au]-1065' prediction.modelResults.predictionError=[Pd].[Au] failed standardization
key='[Cu].[Pd]-1065' prediction.modelResults.predictionError=[Cu].[Pd] failed standardization
key='CC(C)[S@](=O)C1=CC=CC=C1-1065' prediction.modelResults.predictionError=CC(C)[S@](=O)C1=CC=CC=C1 failed standardization
key='[Na+].[O-][15N+]([O-])=O-1065' prediction.modelResults.predictionError=[Na+].[O-][15N+]([O-])=O failed standardization
key='[Mn].[Cu]-1065' prediction.modelResults.predictionError=[Mn].[Cu] failed standardization
key='[Mg].[Zn]-1065' prediction.modelResults.predictionError=[Mg].[Zn] failed standardization
key='CC(C)(C)OC(=O)C[S@@](=O)C(C)(C)C-1065' prediction.modelResults.predictionError=CC(C)(C)OC(=O)C[S@@](=O)C(C)(C)C failed standardization
key='CC(C)=CC=[Ru](Cl)Cl.C1CCC(C1)P(C1CCCC1)C1CCCC1.C1CCC(C1)P(C1CCCC1)C1CCCC1-1065' prediction.modelResults.predictionError=CC(C)=CC=[Ru](Cl)Cl.C1CCC(C1)P(C1CCCC1)C1CCCC1.C1CCC(C1)P(C1CCCC1)C1CCCC1 failed standardization
key='[OH-].[Cl-].[Zn++]-1065' prediction.modelResults.predictionError=[OH-].[Cl-].[Zn++] failed standardization
key='[Co].[Ag]-1065' prediction.modelResults.predictionError=[Co].[Ag] failed standardization
key='CCCC[S@@](=O)C1=CC=C(C)C=C1-1065' prediction.modelResults.predictionError=CCCC[S@@](=O)C1=CC=C(C)C=C1 failed standardization
key='[Cr].[Fe].[Ni]-1065' prediction.modelResults.predictionError=[Cr].[Fe].[Ni] failed standardization
key='CC1=CC=C(C=C1)[S@](=O)C1=CC=CC=C1CC=O-1065' prediction.modelResults.predictionError=CC1=CC=C(C=C1)[S@](=O)C1=CC=CC=C1CC=O failed standardization
key='O.O.O.O.[Cl-].[Cl-].[Ca++]-1065' prediction.modelResults.predictionError=O.O.O.O.[Cl-].[Cl-].[Ca++] failed standardization
key='OC(=O)C[S@](=O)C(C1=CC=CC=C1)C1=CC=CC=C1-1065' prediction.modelResults.predictionError=OC(=O)C[S@](=O)C(C1=CC=CC=C1)C1=CC=CC=C1 failed standardization
key='C1CCOC1.C1CCOC1.[O+]#[C-][Re+]1([Br-][Re+]([Br-]1)([C-]#[O+])([C-]#[O+])[C-]#[O+])([C-]#[O+])[C-]#[O+]-1065' prediction.modelResults.predictionError=C1CCOC1.C1CCOC1.[O+]#[C-][Re+]1([Br-][Re+]([Br-]1)([C-]#[O+])([C-]#[O+])[C-]#[O+])([C-]#[O+])[C-]#[O+] failed standardization
key='[Rh++].[Rh++].CCCCCCCCCCCCC1=CC=C(C=C1)S(=O)(=O)N1CCC[C@H]1C([O-])=O.CCCCCCCCCCCCC1=CC=C(C=C1)S(=O)(=O)N1CCC[C@H]1C([O-])=O.CCCCCCCCCCCCC1=CC=C(C=C1)S(=O)(=O)N1CCC[C@H]1C([O-])=O.CCCCCCCCCCCCC1=CC=C(C=C1)S(=O)(=O)N1CCC[C@H]1C([O-])=O-1065' prediction.modelResults.predictionError=[Rh++].[Rh++].CCCCCCCCCCCCC1=CC=C(C=C1)S(=O)(=O)N1CCC[C@H]1C([O-])=O.CCCCCCCCCCCCC1=CC=C(C=C1)S(=O)(=O)N1CCC[C@H]1C([O-])=O.CCCCCCCCCCCCC1=CC=C(C=C1)S(=O)(=O)N1CCC[C@H]1C([O-])=O.CCCCCCCCCCCCC1=CC=C(C=C1)S(=O)(=O)N1CCC[C@H]1C([O-])=O failed standardization
key='CCCC[S@](=O)C1=CC=CC=C1-1065' prediction.modelResults.predictionError=CCCC[S@](=O)C1=CC=CC=C1 failed standardization
key='[Pb++].[O-][Cl](=O)=O.[O-][Cl](=O)=O-1065' prediction.modelResults.predictionError=[Pb++].[O-][Cl](=O)=O.[O-][Cl](=O)=O failed standardization
key='CC(=O)CC1=CC=CC=C1[S@@](=O)C1=CC=C(C)C=C1-1065' prediction.modelResults.predictionError=CC(=O)CC1=CC=CC=C1[S@@](=O)C1=CC=C(C)C=C1 failed standardization
key='[Li][Pb](CCCC)(CCCC)CCCC-1065' prediction.modelResults.predictionError=[Li][Pb](CCCC)(CCCC)CCCC failed standardization
key='CC(C)OC1=CC=CC=C1C=[Ru](Cl)(Cl)=C1N(CCN1C1=C(C)C=C(C)C=C1C)C1=C(C)C=C(C)C=C1C-1065' prediction.modelResults.predictionError=CC(C)OC1=CC=CC=C1C=[Ru](Cl)(Cl)=C1N(CCN1C1=C(C)C=C(C)C=C1C)C1=C(C)C=C(C)C=C1C failed standardization
key='CN1C=C(C(=O)C2=C1C=C(F)C=C2)[S@@](C)=O-1065' prediction.modelResults.predictionError=CN1C=C(C(=O)C2=C1C=C(F)C=C2)[S@@](C)=O failed standardization
key='ClP(Cl)(Cl)=NP(Cl)(Cl)=O-1065' prediction.modelResults.predictionError=ClP(Cl)(Cl)=NP(Cl)(Cl)=O failed standardization
key='[Rh].[Pd]-1065' prediction.modelResults.predictionError=[Rh].[Pd] failed standardization
key='CON(C)O-1065' prediction.modelResults.predictionError=CON(C)O failed standardization
key='S=[Nb]=S-1065' prediction.modelResults.predictionError=S=[Nb]=S failed standardization
key='[Li+].[Li+].Cl[Mn--](Cl)(Cl)Cl-1065' prediction.modelResults.predictionError=[Li+].[Li+].Cl[Mn--](Cl)(Cl)Cl failed standardization
key='[Ru++].CC([CH2-])=C.CC([CH2-])=C.C1C\\C=C/CC\\C=C/1-1065' prediction.modelResults.predictionError=[Ru++].CC([CH2-])=C.CC([CH2-])=C.C1C\C=C/CC\C=C/1 failed standardization
key='[F-].[F-].[F-].[F-].[F-].[Y+3].[Ba++]-1065' prediction.modelResults.predictionError=[F-].[F-].[F-].[F-].[F-].[Y+3].[Ba++] failed standardization
key='CCC1(CC)O[S@](=O)N([C@@H]1C1=CC=CC=C1)S(=O)(=O)C1=CC=C(C)C=C1-1065' prediction.modelResults.predictionError=CCC1(CC)O[S@](=O)N([C@@H]1C1=CC=CC=C1)S(=O)(=O)C1=CC=C(C)C=C1 failed standardization
key='O=[S@@](CC1=CC=CC=C1)C1=CC=CC=C1-1065' prediction.modelResults.predictionError=O=[S@@](CC1=CC=CC=C1)C1=CC=CC=C1 failed standardization
key='CCCCCC[S@](=O)CC1=CC=CC=C1-1065' prediction.modelResults.predictionError=CCCCCC[S@](=O)CC1=CC=CC=C1 failed standardization
key='CCC[S@@](=O)C1=CC=CC=C1-1065' prediction.modelResults.predictionError=CCC[S@@](=O)C1=CC=CC=C1 failed standardization
key='O.O.O.O.O.O.[Cr+3].[Br-].[Br-].[Br-]-1065' prediction.modelResults.predictionError=O.O.O.O.O.O.[Cr+3].[Br-].[Br-].[Br-] failed standardization
key='[NH4+].[NH4+].[O-]S(=O)(=O)OS([O-])(=O)=O-1065' prediction.modelResults.predictionError=[NH4+].[NH4+].[O-]S(=O)(=O)OS([O-])(=O)=O failed standardization
key='[Fe+6]-1065' prediction.modelResults.predictionError=[Fe+6] failed standardization
key='O[SiH2][SiH3]-1065' prediction.modelResults.predictionError=O[SiH2][SiH3] failed standardization
key='N1=NN=NN=N1-1065' prediction.modelResults.predictionError=N1=NN=NN=N1 failed standardization
key='O[Si](O)(O)O[Si](O)(O)O[Si](O)(O)O-1065' prediction.modelResults.predictionError=O[Si](O)(O)O[Si](O)(O)O[Si](O)(O)O failed standardization
key='[Ru++].[O-][Cl](=O)(=O)=O.[O-][Cl](=O)(=O)=O.C1=CC=C(C=C1)C1=C2C=CC3=C(C=CN=C3C2=NC=C1)C1=CC=CC=C1.C1=CC=C(C=C1)C1=C2C=CC3=C(C=CN=C3C2=NC=C1)C1=CC=CC=C1.C1=CC=C(C=C1)C1=C2C=CC3=C(C=CN=C3C2=NC=C1)C1=CC=CC=C1-1065' prediction.modelResults.predictionError=[Ru++].[O-][Cl](=O)(=O)=O.[O-][Cl](=O)(=O)=O.C1=CC=C(C=C1)C1=C2C=CC3=C(C=CN=C3C2=NC=C1)C1=CC=CC=C1.C1=CC=C(C=C1)C1=C2C=CC3=C(C=CN=C3C2=NC=C1)C1=CC=CC=C1.C1=CC=C(C=C1)C1=C2C=CC3=C(C=CN=C3C2=NC=C1)C1=CC=CC=C1 failed standardization
key='[Rh].C1=CC=C(C=C1)P(C1=CC=CC=C1)C1=CC=CC=C1.C1=CC=C(C=C1)P(C1=CC=CC=C1)C1=CC=CC=C1.C1=CC=C(C=C1)P(C1=CC=CC=C1)C1=CC=CC=C1.C1=CC=C(C=C1)P(C1=CC=CC=C1)C1=CC=CC=C1-1065' prediction.modelResults.predictionError=[Rh].C1=CC=C(C=C1)P(C1=CC=CC=C1)C1=CC=CC=C1.C1=CC=C(C=C1)P(C1=CC=CC=C1)C1=CC=CC=C1.C1=CC=C(C=C1)P(C1=CC=CC=C1)C1=CC=CC=C1.C1=CC=C(C=C1)P(C1=CC=CC=C1)C1=CC=CC=C1 failed standardization
key='[Ru].C1=CC=C(C=C1)P(C1=CC=CC=C1)C1=CC=CC=C1.C1=CC=C(C=C1)P(C1=CC=CC=C1)C1=CC=CC=C1.C1=CC=C(C=C1)P(C1=CC=CC=C1)C1=CC=CC=C1.C1=CC=C(C=C1)P(C1=CC=CC=C1)C1=CC=CC=C1-1065' prediction.modelResults.predictionError=[Ru].C1=CC=C(C=C1)P(C1=CC=CC=C1)C1=CC=CC=C1.C1=CC=C(C=C1)P(C1=CC=CC=C1)C1=CC=CC=C1.C1=CC=C(C=C1)P(C1=CC=CC=C1)C1=CC=CC=C1.C1=CC=C(C=C1)P(C1=CC=CC=C1)C1=CC=CC=C1 failed standardization
key='Cl[Ru]Cl.C1=CC=C(C=C1)P(C1=CC=CC=C1)C1=CC=CC=C1.C1=CC=C(C=C1)P(C1=CC=CC=C1)C1=CC=CC=C1.C1=CC=C(C=C1)P(C1=CC=CC=C1)C1=CC=CC=C1.C1=CC=C(C=C1)P(C1=CC=CC=C1)C1=CC=CC=C1-1065' prediction.modelResults.predictionError=Cl[Ru]Cl.C1=CC=C(C=C1)P(C1=CC=CC=C1)C1=CC=CC=C1.C1=CC=C(C=C1)P(C1=CC=CC=C1)C1=CC=CC=C1.C1=CC=C(C=C1)P(C1=CC=CC=C1)C1=CC=CC=C1.C1=CC=C(C=C1)P(C1=CC=CC=C1)C1=CC=CC=C1 failed standardization
key='[Ce+4].[Ce+4].[Ce+4].[O-][N+]([O-])=O.[O-][N+]([O-])=O.[O-][N+]([O-])=O.[O-][N+]([O-])=O.[O-][N+]([O-])=O.[O-][N+]([O-])=O.[O-][N+]([O-])=O.[O-][N+]([O-])=O.[O-][N+]([O-])=O.O[I](O)([O-])([O-])([O-])=O-1065' prediction.modelResults.predictionError=[Ce+4].[Ce+4].[Ce+4].[O-][N+]([O-])=O.[O-][N+]([O-])=O.[O-][N+]([O-])=O.[O-][N+]([O-])=O.[O-][N+]([O-])=O.[O-][N+]([O-])=O.[O-][N+]([O-])=O.[O-][N+]([O-])=O.[O-][N+]([O-])=O.O[I](O)([O-])([O-])([O-])=O failed standardization
key='[Ru+6].C[C-]1C(C)=C(C)C(C)=C1C.N#CC(=[C-]C(=C(C#N)C#N)C1=CC=CC=C1)C#N.C1=CC=C(C=C1)[PH+](C1=CC=CC=C1)C1=CC=CC=C1-1065' prediction.modelResults.predictionError=[Ru+6].C[C-]1C(C)=C(C)C(C)=C1C.N#CC(=[C-]C(=C(C#N)C#N)C1=CC=CC=C1)C#N.C1=CC=C(C=C1)[PH+](C1=CC=CC=C1)C1=CC=CC=C1 failed standardization
key='[Ru+5].C[Si](C)(C)C#C[Se].[CH-]1C=CC=C1.C1=CC=CC(=C1)[PH+](C1=CC=CC=C1)C1=CC=CC=C1.C1=CC=CC(=C1)[PH+](C1=CC=CC=C1)C1=CC=CC=C1 |^1:7|-1065' prediction.modelResults.predictionError=[Ru+5].C[Si](C)(C)C#C[Se].[CH-]1C=CC=C1.C1=CC=CC(=C1)[PH+](C1=CC=CC=C1)C1=CC=CC=C1.C1=CC=CC(=C1)[PH+](C1=CC=CC=C1)C1=CC=CC=C1 |^1:7| failed standardization
key='[Se].[Zr].[Ru+5].[CH-]1[CH-][CH-][CH-][CH-]1.[CH-]1C=CC=C1.[CH-]1C=CC=C1.[C-]#CC1=CC=CC=C1.C1=CC=C(C=C1)[PH+](C1=CC=CC=C1)C1=CC=CC=C1-1065' prediction.modelResults.predictionError=[Se].[Zr].[Ru+5].[CH-]1[CH-][CH-][CH-][CH-]1.[CH-]1C=CC=C1.[CH-]1C=CC=C1.[C-]#CC1=CC=CC=C1.C1=CC=C(C=C1)[PH+](C1=CC=CC=C1)C1=CC=CC=C1 failed standardization
key='[Ru+6].[CH-]1C=CC=C1.COC(=O)C1=N[N-]N=C1C(=O)OC.C(C[PH+](C1=CC=CC=C1)C1=CC=CC=C1)[PH+](C1=CC=CC=C1)C1=CC=CC=C1-1065' prediction.modelResults.predictionError=[Ru+6].[CH-]1C=CC=C1.COC(=O)C1=N[N-]N=C1C(=O)OC.C(C[PH+](C1=CC=CC=C1)C1=CC=CC=C1)[PH+](C1=CC=CC=C1)C1=CC=CC=C1 failed standardization
key='[Ru+].C1[CH-][CH-][CH-]C=CC=C1.CC1=CC(C)=CC(C)=C1-1065' prediction.modelResults.predictionError=[Ru+].C1[CH-][CH-][CH-]C=CC=C1.CC1=CC(C)=CC(C)=C1 failed standardization
key='[Rh].[CH-]1C=CC=C1.[CH2-]CC(O)(C1CCCCN1)C1=CC=CC[N-]1-1065' prediction.modelResults.predictionError=[Rh].[CH-]1C=CC=C1.[CH2-]CC(O)(C1CCCCN1)C1=CC=CC[N-]1 failed standardization
key='O.[Ru+].[Ru+6].[Ru+6].CC(CO)C1=CC=CC=C1.C[C-]1[C-](C)[C-](C)[C-](C)[C-](C)[C-]1C.CC1=C(C)C(C)=C(C)C(C)=C1C-1065' prediction.modelResults.predictionError=O.[Ru+].[Ru+6].[Ru+6].CC(CO)C1=CC=CC=C1.C[C-]1[C-](C)[C-](C)[C-](C)[C-](C)[C-]1C.CC1=C(C)C(C)=C(C)C(C)=C1C failed standardization
key='[SH-].[SH-].[Co].[Co].[Co].[Co].[Ru].[Ru+5].[Ru+5].[Ru+5].[Ru+6].[Ru+6].[C-]#N.[C-]#N.[C-]#N.[C-]#N.[C-]#N.[C-]#N.[C-]#N.[C-]#N.[C-]#N.[C-]#N.[C-]#N.[C-]#N.[CH-]1[CH-][CH-][CH-][CH-]1.[CH-]1C=CC=C1.[CH-]1C=CC=C1.[CH-]1C=CC=C1.CC(C)[C-]1[CH-][CH-][C-](C)[CH-][CH-]1.CC(C)C1=CC=C(C)C=C1.C[C-]1C(C)=C(C)C(C)=C1C.C[C-]1C(C)=C(C)C(C)=C1C.C[C-]1C(C)=C(C)C(C)=C1C-1065' prediction.modelResults.predictionError=[SH-].[SH-].[Co].[Co].[Co].[Co].[Ru].[Ru+5].[Ru+5].[Ru+5].[Ru+6].[Ru+6].[C-]#N.[C-]#N.[C-]#N.[C-]#N.[C-]#N.[C-]#N.[C-]#N.[C-]#N.[C-]#N.[C-]#N.[C-]#N.[C-]#N.[CH-]1[CH-][CH-][CH-][CH-]1.[CH-]1C=CC=C1.[CH-]1C=CC=C1.[CH-]1C=CC=C1.CC(C)[C-]1[CH-][CH-][C-](C)[CH-][CH-]1.CC(C)C1=CC=C(C)C=C1.C[C-]1C(C)=C(C)...
key='[Re].[N-]=O.CC(N[C-]=O)C1=CC=CC2=CC=CC=C12.C1=CC=C(C=C1)[PH+](C1=CC=CC=C1)C1=CC=CC=C1.[H]C12CC([H])(C(C)C(C1)[C-]1C(C)=C(C)C(C)=C1C)C2(C)C-1065' prediction.modelResults.predictionError=[Re].[N-]=O.CC(N[C-]=O)C1=CC=CC2=CC=CC=C12.C1=CC=C(C=C1)[PH+](C1=CC=CC=C1)C1=CC=CC=C1.[H]C12CC([H])(C(C)C(C1)[C-]1C(C)=C(C)C(C)=C1C)C2(C)C failed standardization
key='[SH-].[SH-].[SH-].[SH-].[Ru+5].[Ru+5].[Re].[Re].C[C-]1[C-](C)[C-](C)[C-](C)[C-]1C.C[C-]1C(C)=C(C)C(C)=C1C.C[Si](C)(C)C([S-])=C([S-])[Si](C)(C)C.C[Si](C)(C)C([S-])=C([S-])[Si](C)(C)C-1065' prediction.modelResults.predictionError=[SH-].[SH-].[SH-].[SH-].[Ru+5].[Ru+5].[Re].[Re].C[C-]1[C-](C)[C-](C)[C-](C)[C-]1C.C[C-]1C(C)=C(C)C(C)=C1C.C[Si](C)(C)C([S-])=C([S-])[Si](C)(C)C.C[Si](C)(C)C([S-])=C([S-])[Si](C)(C)C failed standardization
key='[Ru+6].[CH-]1C=CC=C1.C1=CC=C(C=C1)[PH+](C1=CC=CC=C1)C1=CC=CC=C1.C1=CC=C(C=C1)[PH+](C1=CC=CC=C1)C1=CC=CC=C1[PH+](C1=CC=CC=C1)C1=CC=CC=C1-1065' prediction.modelResults.predictionError=[Ru+6].[CH-]1C=CC=C1.C1=CC=C(C=C1)[PH+](C1=CC=CC=C1)C1=CC=CC=C1.C1=CC=C(C=C1)[PH+](C1=CC=CC=C1)C1=CC=CC=C1[PH+](C1=CC=CC=C1)C1=CC=CC=C1 failed standardization
key='[Ru+6].[CH-]1C=CC=C1.CO[PH+](OC)OC.CCOC(=O)N=C1S[C-]=C1C1=CC=CC=C1.C1=CC=C(C=C1)[PH+](C1=CC=CC=C1)C1=CC=CC=C1-1065' prediction.modelResults.predictionError=[Ru+6].[CH-]1C=CC=C1.CO[PH+](OC)OC.CCOC(=O)N=C1S[C-]=C1C1=CC=CC=C1.C1=CC=C(C=C1)[PH+](C1=CC=CC=C1)C1=CC=CC=C1 failed standardization
key='F[Ru](F)F-1065' prediction.modelResults.predictionError=F[Ru](F)F failed standardization
key='FP-1065' prediction.modelResults.predictionError=FP failed standardization
key='N1NO1-1065' prediction.modelResults.predictionError=N1NO1 failed standardization
key='F[Zn+]-1065' prediction.modelResults.predictionError=F[Zn+] failed standardization
key='[Ru++].F[P-](F)(F)(F)(F)F.F[P-](F)(F)(F)(F)F.C1=CC=C(N=C1)C1=CC=CC=N1.C1=CC=C(N=C1)C1=CC=CC=N1.NC1=C2C=CC=NC2=C2N=CC=CC2=C1-1065' prediction.modelResults.predictionError=[Ru++].F[P-](F)(F)(F)(F)F.F[P-](F)(F)(F)(F)F.C1=CC=C(N=C1)C1=CC=CC=N1.C1=CC=C(N=C1)C1=CC=CC=N1.NC1=C2C=CC=NC2=C2N=CC=CC2=C1 failed standardization
key='Cl[Si](Cl)(Cl)[Si](Cl)(Cl)[Si](Cl)(Cl)[Si](Cl)(Cl)Cl-1065' prediction.modelResults.predictionError=Cl[Si](Cl)(Cl)[Si](Cl)(Cl)[Si](Cl)(Cl)[Si](Cl)(Cl)Cl failed standardization
key='Cl[Si](Cl)(Cl)[Si](Cl)(Cl)[Si](Cl)(Cl)[Si](Cl)(Cl)[Si](Cl)(Cl)Cl-1065' prediction.modelResults.predictionError=Cl[Si](Cl)(Cl)[Si](Cl)(Cl)[Si](Cl)(Cl)[Si](Cl)(Cl)[Si](Cl)(Cl)Cl failed standardization
key='O.O.O.Cl[Ru](Cl)Cl-1065' prediction.modelResults.predictionError=O.O.O.Cl[Ru](Cl)Cl failed standardization
key='SBr-1065' prediction.modelResults.predictionError=SBr failed standardization
key='[Cr++]I-1065' prediction.modelResults.predictionError=[Cr++]I failed standardization
key='CC(C)N(C(C)C)C(=O)[C@H](CC=C)[S@@](=O)C1CCCCC1-1065' prediction.modelResults.predictionError=CC(C)N(C(C)C)C(=O)[C@H](CC=C)[S@@](=O)C1CCCCC1 failed standardization
key='[BH4-].[BH4-].[Mg++]-1065' prediction.modelResults.predictionError=[BH4-].[BH4-].[Mg++] failed standardization
key='[NH4+].[K+].[O-]S([O-])(=O)=O-1065' prediction.modelResults.predictionError=[NH4+].[K+].[O-]S([O-])(=O)=O failed standardization
key='ClN1SN(Cl)SN(Cl)S1-1065' prediction.modelResults.predictionError=ClN1SN(Cl)SN(Cl)S1 failed standardization
key='[Cu++].NS([O-])(=O)=O.NS([O-])(=O)=O-1065' prediction.modelResults.predictionError=[Cu++].NS([O-])(=O)=O.NS([O-])(=O)=O failed standardization
key='[Li][Ge](C)(C1=CC=CC=C1)C1=CC=CC=C1-1065' prediction.modelResults.predictionError=[Li][Ge](C)(C1=CC=CC=C1)C1=CC=CC=C1 failed standardization
key='CC1=CC=C(C=C1)[S@](=O)C1=CC=CC=C1C[Si](C)(C)C-1065' prediction.modelResults.predictionError=CC1=CC=C(C=C1)[S@](=O)C1=CC=CC=C1C[Si](C)(C)C failed standardization
key='CCCC1=CC=CC=C1[S@@](=O)C1=CC=C(C)C=C1-1065' prediction.modelResults.predictionError=CCCC1=CC=CC=C1[S@@](=O)C1=CC=C(C)C=C1 failed standardization
key='CC1=CC=C(C=C1)[S@](=O)C1=CC=CC=C1CCC1=CC=CC=C1-1065' prediction.modelResults.predictionError=CC1=CC=C(C=C1)[S@](=O)C1=CC=CC=C1CCC1=CC=CC=C1 failed standardization
key='CC1=CC=C(C=C1)[S@](=O)C1=CC=CC=C1CCCC1=CC=CC=C1-1065' prediction.modelResults.predictionError=CC1=CC=C(C=C1)[S@](=O)C1=CC=CC=C1CCCC1=CC=CC=C1 failed standardization
key='CC1=CC=C(C=C1)[S@](=O)C1=CC=CC=C1CCC=C-1065' prediction.modelResults.predictionError=CC1=CC=C(C=C1)[S@](=O)C1=CC=CC=C1CCC=C failed standardization
key='COCCC1=CC=CC=C1[S@@](=O)C1=CC=C(C)C=C1-1065' prediction.modelResults.predictionError=COCCC1=CC=CC=C1[S@@](=O)C1=CC=C(C)C=C1 failed standardization
key='O=[S@](CC1=CC=CC=C1)C1=CC=CC=C1-1065' prediction.modelResults.predictionError=O=[S@](CC1=CC=CC=C1)C1=CC=CC=C1 failed standardization
key='C=S(=O)=O-1065' prediction.modelResults.predictionError=C=S(=O)=O failed standardization
key='CCCC[S@@](=O)C1=CC=CC=C1-1065' prediction.modelResults.predictionError=CCCC[S@@](=O)C1=CC=CC=C1 failed standardization
key='CC[S@](=O)CC1=CC=CC=C1-1065' prediction.modelResults.predictionError=CC[S@](=O)CC1=CC=CC=C1 failed standardization
key='CCCO[S@](C)=O-1065' prediction.modelResults.predictionError=CCCO[S@](C)=O failed standardization
key='C1=CC2=CC=CC=CC=CC=CC=CC=CC=CC=C2C=C1-1065' prediction.modelResults.predictionError=Number of atoms equals zero
key='[O-]S(=O)(=O)C1=CC=CC=C1.CC1=C(OC=[N+]1CC1=CC=CC=C1)C1=CC=CC=C1-1065' prediction.modelResults.predictionError=[O-]S(=O)(=O)C1=CC=CC=C1.CC1=C(OC=[N+]1CC1=CC=CC=C1)C1=CC=CC=C1: model can't run mixtures
key='CC(=O)CC1=C(C=C(C=C1)[N+]([O-])=O)C(O)=O-1065' prediction.modelResults.predictionError=Number of atoms equals zero
key='COS([O-])(=O)=O.C[N+]1=CC=CC(=C1)C(=O)OCC(C)(C)N(Cl)Cl-1065' prediction.modelResults.predictionError=COS([O-])(=O)=O.C[N+]1=CC=CC(=C1)C(=O)OCC(C)(C)N(Cl)Cl: model can't run mixtures
key='CCOC(=O)C1=CC=CC=C1CSC1=CC2=CC=CC=C2[Se]1-1065' prediction.modelResults.predictionError=CCOC(=O)C1=CC=CC=C1CSC1=CC2=CC=CC=C2[Se]1: Molecule contains unsupported element
key='OC(=O)C1=CC=CC=C1CSC1=CC2=CC=CC=C2[Se]1-1065' prediction.modelResults.predictionError=OC(=O)C1=CC=CC=C1CSC1=CC2=CC=CC=C2[Se]1: Molecule contains unsupported element
key='NC(=O)C1=CC=CC=C1CSC1=CC2=CC=CC=C2[Se]1-1065' prediction.modelResults.predictionError=NC(=O)C1=CC=CC=C1CSC1=CC2=CC=CC=C2[Se]1: Molecule contains unsupported element
key='CC1=CC=C(C=C1)[Tl](F)F-1065' prediction.modelResults.predictionError=CC1=CC=C(C=C1)[Tl](F)F: Molecule contains unsupported element
key='CCC1=CC=C(C=C1)[Tl](F)F-1065' prediction.modelResults.predictionError=CCC1=CC=C(C=C1)[Tl](F)F: Molecule contains unsupported element
key='F[Tl](F)C1=CC=C(C=C1)C1=CC=CC=C1-1065' prediction.modelResults.predictionError=F[Tl](F)C1C=CC(=CC=1)C1C=CC=CC=1: Molecule contains unsupported element
key='COS([O-])(=O)=O.C[N+]1=CC=CC2=CC=CC=C12-1065' prediction.modelResults.predictionError=COS([O-])(=O)=O.C[N+]1=CC=CC2=CC=CC=C12: model can't run mixtures
key='NC1=NC2=CC=CC=C2N=C1.[O-][N+](=O)C1=CC(=CC(=C1)[N+]([O-])=O)[N+]([O-])=O-1065' prediction.modelResults.predictionError=NC1=NC2=CC=CC=C2N=C1.[O-][N+](=O)C1=CC(=CC(=C1)[N+]([O-])=O)[N+]([O-])=O: model can't run mixtures
key='CC(C)(C)C1=CC=C([Se]CC2=C(C[Se]C3=CC=C(C=C3)C(C)(C)C)C(C[Se]C3=CC=C(C=C3)C(C)(C)C)=C(C[Se]C3=CC=C(C=C3)C(C)(C)C)C(C[Se]C3=CC=C(C=C3)C(C)(C)C)=C2C[Se]C2=CC=C(C=C2)C(C)(C)C)C=C1-1065' prediction.modelResults.predictionError=CC(C)(C)C1C=CC(=CC=1)[Se]CC1C(C[Se]C2C=CC(=CC=2)C(C)(C)C)=C(C[Se]C2C=CC(=CC=2)C(C)(C)C)C(C[Se]C2C=CC(=CC=2)C(C)(C)C)=C(C[Se]C2C=CC(=CC=2)C(C)(C)C)C=1C[Se]C1C=CC(=CC=1)C(C)(C)C: Molecule contains unsupported element
key='CCC1(O)C2=CC=CC=C2C(=CC)C2=CC=CC=C12-1065' prediction.modelResults.predictionError=CCC1(O)C2=CC=CC=C2C(=CC)C2=CC=CC=C12 failed standardization
key='OC(=O)C(O)=O.FC1=CC2=C(NC3=C2C=CC(OCCN2CCCC2)=C3)C=C1-1065' prediction.modelResults.predictionError=OC(=O)C(O)=O.FC1=CC2=C(NC3=C2C=CC(OCCN2CCCC2)=C3)C=C1: model can't run mixtures
key='OC(=O)C(O)=O.CCCCCCC(CN1C=CN=C1)C1=CC=CC=C1Cl-1065' prediction.modelResults.predictionError=OC(=O)C(O)=O.CCCCCCC(CN1C=CN=C1)C1=CC=CC=C1Cl: model can't run mixtures
key='OC(=O)C(O)=O.CCCCCCCC(CN1C=CN=C1)C1=CC=CC=C1Cl-1065' prediction.modelResults.predictionError=OC(=O)C(O)=O.CCCCCCCC(CN1C=CN=C1)C1=CC=CC=C1Cl: model can't run mixtures
key='CC([O-])=O.C[N+]1(C)CCCCC1C1=CC=CC=C1-1065' prediction.modelResults.predictionError=CC([O-])=O.C[N+]1(C)CCCCC1C1=CC=CC=C1: model can't run mixtures
key='CC([O-])=O.C[N+]1(C)CCCCC1C=C-1065' prediction.modelResults.predictionError=CC([O-])=O.C[N+]1(C)CCCCC1C=C: model can't run mixtures
key='O=C(CC1=NC2=CC=CC=C2[Se]1)C1=CN=CC=C1-1065' prediction.modelResults.predictionError=O=C(CC1=NC2=CC=CC=C2[Se]1)C1=CN=CC=C1: Molecule contains unsupported element
key='CC(=O)CC1=NC2=CC=CC=C2[Se]1-1065' prediction.modelResults.predictionError=CC(=O)CC1=NC2=CC=CC=C2[Se]1: Molecule contains unsupported element
key='CCOC(=O)C1=NN=C(Cl)S1-1065' prediction.modelResults.predictionError=Number of atoms equals zero
key='OC(=O)C(O)=O.BrC1=CC=C(C=C1)C1CN2C=CSC2=N1-1065' prediction.modelResults.predictionError=OC(=O)C(O)=O.BrC1=CC=C(C=C1)C1CN2C=CSC2=N1: model can't run mixtures
key='OC(=O)C(O)=O.C1C(N=C2SC=CN12)C1=CC2=CC=CC=C2C=C1-1065' prediction.modelResults.predictionError=OC(=O)C(O)=O.C1C(N=C2SC=CN12)C1=CC2=CC=CC=C2C=C1: model can't run mixtures
key='[Li+].[Se]1C=C[C-]=C1-1065' prediction.modelResults.predictionError=[C-]1C=C[Se]C=1: Molecule contains unsupported element
key='CCN(CC)CC.SC(=S)NC1CCCCC1-1065' prediction.modelResults.predictionError=CCN(CC)CC.SC(=S)NC1CCCCC1: model can't run mixtures
key='CC1CCC(CC1)=CC(O)=O-1065' prediction.modelResults.predictionError=CC1CCC(CC1)=CC(O)=O failed standardization
key='ON1ONC(C(=N)N=N)=C1C#N-1065' prediction.modelResults.predictionError=ON1ONC(C(=N)N=N)=C1C#N failed standardization
key='CCCCCCC=CCCCCCCCCC(=O)OC-1065' prediction.modelResults.predictionError=Number of atoms equals zero
key='C[S+](C)[B-](Br)(Br)Br-1065' prediction.modelResults.predictionError=C[S+](C)[B-](Br)(Br)Br: Molecule contains unsupported element
key='OB(O)C1=CC(C=O)=CC(C=O)=C1-1065' prediction.modelResults.predictionError=OB(O)C1C=C(C=C(C=1)C=O)C=O: Molecule contains unsupported element
key='OB(O)C=CC1=CC=C(C=C1)[N+]([O-])=O-1065' prediction.modelResults.predictionError=[O-][N+](=O)C1C=CC(C=CB(O)O)=CC=1: Molecule contains unsupported element
key='CCCCCCCCCCB(O)O-1065' prediction.modelResults.predictionError=CCCCCCCCCCB(O)O: Molecule contains unsupported element
key='CC1=C(O)C=C(C=C1)B(O)O-1065' prediction.modelResults.predictionError=CC1C=CC(=CC=1O)B(O)O: Molecule contains unsupported element
key='CCCC(C)CB(O)O-1065' prediction.modelResults.predictionError=CCCC(C)CB(O)O: Molecule contains unsupported element
key='CC(C)OC1=C(Br)C=C(C)C=C1B(O)O-1065' prediction.modelResults.predictionError=CC1C=C(B(O)O)C(OC(C)C)=C(Br)C=1: Molecule contains unsupported element
key='CCN(CC)C(=O)C1=CC=CC=C1B(O)O-1065' prediction.modelResults.predictionError=CCN(CC)C(=O)C1=CC=CC=C1B(O)O: Molecule contains unsupported element
key='OB(O)C1=CSC=C1C=O-1065' prediction.modelResults.predictionError=OB(O)C1=CSC=C1C=O: Molecule contains unsupported element
key='OB(O)C1=CC(Cl)=C(Cl)C=C1Cl-1065' prediction.modelResults.predictionError=OB(O)C1=CC(Cl)=C(Cl)C=C1Cl: Molecule contains unsupported element
key='COC1=CC2=C(NC(=C2)B(O)O)C=C1-1065' prediction.modelResults.predictionError=COC1=CC2C=C(NC=2C=C1)B(O)O: Molecule contains unsupported element
key='OB(O)C1=C2OCOC2=CC=C1-1065' prediction.modelResults.predictionError=OB(O)C1C=CC=C2OCOC=12: Molecule contains unsupported element
key='OB(O)C1=CC=CC=C1N1CCOCC1-1065' prediction.modelResults.predictionError=OB(O)C1=CC=CC=C1N1CCOCC1: Molecule contains unsupported element
key='OB(O)C1=CC(=CC=C1)N1CCOCC1-1065' prediction.modelResults.predictionError=OB(O)C1=CC(=CC=C1)N1CCOCC1: Molecule contains unsupported element
key='CC1(C)OB(OC1(C)C)C1=CC=CC=C1N1CCOCC1-1065' prediction.modelResults.predictionError=CC1(C)OB(OC1(C)C)C1=CC=CC=C1N1CCOCC1: Molecule contains unsupported element
key='CC1(C)OB(OC1(C)C)C1=CC(=CC=C1)N1CCOCC1-1065' prediction.modelResults.predictionError=CC1(C)OB(OC1(C)C)C1=CC(=CC=C1)N1CCOCC1: Molecule contains unsupported element
key='CC1=NC=CC(=C1)B(O)O-1065' prediction.modelResults.predictionError=CC1C=C(C=CN=1)B(O)O: Molecule contains unsupported element
key='OB(O)C1=CC=CC=C1N1CCCCC1-1065' prediction.modelResults.predictionError=OB(O)C1=CC=CC=C1N1CCCCC1: Molecule contains unsupported element
key='CC1(C)OB(OC1(C)C)C1=CN=CN=C1-1065' prediction.modelResults.predictionError=CC1(C)OB(OC1(C)C)C1C=NC=NC=1: Molecule contains unsupported element
key='OB(O)C1=CC=CN1-1065' prediction.modelResults.predictionError=OB(O)C1=CC=CN1: Molecule contains unsupported element
key='OB(O)C1=CC2=C(C=C1)N=CC=C2-1065' prediction.modelResults.predictionError=OB(O)C1=CC2C=CC=NC=2C=C1: Molecule contains unsupported element
key='OB(O)C1=C(Cl)C(Cl)=C(Cl)C=C1-1065' prediction.modelResults.predictionError=OB(O)C1C=CC(Cl)=C(Cl)C=1Cl: Molecule contains unsupported element
key='CC(C)(C)C(=O)NC1=CC=CC=C1B(O)O-1065' prediction.modelResults.predictionError=CC(C)(C)C(=O)NC1=CC=CC=C1B(O)O: Molecule contains unsupported element
key='[SeH]C1=CC=C(Br)C=C1-1065' prediction.modelResults.predictionError=[SeH]C1=CC=C(Br)C=C1: Molecule contains unsupported element
key='OB(O)C1=C(F)C=C(Cl)C=C1-1065' prediction.modelResults.predictionError=OB(O)C1C=CC(Cl)=CC=1F: Molecule contains unsupported element
key='OB(O)C1=CC(C=O)=C(OCC2=CC=CC=C2)C=C1-1065' prediction.modelResults.predictionError=OB(O)C1=CC(C=O)=C(C=C1)OCC1C=CC=CC=1: Molecule contains unsupported element
key='COC1=C(Br)C=C(C)C=C1B(O)O-1065' prediction.modelResults.predictionError=CC1C=C(B(O)O)C(OC)=C(Br)C=1: Molecule contains unsupported element
key='C=CC[Ge](C1=CC=CC=C1)(C1=CC=CC=C1)C1=CC=CC=C1-1065' prediction.modelResults.predictionError=C=CC[Ge](C1C=CC=CC=1)(C1C=CC=CC=1)C1C=CC=CC=1: Molecule contains unsupported element
key='CC(C)OB(OC(C)C)C(Cl)Cl-1065' prediction.modelResults.predictionError=CC(C)OB(OC(C)C)C(Cl)Cl: Molecule contains unsupported element
key='CC1(C)COB(OC1)C1=CC=C(C=O)C=C1-1065' prediction.modelResults.predictionError=CC1(C)COB(OC1)C1C=CC(C=O)=CC=1: Molecule contains unsupported element
key='OB(O)C1=CC=C(C=C1)C(=O)C1=CC=CC=C1-1065' prediction.modelResults.predictionError=OB(O)C1C=CC(=CC=1)C(=O)C1C=CC=CC=1: Molecule contains unsupported element
key='CN(C)S(=O)(=O)C1=CC=CC=C1B(O)O-1065' prediction.modelResults.predictionError=CN(C)S(=O)(=O)C1=CC=CC=C1B(O)O: Molecule contains unsupported element
key='CN(CC1=CC=CC=C1B(O)O)C1=CC=CC(C)=C1-1065' prediction.modelResults.predictionError=CC1C=CC=C(C=1)N(C)CC1=CC=CC=C1B(O)O: Molecule contains unsupported element
key='COC1=C(Cl)C=C(C=C1Cl)B(O)O-1065' prediction.modelResults.predictionError=COC1C(Cl)=CC(=CC=1Cl)B(O)O: Molecule contains unsupported element
key='OB(O)C1=CC(Cl)=C(OCC2=CC=CC=C2)C(Cl)=C1-1065' prediction.modelResults.predictionError=OB(O)C1=CC(Cl)=C(OCC2C=CC=CC=2)C(Cl)=C1: Molecule contains unsupported element
key='COC1=CC=C(C=C1)C1=CC=C(C=C1)B(O)O-1065' prediction.modelResults.predictionError=COC1C=CC(=CC=1)C1C=CC(=CC=1)B(O)O: Molecule contains unsupported element
key='OB(O)C1=CC=C(C=C1)C1CC(=O)C1-1065' prediction.modelResults.predictionError=OB(O)C1C=CC(=CC=1)C1CC(=O)C1: Molecule contains unsupported element
key='OB(O)C1=C2C(=O)C3=CC=CC=C3C2=CC=C1-1065' prediction.modelResults.predictionError=OB(O)C1C=CC=C2C=1C(=O)C1=CC=CC=C12: Molecule contains unsupported element
key='CN(CC1=CC=CC=C1B(O)O)C1=CC=CC=C1-1065' prediction.modelResults.predictionError=CN(CC1=CC=CC=C1B(O)O)C1C=CC=CC=1: Molecule contains unsupported element
key='OB(O)C1=CC(=NO1)C1=CC=CC=C1-1065' prediction.modelResults.predictionError=OB(O)C1=CC(=NO1)C1C=CC=CC=1: Molecule contains unsupported element
key='CCC(=O)C1=CC=CC(=C1)B(O)O-1065' prediction.modelResults.predictionError=CCC(=O)C1C=C(C=CC=1)B(O)O: Molecule contains unsupported element
key='CCC(=O)C1=CC=C(C=C1)B(O)O-1065' prediction.modelResults.predictionError=CCC(=O)C1C=CC(=CC=1)B(O)O: Molecule contains unsupported element
key='CCCCCCC1=CC=C(C=C1)B(O)O-1065' prediction.modelResults.predictionError=CCCCCCC1=CC=C(C=C1)B(O)O: Molecule contains unsupported element
key='CCCCCCCC1=CC=C(C=C1)B(O)O-1065' prediction.modelResults.predictionError=CCCCCCCC1=CC=C(C=C1)B(O)O: Molecule contains unsupported element
key='CCCCCCCCC1=CC=C(C=C1)B(O)O-1065' prediction.modelResults.predictionError=CCCCCCCCC1=CC=C(C=C1)B(O)O: Molecule contains unsupported element
key='COC1=C(OC2CCCC2)C=C(C=C1)B(O)O-1065' prediction.modelResults.predictionError=COC1C=CC(=CC=1OC1CCCC1)B(O)O: Molecule contains unsupported element
key='CC1(C)COB(OC1)C1=CC=CC=C1C=O-1065' prediction.modelResults.predictionError=CC1(C)COB(OC1)C1=CC=CC=C1C=O: Molecule contains unsupported element
key='CC1=CC=CC=C1OCC1=CC=CC=C1B(O)O-1065' prediction.modelResults.predictionError=CC1=CC=CC=C1OCC1=CC=CC=C1B(O)O: Molecule contains unsupported element
key='COC1=CC(OC)=C(B(O)O)C(OC)=C1-1065' prediction.modelResults.predictionError=COC1C=C(C=C(OC)C=1B(O)O)OC: Molecule contains unsupported element
key='CCCCCCCCCOC1=CC=C(C=C1)B(O)O-1065' prediction.modelResults.predictionError=CCCCCCCCCOC1C=CC(=CC=1)B(O)O: Molecule contains unsupported element
key='OB(O)C1=CC=C(C=C1)C1CCCC1-1065' prediction.modelResults.predictionError=OB(O)C1C=CC(=CC=1)C1CCCC1: Molecule contains unsupported element
key='OB(O)C1=CC2=C(OC=C2)C=C1-1065' prediction.modelResults.predictionError=OB(O)C1=CC2C=COC=2C=C1: Molecule contains unsupported element
key='OB(O)C1=CC=C(C=C1)C1CC2(C1)OCCO2-1065' prediction.modelResults.predictionError=OB(O)C1C=CC(=CC=1)C1CC2(C1)OCCO2: Molecule contains unsupported element
key='OB(O)C1=CC=CC=C1CN1CCCCC1-1065' prediction.modelResults.predictionError=OB(O)C1=CC=CC=C1CN1CCCCC1: Molecule contains unsupported element
key='CCN(CC)CC1=CC=C(C=C1)B(O)O-1065' prediction.modelResults.predictionError=CCN(CC1=CC=C(C=C1)B(O)O)CC: Molecule contains unsupported element
key='C1COB(OC1)C1=CN=CC=C1-1065' prediction.modelResults.predictionError=C1CCOB(O1)C1=CN=CC=C1: Molecule contains unsupported element
key='OB(O)C1=CC2=CC=CC=C2N=C1Cl-1065' prediction.modelResults.predictionError=OB(O)C1=CC2=CC=CC=C2N=C1Cl: Molecule contains unsupported element
key='CC1=CC(C)=C(C=C1)B(O)O-1065' prediction.modelResults.predictionError=CC1=CC(C)=C(C=C1)B(O)O: Molecule contains unsupported element
key='OB(O)C1=C(OCC2=CC=CC=C2)C=CC(Cl)=C1-1065' prediction.modelResults.predictionError=OB(O)C1C=C(Cl)C=CC=1OCC1C=CC=CC=1: Molecule contains unsupported element
key='COC1=CC(C=O)=CC(OC)=C1B(O)O-1065' prediction.modelResults.predictionError=COC1=CC(C=O)=CC(OC)=C1B(O)O: Molecule contains unsupported element
key='CC1=CC(=CC(C)=C1OCC1=CC=CC=C1)B(O)O-1065' prediction.modelResults.predictionError=CC1C=C(C=C(C)C=1OCC1C=CC=CC=1)B(O)O: Molecule contains unsupported element
key='OB(O)C1=CC=C(S1)C#N-1065' prediction.modelResults.predictionError=N#CC1=CC=C(S1)B(O)O: Molecule contains unsupported element
key='CC(C)(C)OC(=O)N1C(=CC2=C1C=CC(Cl)=C2)B(O)O-1065' prediction.modelResults.predictionError=CC(C)(C)OC(=O)N1C(=CC2C=C(Cl)C=CC1=2)B(O)O: Molecule contains unsupported element
key='OB(O)C1=CC=C(OCC2CC2)C=C1-1065' prediction.modelResults.predictionError=OB(O)C1C=CC(=CC=1)OCC1CC1: Molecule contains unsupported element
key='OB(O)C1=CC(OCC2CC2)=CC=C1-1065' prediction.modelResults.predictionError=OB(O)C1=CC(=CC=C1)OCC1CC1: Molecule contains unsupported element
key='OB(O)C1=CC=CC=C1OCC1CC1-1065' prediction.modelResults.predictionError=OB(O)C1=CC=CC=C1OCC1CC1: Molecule contains unsupported element
key='COC1=CC=C(B(O)O)C2=CC=CC=C12-1065' prediction.modelResults.predictionError=COC1=CC=C(B(O)O)C2=CC=CC=C21: Molecule contains unsupported element
key='COC1=C(B(O)O)C2=CC=CC=C2C=C1-1065' prediction.modelResults.predictionError=COC1C=CC2=CC=CC=C2C=1B(O)O: Molecule contains unsupported element
key='CC1=CC=C(C=C1)B(C1=CC=C(C)C=C1)C1=CC=C(C)C=C1-1065' prediction.modelResults.predictionError=CC1C=CC(=CC=1)B(C1C=CC(C)=CC=1)C1C=CC(C)=CC=1: Molecule contains unsupported element
key='CCCOC1=CC=CC=C1B(O)O-1065' prediction.modelResults.predictionError=CCCOC1=CC=CC=C1B(O)O: Molecule contains unsupported element
key='I[Yb]I-1065' prediction.modelResults.predictionError=I[Yb]I failed standardization
key='CC(C)(C)OC(=O)N1C(=CC2=C1C=CC(=C2)C#N)B(O)O-1065' prediction.modelResults.predictionError=CC(C)(C)OC(=O)N1C(=CC2C=C(C=CC1=2)C#N)B(O)O: Molecule contains unsupported element
key='CCCCC(CC)CC1(CC(CC)CCCC)C2=C(C=CC(=C2)B2OCCCO2)C2=C1C=C(C=C2)B1OCCCO1-1065' prediction.modelResults.predictionError=CCCCC(CC1(CC(CCCC)CC)C2C=C(C=CC=2C2C=CC(=CC1=2)B1OCCCO1)B1OCCCO1)CC: Molecule contains unsupported element
key='CCOC1=C(C=CC(Cl)=C1)B(O)O-1065' prediction.modelResults.predictionError=CCOC1C=C(Cl)C=CC=1B(O)O: Molecule contains unsupported element
key='CCCCCC1COB(OC1)C1=CC(F)=C(C=C1)C(O)=O-1065' prediction.modelResults.predictionError=CCCCCC1COB(OC1)C1=CC(F)=C(C=C1)C(O)=O: Molecule contains unsupported element
key='CCCOC1=C(Br)C=C(C)C=C1B(O)O-1065' prediction.modelResults.predictionError=CC1C=C(B(O)O)C(OCCC)=C(Br)C=1: Molecule contains unsupported element
key='[Mo].Cl[Hg].[C-]#[O+].[C-]#[O+].[C-]#[O+].[CH-]1[C-]=[C-][C-]=[C-]1-1065' prediction.modelResults.predictionError=[Mo].Cl[Hg].[C-]#[O+].[C-]#[O+].[C-]#[O+].[CH-]1[C-]=[C-][C-]=[C-]1: model can't run mixtures
key='CCCCCCCCC1(CCCCCCCC)C2=C(C=CC(=C2)B(O)O)C2=C1C=C(C=C2)B(O)O-1065' prediction.modelResults.predictionError=CCCCCCCCC1(CCCCCCCC)C2C=C(C=CC=2C2C=CC(=CC1=2)B(O)O)B(O)O: Molecule contains unsupported element
key='CC(=O)NC1C(O)CC(OCC2OC(OC3C(O)C(CO)OC(OC(C(O)CO)C(O)C(O)C=O)C3O)C(NC(C)=O)C(OC3OC(CO)C(O)C(O)C3O)C2O)(OC1C(O)C(O)CO)C(O)=O-1065' prediction.modelResults.predictionError=Number of atoms equals zero
key='CN1C2=CC=CC=C2C(=NC(=NO)C1=O)C1=CC=CC=C1-1065' prediction.modelResults.predictionError=CN1C2=CC=CC=C2C(=NC(=NO)C1=O)C1=CC=CC=C1 failed standardization
key='[K+].CCC(C)[BH-](C(C)CC)C(C)CC-1065' prediction.modelResults.predictionError=CC(CC)B(C(C)CC)C(C)CC: Molecule contains unsupported element
key='CCCCCCCOC1=CC=C(C=C1)B(O)O-1065' prediction.modelResults.predictionError=CCCCCCCOC1C=CC(=CC=1)B(O)O: Molecule contains unsupported element
key='CCCCOC1=C(Br)C=C(C)C=C1B(O)O-1065' prediction.modelResults.predictionError=CC1C=C(B(O)O)C(OCCCC)=C(Br)C=1: Molecule contains unsupported element
key='NC1=C(Cl)C=CC(=C1)B(O)O-1065' prediction.modelResults.predictionError=NC1C=C(C=CC=1Cl)B(O)O: Molecule contains unsupported element
key='CC(C)(C)[Se]C(C)(C)C-1065' prediction.modelResults.predictionError=CC(C)(C)[Se]C(C)(C)C: Molecule contains unsupported element
key='OB(O)C1=CC2=C(C=C1)C=C(O)C=C2-1065' prediction.modelResults.predictionError=OC1C=CC2C=C(C=CC=2C=1)B(O)O: Molecule contains unsupported element
key='CC1=C(C=C(C=C1B(O)O)[N+]([O-])=O)[N+]([O-])=O-1065' prediction.modelResults.predictionError=CC1C(=CC(=CC=1[N+]([O-])=O)[N+]([O-])=O)B(O)O: Molecule contains unsupported element
key='CC1(C)OB(OC1(C)C)C1=CC=CC=C1NS(C)(=O)=O-1065' prediction.modelResults.predictionError=CS(=O)(=O)NC1=CC=CC=C1B1OC(C)(C)C(C)(C)O1: Molecule contains unsupported element
key='CC1=CC=CC=C1CCB(O)O-1065' prediction.modelResults.predictionError=CC1=CC=CC=C1CCB(O)O: Molecule contains unsupported element
key='[O-][N+](=O)C1=C(Cl)C=CC2=N[Se]N=C12-1065' prediction.modelResults.predictionError=[O-][N+](=O)C1=C(Cl)C=CC2=N[Se]N=C21: Molecule contains unsupported element
key='OB(O)C1=CC(C=C)=CC=C1-1065' prediction.modelResults.predictionError=C=CC1C=C(C=CC=1)B(O)O: Molecule contains unsupported element
key='CC(C)CC=CB(O)O-1065' prediction.modelResults.predictionError=CC(C)CC=CB(O)O: Molecule contains unsupported element
key='Cl[Se](Cl)(Cl)C1=CC=CC=C1-1065' prediction.modelResults.predictionError=Cl[Se](Cl)(Cl)C1C=CC=CC=1: Molecule contains unsupported element
key='CC(C)(C)[Si](C)(C)N1C=CC2=C1C=CC(=C2)B(O)O-1065' prediction.modelResults.predictionError=CC(C)(C)[Si](C)(C)N1C=CC2C=C(C=CC1=2)B(O)O: Molecule contains unsupported element
key='CC(C)(C)[Si](C)(C)N1C=CC2=C1C=C(C=C2)B(O)O-1065' prediction.modelResults.predictionError=CC(C)(C)[Si](C)(C)N1C=CC2C=CC(=CC1=2)B(O)O: Molecule contains unsupported element
key='OB(O)C1=C(F)C(=CC=C1)C(O)=O-1065' prediction.modelResults.predictionError=OC(=O)C1=CC=CC(B(O)O)=C1F: Molecule contains unsupported element
key='OB(O)C1=C(F)C=C(Cl)C=C1F-1065' prediction.modelResults.predictionError=OB(O)C1C(F)=CC(Cl)=CC=1F: Molecule contains unsupported element
key='OB(O)C1=CC2=C(N1)C=CC(Cl)=C2-1065' prediction.modelResults.predictionError=OB(O)C1=CC2C=C(Cl)C=CC=2N1: Molecule contains unsupported element
key='OB(O)C1=CC(Cl)=CS1-1065' prediction.modelResults.predictionError=OB(O)C1=CC(Cl)=CS1: Molecule contains unsupported element
key='OB(O)C1=C(O)C=CC(F)=C1F-1065' prediction.modelResults.predictionError=OC1C=CC(F)=C(F)C=1B(O)O: Molecule contains unsupported element
key='OB(O)C1=CC(F)=CC(F)=C1O-1065' prediction.modelResults.predictionError=OC1C(=CC(F)=CC=1F)B(O)O: Molecule contains unsupported element
key='COC1=C(B(O)O)C(F)=C(F)C=C1-1065' prediction.modelResults.predictionError=COC1C=CC(F)=C(F)C=1B(O)O: Molecule contains unsupported element
key='COC1=CC(=CC(OC)=C1)B(O)O-1065' prediction.modelResults.predictionError=COC1C=C(C=C(C=1)OC)B(O)O: Molecule contains unsupported element
key='COC1=CC=CC(N(C)C)=C1B(O)O-1065' prediction.modelResults.predictionError=CN(C)C1C=CC=C(OC)C=1B(O)O: Molecule contains unsupported element
key='CN(C)C1=CC=CC=C1B(O)O-1065' prediction.modelResults.predictionError=CN(C)C1=CC=CC=C1B(O)O: Molecule contains unsupported element
key='OCC1=CC=CC=C1B(O)O-1065' prediction.modelResults.predictionError=OCC1=CC=CC=C1B(O)O: Molecule contains unsupported element
key='OCC1=CC=C(O1)B(O)O-1065' prediction.modelResults.predictionError=OCC1=CC=C(O1)B(O)O: Molecule contains unsupported element
key='OCC1=CC=C(S1)B(O)O-1065' prediction.modelResults.predictionError=OCC1=CC=C(S1)B(O)O: Molecule contains unsupported element
key='OB(O)C1=CC=CC=C1S-1065' prediction.modelResults.predictionError=OB(O)C1=CC=CC=C1S: Molecule contains unsupported element
key='COC(=O)C1=C(C=CC=C1F)B(O)O-1065' prediction.modelResults.predictionError=COC(=O)C1C(F)=CC=CC=1B(O)O: Molecule contains unsupported element
key='COC(=O)C1=C(C=C(F)C=C1)B(O)O-1065' prediction.modelResults.predictionError=COC(=O)C1C=CC(F)=CC=1B(O)O: Molecule contains unsupported element
key='CC(C)(C)OC(=O)C1=CC=CC=C1B1OC(C)(C)C(C)(C)O1-1065' prediction.modelResults.predictionError=CC(C)(C)OC(=O)C1=CC=CC=C1B1OC(C)(C)C(C)(C)O1: Molecule contains unsupported element
key='CC(C)(C)OC(=O)C1=CC=C(C=C1)B1OC(C)(C)C(C)(C)O1-1065' prediction.modelResults.predictionError=CC(C)(C)OC(=O)C1C=CC(=CC=1)B1OC(C)(C)C(C)(C)O1: Molecule contains unsupported element
key='CCCCCCCCC1(CCCCCCCC)C2=C(C=CC(=C2)B2OCCCO2)C2=C1C=C(C=C2)B1OCCCO1-1065' prediction.modelResults.predictionError=CCCCCCCCC1(CCCCCCCC)C2C=C(C=CC=2C2C=CC(=CC1=2)B1OCCCO1)B1OCCCO1: Molecule contains unsupported element
key='CCCCCCC=CCCCCCCCCCCCC(O)=O-1065' prediction.modelResults.predictionError=Number of atoms equals zero
key='CSC1=NC(N)=C(N=O)C(=O)N1C-1065' prediction.modelResults.predictionError=Number of atoms equals zero
key='CCOC1=CC=C([Te][Te]C2=CC=C(OCC)C=C2)C=C1-1065' prediction.modelResults.predictionError=CCOC1C=CC(=CC=1)[Te][Te]C1C=CC(=CC=1)OCC: Molecule contains unsupported element
key='CCCC[Sb](Br)(Br)(CCCC)CCCC-1065' prediction.modelResults.predictionError=CCCC[Sb](Br)(Br)(CCCC)CCCC: Molecule contains unsupported element
key='CCCCOB1OB(OCCCC)OB(OCCCC)O1-1065' prediction.modelResults.predictionError=CCCCOB1OB(OB(O1)OCCCC)OCCCC: Molecule contains unsupported element
key='ClB(C1CCCCC1)C1CCCCC1-1065' prediction.modelResults.predictionError=ClB(C1CCCCC1)C1CCCCC1: Molecule contains unsupported element
key='I[Rh](I)I-1065' prediction.modelResults.predictionError=I[Rh](I)I failed standardization
key='OB(O)C1=CC=C(S)C=C1-1065' prediction.modelResults.predictionError=OB(O)C1C=CC(S)=CC=1: Molecule contains unsupported element
key='CC1(C)OB(OC1(C)C)C1=CC=C(CCN2CCOCC2)C=C1-1065' prediction.modelResults.predictionError=CC1(C)OB(OC1(C)C)C1=CC=C(CCN2CCOCC2)C=C1: Molecule contains unsupported element
key='CCCCC=CCCCCCCCCC(=O)OC-1065' prediction.modelResults.predictionError=Number of atoms equals zero
key='CC(C)C1COC(=N1)C1=CC=CC=C1P(C1=CC=CC=C1)C1=CC=CC=C1-1065' prediction.modelResults.predictionError=Number of atoms equals zero
key='CCCOC1=CC=C(C=C1)B(O)O-1065' prediction.modelResults.predictionError=CCCOC1C=CC(=CC=1)B(O)O: Molecule contains unsupported element
key='CCCCB(Cl)Cl-1065' prediction.modelResults.predictionError=CCCCB(Cl)Cl: Molecule contains unsupported element
key='O.O.[Fe++]-1065' prediction.modelResults.predictionError=O.O.[Fe++] failed standardization
key='O.[Mn++]-1065' prediction.modelResults.predictionError=O.[Mn++] failed standardization
key='C[Pb](C1=CC=CC=C1)(C1=CC=CC=C1)C1=CC=CC=C1-1065' prediction.modelResults.predictionError=C[Pb](C1C=CC=CC=1)(C1C=CC=CC=1)C1C=CC=CC=1: Molecule contains unsupported element
key='CC1=CC=C(C=C1)C1(O)C2=CC=CC=C2[Te]C2=CC=CC=C12-1065' prediction.modelResults.predictionError=CC1C=CC(=CC=1)C1(O)C2=CC=CC=C2[Te]C2=CC=CC=C12: Molecule contains unsupported element
key='CCCCCCC1(CCCCCC)C2=C(C=CC(=C2)B(O)O)C2=C1C=C(C=C2)B(O)O-1065' prediction.modelResults.predictionError=CCCCCCC1(CCCCCC)C2C=C(C=CC=2C2C=CC(=CC1=2)B(O)O)B(O)O: Molecule contains unsupported element
key='FC(F)(F)[Ge](I)(C(F)(F)F)C(F)(F)F-1065' prediction.modelResults.predictionError=FC(F)(F)[Ge](I)(C(F)(F)F)C(F)(F)F: Molecule contains unsupported element
key='IB(C1CCCCC1)C1CCCCC1-1065' prediction.modelResults.predictionError=IB(C1CCCCC1)C1CCCCC1: Molecule contains unsupported element
key='COC1=C(C=C(Br)C=C1)B(O)O-1065' prediction.modelResults.predictionError=COC1C=CC(Br)=CC=1B(O)O: Molecule contains unsupported element
key='Br[Te]C1=CC=CC=C1C=O-1065' prediction.modelResults.predictionError=O=CC1=CC=CC=C1[Te]Br: Molecule contains unsupported element
key='COC1=CC=C(C=C1)[Te](Cl)=O-1065' prediction.modelResults.predictionError=COC1C=CC(=CC=1)[Te](=O)Cl: Molecule contains unsupported element
key='CC(C)N=C1C=CC(C=C1)=NC1=CC=CC=C1-1065' prediction.modelResults.predictionError=CC(C)N=C1C=CC(C=C1)=NC1=CC=CC=C1 failed standardization
key='[W].[C-]#[O+].[C-]#[O+].[C-]#[O+].[CH-]1[C-]=[C-][C-]=[C-]1.CC(C=C)S([O-])=O-1065' prediction.modelResults.predictionError=[W].[C-]#[O+].[C-]#[O+].[C-]#[O+].[CH-]1[C-]=[C-][C-]=[C-]1.CC(C=C)S([O-])=O: model can't run mixtures
key='C[OH2+].Cl[Cu+].Cl[Cu+].[NH-]CCC([OH2+])CC[NH-]-1065' prediction.modelResults.predictionError=C[OH2+].Cl[Cu+].Cl[Cu+].[NH-]CCC([OH2+])CC[NH-]: model can't run mixtures
key='CC1=CC(=CC=C1)[Pb](C1=CC=CC(C)=C1)(C1=CC=CC(C)=C1)C1=CC=CC(C)=C1-1065' prediction.modelResults.predictionError=CC1=CC(=CC=C1)[Pb](C1C=C(C)C=CC=1)(C1C=C(C)C=CC=1)C1C=C(C)C=CC=1: Molecule contains unsupported element
key='F[Bi](F)(C1=CC=CC=C1)(C1=CC=CC=C1)C1=CC=CC=C1-1065' prediction.modelResults.predictionError=F[Bi](F)(C1C=CC=CC=1)(C1C=CC=CC=1)C1C=CC=CC=1: Molecule contains unsupported element
key='C[Si](C)(C)C1=CC=CC(=C1)B(O)O-1065' prediction.modelResults.predictionError=C[Si](C)(C)C1C=C(C=CC=1)B(O)O: Molecule contains unsupported element
key='OB(O)C1=CC=CC=C1C1=CC=CC=C1-1065' prediction.modelResults.predictionError=OB(O)C1=CC=CC=C1C1C=CC=CC=1: Molecule contains unsupported element
key='OB(O)C1=CC=C(C=C1)C1CCCCC1-1065' prediction.modelResults.predictionError=OB(O)C1C=CC(=CC=1)C1CCCCC1: Molecule contains unsupported element
key='COC1=C(C=C(C=C1)C(C)C)B(O)O-1065' prediction.modelResults.predictionError=COC1C=CC(=CC=1B(O)O)C(C)C: Molecule contains unsupported element
key='CCCCCC1=CC=C(C=C1)B(O)O-1065' prediction.modelResults.predictionError=CCCCCC1=CC=C(C=C1)B(O)O: Molecule contains unsupported element
key='CCCCCCCCCC1=CC=C(C=C1)B(O)O-1065' prediction.modelResults.predictionError=CCCCCCCCCC1=CC=C(C=C1)B(O)O: Molecule contains unsupported element
key='[W].[C-]#[O+].[C-]#[O+].[C-]#[O+].[C-]#[O+].C1=CC2=C(N=C1)C1=C(C=CC=N1)C=C2-1065' prediction.modelResults.predictionError=[W].[C-]#[O+].[C-]#[O+].[C-]#[O+].[C-]#[O+].C1=CC2=C(N=C1)C1=C(C=CC=N1)C=C2: model can't run mixtures
key='CC1(C)OB(OC1(C)C)C1=CC=C(NC(=O)OCC2=CC=CC=C2)C=C1-1065' prediction.modelResults.predictionError=CC1(C)OB(OC1(C)C)C1C=CC(=CC=1)NC(=O)OCC1C=CC=CC=1: Molecule contains unsupported element
key='COC1=CC=C([Te]C2=CC=C(OC)C=C2)C=C1-1065' prediction.modelResults.predictionError=COC1C=CC(=CC=1)[Te]C1C=CC(=CC=1)OC: Molecule contains unsupported element
key='OP(O)(=O)C1=C(Br)C2=CC=CC=C2[Se]1-1065' prediction.modelResults.predictionError=OP(O)(=O)C1[Se]C2=CC=CC=C2C=1Br: Molecule contains unsupported element
key='[Co].OC(O)=O.[NH-]CCN(CC[NH-])CC[NH-]-1065' prediction.modelResults.predictionError=[Co].OC(O)=O.[NH-]CCN(CC[NH-])CC[NH-]: model can't run mixtures
key='ClC1=CC=C(C=C1)[Bi](Cl)(Cl)(C1=CC=C(Cl)C=C1)C1=CC=C(Cl)C=C1-1065' prediction.modelResults.predictionError=Cl[Bi](Cl)(C1C=CC(Cl)=CC=1)(C1C=CC(Cl)=CC=1)C1C=CC(Cl)=CC=1: Molecule contains unsupported element
key='CCOC1=C(C=C(C)C=C1)B(O)O-1065' prediction.modelResults.predictionError=CC1C=CC(OCC)=C(C=1)B(O)O: Molecule contains unsupported element
key='OC(=O)C1=C[Se]C=C1-1065' prediction.modelResults.predictionError=OC(=O)C1C=C[Se]C=1: Molecule contains unsupported element
key='OB(O)C1=CC(NC(=O)CI)=CC=C1-1065' prediction.modelResults.predictionError=OB(O)C1=CC(=CC=C1)NC(=O)CI: Molecule contains unsupported element
key='COC1=CC2=C(C=C1)C=C(C=C2)B(O)O-1065' prediction.modelResults.predictionError=COC1=CC2C=CC(=CC=2C=C1)B(O)O: Molecule contains unsupported element
key='CCOC1=CC2=C(C=C1)C=C(C=C2)B(O)O-1065' prediction.modelResults.predictionError=CCOC1=CC2C=CC(=CC=2C=C1)B(O)O: Molecule contains unsupported element
key='CC(C)(C)OC(=O)N1CCC(=CC1)B1OC(C)(C)C(C)(C)O1-1065' prediction.modelResults.predictionError=CC(C)(C)OC(=O)N1CCC(=CC1)B1OC(C)(C)C(C)(C)O1: Molecule contains unsupported element
key='[Mo].[C-]#[O+].[C-]#[O+].[CH-]1[C-]=[C-][C-]=[C-]1.CC1=CC=C(C=C1)N=[N-]-1065' prediction.modelResults.predictionError=[Mo].[C-]#[O+].[C-]#[O+].[CH-]1[C-]=[C-][C-]=[C-]1.CC1=CC=C(C=C1)N=[N-]: model can't run mixtures
key='[Mo].[C-]#[O+].[C-]#[O+].[CH-]1[C-]=[C-][C-]=[C-]1.[O-][N+](=O)C1=CC=C(C=C1)N=[N-]-1065' prediction.modelResults.predictionError=[Mo].[C-]#[O+].[C-]#[O+].[CH-]1[C-]=[C-][C-]=[C-]1.[O-][N+](=O)C1=CC=C(C=C1)N=[N-]: model can't run mixtures
key='[W].[C-]#[O+].CCC#CCC.CCC#CCC.CCC#CCC-1065' prediction.modelResults.predictionError=[W].[C-]#[O+].CCC#CCC.CCC#CCC.CCC#CCC: model can't run mixtures
key='[Mo].[C-]#[O+].[C-]#[O+].[CH-]1[C-]=[C-][C-]=[C-]1.COC1=CC=C(C=C1)N=[N-]-1065' prediction.modelResults.predictionError=[Mo].[C-]#[O+].[C-]#[O+].[CH-]1[C-]=[C-][C-]=[C-]1.COC1=CC=C(C=C1)N=[N-]: model can't run mixtures
key='CC1(C)OB(OC1(C)C)C1=CC=C(OCCCN2CCOCC2)C=C1-1065' prediction.modelResults.predictionError=CC1(C)OB(OC1(C)C)C1=CC=C(C=C1)OCCCN1CCOCC1: Molecule contains unsupported element
key='N1C=NC2=C1C(S[Sn](C1=CC=CC=C1)(C1=CC=CC=C1)C1=CC=CC=C1)=NC=N2-1065' prediction.modelResults.predictionError=Number of atoms equals zero
key='S=C1NCC[Se]1-1065' prediction.modelResults.predictionError=S=C1NCC[Se]1: Molecule contains unsupported element
key='OB(O)C1=CC2=NON=C2C=C1-1065' prediction.modelResults.predictionError=OB(O)C1=CC2=NON=C2C=C1: Molecule contains unsupported element
key='CC1(C)OB(CSC2=CC=CC=C2)OC1(C)C-1065' prediction.modelResults.predictionError=CC1(C)OB(CSC2C=CC=CC=2)OC1(C)C: Molecule contains unsupported element
key='NC1=CC(B(O)O)=C(F)C=C1-1065' prediction.modelResults.predictionError=NC1=CC(B(O)O)=C(F)C=C1: Molecule contains unsupported element
key='OB(O)C1=C2OCCOC2=CC=C1-1065' prediction.modelResults.predictionError=OB(O)C1C=CC=C2OCCOC=12: Molecule contains unsupported element
key='OB(O)C1=CC2=C(C=C1)N=CS2-1065' prediction.modelResults.predictionError=OB(O)C1=CC2SC=NC=2C=C1: Molecule contains unsupported element
key='CCCCCOC1=CC=C(C=C1)B(O)O-1065' prediction.modelResults.predictionError=CCCCCOC1C=CC(=CC=1)B(O)O: Molecule contains unsupported element
key='[C-]#[O+].I[Co]I.[CH-]1[C-]=[C-][C-]=[C-]1-1065' prediction.modelResults.predictionError=[C-]#[O+].I[Co]I.[CH-]1[C-]=[C-][C-]=[C-]1: model can't run mixtures
key='ClC1=CC=C(C=C1)B(C1=CC=C(Cl)C=C1)C1=CC=C(Cl)C=C1-1065' prediction.modelResults.predictionError=ClC1C=CC(=CC=1)B(C1C=CC(Cl)=CC=1)C1C=CC(Cl)=CC=1: Molecule contains unsupported element
key='CN(C(=O)OC(C)(C)C)C1=CC=C(C=C1)B1OC(C)(C)C(C)(C)O1-1065' prediction.modelResults.predictionError=CC(C)(C)OC(=O)N(C)C1C=CC(=CC=1)B1OC(C)(C)C(C)(C)O1: Molecule contains unsupported element
key='CN(C)C(=O)C1=CC=C(C=C1)B1OC(C)(C)C(C)(C)O1-1065' prediction.modelResults.predictionError=CN(C)C(=O)C1C=CC(=CC=1)B1OC(C)(C)C(C)(C)O1: Molecule contains unsupported element
key='CC1=C2N=CC=CC2=C(C=C1)B(O)O-1065' prediction.modelResults.predictionError=CC1C=CC(B(O)O)=C2C=CC=NC2=1: Molecule contains unsupported element
key='OB(O)C1=CC(=CN=C1)B(O)O-1065' prediction.modelResults.predictionError=OB(O)C1C=NC=C(C=1)B(O)O: Molecule contains unsupported element
key='[Fe++].OB(O)C1=CC=C[CH-]1.OB(O)C1=CC=C[CH-]1-1065' prediction.modelResults.predictionError=OB(O)C1[CH-]C=CC=1: Molecule contains unsupported element
key='CN1N=C(C)C=C1B1OC(C)(C)C(C)(C)O1-1065' prediction.modelResults.predictionError=CC1C=C(B2OC(C)(C)C(C)(C)O2)N(C)N=1: Molecule contains unsupported element
key='CN1N=CC=C1B1OC(C)(C)C(C)(C)O1-1065' prediction.modelResults.predictionError=CN1N=CC=C1B1OC(C)(C)C(C)(C)O1: Molecule contains unsupported element
key='CC1=CC=C(C=C1)C1=C[Se]N=N1-1065' prediction.modelResults.predictionError=CC1C=CC(=CC=1)C1=C[Se]N=N1: Molecule contains unsupported element
key='CC1=C(B(O)O)C(=NO1)C1=CC=CC=C1-1065' prediction.modelResults.predictionError=CC1ON=C(C=1B(O)O)C1C=CC=CC=1: Molecule contains unsupported element
key='CC1(C)OB(OC1(C)C)C1=CC(=CC=C1)N1C=CC=N1-1065' prediction.modelResults.predictionError=CC1(C)OB(OC1(C)C)C1=CC(=CC=C1)N1C=CC=N1: Molecule contains unsupported element
key='CC1(C)OB(OC1(C)C)C1=CC=C(C=C1)N1CCCCC1-1065' prediction.modelResults.predictionError=CC1(C)OB(OC1(C)C)C1C=CC(=CC=1)N1CCCCC1: Molecule contains unsupported element
key='CC1(C)OB(OC1(C)C)C1=CC(=CC=C1)N1CCCCC1-1065' prediction.modelResults.predictionError=CC1(C)OB(OC1(C)C)C1=CC(=CC=C1)N1CCCCC1: Molecule contains unsupported element
key='OB(O)C1=CC=C(C=C1)C(=O)NCC1=CC=CO1-1065' prediction.modelResults.predictionError=OB(O)C1C=CC(=CC=1)C(=O)NCC1=CC=CO1: Molecule contains unsupported element
key='OCC1OC(OCC2=CC=CC=C2)C(O)C(O)C1O-1065' prediction.modelResults.predictionError=Number of atoms equals zero
key='COC1=CC=CC(B(O)O)=C1F-1065' prediction.modelResults.predictionError=COC1=CC=CC(B(O)O)=C1F: Molecule contains unsupported element
key='CC1(C)OB(OC1(C)C)C1=CC(C=O)=CN=C1-1065' prediction.modelResults.predictionError=CC1(C)OB(OC1(C)C)C1C=NC=C(C=O)C=1: Molecule contains unsupported element
key='COC(=O)CCC1=CC=CC(=C1)B(O)O-1065' prediction.modelResults.predictionError=COC(=O)CCC1C=C(C=CC=1)B(O)O: Molecule contains unsupported element
key='CC1=C(Cl)C(B(O)O)=C(F)C=C1-1065' prediction.modelResults.predictionError=CC1C=CC(F)=C(B(O)O)C=1Cl: Molecule contains unsupported element
key='CC(C)(C)NS(=O)(=O)C1=CC=CC=C1B(O)O-1065' prediction.modelResults.predictionError=CC(C)(C)NS(=O)(=O)C1=CC=CC=C1B(O)O: Molecule contains unsupported element
key='C1=CC=C2C(C=CC=C2[Sb](C2=CC=CC3=CC=CC=C23)C2=CC=CC3=CC=CC=C23)=C1-1065' prediction.modelResults.predictionError=C1=CC=CC2C(=CC=CC=21)[Sb](C1=CC=CC2=CC=CC=C21)C1=CC=CC2=CC=CC=C21: Molecule contains unsupported element
key='OB(O)C(=C)C1=CC=CC=C1-1065' prediction.modelResults.predictionError=C=C(B(O)O)C1C=CC=CC=1: Molecule contains unsupported element
key='OB(O)C1=CC(=C(Cl)C=C1)[N+]([O-])=O-1065' prediction.modelResults.predictionError=[O-][N+](=O)C1C=C(C=CC=1Cl)B(O)O: Molecule contains unsupported element
key='CC1=C(C=CC(Cl)=C1)B(O)O-1065' prediction.modelResults.predictionError=CC1C=C(Cl)C=CC=1B(O)O: Molecule contains unsupported element
key='OB(O)C1=CC=C(OC2CCCCO2)C=C1-1065' prediction.modelResults.predictionError=OB(O)C1C=CC(=CC=1)OC1CCCCO1: Molecule contains unsupported element
key='CC(C)OB1OC(C)(C)C(C)(C)O1-1065' prediction.modelResults.predictionError=CC(C)OB1OC(C)(C)C(C)(C)O1: Molecule contains unsupported element
key='[Ti+4].C[N-]C.C[N-]C.CC[N-]CC.CC[N-]CC-1065' prediction.modelResults.predictionError=[Ti+4].C[N-]C.C[N-]C.CC[N-]CC.CC[N-]CC: model can't run mixtures
key='CC1(C)OB(OC1(C)C)C1=CC2=C(OC=CC2=O)C=C1-1065' prediction.modelResults.predictionError=CC1(C)OB(OC1(C)C)C1=CC2C(=O)C=COC=2C=C1: Molecule contains unsupported element
key='[W].[C-]#[O+].[C-]#[O+].[C-]#[O+].[C-]#[O+].[C-]#[O+].[NH-]C1CCCCC1-1065' prediction.modelResults.predictionError=[W].[C-]#[O+].[C-]#[O+].[C-]#[O+].[C-]#[O+].[C-]#[O+].[NH-]C1CCCCC1: model can't run mixtures
key='[Re].[C-]#[O+].[C-]#[O+].[C-]#[O+].[C-]#[O+].C[C-]=O.C[C-]=O-1065' prediction.modelResults.predictionError=[Re].[C-]#[O+].[C-]#[O+].[C-]#[O+].[C-]#[O+].C[C-]=O.C[C-]=O failed standardization
key='COC(=O)C(C)P(=O)(C1=CC=CC=C1)C1=CC=CC=C1-1065' prediction.modelResults.predictionError=Number of atoms equals zero
key='CC1(C)OB(OC1(C)C)C1=CC=C(OCC2=CC=CC=C2)C=C1-1065' prediction.modelResults.predictionError=CC1(C)OB(OC1(C)C)C1C=CC(=CC=1)OCC1C=CC=CC=1: Molecule contains unsupported element
key='[Li+].CC(C)C(C)[BH-](C(C)C(C)C)C(C)C(C)C-1065' prediction.modelResults.predictionError=CC(C)C(C)B(C(C)C(C)C)C(C)C(C)C: Molecule contains unsupported element
key='CCCCB1OC(C(O1)C(=O)N(C)C)C(=O)N(C)C-1065' prediction.modelResults.predictionError=CCCCB1OC(C(O1)C(=O)N(C)C)C(=O)N(C)C: Molecule contains unsupported element
key='O[Se](=O)C1=CC=C(Cl)C=C1-1065' prediction.modelResults.predictionError=O[Se](=O)C1C=CC(Cl)=CC=1: Molecule contains unsupported element
key='CC1=CC(C)=C(C)C=C1B(O)O-1065' prediction.modelResults.predictionError=CC1C=C(B(O)O)C(C)=CC=1C: Molecule contains unsupported element
key='CC1=CSC=C1B(O)O-1065' prediction.modelResults.predictionError=CC1=CSC=C1B(O)O: Molecule contains unsupported element
key='CC(C)OC1=CC=CC(=C1)B(O)O-1065' prediction.modelResults.predictionError=CC(C)OC1C=C(C=CC=1)B(O)O: Molecule contains unsupported element
key='CC(C)OC1=CC=CC=C1B(O)O-1065' prediction.modelResults.predictionError=CC(C)OC1=CC=CC=C1B(O)O: Molecule contains unsupported element
key='CCCCOC1=CC=CC=C1B(O)O-1065' prediction.modelResults.predictionError=CCCCOC1=CC=CC=C1B(O)O: Molecule contains unsupported element
key='CCCCOC1=CC=CC(=C1)B(O)O-1065' prediction.modelResults.predictionError=CCCCOC1C=C(C=CC=1)B(O)O: Molecule contains unsupported element
key='OB(O)C1=C2C=CC3=CC=CC4=C3C2=C(C=C4)C=C1-1065' prediction.modelResults.predictionError=OB(O)C1C=CC2=CC=C3C=CC=C4C=CC=1C2=C43: Molecule contains unsupported element
key='C[Si](C)(C)CB(C[Si](C)(C)C)C[Si](C)(C)C-1065' prediction.modelResults.predictionError=C[Si](C)(C)CB(C[Si](C)(C)C)C[Si](C)(C)C: Molecule contains unsupported element
key='CC1=CC(C)=C(B(O)C2=C(C)C=C(C)C=C2C)C(C)=C1-1065' prediction.modelResults.predictionError=CC1=CC(C)=C(B(O)C2C(C)=CC(C)=CC=2C)C(C)=C1: Molecule contains unsupported element
key='CC1(C)OB(OC1(C)C)C1=CC(Cl)=NC=C1-1065' prediction.modelResults.predictionError=CC1(C)OB(OC1(C)C)C1C=CN=C(Cl)C=1: Molecule contains unsupported element
key='OB(O)C1=CC(Cl)=CC(Cl)=C1Cl-1065' prediction.modelResults.predictionError=OB(O)C1=CC(Cl)=CC(Cl)=C1Cl: Molecule contains unsupported element
key='CC(=O)OCC1=CC=CC(=C1)B1OC(C)(C)C(C)(C)O1-1065' prediction.modelResults.predictionError=CC(=O)OCC1C=C(C=CC=1)B1OC(C)(C)C(C)(C)O1: Molecule contains unsupported element
key='CC(=O)OCC1=CC=C(C=C1)B1OC(C)(C)C(C)(C)O1-1065' prediction.modelResults.predictionError=CC(=O)OCC1=CC=C(C=C1)B1OC(C)(C)C(C)(C)O1: Molecule contains unsupported element
key='[W].[C-]#[O+].[C-]#[O+].[C-]#[O+].[CH-]1[C-]=[C-][C-]=[C-]1.CC1[CH-]COC1(C(F)(F)F)C(F)(F)F-1065' prediction.modelResults.predictionError=[W].[C-]#[O+].[C-]#[O+].[C-]#[O+].[CH-]1[C-]=[C-][C-]=[C-]1.CC1[CH-]COC1(C(F)(F)F)C(F)(F)F: model can't run mixtures
key='O=C(C1=CC=CC2=CC=CC=C12)C1=CC=CC2=CC=CC=C12-1065' prediction.modelResults.predictionError=Number of atoms equals zero
key='CCCB1OC2=CC=CC=C2O1-1065' prediction.modelResults.predictionError=CCCB1OC2=CC=CC=C2O1: Molecule contains unsupported element
key='[Mo].[C-]#[O+].[C-]#[O+].[C-]#[O+].[CH2-]N=C=O.[CH-]1[C-]=[C-][C-]=[C-]1-1065' prediction.modelResults.predictionError=[Mo].[C-]#[O+].[C-]#[O+].[C-]#[O+].[CH2-]N=C=O.[CH-]1[C-]=[C-][C-]=[C-]1: model can't run mixtures
key='CC1(OCCO1)C1=CC=CC=C1B(O)O-1065' prediction.modelResults.predictionError=CC1(OCCO1)C1=CC=CC=C1B(O)O: Molecule contains unsupported element
key='[Mn].[C-]#[O+].[C-]#[O+].C[C-]1[C-]=[C-][C-]=[C-]1.C1CC[N-]CC1-1065' prediction.modelResults.predictionError=[Mn].[C-]#[O+].[C-]#[O+].C[C-]1[C-]=[C-][C-]=[C-]1.C1CC[N-]CC1: model can't run mixtures
key='[Fe].[CH-]1[C-]=[C-][C-]=[C-]1.C(NC1=NC=NC2=C1NC=N2)[C-]1[C-]=[C-][C-]=[C-]1-1065' prediction.modelResults.predictionError=[Fe].[CH-]1[C-]=[C-][C-]=[C-]1.C(NC1=NC=NC2=C1NC=N2)[C-]1[C-]=[C-][C-]=[C-]1: model can't run mixtures
key='OC1=CC2=C(NC=C2CC#N)C=C1-1065' prediction.modelResults.predictionError=OC1=CC2=C(NC=C2CC#N)C=C1 failed standardization
key='OCCCC1=CC=C(C=C1)B(O)O-1065' prediction.modelResults.predictionError=OCCCC1=CC=C(C=C1)B(O)O: Molecule contains unsupported element
key='OB(O)C1=CC(Cl)=NC=C1-1065' prediction.modelResults.predictionError=OB(O)C1C=CN=C(Cl)C=1: Molecule contains unsupported element
key='CC[Tl](Br)CC-1065' prediction.modelResults.predictionError=CC[Tl](Br)CC: Molecule contains unsupported element
key='OB(O)C1=C2C=CC=NC2=CC=C1-1065' prediction.modelResults.predictionError=OB(O)C1C=CC=C2N=CC=CC=12: Molecule contains unsupported element
key='O.[Co++]-1065' prediction.modelResults.predictionError=O.[Co++] failed standardization
key='COC1=CC=CC(B(O)O)=C1OC-1065' prediction.modelResults.predictionError=COC1=CC=CC(B(O)O)=C1OC: Molecule contains unsupported element
key='[O-]S(=O)(=O)NS([O-])(=O)=O-1065' prediction.modelResults.predictionError=[O-]S(=O)(=O)NS([O-])(=O)=O failed standardization
key='CC(C)OC1=C(C=C(C=C1)B(O)O)B(O)O-1065' prediction.modelResults.predictionError=CC(C)OC1C=CC(=CC=1B(O)O)B(O)O: Molecule contains unsupported element
key='C1=CC=C(C=C1)[Sb+](C1=CC=CC=C1)(C1=CC=CC=C1)C1=CC=CC=C1-1065' prediction.modelResults.predictionError=C1=CC=CC=C1[Sb+](C1C=CC=CC=1)(C1C=CC=CC=1)C1C=CC=CC=1: Molecule contains unsupported element
key='CC1OC(OC2C(O)OC(CO)C(O)C2O)C(O)C(O)C1O-1065' prediction.modelResults.predictionError=Number of atoms equals zero
key='CCCCCCCCB(O)O-1065' prediction.modelResults.predictionError=CCCCCCCCB(O)O: Molecule contains unsupported element
key='FC1=CC=CC=C1CN(CCCN1C=CN=C1)C(=O)NC1=CC=CC=C1-1065' prediction.modelResults.predictionError=Number of atoms equals zero
key='CCCCOC1=C(Cl)C=C(C=C1)B(O)O-1065' prediction.modelResults.predictionError=CCCCOC1C=CC(=CC=1Cl)B(O)O: Molecule contains unsupported element
key='CC1=CC=C(C=C1)C(=O)N=C1C=CC(C=C1)=NC(=O)C1=CC=C(C)C=C1-1065' prediction.modelResults.predictionError=Number of atoms equals zero
key='[C-]#[O+].I[Rh]I.[CH-]1[C-]=[C-][C-]=[C-]1-1065' prediction.modelResults.predictionError=[C-]#[O+].I[Rh]I.[CH-]1[C-]=[C-][C-]=[C-]1 failed standardization
key='[CH+]1C=CC=CC=C1-1065' prediction.modelResults.predictionError=[CH+]1C=CC=CC=C1 failed standardization
key='CC(C)C1CC(CC(C(C)C)C1NC(OOC(NC1C(CC(CC1C(C)C)N(O)O)C(C)C)C1CCC(CC1)C(C)(C)C)C1CCC(CC1)C(C)(C)C)N(O)O-1065' prediction.modelResults.predictionError=CC(C)C1CC(CC(C(C)C)C1NC(OOC(NC1C(CC(CC1C(C)C)N(O)O)C(C)C)C1CCC(CC1)C(C)(C)C)C1CCC(CC1)C(C)(C)C)N(O)O failed standardization
key='ClP(Cl)(Cl)=N-1065' prediction.modelResults.predictionError=ClP(Cl)(Cl)=N failed standardization
key='O.O.O.O.O.O.[Ag]-1065' prediction.modelResults.predictionError=O.O.O.O.O.O.[Ag] failed standardization
key='O=[BiH2+]-1065' prediction.modelResults.predictionError=O=[BiH2+] failed standardization
key='NP([O-])(F)=O-1065' prediction.modelResults.predictionError=NP([O-])(F)=O failed standardization
key='[Ru+8].C1CCC([N-]C1)C1CCCC[N-]1.C1CCC([N-]C1)C1CCCC[N-]1.C1CCC(NC1)C(C1CCCCN1)=C(C1CCCC[N-]1)C1[N-]C=CC=C1-1065' prediction.modelResults.predictionError=[Ru+8].C1CCC([N-]C1)C1CCCC[N-]1.C1CCC([N-]C1)C1CCCC[N-]1.C1CCC(NC1)C(C1CCCCN1)=C(C1CCCC[N-]1)C1[N-]C=CC=C1 failed standardization
key='O=[Tc++]-1065' prediction.modelResults.predictionError=O=[Tc++] failed standardization
key='SPS-1065' prediction.modelResults.predictionError=SPS failed standardization
key='[Rh].[Rh+3].CC#N.CC#N.CC#N.C1CCC([N-]C1)C1[N-]C=CC=C1.CC1CCC(CC1)[N-]C[N-]C1CCC(C)CC1.CC1CCC(CC1)[N-]C[N-]C1=CC=C(C)C=C1-1065' prediction.modelResults.predictionError=[Rh].[Rh+3].CC#N.CC#N.CC#N.C1CCC([N-]C1)C1[N-]C=CC=C1.CC1CCC(CC1)[N-]C[N-]C1CCC(C)CC1.CC1CCC(CC1)[N-]C[N-]C1=CC=C(C)C=C1 failed standardization
key='[OH3+].[OH3+].[OH3+].[OH3+].[OH3+].[OH3+].[Zn++]-1065' prediction.modelResults.predictionError=[OH3+].[OH3+].[OH3+].[OH3+].[OH3+].[OH3+].[Zn++] failed standardization
key='[NH-]N=[N-].[NH-]N=[N-].Cl[Ti](Cl)(Cl)Cl.Cl[Ti](Cl)(Cl)Cl-1065' prediction.modelResults.predictionError=[NH-]N=[N-].[NH-]N=[N-].Cl[Ti](Cl)(Cl)Cl.Cl[Ti](Cl)(Cl)Cl failed standardization
key='Cl.Cl.Cl.Cl.O=[Re]O[Re]=O.C1CCC(NC2CCCC[N-]2)[N-]C1.C1CCC(NC2=CC=CC[N-]2)[N-]C1-1065' prediction.modelResults.predictionError=Cl.Cl.Cl.Cl.O=[Re]O[Re]=O.C1CCC(NC2CCCC[N-]2)[N-]C1.C1CCC(NC2=CC=CC[N-]2)[N-]C1 failed standardization
key='[SH-].[Ag].[Ag].[Ag].[Ag].[Ag].[Ag].[Ag].[Ag].[Ag+]-1065' prediction.modelResults.predictionError=[SH-].[Ag].[Ag].[Ag].[Ag].[Ag].[Ag].[Ag].[Ag].[Ag+] failed standardization
key='[Ag].[Ag]-1065' prediction.modelResults.predictionError=[Ag].[Ag] failed standardization
key='Br.O=[Re](=O)=O.[N-]1C=CC=C2C=CC3=CC=C[N-]C3=C12-1065' prediction.modelResults.predictionError=Br.O=[Re](=O)=O.[N-]1C=CC=C2C=CC3=CC=C[N-]C3=C12 failed standardization
key='[Ru+5].[Ru+5].C[Si](C)(C)C#CC#[C-].CC(C)[Si](C#[C-])(C(C)C)C(C)C.C1CCC(CC1)[N-]C1CCCC[N-]1.C1CCC(CC1)[N-]C1CCCC[N-]1.C1CCC(CC1)[N-]C1CCCC[N-]1.C1CCC(CC1)[N-]C1[N-]C=CC=C1-1065' prediction.modelResults.predictionError=[Ru+5].[Ru+5].C[Si](C)(C)C#CC#[C-].CC(C)[Si](C#[C-])(C(C)C)C(C)C.C1CCC(CC1)[N-]C1CCCC[N-]1.C1CCC(CC1)[N-]C1CCCC[N-]1.C1CCC(CC1)[N-]C1CCCC[N-]1.C1CCC(CC1)[N-]C1[N-]C=CC=C1 failed standardization
key='NNNNN-1065' prediction.modelResults.predictionError=NNNNN failed standardization
key='Br[Re-](Br)(Br)Br.Br[Re-](Br)(Br)Br-1065' prediction.modelResults.predictionError=Br[Re-](Br)(Br)Br.Br[Re-](Br)(Br)Br failed standardization
key='CC(C)(CC1CCCCC1N(O)N(O)C1CCCCC1CC(C)(C)N(O)O)N(O)O-1065' prediction.modelResults.predictionError=CC(C)(CC1CCCCC1N(O)N(O)C1CCCCC1CC(C)(C)N(O)O)N(O)O failed standardization
key='O.O.O.O.O.O.O.O.O.[Eu+3]-1065' prediction.modelResults.predictionError=O.O.O.O.O.O.O.O.O.[Eu+3] failed standardization
key='[Ru+8].C1CCC([N-]C1)C1CCCC[N-]1.C1CCC([N-]C1)C1=CC=CC[N-]1.CC1(C)N=C2C3CCC[N-]C3C3[N-]CCCC3C2=N1-1065' prediction.modelResults.predictionError=[Ru+8].C1CCC([N-]C1)C1CCCC[N-]1.C1CCC([N-]C1)C1=CC=CC[N-]1.CC1(C)N=C2C3CCC[N-]C3C3[N-]CCCC3C2=N1 failed standardization
key='Cl[W](Cl)Cl-1065' prediction.modelResults.predictionError=Cl[W](Cl)Cl failed standardization
key='Cl[Ru+].O=C1C2CCC[N-]C2C2[N-]CCCC2C1=O.C1CCC([N-]C1)C1CCCC([N-]1)C1=CC=CC[N-]1-1065' prediction.modelResults.predictionError=Cl[Ru+].O=C1C2CCC[N-]C2C2[N-]CCCC2C1=O.C1CCC([N-]C1)C1CCCC([N-]1)C1=CC=CC[N-]1 failed standardization
key='Br[Hg+]-1065' prediction.modelResults.predictionError=Br[Hg+] failed standardization
key='[OH3+].[OH3+].[OH3+].[OH3+].[OH3+].[OH3+].[Al+3]-1065' prediction.modelResults.predictionError=[OH3+].[OH3+].[OH3+].[OH3+].[OH3+].[OH3+].[Al+3] failed standardization
key='[Ru++].CC(O)CC(C)O.CC(O)CC(C)O.[NH-]C1=CC=CC=C1[NH-]-1065' prediction.modelResults.predictionError=[Ru++].CC(O)CC(C)O.CC(O)CC(C)O.[NH-]C1=CC=CC=C1[NH-] failed standardization
key='CCN(CC)C1=CC2=C(C=C1)C=C(C(=O)NC1=CC=CC=C1OC)C(O2)=NO-1065' prediction.modelResults.predictionError=CCN(CC)C1=CC2=C(C=C1)C=C(C(=O)NC1=CC=CC=C1OC)C(O2)=NO failed standardization
run=1	request=134	smiles=C1C[As]2O[As]3CCN4CC[As]5O[As]6CCN1CC[As]1O[As]7CCN8CC[As](O2)O[As](CCN2CC[As]9O[As](CC4)O[As]4CCN%10CC[As](O5)O[As](CCN5CC[As](O1)O[As](CCN1CC[As]%11O[As](CC8)O[As](CC2)O[As](CCN(CC[As](O9)O4)CC[As]2O[As](CC%10)O[As](CC5)O[As](CC1)O2)O%11)O7)O6)O3	error=500 Server Error: Internal Server Error for url: http://192.168.1.7:5004/api/predictor_models/predict
key='Cl[Ru++]Cl.C1CCC(CC1)\\N=N\\C1CCCC[N-]1.C1CCC(CC1)\\N=N\\C1[N-]C=CC=C1-1065' prediction.modelResults.predictionError=Cl[Ru++]Cl.C1CCC(CC1)\N=N\C1CCCC[N-]1.C1CCC(CC1)\N=N\C1[N-]C=CC=C1 failed standardization
key='[Ru+4].C1CC([N-]C(C1)C1=NC=CN1)C1=NC=CN1.C1C=CC([N-]C1C1=NC=CN1)C1=NC=CN1-1065' prediction.modelResults.predictionError=[Ru+4].C1CC([N-]C(C1)C1=NC=CN1)C1=NC=CN1.C1C=CC([N-]C1C1=NC=CN1)C1=NC=CN1 failed standardization
key='F[P-]F-1065' prediction.modelResults.predictionError=F[P-]F failed standardization
key='Br[Cd--](Br)(Br)Br-1065' prediction.modelResults.predictionError=Br[Cd--](Br)(Br)Br failed standardization
key='[SH-].[SH-].[SH-].[SH-].[SH-].[SH-].[Co].S=[W].S=[W]-1065' prediction.modelResults.predictionError=[SH-].[SH-].[SH-].[SH-].[SH-].[SH-].[Co].S=[W].S=[W] failed standardization
key='[AsH]1[AsH][AsH][AsH][AsH]1-1065' prediction.modelResults.predictionError=[AsH]1[AsH][AsH][AsH][AsH]1 failed standardization
key='O.Cl[Ru++].Cl[Ru++].CCC1=C(CC)/C2=C/C3=N/C(=C\\C4=C(CC)C(CC)=C([N-]4)/C=C4\\N=C(\\C=C\\1/[N-]\\2)C(CC)=C4CC)/C(CC)=C3CC.CCC1=C(CC)/C2=C/C3=N/C(=C\\C4=C(CC)C(CC)=C([N-]4)/C=C4\\N=C(\\C=C\\1/[N-]\\2)C(CC)=C4CC)/C(CC)=C3CC-1065' prediction.modelResults.predictionError=O.Cl[Ru++].Cl[Ru++].CCC1=C(CC)/C2=C/C3=N/C(=C\C4=C(CC)C(CC)=C([N-]4)/C=C4\N=C(\C=C\1/[N-]\2)C(CC)=C4CC)/C(CC)=C3CC.CCC1=C(CC)/C2=C/C3=N/C(=C\C4=C(CC)C(CC)=C([N-]4)/C=C4\N=C(\C=C\1/[N-]\2)C(CC)=C4CC)/C(CC)=C3CC failed standardization
key='OP(O)(O)=O.OP(O)(O)=O-1065' prediction.modelResults.predictionError=OP(O)(O)=O.OP(O)(O)=O failed standardization
key='OS(O)(=O)=O.OS(O)(=O)=O-1065' prediction.modelResults.predictionError=OS(O)(=O)=O.OS(O)(=O)=O failed standardization
key='Cl[B-](Cl)(Cl)Cl-1065' prediction.modelResults.predictionError=Cl[B-](Cl)(Cl)Cl failed standardization
key='S=[Bi] |^1:1|-1065' prediction.modelResults.predictionError=S=[Bi] |^1:1| failed standardization
key='O\\N=C1\\SC2=CC=CC=C2N1CCS-1065' prediction.modelResults.predictionError=O\N=C1\SC2=CC=CC=C2N1CCS failed standardization
key='[SeH3+]-1065' prediction.modelResults.predictionError=[SeH3+] failed standardization
key='[PH4+]-1065' prediction.modelResults.predictionError=[PH4+] failed standardization
key='[AsH4+]-1065' prediction.modelResults.predictionError=[AsH4+] failed standardization
key='F[P+](F)(F)F-1065' prediction.modelResults.predictionError=F[P+](F)(F)F failed standardization
key='N=[NH2+]-1065' prediction.modelResults.predictionError=N=[NH2+] failed standardization
key='O[AsH2]-1065' prediction.modelResults.predictionError=O[AsH2] failed standardization
key='O[AsH2]=O-1065' prediction.modelResults.predictionError=O[AsH2]=O failed standardization
key='[O-]S[O-]-1065' prediction.modelResults.predictionError=[O-]S[O-] failed standardization
key='S=S-1065' prediction.modelResults.predictionError=S=S failed standardization
key='[NH]-1065' prediction.modelResults.predictionError=[NH] failed standardization
key='[O-]OP([O-])([O-])=O-1065' prediction.modelResults.predictionError=[O-]OP([O-])([O-])=O failed standardization
key='OP(O)[O-]-1065' prediction.modelResults.predictionError=OP(O)[O-] failed standardization
key='[O-][Br]=O-1065' prediction.modelResults.predictionError=[O-][Br]=O failed standardization
key='[O-][Br](=O)(=O)=O-1065' prediction.modelResults.predictionError=[O-][Br](=O)(=O)=O failed standardization
key='[O-]I-1065' prediction.modelResults.predictionError=[O-]I failed standardization
key='O[Se]([O-])(=O)=O-1065' prediction.modelResults.predictionError=O[Se]([O-])(=O)=O failed standardization
run=1	request=199	smiles=C1=CC2=CC3=C4C=C2C2=CC5=C(C=CC6=CC7=C(C=C56)C5=CC6=C(C=CC8=C6C=C6C(C=CC9=C6C=C4C(C=C3)=C9)=C8)C=C5C=C7)C=C12	error=500 Server Error: Internal Server Error for url: http://192.168.1.7:5004/api/predictor_models/predict
key='O\\N=C1/C=C(OC2=CC=CC=C12)C1=CC=CC=C1-1065' prediction.modelResults.predictionError=O\N=C1/C=C(OC2=CC=CC=C12)C1=CC=CC=C1 failed standardization
key='[Rh].[O-]S(=O)(=O)C(F)(F)F.C1C\\C=C/CC\\C=C/1.C1C\\C=C/CC\\C=C/1-1065' prediction.modelResults.predictionError=[Rh].[O-]S(=O)(=O)C(F)(F)F.C1C\C=C/CC\C=C/1.C1C\C=C/CC\C=C/1 failed standardization
key='[Rh].F[B-](F)(F)F.C1C\\C=C/CC\\C=C/1.C[C@@H]1CC[C@@H](C)P1C1=CC=CC=C1P1[C@H](C)CC[C@H]1C-1065' prediction.modelResults.predictionError=[Rh].F[B-](F)(F)F.C1C\C=C/CC\C=C/1.C[C@@H]1CC[C@@H](C)P1C1=CC=CC=C1P1[C@H](C)CC[C@H]1C failed standardization
key='[Rh].F[B-](F)(F)F.C1C\\C=C/CC\\C=C/1.C1C\\C=C/CC\\C=C/1-1065' prediction.modelResults.predictionError=[Rh].F[B-](F)(F)F.C1C\C=C/CC\C=C/1.C1C\C=C/CC\C=C/1 failed standardization
key='O.O.O.[AlH3]-1065' prediction.modelResults.predictionError=O.O.O.[AlH3] failed standardization
key='[K+].[K+].[O-][Te]([O-])(=O)=O-1065' prediction.modelResults.predictionError=[K+].[K+].[O-][Te]([O-])(=O)=O failed standardization
key='O.[Ba++].[O-]N=O.[O-]N=O-1065' prediction.modelResults.predictionError=O.[Ba++].[O-]N=O.[O-]N=O failed standardization
key='O.[K+].[K+].[O-]S([O-])(=O)=S-1065' prediction.modelResults.predictionError=O.[K+].[K+].[O-]S([O-])(=O)=S failed standardization
key='O.[Mg++].[Mg++].[Mg++].[O-]P([O-])([O-])=O.[O-]P([O-])([O-])=O-1065' prediction.modelResults.predictionError=O.[Mg++].[Mg++].[Mg++].[O-]P([O-])([O-])=O.[O-]P([O-])([O-])=O failed standardization
key='Cl[Ir](Cl)(Cl)([N]1=CC=CC=C1)([N]1=CC=CC=C1)[N]1=CC=CC=C1-1065' prediction.modelResults.predictionError=Cl[Ir](Cl)(Cl)([N]1=CC=CC=C1)([N]1=CC=CC=C1)[N]1=CC=CC=C1 failed standardization
key='O.[AlH3]-1065' prediction.modelResults.predictionError=O.[AlH3] failed standardization
key='CC1=C\\C(=N/O)C2=C(OC=C(C2=O)[N+]([O-])=O)N1O-1065' prediction.modelResults.predictionError=CC1=C\C(=N/O)C2=C(OC=C(C2=O)[N+]([O-])=O)N1O failed standardization
key='OOP(O)(O)=O-1065' prediction.modelResults.predictionError=OOP(O)(O)=O failed standardization
key='[O-]P(=O)=O-1065' prediction.modelResults.predictionError=[O-]P(=O)=O failed standardization
key='NP(O)O-1065' prediction.modelResults.predictionError=NP(O)O failed standardization
key='[B-]-1065' prediction.modelResults.predictionError=[B-] failed standardization
key='[Ni+3].[Sb]-1065' prediction.modelResults.predictionError=[Ni+3].[Sb] failed standardization
key='I[Bi](SC(=S)N1CCCC1)SC(=S)N1CCCC1-1065' prediction.modelResults.predictionError=I[Bi](SC(=S)N1CCCC1)SC(=S)N1CCCC1 failed standardization
key='F[P+](F)=S-1065' prediction.modelResults.predictionError=F[P+](F)=S failed standardization
key='Cl[Bi]-1065' prediction.modelResults.predictionError=Cl[Bi] failed standardization
key='CCCCCCCCCCCCCCCCCCN[N+](O)=O-1065' prediction.modelResults.predictionError=CCCCCCCCCCCCCCCCCCN[N+](O)=O failed standardization
key='[B].N-1065' prediction.modelResults.predictionError=[B].N failed standardization
key='CN[N+](O)=O-1065' prediction.modelResults.predictionError=CN[N+](O)=O failed standardization
key='CS(=O)(=O)OCC\\N=C(/N)N[N+](O)=O-1065' prediction.modelResults.predictionError=CS(=O)(=O)OCC\N=C(/N)N[N+](O)=O failed standardization
key='[NH2-].[NH2-].[NH2-].[Co].N=[N+]=[N-].N=[N+]=[N-].N=[N+]=[N-]-1065' prediction.modelResults.predictionError=[NH2-].[NH2-].[NH2-].[Co].N=[N+]=[N-].N=[N+]=[N-].N=[N+]=[N-] failed standardization
key='[Rh].N#[O+].O[N+]([O-])=O.O[N+]([O-])=O.C1=CC=C(C=C1)[PH+](C1=CC=CC=C1)C1=CC=CC=C1.C1=CC=C(C=C1)[PH+](C1=CC=CC=C1)C1=CC=CC=C1-1065' prediction.modelResults.predictionError=[Rh].N#[O+].O[N+]([O-])=O.O[N+]([O-])=O.C1=CC=C(C=C1)[PH+](C1=CC=CC=C1)C1=CC=CC=C1.C1=CC=C(C=C1)[PH+](C1=CC=CC=C1)C1=CC=CC=C1 failed standardization
key='[Sb].[Lu+3]-1065' prediction.modelResults.predictionError=[Sb].[Lu+3] failed standardization
key='[Ga+3].[Sb]-1065' prediction.modelResults.predictionError=[Ga+3].[Sb] failed standardization
key='[Sb].[La+3]-1065' prediction.modelResults.predictionError=[Sb].[La+3] failed standardization
key='[GeH2].[GeH2].[GeH2]-1065' prediction.modelResults.predictionError=[GeH2].[GeH2].[GeH2] failed standardization
key='[B].[B].[B].[B].[Si]-1065' prediction.modelResults.predictionError=[B].[B].[B].[B].[Si] failed standardization
key='[B].[B].[B].[B].[B].[W].[W]-1065' prediction.modelResults.predictionError=[B].[B].[B].[B].[B].[W].[W] failed standardization
key='[OH-].[OH-].[OH-].[OH-].[OH-].[O--].[O--].[O--].[O--].[O--].[K+].[K+].[K+].[Ge].[Ge].[Ge]-1065' prediction.modelResults.predictionError=[OH-].[OH-].[OH-].[OH-].[OH-].[O--].[O--].[O--].[O--].[O--].[K+].[K+].[K+].[Ge].[Ge].[Ge] failed standardization
key='[OH-].[OH-].[OH-].[OH-].[OH-].[O--].[O--].[O--].[O--].[O--].[Na+].[Na+].[Na+].[Ge].[Ge].[Ge]-1065' prediction.modelResults.predictionError=[OH-].[OH-].[OH-].[OH-].[OH-].[O--].[O--].[O--].[O--].[O--].[Na+].[Na+].[Na+].[Ge].[Ge].[Ge] failed standardization
key='[GeH]-1065' prediction.modelResults.predictionError=[GeH] failed standardization
key='[Li][Ge](CC)(CC)CC-1065' prediction.modelResults.predictionError=[Li][Ge](CC)(CC)CC failed standardization
key='S=[In]-1065' prediction.modelResults.predictionError=S=[In] failed standardization
key='[Ru++].[C-]#[O+].[CH-]1[C-]=[C-][C-]=[C-]1.P(C1=CC=CC=C1)C1=CC=CC=C1.C1=CC=C(C=C1)[PH+](C1=CC=CC=C1)C1=CC=CC=C1-1065' prediction.modelResults.predictionError=[Ru++].[C-]#[O+].[CH-]1[C-]=[C-][C-]=[C-]1.P(C1=CC=CC=C1)C1=CC=CC=C1.C1=CC=C(C=C1)[PH+](C1=CC=CC=C1)C1=CC=CC=C1 failed standardization
key='O.O.O.O.[Mn].[Se-].[Se-].[SeH].[SeH].[SeH].[SeH].[SeH].[SeH].[Re].[Re].[Re].[Re].[Re].[Re].[C-]#N.[C-]#N.[C-]#N.[C-]#N.[C-]#N.[C-]#N |^1:7,8,9,10,11,12|-1065' prediction.modelResults.predictionError=O.O.O.O.[Mn].[Se-].[Se-].[SeH].[SeH].[SeH].[SeH].[SeH].[SeH].[Re].[Re].[Re].[Re].[Re].[Re].[C-]#N.[C-]#N.[C-]#N.[C-]#N.[C-]#N.[C-]#N |^1:7,8,9,10,11,12| failed standardization
key='O.Cl[Rh]Cl.Cl[Rh](Cl)[ClH+].CC(C)C1CCC(C)CC1(O)C[PH+](C1=CC=CC=C1)C1=CC=CC=C1.CC(C)C1CCC(C)CC1(O)C[PH+](C1=CC=CC=C1)C1=CC=CC=C1-1065' prediction.modelResults.predictionError=O.Cl[Rh]Cl.Cl[Rh](Cl)[ClH+].CC(C)C1CCC(C)CC1(O)C[PH+](C1=CC=CC=C1)C1=CC=CC=C1.CC(C)C1CCC(C)CC1(O)C[PH+](C1=CC=CC=C1)C1=CC=CC=C1 failed standardization
key='Cl[Ru]Cl.C1CCC(CC1)[PH+](C1CCCCC1)C1CCCCC1.OC(CC1[N-]C(CC(O)(C2CCCCC2)C2CCCCC2)=CC=C1)(C1CCCCC1)C1CCCCC1-1065' prediction.modelResults.predictionError=Cl[Ru]Cl.C1CCC(CC1)[PH+](C1CCCCC1)C1CCCCC1.OC(CC1[N-]C(CC(O)(C2CCCCC2)C2CCCCC2)=CC=C1)(C1CCCCC1)C1CCCCC1 failed standardization
key='[NH2-].[SeH].[SeH].[SeH].[SeH].[SeH].[SeH].[SeH].[SeH].[Cd].[Re].[Re].[Re].[Re].[Re].[Re].[Re].CC[PH+](CC)CC.CC[PH+](CC)CC.CC[PH+](CC)CC.CC[PH+](CC)CC.[O-][N+](O)=O.[O-][N+](O)=O.O[N+](O)=O.C1C=C(C=C[N-]1)C1CC[N-]CC1.C1C[N-]CCC1C1CC[N-]CC1 |^1:1,2,3,4,5,6,7,8|-1065' prediction.modelResults.predictionError=[NH2-].[SeH].[SeH].[SeH].[SeH].[SeH].[SeH].[SeH].[SeH].[Cd].[Re].[Re].[Re].[Re].[Re].[Re].[Re].CC[PH+](CC)CC.CC[PH+](CC)CC.CC[PH+](CC)CC.CC[PH+](CC)CC.[O-][N+](O)=O.[O-][N+](O)=O.O[N+](O)=O.C1C=C(C=C[N-]1)C1CC[N-]CC1.C1C[N-]CCC1C1CC[N-]CC1 |^1:1,2,3,4,5,6,7,8| failed standardization
key='[Ho].O[N+](O)=O.O[N+](O)=O.O[N+](O)=O.O[N+]([O-])=O.O[N+]([O-])=O-1065' prediction.modelResults.predictionError=[Ho].O[N+](O)=O.O[N+](O)=O.O[N+](O)=O.O[N+]([O-])=O.O[N+]([O-])=O failed standardization
key='[Cu].Cl[ClH+].[ClH+][Cu].Cl[Cu]Cl-1065' prediction.modelResults.predictionError=[Cu].Cl[ClH+].[ClH+][Cu].Cl[Cu]Cl failed standardization
key='N.N.N.N.[OH3+].[Cu++]-1065' prediction.modelResults.predictionError=N.N.N.N.[OH3+].[Cu++] failed standardization
key='Cl[Ru]Cl.C1CNCCNCCCNCCNC1-1065' prediction.modelResults.predictionError=Cl[Ru]Cl.C1CNCCNCCCNCCNC1 failed standardization
key='F[Cr+]F-1065' prediction.modelResults.predictionError=F[Cr+]F failed standardization
key='[Ge].[Ge].[Ge].[Ge].[Ge].[Ge].[Ge].[Ge].[Ge].[Ge].[Ge].[Ge].[GeH].[GeH].[GeH].[GeH].[GeH].[GeH]-1065' prediction.modelResults.predictionError=[Ge].[Ge].[Ge].[Ge].[Ge].[Ge].[Ge].[Ge].[Ge].[Ge].[Ge].[Ge].[GeH].[GeH].[GeH].[GeH].[GeH].[GeH] failed standardization
key='[Rb+].C1COCCOCCOCCOCCOCCO1.[S-][P+](N[P+]([S-])(C1=CC=CC=C1)C1=CC=CC=C1)(C1=CC=CC=C1)C1=CC=CC=C1-1065' prediction.modelResults.predictionError=[Rb+].C1COCCOCCOCCOCCOCCO1.[S-][P+](N[P+]([S-])(C1=CC=CC=C1)C1=CC=CC=C1)(C1=CC=CC=C1)C1=CC=CC=C1 failed standardization
key='[B]1[B][B][B]1-1065' prediction.modelResults.predictionError=[B]1[B][B][B]1 failed standardization
key='NP(F)(Br)=S-1065' prediction.modelResults.predictionError=NP(F)(Br)=S failed standardization
key='FP(F)(F)=NP(F)(F)=S-1065' prediction.modelResults.predictionError=FP(F)(F)=NP(F)(F)=S failed standardization
key='[Na+].[Na+].[Na+].[I-].[I-].[I-]-1065' prediction.modelResults.predictionError=[Na+].[Na+].[Na+].[I-].[I-].[I-] failed standardization
key='[He].[Ne]-1065' prediction.modelResults.predictionError=[He].[Ne] failed standardization
key='[K+].[K+].[I-].[I-]-1065' prediction.modelResults.predictionError=[K+].[K+].[I-].[I-] failed standardization
key='[Na+].[Na+].[I-].[I-]-1065' prediction.modelResults.predictionError=[Na+].[Na+].[I-].[I-] failed standardization
key='FS-1065' prediction.modelResults.predictionError=FS failed standardization
key='[Li+].[Li+].[Li+].[I-].[I-].[I-]-1065' prediction.modelResults.predictionError=[Li+].[Li+].[Li+].[I-].[I-].[I-] failed standardization
key='[Ar].[Hg]-1065' prediction.modelResults.predictionError=[Ar].[Hg] failed standardization
key='[O--].[O--].[O--].[O--].[Mg++].[W]-1065' prediction.modelResults.predictionError=[O--].[O--].[O--].[O--].[Mg++].[W] failed standardization
key='[Rh+3].O=S(=O)([OH2+])[OH2+].C(=C[AsH](C1C=CC=CC=1)C1C=CC=CC=1)[AsH](C1C=CC=CC=1)C1C=CC=CC=1.C(=C[AsH](C1C=CC=CC=1)C1C=CC=CC=1)[AsH](C1C=CC=CC=1)C1C=CC=CC=1 |^1:8,21,36,49|-1065' prediction.modelResults.predictionError=[Rh+3].O=S(=O)([OH2+])[OH2+].C(=C[AsH](C1C=CC=CC=1)C1C=CC=CC=1)[AsH](C1C=CC=CC=1)C1C=CC=CC=1.C(=C[AsH](C1C=CC=CC=1)C1C=CC=CC=1)[AsH](C1C=CC=CC=1)C1C=CC=CC=1 |^1:8,21,36,49| failed standardization
key='Cl[Re]Cl.C[PH+](C)C1=CC=CC=C1.C[PH+](C)C1=CC=CC=C1.O=C1C=CC=CC1=CNC1=CC=CC=C1-1065' prediction.modelResults.predictionError=Cl[Re]Cl.C[PH+](C)C1=CC=CC=C1.C[PH+](C)C1=CC=CC=C1.O=C1C=CC=CC1=CNC1=CC=CC=C1 failed standardization
key='O=[P]-1065' prediction.modelResults.predictionError=O=[P] failed standardization
key='OS(=O)S([O-])=O-1065' prediction.modelResults.predictionError=OS(=O)S([O-])=O failed standardization
key='O[SbH2]=O-1065' prediction.modelResults.predictionError=O[SbH2]=O failed standardization
key='O.[Mg++].[O-][Cl](=O)(=O)=O.[O-][Cl](=O)(=O)=O-1065' prediction.modelResults.predictionError=O.[Mg++].[O-][Cl](=O)(=O)=O.[O-][Cl](=O)(=O)=O failed standardization
key='O=[AsH3]-1065' prediction.modelResults.predictionError=O=[AsH3] failed standardization
key='O\\N=C1/C=COC2=CC=CC=C12-1065' prediction.modelResults.predictionError=O\N=C1/C=COC2=CC=CC=C12 failed standardization
key='Br[Sn](Br)(SC1=CC=CC=N1)SC1=CC=CC=N1-1065' prediction.modelResults.predictionError=Br[Sn](Br)(SC1=CC=CC=N1)SC1=CC=CC=N1 failed standardization
key='CC1=NC(S[Sn](Cl)(Cl)SC2=C(C#N)C(C)=CC(C)=N2)=C(C#N)C(C)=C1-1065' prediction.modelResults.predictionError=CC1=NC(S[Sn](Cl)(Cl)SC2=C(C#N)C(C)=CC(C)=N2)=C(C#N)C(C)=C1 failed standardization
key='CCOC(=O)C1=C(S[Sn](Cl)(Cl)SC2=C(C(=O)OCC)C(C)=CC(C)=N2)N=C(C)C=C1C-1065' prediction.modelResults.predictionError=CCOC(=O)C1=C(S[Sn](Cl)(Cl)SC2=C(C(=O)OCC)C(C)=CC(C)=N2)N=C(C)C=C1C failed standardization
key='CCCC[S@](=O)C[C@H](N)C(O)=O-1065' prediction.modelResults.predictionError=CCCC[S@](=O)C[C@H](N)C(O)=O failed standardization
key='[O-][N+]1=CC=CC=C1S[Sn](Cl)(Cl)SC1=CC=CC=[N+]1[O-]-1065' prediction.modelResults.predictionError=[O-][N+]1=CC=CC=C1S[Sn](Cl)(Cl)SC1=CC=CC=[N+]1[O-] failed standardization
key='P.[Ni]-1065' prediction.modelResults.predictionError=P.[Ni] failed standardization
key='[Ni].[Cu]-1065' prediction.modelResults.predictionError=[Ni].[Cu] failed standardization
key='O.O.O.O.O.O.[Na+].[Na+].[Na+].[O-]P([O-])([O-])=O-1065' prediction.modelResults.predictionError=O.O.O.O.O.O.[Na+].[Na+].[Na+].[O-]P([O-])([O-])=O failed standardization
key='O.[Fe+3].[O-][Cl](=O)(=O)=O.[O-][Cl](=O)(=O)=O.[O-][Cl](=O)(=O)=O-1065' prediction.modelResults.predictionError=O.[Fe+3].[O-][Cl](=O)(=O)=O.[O-][Cl](=O)(=O)=O.[O-][Cl](=O)(=O)=O failed standardization
key='[Cu++].[O-][I](=O)=O.[O-][I](=O)=O-1065' prediction.modelResults.predictionError=[Cu++].[O-][I](=O)=O.[O-][I](=O)=O failed standardization
key='[Fe++].[O-][N+]([O-])=O.[O-][N+]([O-])=O-1065' prediction.modelResults.predictionError=[Fe++].[O-][N+]([O-])=O.[O-][N+]([O-])=O failed standardization
key='[In+3].[O-]P([O-])([O-])=O-1065' prediction.modelResults.predictionError=[In+3].[O-]P([O-])([O-])=O failed standardization
key='[Cs+].[Cs+].[Cs+].[O-]P([O-])([O-])=O-1065' prediction.modelResults.predictionError=[Cs+].[Cs+].[Cs+].[O-]P([O-])([O-])=O failed standardization
key='[Cr].[Cu]-1065' prediction.modelResults.predictionError=[Cr].[Cu] failed standardization
key='[Al].[Ti].[V]-1065' prediction.modelResults.predictionError=[Al].[Ti].[V] failed standardization
key='O.O.O.O.[Ti].[Zr]-1065' prediction.modelResults.predictionError=O.O.O.O.[Ti].[Zr] failed standardization
key='[NaH].[Hg]-1065' prediction.modelResults.predictionError=[NaH].[Hg] failed standardization
key='NON-1065' prediction.modelResults.predictionError=NON failed standardization
key='[OH-].[OH-].[Pb++]-1065' prediction.modelResults.predictionError=[OH-].[OH-].[Pb++] failed standardization
key='N[C@@]1([C@H]2[C@@H]3C[C@@H]1C[C@]23C(O)=O)C(O)=O-1065' prediction.modelResults.predictionError=N[C@@]1([C@H]2[C@@H]3C[C@@H]1C[C@]23C(O)=O)C(O)=O failed standardization
key='[In].[Pt]-1065' prediction.modelResults.predictionError=[In].[Pt] failed standardization
key='COCCCOC1=C(C)C(C[S@@](=O)C2=NC3=CC=CC=C3N2)=NC=C1-1065' prediction.modelResults.predictionError=COCCCOC1=C(C)C(C[S@@](=O)C2=NC3=CC=CC=C3N2)=NC=C1 failed standardization
key='[NH4+].[O-][I](=O)(=O)=O-1065' prediction.modelResults.predictionError=[NH4+].[O-][I](=O)(=O)=O failed standardization
key='[Li+].[F-].[F-].[F-].[F-].[Lu+3]-1065' prediction.modelResults.predictionError=[Li+].[F-].[F-].[F-].[F-].[Lu+3] failed standardization
key='[Se--].[Pb++]-1065' prediction.modelResults.predictionError=[Se--].[Pb++] failed standardization
key='NS(N)=O-1065' prediction.modelResults.predictionError=NS(N)=O failed standardization
key='N[C@]1([C@H]2[C@@H]3C[C@@H]1C[C@]23C(O)=O)C(O)=O-1065' prediction.modelResults.predictionError=N[C@]1([C@H]2[C@@H]3C[C@@H]1C[C@]23C(O)=O)C(O)=O failed standardization
key='[Mo].[Re]-1065' prediction.modelResults.predictionError=[Mo].[Re] failed standardization
key='ON=C1C(=C1C1=CC=CC=C1)C1=CC=CC=C1-1065' prediction.modelResults.predictionError=ON=C1C(=C1C1=CC=CC=C1)C1=CC=CC=C1 failed standardization
key='CN1C=C(C(=O)C2=C1C=C(F)C=C2)[S@](C)=O-1065' prediction.modelResults.predictionError=CN1C=C(C(=O)C2=C1C=C(F)C=C2)[S@](C)=O failed standardization
key='[Fe].[Ni]-1065' prediction.modelResults.predictionError=[Fe].[Ni] failed standardization
key='OP(O)(=O)NP(O)(=O)NP(O)(O)=O-1065' prediction.modelResults.predictionError=OP(O)(=O)NP(O)(=O)NP(O)(O)=O failed standardization
key='[40Ar]-1065' prediction.modelResults.predictionError=[40Ar] failed standardization
key='[Na+].[Na+].[O-][N+](=O)N=O-1065' prediction.modelResults.predictionError=[Na+].[Na+].[O-][N+](=O)N=O failed standardization
key='[Co].[Cu]-1065' prediction.modelResults.predictionError=[Co].[Cu] failed standardization
key='[OH-].[Ag+]-1065' prediction.modelResults.predictionError=[OH-].[Ag+] failed standardization
key='[Li+].[F-].[F-].[F-].[Ba++]-1065' prediction.modelResults.predictionError=[Li+].[F-].[F-].[F-].[Ba++] failed standardization
key='[OH-].[OH-].[OH-].[OH-].[OH-].[V]-1065' prediction.modelResults.predictionError=[OH-].[OH-].[OH-].[OH-].[OH-].[V] failed standardization
key='[15N]#[15N]-1065' prediction.modelResults.predictionError=[15N]#[15N] failed standardization
key='[17O]=[17O]-1065' prediction.modelResults.predictionError=[17O]=[17O] failed standardization
key='[Ca++].[N-]=[N+]=[N-].[N-]=[N+]=[N-]-1065' prediction.modelResults.predictionError=[Ca++].[N-]=[N+]=[N-].[N-]=[N+]=[N-] failed standardization
key='[Co].[Mo]-1065' prediction.modelResults.predictionError=[Co].[Mo] failed standardization
key='[NH4+].O.O.O.O.O.O.[Mg++].[O-]P([O-])([O-])=O-1065' prediction.modelResults.predictionError=[NH4+].O.O.O.O.O.O.[Mg++].[O-]P([O-])([O-])=O failed standardization
key='O[Si](Cl)(Cl)Cl-1065' prediction.modelResults.predictionError=O[Si](Cl)(Cl)Cl failed standardization
key='[Co].[Ni]-1065' prediction.modelResults.predictionError=[Co].[Ni] failed standardization
key='[V].[Cr]-1065' prediction.modelResults.predictionError=[V].[Cr] failed standardization
key='[V++].[Br-].[Br-]-1065' prediction.modelResults.predictionError=[V++].[Br-].[Br-] failed standardization
key='[14NH3]-1065' prediction.modelResults.predictionError=[14NH3] failed standardization
key='O.FB(F)F-1065' prediction.modelResults.predictionError=O.FB(F)F failed standardization
key='[18O]=[18O]-1065' prediction.modelResults.predictionError=[18O]=[18O] failed standardization
key='O[15N+]([O-])=O-1065' prediction.modelResults.predictionError=O[15N+]([O-])=O failed standardization
key='[Ti].[Ni]-1065' prediction.modelResults.predictionError=[Ti].[Ni] failed standardization
key='NNS(O)(=O)=O-1065' prediction.modelResults.predictionError=NNS(O)(=O)=O failed standardization
key='[Co].[Pt]-1065' prediction.modelResults.predictionError=[Co].[Pt] failed standardization
key='[Fe].[Pt]-1065' prediction.modelResults.predictionError=[Fe].[Pt] failed standardization
key='CC1=CC=C(C=C1)[S@@](=O)C=C-1065' prediction.modelResults.predictionError=CC1=CC=C(C=C1)[S@@](=O)C=C failed standardization
key='C[S@](=O)CC(=O)C1=CC=CC=C1-1065' prediction.modelResults.predictionError=C[S@](=O)CC(=O)C1=CC=CC=C1 failed standardization
key='CCOP(=O)(OCC)C1[S@](=O)CCC[S@]1=O-1065' prediction.modelResults.predictionError=CCOP(=O)(OCC)C1[S@](=O)CCC[S@]1=O failed standardization
key='CC1=CC=C(C=C1)[S@](=O)C[C@H](O)C(F)F-1065' prediction.modelResults.predictionError=CC1=CC=C(C=C1)[S@](=O)C[C@H](O)C(F)F failed standardization
key='CCCCCCCC[S@@](=O)C1=CC=CC=C1-1065' prediction.modelResults.predictionError=CCCCCCCC[S@@](=O)C1=CC=CC=C1 failed standardization
key='COC(=O)CC(=O)CC(=O)C[S@@](=O)C1=CC=C(C)C=C1-1065' prediction.modelResults.predictionError=COC(=O)CC(=O)CC(=O)C[S@@](=O)C1=CC=C(C)C=C1 failed standardization
key='COCCCOC1=C(C)C(C[S@](=O)C2=NC3=CC=CC=C3N2)=NC=C1-1065' prediction.modelResults.predictionError=COCCCOC1=C(C)C(C[S@](=O)C2=NC3=CC=CC=C3N2)=NC=C1 failed standardization
key='CC(C)(C)[S@](=O)CC[Si](C)(C)C-1065' prediction.modelResults.predictionError=CC(C)(C)[S@](=O)CC[Si](C)(C)C failed standardization
key='CCCCC[C@@H](O)[C@H](C[Si](C)(C)C)[S@@](=O)C1=CC=C(C)C=C1-1065' prediction.modelResults.predictionError=CCCCC[C@@H](O)[C@H](C[Si](C)(C)C)[S@@](=O)C1=CC=C(C)C=C1 failed standardization
key='CC1(C)CN=C2NC(N)=NC(=O)C2=N1-1065' prediction.modelResults.predictionError=CC1(C)CN=C2NC(N)=NC(=O)C2=N1 failed standardization
key='Br[Fe+]Br-1065' prediction.modelResults.predictionError=Br[Fe+]Br failed standardization
key='O=C1C[S@@](=O)C2=CC=CC=C2[S@](=O)C1-1065' prediction.modelResults.predictionError=O=C1C[S@@](=O)C2=CC=CC=C2[S@](=O)C1 failed standardization
key='[Tl+].F[P-](F)(F)(F)(F)F-1065' prediction.modelResults.predictionError=[Tl+].F[P-](F)(F)(F)(F)F failed standardization
key='[Cl-].[Cl-].[Cl-].[Cl-].[Ru++].[Ru++].[H]C1=C([H])C(C(C)C)=C([H])C([H])=C1C.[H]C1=C([H])C(C(C)C)=C([H])C([H])=C1C-1065' prediction.modelResults.predictionError=[Cl-].[Cl-].[Cl-].[Cl-].[Ru++].[Ru++].[H]C1=C([H])C(C(C)C)=C([H])C([H])=C1C.[H]C1=C([H])C(C(C)C)=C([H])C([H])=C1C failed standardization
key='[K+].[O-][15N+]([O-])=O-1065' prediction.modelResults.predictionError=[K+].[O-][15N+]([O-])=O failed standardization
key='CC1=CC=C(C=C1)[S@@](C)=O-1065' prediction.modelResults.predictionError=CC1=CC=C(C=C1)[S@@](C)=O failed standardization
key='[Rh].F[B-](F)(F)F.[H]C12CC([H])(C=C1)C=C2.[H]C12CC([H])(C=C1)C=C2-1065' prediction.modelResults.predictionError=[Rh].F[B-](F)(F)F.[H]C12CC([H])(C=C1)C=C2.[H]C12CC([H])(C=C1)C=C2 failed standardization
key='Br[Mo](Br)(Br)Br-1065' prediction.modelResults.predictionError=Br[Mo](Br)(Br)Br failed standardization
key='Cl[Ru+].CC(C)C1=CC=C(C)C=C1.CC1=CC=C(C=C1)S(=O)(=O)[N-][C@H]([C@@H](N)C1=CC=CC=C1)C1=CC=CC=C1-1065' prediction.modelResults.predictionError=Cl[Ru+].CC(C)C1=CC=C(C)C=C1.CC1=CC=C(C=C1)S(=O)(=O)[N-][C@H]([C@@H](N)C1=CC=CC=C1)C1=CC=CC=C1 failed standardization
key='[Rh].F[B-](F)(F)F.C1C\\C=C/CC\\C=C/1.COC1=CC=CC=C1[P@](CC[P@](C1=CC=CC=C1)C1=CC=CC=C1OC)C1=CC=CC=C1-1065' prediction.modelResults.predictionError=[Rh].F[B-](F)(F)F.C1C\C=C/CC\C=C/1.COC1=CC=CC=C1[P@](CC[P@](C1=CC=CC=C1)C1=CC=CC=C1OC)C1=CC=CC=C1 failed standardization
key='CC(C)[C@H](O)C[S@@](=O)C1=CC=C(C)C=C1-1065' prediction.modelResults.predictionError=CC(C)[C@H](O)C[S@@](=O)C1=CC=C(C)C=C1 failed standardization
key='O=[Re](=O)=O.O[Si](C1=CC=CC=C1)(C1=CC=CC=C1)C1=CC=CC=C1-1065' prediction.modelResults.predictionError=O=[Re](=O)=O.O[Si](C1=CC=CC=C1)(C1=CC=CC=C1)C1=CC=CC=C1 failed standardization
key='CC(C)OC1=CC=CC=C1C=[Ru](Cl)Cl.C1CCC(CC1)P(C1CCCCC1)C1CCCCC1-1065' prediction.modelResults.predictionError=CC(C)OC1=CC=CC=C1C=[Ru](Cl)Cl.C1CCC(CC1)P(C1CCCCC1)C1CCCCC1 failed standardization
key='[Rh].F[B-](F)(F)F.C1C\\C=C/CC\\C=C/1.C(CCP(C1=CC=CC=C1)C1=CC=CC=C1)CP(C1=CC=CC=C1)C1=CC=CC=C1-1065' prediction.modelResults.predictionError=[Rh].F[B-](F)(F)F.C1C\C=C/CC\C=C/1.C(CCP(C1=CC=CC=C1)C1=CC=CC=C1)CP(C1=CC=CC=C1)C1=CC=CC=C1 failed standardization
key='O.O.Cl[Ni]Cl-1065' prediction.modelResults.predictionError=O.O.Cl[Ni]Cl failed standardization
key='C[S@](=O)C1=CC=CC=C1Cl-1065' prediction.modelResults.predictionError=C[S@](=O)C1=CC=CC=C1Cl failed standardization
key='[Cl-].[Cl-].[Cl-].[Cl-].[Ru++].[Ru++].[C-]#[O+].[C-]#[O+].[C-]#[O+].[C-]#[O+].[C-]#[O+].[C-]#[O+]-1065' prediction.modelResults.predictionError=[Cl-].[Cl-].[Cl-].[Cl-].[Ru++].[Ru++].[C-]#[O+].[C-]#[O+].[C-]#[O+].[C-]#[O+].[C-]#[O+].[C-]#[O+] failed standardization
key='[Rh].[Rh].CCCCCCCC(O)=O.CCCCCCCC(O)=O.CCCCCCCC(O)=O.CCCCCCCC(O)=O-1065' prediction.modelResults.predictionError=[Rh].[Rh].CCCCCCCC(O)=O.CCCCCCCC(O)=O.CCCCCCCC(O)=O.CCCCCCCC(O)=O failed standardization
key='CC(C)=CC=[Ru](Cl)Cl.C1CCC(CC1)P(C1CCCCC1)C1CCCCC1.C1CCC(CC1)P(C1CCCCC1)C1CCCCC1-1065' prediction.modelResults.predictionError=CC(C)=CC=[Ru](Cl)Cl.C1CCC(CC1)P(C1CCCCC1)C1CCCCC1.C1CCC(CC1)P(C1CCCCC1)C1CCCCC1 failed standardization
key='Cl[Ru]Cl.Cl[Ru]Cl.C1=CC=CC=C1.C1=CC=CC=C1-1065' prediction.modelResults.predictionError=Cl[Ru]Cl.Cl[Ru]Cl.C1=CC=CC=C1.C1=CC=CC=C1 failed standardization
key='[Ga]I-1065' prediction.modelResults.predictionError=[Ga]I failed standardization
key='CC(C)(C)[S@](N)=O-1065' prediction.modelResults.predictionError=CC(C)(C)[S@](N)=O failed standardization
key='F[Ti+](F)F-1065' prediction.modelResults.predictionError=F[Ti+](F)F failed standardization
key='[Li][Sn](C)(C)C-1065' prediction.modelResults.predictionError=[Li][Sn](C)(C)C failed standardization
key='Cl[Ru+].CC1=CC(C)=CC(C)=C1.CC1=CC=C(C=C1)S(=O)(=O)[N-][C@@H]([C@H](N)C1=CC=CC=C1)C1=CC=CC=C1-1065' prediction.modelResults.predictionError=Cl[Ru+].CC1=CC(C)=CC(C)=C1.CC1=CC=C(C=C1)S(=O)(=O)[N-][C@@H]([C@H](N)C1=CC=CC=C1)C1=CC=CC=C1 failed standardization
key='[Rh].[O-]S(=O)(=O)C(F)(F)F.C1C\\C=C/CC\\C=C/1.C[C@@H]1CC[C@@H](C)P1C1=CC=CC=C1P1[C@H](C)CC[C@H]1C-1065' prediction.modelResults.predictionError=[Rh].[O-]S(=O)(=O)C(F)(F)F.C1C\C=C/CC\C=C/1.C[C@@H]1CC[C@@H](C)P1C1=CC=CC=C1P1[C@H](C)CC[C@H]1C failed standardization
key='Cl[Se+](Cl)Cl-1065' prediction.modelResults.predictionError=Cl[Se+](Cl)Cl failed standardization
key='OB(O)B(O)O-1065' prediction.modelResults.predictionError=OB(O)B(O)O failed standardization
key='CC1=CC=C(C=C1)[S@](=O)C1=CC=CN1-1065' prediction.modelResults.predictionError=CC1=CC=C(C=C1)[S@](=O)C1=CC=CN1 failed standardization
key='CC1=CC=C(C=C1)[S@](=O)CC(=O)C1=CC=CC=C1-1065' prediction.modelResults.predictionError=CC1=CC=C(C=C1)[S@](=O)CC(=O)C1=CC=CC=C1 failed standardization
key='[Rh].F[P-](F)(F)(F)(F)F.C1C\\C=C/CC\\C=C/1.C1C\\C=C/CC\\C=C/1-1065' prediction.modelResults.predictionError=[Rh].F[P-](F)(F)(F)(F)F.C1C\C=C/CC\C=C/1.C1C\C=C/CC\C=C/1 failed standardization
key='[Rh].F[B-](F)(F)F.[H]C12CC([H])(C=C1)C=C2.C(CCP(C1=CC=CC=C1)C1=CC=CC=C1)CP(C1=CC=CC=C1)C1=CC=CC=C1-1065' prediction.modelResults.predictionError=[Rh].F[B-](F)(F)F.[H]C12CC([H])(C=C1)C=C2.C(CCP(C1=CC=CC=C1)C1=CC=CC=C1)CP(C1=CC=CC=C1)C1=CC=CC=C1 failed standardization
key='CC1=CC=C(C=C1)[S@](=O)C1=CCCC1=O-1065' prediction.modelResults.predictionError=CC1=CC=C(C=C1)[S@](=O)C1=CCCC1=O failed standardization
key='[Rh].F[B-](F)(F)F.C1C\\C=C/CC\\C=C/1.CC[C@H]1CC[C@H](CC)P1C1=CC=CC=C1P1[C@@H](CC)CC[C@@H]1CC-1065' prediction.modelResults.predictionError=[Rh].F[B-](F)(F)F.C1C\C=C/CC\C=C/1.CC[C@H]1CC[C@H](CC)P1C1=CC=CC=C1P1[C@@H](CC)CC[C@@H]1CC failed standardization
key='O.[TlH] |^1:1|-1065' prediction.modelResults.predictionError=O.[TlH] |^1:1| failed standardization
key='[Rh].[Rh].CC(C)(C)C1=CC=C(C=C1)S(=O)(=O)N1CCC[C@H]1C(O)=O.CC(C)(C)C1=CC=C(C=C1)S(=O)(=O)N1CCC[C@H]1C(O)=O.CC(C)(C)C1=CC=C(C=C1)S(=O)(=O)N1CCC[C@H]1C(O)=O.CC(C)(C)C1=CC=C(C=C1)S(=O)(=O)N1CCC[C@H]1C(O)=O-1065' prediction.modelResults.predictionError=[Rh].[Rh].CC(C)(C)C1=CC=C(C=C1)S(=O)(=O)N1CCC[C@H]1C(O)=O.CC(C)(C)C1=CC=C(C=C1)S(=O)(=O)N1CCC[C@H]1C(O)=O.CC(C)(C)C1=CC=C(C=C1)S(=O)(=O)N1CCC[C@H]1C(O)=O.CC(C)(C)C1=CC=C(C=C1)S(=O)(=O)N1CCC[C@H]1C(O)=O failed standardization
key='C[S@](=O)C1=CC=CC=C1-1065' prediction.modelResults.predictionError=C[S@](=O)C1=CC=CC=C1 failed standardization
key='C[S@](=O)C1=CC=C(F)C=C1-1065' prediction.modelResults.predictionError=C[S@](=O)C1=CC=C(F)C=C1 failed standardization
key='[Li+].[Li+].Br[Ni--](Br)(Br)Br-1065' prediction.modelResults.predictionError=[Li+].[Li+].Br[Ni--](Br)(Br)Br failed standardization
key='I[Ir](I)I-1065' prediction.modelResults.predictionError=I[Ir](I)I failed standardization
key='[Li+].[B].[NH2-]-1065' prediction.modelResults.predictionError=[Li+].[B].[NH2-] failed standardization
key='CC1=CC=C(C=C1)[S@](N)=O-1065' prediction.modelResults.predictionError=CC1=CC=C(C=C1)[S@](N)=O failed standardization
key='COC(=O)C[S@@](=O)CC(O)=O-1065' prediction.modelResults.predictionError=COC(=O)C[S@@](=O)CC(O)=O failed standardization
key='C[Sn](C)(C)[Na]-1065' prediction.modelResults.predictionError=C[Sn](C)(C)[Na] failed standardization
key='Cl[Si](Cl)(Cl)I-1065' prediction.modelResults.predictionError=Cl[Si](Cl)(Cl)I failed standardization
key='C[S@@](=O)C1=CC=CC2=CC=CC=C12-1065' prediction.modelResults.predictionError=C[S@@](=O)C1=CC=CC2=CC=CC=C12 failed standardization
key='[Li][Ge](C)(C)C1=CC=CC=C1-1065' prediction.modelResults.predictionError=[Li][Ge](C)(C)C1=CC=CC=C1 failed standardization
key='[Ag+].F[As-](F)(F)(F)(F)F-1065' prediction.modelResults.predictionError=[Ag+].F[As-](F)(F)(F)(F)F failed standardization
key='FS(F)=N-1065' prediction.modelResults.predictionError=FS(F)=N failed standardization
key='[Li][Sn](CCCC)(CCCC)CCCC-1065' prediction.modelResults.predictionError=[Li][Sn](CCCC)(CCCC)CCCC failed standardization
key='CC1=CC=C(C=C1)[S@](=O)C=C-1065' prediction.modelResults.predictionError=CC1=CC=C(C=C1)[S@](=O)C=C failed standardization
key='CC1=CC=CC=C1N1C=CN=C1[S@@](=O)CCCO-1065' prediction.modelResults.predictionError=CC1=CC=CC=C1N1C=CN=C1[S@@](=O)CCCO failed standardization
key='CC1=CC=C(C=C1)[S@@](N)=O-1065' prediction.modelResults.predictionError=CC1=CC=C(C=C1)[S@@](N)=O failed standardization
key='C[P](C)(C)[Ni](Cl)(Cl)[P](C)(C)C-1065' prediction.modelResults.predictionError=C[P](C)(C)[Ni](Cl)(Cl)[P](C)(C)C failed standardization
key='OP(Cl)Cl-1065' prediction.modelResults.predictionError=OP(Cl)Cl failed standardization
key='[O-][Re](=O)(=O)=O.CCCC[N+](CCCC)(CCCC)CCCC-1065' prediction.modelResults.predictionError=[O-][Re](=O)(=O)=O.CCCC[N+](CCCC)(CCCC)CCCC failed standardization
key='CC[Ge]([Na])(CC)CC-1065' prediction.modelResults.predictionError=CC[Ge]([Na])(CC)CC failed standardization
key='[Rh].CC#N.CC#N.F[B-](F)(F)F.C1C\\C=C/CC\\C=C/1-1065' prediction.modelResults.predictionError=[Rh].CC#N.CC#N.F[B-](F)(F)F.C1C\C=C/CC\C=C/1 failed standardization
key='Cl[Ru]Cl.N[C@H]([C@@H](N)C1=CC=CC=C1)C1=CC=CC=C1.CC1=CC(=CC(C)=C1)P(C1=CC(C)=CC(C)=C1)C1=C(C2=CC=CC=C2C=C1)C1=C(C=CC2=CC=CC=C12)P(C1=CC(C)=CC(C)=C1)C1=CC(C)=CC(C)=C1-1065' prediction.modelResults.predictionError=Cl[Ru]Cl.N[C@H]([C@@H](N)C1=CC=CC=C1)C1=CC=CC=C1.CC1=CC(=CC(C)=C1)P(C1=CC(C)=CC(C)=C1)C1=C(C2=CC=CC=C2C=C1)C1=C(C=CC2=CC=CC=C12)P(C1=CC(C)=CC(C)=C1)C1=CC(C)=CC(C)=C1 failed standardization
key='[Li][Sn](C1=CC=CC=C1)(C1=CC=CC=C1)C1=CC=CC=C1-1065' prediction.modelResults.predictionError=[Li][Sn](C1=CC=CC=C1)(C1=CC=CC=C1)C1=CC=CC=C1 failed standardization
key='[Rh].[O-]S(=O)(=O)C(F)(F)F.C1C\\C=C/CC\\C=C/1.CC[C@H]1CC[C@H](CC)P1C1=CC=CC=C1P1[C@@H](CC)CC[C@@H]1CC-1065' prediction.modelResults.predictionError=[Rh].[O-]S(=O)(=O)C(F)(F)F.C1C\C=C/CC\C=C/1.CC[C@H]1CC[C@H](CC)P1C1=CC=CC=C1P1[C@@H](CC)CC[C@@H]1CC failed standardization
key='I.O=[Re]=O.C1=CC=C(C=C1)P(C1=CC=CC=C1)C1=CC=CC=C1.C1=CC=C(C=C1)P(C1=CC=CC=C1)C1=CC=CC=C1-1065' prediction.modelResults.predictionError=I.O=[Re]=O.C1=CC=C(C=C1)P(C1=CC=CC=C1)C1=CC=CC=C1.C1=CC=C(C=C1)P(C1=CC=CC=C1)C1=CC=CC=C1 failed standardization
key='BrC1=CN=CC=C1.BrC1=CN=CC=C1.CC1=CC(C)=C(N2CCN(C2=[Ru](Cl)(Cl)=CC2=CC=CC=C2)C2=C(C)C=C(C)C=C2C)C(C)=C1-1065' prediction.modelResults.predictionError=BrC1=CN=CC=C1.BrC1=CN=CC=C1.CC1=CC(C)=C(N2CCN(C2=[Ru](Cl)(Cl)=CC2=CC=CC=C2)C2=C(C)C=C(C)C=C2C)C(C)=C1 failed standardization
key='[Ni].[Cd]-1065' prediction.modelResults.predictionError=[Ni].[Cd] failed standardization
key='NC(=O)C[S@](=O)C(C1=CC=CC=C1)C1=CC=CC=C1-1065' prediction.modelResults.predictionError=NC(=O)C[S@](=O)C(C1=CC=CC=C1)C1=CC=CC=C1 failed standardization
key='CN[S@](=O)C1=CC=CC=C1-1065' prediction.modelResults.predictionError=CN[S@](=O)C1=CC=CC=C1 failed standardization
key='[Na+].[K+].[O-][N+]([O-])=O.[O-][N+]([O-])=O-1065' prediction.modelResults.predictionError=[Na+].[K+].[O-][N+]([O-])=O.[O-][N+]([O-])=O failed standardization
key='[K][Sn](C1=CC=CC=C1)(C1=CC=CC=C1)C1=CC=CC=C1-1065' prediction.modelResults.predictionError=[K][Sn](C1=CC=CC=C1)(C1=CC=CC=C1)C1=CC=CC=C1 failed standardization
key='[Pd].[SnH2]-1065' prediction.modelResults.predictionError=[Pd].[SnH2] failed standardization
key='Cl[C@H](CC1=CC=CC=C1)[S@](=O)C1=CC=C(Cl)C=C1-1065' prediction.modelResults.predictionError=Cl[C@H](CC1=CC=CC=C1)[S@](=O)C1=CC=C(Cl)C=C1 failed standardization
key='[Rh].F[B-](F)(F)F.C1C\\C=C/CC\\C=C/1.CC[C@@H]1CC[C@@H](CC)P1C1=CC=CC=C1P1[C@H](CC)CC[C@H]1CC-1065' prediction.modelResults.predictionError=[Rh].F[B-](F)(F)F.C1C\C=C/CC\C=C/1.CC[C@@H]1CC[C@@H](CC)P1C1=CC=CC=C1P1[C@H](CC)CC[C@H]1CC failed standardization
key='[Cr].[Mo]-1065' prediction.modelResults.predictionError=[Cr].[Mo] failed standardization
key='CSCC1=CC=CC=C1[S@@](=O)C1=CC=C(C)C=C1-1065' prediction.modelResults.predictionError=CSCC1=CC=CC=C1[S@@](=O)C1=CC=C(C)C=C1 failed standardization
key='C[C@H]1[C@H](O[S@@](=O)N1S(=O)(=O)C1=CC=C(C)C=C1)C1=CC=CC=C1-1065' prediction.modelResults.predictionError=C[C@H]1[C@H](O[S@@](=O)N1S(=O)(=O)C1=CC=C(C)C=C1)C1=CC=CC=C1 failed standardization
key='OC(=O)C[S@@](=O)C(C1=CC=CC=C1)C1=CC=CC=C1-1065' prediction.modelResults.predictionError=OC(=O)C[S@@](=O)C(C1=CC=CC=C1)C1=CC=CC=C1 failed standardization
key='[Pt].[Bi]-1065' prediction.modelResults.predictionError=[Pt].[Bi] failed standardization
key='[Si]1[Si][Si][Si][Si]1-1065' prediction.modelResults.predictionError=[Si]1[Si][Si][Si][Si]1 failed standardization
key='C[S@](=O)C1=CC=CC2=CC=CC=C12-1065' prediction.modelResults.predictionError=C[S@](=O)C1=CC=CC2=CC=CC=C12 failed standardization
key='CCCCCCCCCCCCC=C([S@@](=O)C1=CC=C(C)C=C1)[S@@](=O)C1=CC=C(C)C=C1-1065' prediction.modelResults.predictionError=CCCCCCCCCCCCC=C([S@@](=O)C1=CC=C(C)C=C1)[S@@](=O)C1=CC=C(C)C=C1 failed standardization
key='[Cr].[Co]-1065' prediction.modelResults.predictionError=[Cr].[Co] failed standardization
key='[Co].[Pd]-1065' prediction.modelResults.predictionError=[Co].[Pd] failed standardization
key='[Co].[Au]-1065' prediction.modelResults.predictionError=[Co].[Au] failed standardization
key='C1CCC(CC1)P(C1CCCCC1)C1CCCCC1.CC(C)=CC=[Ru](Cl)(Cl)=C1N(CCN1C1=C(C)C=C(C)C=C1C)C1=C(C)C=C(C)C=C1C-1065' prediction.modelResults.predictionError=C1CCC(CC1)P(C1CCCCC1)C1CCCCC1.CC(C)=CC=[Ru](Cl)(Cl)=C1N(CCN1C1=C(C)C=C(C)C=C1C)C1=C(C)C=C(C)C=C1C failed standardization
key='[Fe].[Co]-1065' prediction.modelResults.predictionError=[Fe].[Co] failed standardization
key='CC(C)(C)[S@@](N)=O-1065' prediction.modelResults.predictionError=CC(C)(C)[S@@](N)=O failed standardization
key='CC1=CC=C(C=C1)[S@](=O)CC(=O)C=C-1065' prediction.modelResults.predictionError=CC1=CC=C(C=C1)[S@](=O)CC(=O)C=C failed standardization
key='[Pd].[Au]-1065' prediction.modelResults.predictionError=[Pd].[Au] failed standardization
key='[Cu].[Pd]-1065' prediction.modelResults.predictionError=[Cu].[Pd] failed standardization
key='CC(C)[S@](=O)C1=CC=CC=C1-1065' prediction.modelResults.predictionError=CC(C)[S@](=O)C1=CC=CC=C1 failed standardization
key='[Na+].[O-][15N+]([O-])=O-1065' prediction.modelResults.predictionError=[Na+].[O-][15N+]([O-])=O failed standardization
key='[Mn].[Cu]-1065' prediction.modelResults.predictionError=[Mn].[Cu] failed standardization
key='[Mg].[Zn]-1065' prediction.modelResults.predictionError=[Mg].[Zn] failed standardization
key='CC(C)(C)OC(=O)C[S@@](=O)C(C)(C)C-1065' prediction.modelResults.predictionError=CC(C)(C)OC(=O)C[S@@](=O)C(C)(C)C failed standardization
key='CC(C)=CC=[Ru](Cl)Cl.C1CCC(C1)P(C1CCCC1)C1CCCC1.C1CCC(C1)P(C1CCCC1)C1CCCC1-1065' prediction.modelResults.predictionError=CC(C)=CC=[Ru](Cl)Cl.C1CCC(C1)P(C1CCCC1)C1CCCC1.C1CCC(C1)P(C1CCCC1)C1CCCC1 failed standardization
key='[OH-].[Cl-].[Zn++]-1065' prediction.modelResults.predictionError=[OH-].[Cl-].[Zn++] failed standardization
key='[Co].[Ag]-1065' prediction.modelResults.predictionError=[Co].[Ag] failed standardization
key='CCCC[S@@](=O)C1=CC=C(C)C=C1-1065' prediction.modelResults.predictionError=CCCC[S@@](=O)C1=CC=C(C)C=C1 failed standardization
key='[Cr].[Fe].[Ni]-1065' prediction.modelResults.predictionError=[Cr].[Fe].[Ni] failed standardization
key='CC1=CC=C(C=C1)[S@](=O)C1=CC=CC=C1CC=O-1065' prediction.modelResults.predictionError=CC1=CC=C(C=C1)[S@](=O)C1=CC=CC=C1CC=O failed standardization
key='O.O.O.O.[Cl-].[Cl-].[Ca++]-1065' prediction.modelResults.predictionError=O.O.O.O.[Cl-].[Cl-].[Ca++] failed standardization
key='OC(=O)C[S@](=O)C(C1=CC=CC=C1)C1=CC=CC=C1-1065' prediction.modelResults.predictionError=OC(=O)C[S@](=O)C(C1=CC=CC=C1)C1=CC=CC=C1 failed standardization
key='C1CCOC1.C1CCOC1.[O+]#[C-][Re+]1([Br-][Re+]([Br-]1)([C-]#[O+])([C-]#[O+])[C-]#[O+])([C-]#[O+])[C-]#[O+]-1065' prediction.modelResults.predictionError=C1CCOC1.C1CCOC1.[O+]#[C-][Re+]1([Br-][Re+]([Br-]1)([C-]#[O+])([C-]#[O+])[C-]#[O+])([C-]#[O+])[C-]#[O+] failed standardization
key='[Rh++].[Rh++].CCCCCCCCCCCCC1=CC=C(C=C1)S(=O)(=O)N1CCC[C@H]1C([O-])=O.CCCCCCCCCCCCC1=CC=C(C=C1)S(=O)(=O)N1CCC[C@H]1C([O-])=O.CCCCCCCCCCCCC1=CC=C(C=C1)S(=O)(=O)N1CCC[C@H]1C([O-])=O.CCCCCCCCCCCCC1=CC=C(C=C1)S(=O)(=O)N1CCC[C@H]1C([O-])=O-1065' prediction.modelResults.predictionError=[Rh++].[Rh++].CCCCCCCCCCCCC1=CC=C(C=C1)S(=O)(=O)N1CCC[C@H]1C([O-])=O.CCCCCCCCCCCCC1=CC=C(C=C1)S(=O)(=O)N1CCC[C@H]1C([O-])=O.CCCCCCCCCCCCC1=CC=C(C=C1)S(=O)(=O)N1CCC[C@H]1C([O-])=O.CCCCCCCCCCCCC1=CC=C(C=C1)S(=O)(=O)N1CCC[C@H]1C([O-])=O failed standardization
key='CCCC[S@](=O)C1=CC=CC=C1-1065' prediction.modelResults.predictionError=CCCC[S@](=O)C1=CC=CC=C1 failed standardization
key='[Pb++].[O-][Cl](=O)=O.[O-][Cl](=O)=O-1065' prediction.modelResults.predictionError=[Pb++].[O-][Cl](=O)=O.[O-][Cl](=O)=O failed standardization
key='CC(=O)CC1=CC=CC=C1[S@@](=O)C1=CC=C(C)C=C1-1065' prediction.modelResults.predictionError=CC(=O)CC1=CC=CC=C1[S@@](=O)C1=CC=C(C)C=C1 failed standardization
key='[Li][Pb](CCCC)(CCCC)CCCC-1065' prediction.modelResults.predictionError=[Li][Pb](CCCC)(CCCC)CCCC failed standardization
key='CC(C)OC1=CC=CC=C1C=[Ru](Cl)(Cl)=C1N(CCN1C1=C(C)C=C(C)C=C1C)C1=C(C)C=C(C)C=C1C-1065' prediction.modelResults.predictionError=CC(C)OC1=CC=CC=C1C=[Ru](Cl)(Cl)=C1N(CCN1C1=C(C)C=C(C)C=C1C)C1=C(C)C=C(C)C=C1C failed standardization
key='CN1C=C(C(=O)C2=C1C=C(F)C=C2)[S@@](C)=O-1065' prediction.modelResults.predictionError=CN1C=C(C(=O)C2=C1C=C(F)C=C2)[S@@](C)=O failed standardization
key='ClP(Cl)(Cl)=NP(Cl)(Cl)=O-1065' prediction.modelResults.predictionError=ClP(Cl)(Cl)=NP(Cl)(Cl)=O failed standardization
key='[Rh].[Pd]-1065' prediction.modelResults.predictionError=[Rh].[Pd] failed standardization
key='CON(C)O-1065' prediction.modelResults.predictionError=CON(C)O failed standardization
key='S=[Nb]=S-1065' prediction.modelResults.predictionError=S=[Nb]=S failed standardization
key='[Li+].[Li+].Cl[Mn--](Cl)(Cl)Cl-1065' prediction.modelResults.predictionError=[Li+].[Li+].Cl[Mn--](Cl)(Cl)Cl failed standardization
key='[Ru++].CC([CH2-])=C.CC([CH2-])=C.C1C\\C=C/CC\\C=C/1-1065' prediction.modelResults.predictionError=[Ru++].CC([CH2-])=C.CC([CH2-])=C.C1C\C=C/CC\C=C/1 failed standardization
key='[F-].[F-].[F-].[F-].[F-].[Y+3].[Ba++]-1065' prediction.modelResults.predictionError=[F-].[F-].[F-].[F-].[F-].[Y+3].[Ba++] failed standardization
key='CCC1(CC)O[S@](=O)N([C@@H]1C1=CC=CC=C1)S(=O)(=O)C1=CC=C(C)C=C1-1065' prediction.modelResults.predictionError=CCC1(CC)O[S@](=O)N([C@@H]1C1=CC=CC=C1)S(=O)(=O)C1=CC=C(C)C=C1 failed standardization
key='O=[S@@](CC1=CC=CC=C1)C1=CC=CC=C1-1065' prediction.modelResults.predictionError=O=[S@@](CC1=CC=CC=C1)C1=CC=CC=C1 failed standardization
key='CCCCCC[S@](=O)CC1=CC=CC=C1-1065' prediction.modelResults.predictionError=CCCCCC[S@](=O)CC1=CC=CC=C1 failed standardization
key='CCC[S@@](=O)C1=CC=CC=C1-1065' prediction.modelResults.predictionError=CCC[S@@](=O)C1=CC=CC=C1 failed standardization
key='O.O.O.O.O.O.[Cr+3].[Br-].[Br-].[Br-]-1065' prediction.modelResults.predictionError=O.O.O.O.O.O.[Cr+3].[Br-].[Br-].[Br-] failed standardization
key='[NH4+].[NH4+].[O-]S(=O)(=O)OS([O-])(=O)=O-1065' prediction.modelResults.predictionError=[NH4+].[NH4+].[O-]S(=O)(=O)OS([O-])(=O)=O failed standardization
key='[Fe+6]-1065' prediction.modelResults.predictionError=[Fe+6] failed standardization
key='O[SiH2][SiH3]-1065' prediction.modelResults.predictionError=O[SiH2][SiH3] failed standardization
key='N1=NN=NN=N1-1065' prediction.modelResults.predictionError=N1=NN=NN=N1 failed standardization
key='O[Si](O)(O)O[Si](O)(O)O[Si](O)(O)O-1065' prediction.modelResults.predictionError=O[Si](O)(O)O[Si](O)(O)O[Si](O)(O)O failed standardization
key='[Ru++].[O-][Cl](=O)(=O)=O.[O-][Cl](=O)(=O)=O.C1=CC=C(C=C1)C1=C2C=CC3=C(C=CN=C3C2=NC=C1)C1=CC=CC=C1.C1=CC=C(C=C1)C1=C2C=CC3=C(C=CN=C3C2=NC=C1)C1=CC=CC=C1.C1=CC=C(C=C1)C1=C2C=CC3=C(C=CN=C3C2=NC=C1)C1=CC=CC=C1-1065' prediction.modelResults.predictionError=[Ru++].[O-][Cl](=O)(=O)=O.[O-][Cl](=O)(=O)=O.C1=CC=C(C=C1)C1=C2C=CC3=C(C=CN=C3C2=NC=C1)C1=CC=CC=C1.C1=CC=C(C=C1)C1=C2C=CC3=C(C=CN=C3C2=NC=C1)C1=CC=CC=C1.C1=CC=C(C=C1)C1=C2C=CC3=C(C=CN=C3C2=NC=C1)C1=CC=CC=C1 failed standardization
key='[Rh].C1=CC=C(C=C1)P(C1=CC=CC=C1)C1=CC=CC=C1.C1=CC=C(C=C1)P(C1=CC=CC=C1)C1=CC=CC=C1.C1=CC=C(C=C1)P(C1=CC=CC=C1)C1=CC=CC=C1.C1=CC=C(C=C1)P(C1=CC=CC=C1)C1=CC=CC=C1-1065' prediction.modelResults.predictionError=[Rh].C1=CC=C(C=C1)P(C1=CC=CC=C1)C1=CC=CC=C1.C1=CC=C(C=C1)P(C1=CC=CC=C1)C1=CC=CC=C1.C1=CC=C(C=C1)P(C1=CC=CC=C1)C1=CC=CC=C1.C1=CC=C(C=C1)P(C1=CC=CC=C1)C1=CC=CC=C1 failed standardization
key='[Ru].C1=CC=C(C=C1)P(C1=CC=CC=C1)C1=CC=CC=C1.C1=CC=C(C=C1)P(C1=CC=CC=C1)C1=CC=CC=C1.C1=CC=C(C=C1)P(C1=CC=CC=C1)C1=CC=CC=C1.C1=CC=C(C=C1)P(C1=CC=CC=C1)C1=CC=CC=C1-1065' prediction.modelResults.predictionError=[Ru].C1=CC=C(C=C1)P(C1=CC=CC=C1)C1=CC=CC=C1.C1=CC=C(C=C1)P(C1=CC=CC=C1)C1=CC=CC=C1.C1=CC=C(C=C1)P(C1=CC=CC=C1)C1=CC=CC=C1.C1=CC=C(C=C1)P(C1=CC=CC=C1)C1=CC=CC=C1 failed standardization
key='Cl[Ru]Cl.C1=CC=C(C=C1)P(C1=CC=CC=C1)C1=CC=CC=C1.C1=CC=C(C=C1)P(C1=CC=CC=C1)C1=CC=CC=C1.C1=CC=C(C=C1)P(C1=CC=CC=C1)C1=CC=CC=C1.C1=CC=C(C=C1)P(C1=CC=CC=C1)C1=CC=CC=C1-1065' prediction.modelResults.predictionError=Cl[Ru]Cl.C1=CC=C(C=C1)P(C1=CC=CC=C1)C1=CC=CC=C1.C1=CC=C(C=C1)P(C1=CC=CC=C1)C1=CC=CC=C1.C1=CC=C(C=C1)P(C1=CC=CC=C1)C1=CC=CC=C1.C1=CC=C(C=C1)P(C1=CC=CC=C1)C1=CC=CC=C1 failed standardization
key='[Ce+4].[Ce+4].[Ce+4].[O-][N+]([O-])=O.[O-][N+]([O-])=O.[O-][N+]([O-])=O.[O-][N+]([O-])=O.[O-][N+]([O-])=O.[O-][N+]([O-])=O.[O-][N+]([O-])=O.[O-][N+]([O-])=O.[O-][N+]([O-])=O.O[I](O)([O-])([O-])([O-])=O-1065' prediction.modelResults.predictionError=[Ce+4].[Ce+4].[Ce+4].[O-][N+]([O-])=O.[O-][N+]([O-])=O.[O-][N+]([O-])=O.[O-][N+]([O-])=O.[O-][N+]([O-])=O.[O-][N+]([O-])=O.[O-][N+]([O-])=O.[O-][N+]([O-])=O.[O-][N+]([O-])=O.O[I](O)([O-])([O-])([O-])=O failed standardization
key='[Ru+6].C[C-]1C(C)=C(C)C(C)=C1C.N#CC(=[C-]C(=C(C#N)C#N)C1=CC=CC=C1)C#N.C1=CC=C(C=C1)[PH+](C1=CC=CC=C1)C1=CC=CC=C1-1065' prediction.modelResults.predictionError=[Ru+6].C[C-]1C(C)=C(C)C(C)=C1C.N#CC(=[C-]C(=C(C#N)C#N)C1=CC=CC=C1)C#N.C1=CC=C(C=C1)[PH+](C1=CC=CC=C1)C1=CC=CC=C1 failed standardization
key='[Ru+5].C[Si](C)(C)C#C[Se].[CH-]1C=CC=C1.C1=CC=CC(=C1)[PH+](C1=CC=CC=C1)C1=CC=CC=C1.C1=CC=CC(=C1)[PH+](C1=CC=CC=C1)C1=CC=CC=C1 |^1:7|-1065' prediction.modelResults.predictionError=[Ru+5].C[Si](C)(C)C#C[Se].[CH-]1C=CC=C1.C1=CC=CC(=C1)[PH+](C1=CC=CC=C1)C1=CC=CC=C1.C1=CC=CC(=C1)[PH+](C1=CC=CC=C1)C1=CC=CC=C1 |^1:7| failed standardization
key='[Se].[Zr].[Ru+5].[CH-]1[CH-][CH-][CH-][CH-]1.[CH-]1C=CC=C1.[CH-]1C=CC=C1.[C-]#CC1=CC=CC=C1.C1=CC=C(C=C1)[PH+](C1=CC=CC=C1)C1=CC=CC=C1-1065' prediction.modelResults.predictionError=[Se].[Zr].[Ru+5].[CH-]1[CH-][CH-][CH-][CH-]1.[CH-]1C=CC=C1.[CH-]1C=CC=C1.[C-]#CC1=CC=CC=C1.C1=CC=C(C=C1)[PH+](C1=CC=CC=C1)C1=CC=CC=C1 failed standardization
key='[Ru+6].[CH-]1C=CC=C1.COC(=O)C1=N[N-]N=C1C(=O)OC.C(C[PH+](C1=CC=CC=C1)C1=CC=CC=C1)[PH+](C1=CC=CC=C1)C1=CC=CC=C1-1065' prediction.modelResults.predictionError=[Ru+6].[CH-]1C=CC=C1.COC(=O)C1=N[N-]N=C1C(=O)OC.C(C[PH+](C1=CC=CC=C1)C1=CC=CC=C1)[PH+](C1=CC=CC=C1)C1=CC=CC=C1 failed standardization
key='[Ru+].C1[CH-][CH-][CH-]C=CC=C1.CC1=CC(C)=CC(C)=C1-1065' prediction.modelResults.predictionError=[Ru+].C1[CH-][CH-][CH-]C=CC=C1.CC1=CC(C)=CC(C)=C1 failed standardization
key='[Rh].[CH-]1C=CC=C1.[CH2-]CC(O)(C1CCCCN1)C1=CC=CC[N-]1-1065' prediction.modelResults.predictionError=[Rh].[CH-]1C=CC=C1.[CH2-]CC(O)(C1CCCCN1)C1=CC=CC[N-]1 failed standardization
key='O.[Ru+].[Ru+6].[Ru+6].CC(CO)C1=CC=CC=C1.C[C-]1[C-](C)[C-](C)[C-](C)[C-](C)[C-]1C.CC1=C(C)C(C)=C(C)C(C)=C1C-1065' prediction.modelResults.predictionError=O.[Ru+].[Ru+6].[Ru+6].CC(CO)C1=CC=CC=C1.C[C-]1[C-](C)[C-](C)[C-](C)[C-](C)[C-]1C.CC1=C(C)C(C)=C(C)C(C)=C1C failed standardization
key='[SH-].[SH-].[Co].[Co].[Co].[Co].[Ru].[Ru+5].[Ru+5].[Ru+5].[Ru+6].[Ru+6].[C-]#N.[C-]#N.[C-]#N.[C-]#N.[C-]#N.[C-]#N.[C-]#N.[C-]#N.[C-]#N.[C-]#N.[C-]#N.[C-]#N.[CH-]1[CH-][CH-][CH-][CH-]1.[CH-]1C=CC=C1.[CH-]1C=CC=C1.[CH-]1C=CC=C1.CC(C)[C-]1[CH-][CH-][C-](C)[CH-][CH-]1.CC(C)C1=CC=C(C)C=C1.C[C-]1C(C)=C(C)C(C)=C1C.C[C-]1C(C)=C(C)C(C)=C1C.C[C-]1C(C)=C(C)C(C)=C1C-1065' prediction.modelResults.predictionError=[SH-].[SH-].[Co].[Co].[Co].[Co].[Ru].[Ru+5].[Ru+5].[Ru+5].[Ru+6].[Ru+6].[C-]#N.[C-]#N.[C-]#N.[C-]#N.[C-]#N.[C-]#N.[C-]#N.[C-]#N.[C-]#N.[C-]#N.[C-]#N.[C-]#N.[CH-]1[CH-][CH-][CH-][CH-]1.[CH-]1C=CC=C1.[CH-]1C=CC=C1.[CH-]1C=CC=C1.CC(C)[C-]1[CH-][CH-][C-](C)[CH-][CH-]1.CC(C)C1=CC=C(C)C=C1.C[C-]1C(C)=C(C)...
key='[Re].[N-]=O.CC(N[C-]=O)C1=CC=CC2=CC=CC=C12.C1=CC=C(C=C1)[PH+](C1=CC=CC=C1)C1=CC=CC=C1.[H]C12CC([H])(C(C)C(C1)[C-]1C(C)=C(C)C(C)=C1C)C2(C)C-1065' prediction.modelResults.predictionError=[Re].[N-]=O.CC(N[C-]=O)C1=CC=CC2=CC=CC=C12.C1=CC=C(C=C1)[PH+](C1=CC=CC=C1)C1=CC=CC=C1.[H]C12CC([H])(C(C)C(C1)[C-]1C(C)=C(C)C(C)=C1C)C2(C)C failed standardization
key='[SH-].[SH-].[SH-].[SH-].[Ru+5].[Ru+5].[Re].[Re].C[C-]1[C-](C)[C-](C)[C-](C)[C-]1C.C[C-]1C(C)=C(C)C(C)=C1C.C[Si](C)(C)C([S-])=C([S-])[Si](C)(C)C.C[Si](C)(C)C([S-])=C([S-])[Si](C)(C)C-1065' prediction.modelResults.predictionError=[SH-].[SH-].[SH-].[SH-].[Ru+5].[Ru+5].[Re].[Re].C[C-]1[C-](C)[C-](C)[C-](C)[C-]1C.C[C-]1C(C)=C(C)C(C)=C1C.C[Si](C)(C)C([S-])=C([S-])[Si](C)(C)C.C[Si](C)(C)C([S-])=C([S-])[Si](C)(C)C failed standardization
key='[Ru+6].[CH-]1C=CC=C1.C1=CC=C(C=C1)[PH+](C1=CC=CC=C1)C1=CC=CC=C1.C1=CC=C(C=C1)[PH+](C1=CC=CC=C1)C1=CC=CC=C1[PH+](C1=CC=CC=C1)C1=CC=CC=C1-1065' prediction.modelResults.predictionError=[Ru+6].[CH-]1C=CC=C1.C1=CC=C(C=C1)[PH+](C1=CC=CC=C1)C1=CC=CC=C1.C1=CC=C(C=C1)[PH+](C1=CC=CC=C1)C1=CC=CC=C1[PH+](C1=CC=CC=C1)C1=CC=CC=C1 failed standardization
key='[Ru+6].[CH-]1C=CC=C1.CO[PH+](OC)OC.CCOC(=O)N=C1S[C-]=C1C1=CC=CC=C1.C1=CC=C(C=C1)[PH+](C1=CC=CC=C1)C1=CC=CC=C1-1065' prediction.modelResults.predictionError=[Ru+6].[CH-]1C=CC=C1.CO[PH+](OC)OC.CCOC(=O)N=C1S[C-]=C1C1=CC=CC=C1.C1=CC=C(C=C1)[PH+](C1=CC=CC=C1)C1=CC=CC=C1 failed standardization
key='F[Ru](F)F-1065' prediction.modelResults.predictionError=F[Ru](F)F failed standardization
key='FP-1065' prediction.modelResults.predictionError=FP failed standardization
key='N1NO1-1065' prediction.modelResults.predictionError=N1NO1 failed standardization
key='F[Zn+]-1065' prediction.modelResults.predictionError=F[Zn+] failed standardization
key='[Ru++].F[P-](F)(F)(F)(F)F.F[P-](F)(F)(F)(F)F.C1=CC=C(N=C1)C1=CC=CC=N1.C1=CC=C(N=C1)C1=CC=CC=N1.NC1=C2C=CC=NC2=C2N=CC=CC2=C1-1065' prediction.modelResults.predictionError=[Ru++].F[P-](F)(F)(F)(F)F.F[P-](F)(F)(F)(F)F.C1=CC=C(N=C1)C1=CC=CC=N1.C1=CC=C(N=C1)C1=CC=CC=N1.NC1=C2C=CC=NC2=C2N=CC=CC2=C1 failed standardization
key='Cl[Si](Cl)(Cl)[Si](Cl)(Cl)[Si](Cl)(Cl)[Si](Cl)(Cl)Cl-1065' prediction.modelResults.predictionError=Cl[Si](Cl)(Cl)[Si](Cl)(Cl)[Si](Cl)(Cl)[Si](Cl)(Cl)Cl failed standardization
key='Cl[Si](Cl)(Cl)[Si](Cl)(Cl)[Si](Cl)(Cl)[Si](Cl)(Cl)[Si](Cl)(Cl)Cl-1065' prediction.modelResults.predictionError=Cl[Si](Cl)(Cl)[Si](Cl)(Cl)[Si](Cl)(Cl)[Si](Cl)(Cl)[Si](Cl)(Cl)Cl failed standardization
key='O.O.O.Cl[Ru](Cl)Cl-1065' prediction.modelResults.predictionError=O.O.O.Cl[Ru](Cl)Cl failed standardization
key='SBr-1065' prediction.modelResults.predictionError=SBr failed standardization
key='[Cr++]I-1065' prediction.modelResults.predictionError=[Cr++]I failed standardization
key='CC(C)N(C(C)C)C(=O)[C@H](CC=C)[S@@](=O)C1CCCCC1-1065' prediction.modelResults.predictionError=CC(C)N(C(C)C)C(=O)[C@H](CC=C)[S@@](=O)C1CCCCC1 failed standardization
key='[BH4-].[BH4-].[Mg++]-1065' prediction.modelResults.predictionError=[BH4-].[BH4-].[Mg++] failed standardization
key='[NH4+].[K+].[O-]S([O-])(=O)=O-1065' prediction.modelResults.predictionError=[NH4+].[K+].[O-]S([O-])(=O)=O failed standardization
key='ClN1SN(Cl)SN(Cl)S1-1065' prediction.modelResults.predictionError=ClN1SN(Cl)SN(Cl)S1 failed standardization
key='[Cu++].NS([O-])(=O)=O.NS([O-])(=O)=O-1065' prediction.modelResults.predictionError=[Cu++].NS([O-])(=O)=O.NS([O-])(=O)=O failed standardization
key='[Li][Ge](C)(C1=CC=CC=C1)C1=CC=CC=C1-1065' prediction.modelResults.predictionError=[Li][Ge](C)(C1=CC=CC=C1)C1=CC=CC=C1 failed standardization
key='CC1=CC=C(C=C1)[S@](=O)C1=CC=CC=C1C[Si](C)(C)C-1065' prediction.modelResults.predictionError=CC1=CC=C(C=C1)[S@](=O)C1=CC=CC=C1C[Si](C)(C)C failed standardization
key='CCCC1=CC=CC=C1[S@@](=O)C1=CC=C(C)C=C1-1065' prediction.modelResults.predictionError=CCCC1=CC=CC=C1[S@@](=O)C1=CC=C(C)C=C1 failed standardization
key='CC1=CC=C(C=C1)[S@](=O)C1=CC=CC=C1CCC1=CC=CC=C1-1065' prediction.modelResults.predictionError=CC1=CC=C(C=C1)[S@](=O)C1=CC=CC=C1CCC1=CC=CC=C1 failed standardization
key='CC1=CC=C(C=C1)[S@](=O)C1=CC=CC=C1CCCC1=CC=CC=C1-1065' prediction.modelResults.predictionError=CC1=CC=C(C=C1)[S@](=O)C1=CC=CC=C1CCCC1=CC=CC=C1 failed standardization
key='CC1=CC=C(C=C1)[S@](=O)C1=CC=CC=C1CCC=C-1065' prediction.modelResults.predictionError=CC1=CC=C(C=C1)[S@](=O)C1=CC=CC=C1CCC=C failed standardization
key='COCCC1=CC=CC=C1[S@@](=O)C1=CC=C(C)C=C1-1065' prediction.modelResults.predictionError=COCCC1=CC=CC=C1[S@@](=O)C1=CC=C(C)C=C1 failed standardization
key='O=[S@](CC1=CC=CC=C1)C1=CC=CC=C1-1065' prediction.modelResults.predictionError=O=[S@](CC1=CC=CC=C1)C1=CC=CC=C1 failed standardization
key='C=S(=O)=O-1065' prediction.modelResults.predictionError=C=S(=O)=O failed standardization
key='CCCC[S@@](=O)C1=CC=CC=C1-1065' prediction.modelResults.predictionError=CCCC[S@@](=O)C1=CC=CC=C1 failed standardization
key='CC[S@](=O)CC1=CC=CC=C1-1065' prediction.modelResults.predictionError=CC[S@](=O)CC1=CC=CC=C1 failed standardization
key='CCCO[S@](C)=O-1065' prediction.modelResults.predictionError=CCCO[S@](C)=O failed standardization
key='C1=CC2=CC=CC=CC=CC=CC=CC=CC=CC=C2C=C1-1065' prediction.modelResults.predictionError=Number of atoms equals zero
key='[O-]S(=O)(=O)C1=CC=CC=C1.CC1=C(OC=[N+]1CC1=CC=CC=C1)C1=CC=CC=C1-1065' prediction.modelResults.predictionError=[O-]S(=O)(=O)C1=CC=CC=C1.CC1=C(OC=[N+]1CC1=CC=CC=C1)C1=CC=CC=C1: model can't run mixtures
key='CC(=O)CC1=C(C=C(C=C1)[N+]([O-])=O)C(O)=O-1065' prediction.modelResults.predictionError=Number of atoms equals zero
key='COS([O-])(=O)=O.C[N+]1=CC=CC(=C1)C(=O)OCC(C)(C)N(Cl)Cl-1065' prediction.modelResults.predictionError=COS([O-])(=O)=O.C[N+]1=CC=CC(=C1)C(=O)OCC(C)(C)N(Cl)Cl: model can't run mixtures
key='CCOC(=O)C1=CC=CC=C1CSC1=CC2=CC=CC=C2[Se]1-1065' prediction.modelResults.predictionError=CCOC(=O)C1=CC=CC=C1CSC1=CC2=CC=CC=C2[Se]1: Molecule contains unsupported element
key='OC(=O)C1=CC=CC=C1CSC1=CC2=CC=CC=C2[Se]1-1065' prediction.modelResults.predictionError=OC(=O)C1=CC=CC=C1CSC1=CC2=CC=CC=C2[Se]1: Molecule contains unsupported element
key='NC(=O)C1=CC=CC=C1CSC1=CC2=CC=CC=C2[Se]1-1065' prediction.modelResults.predictionError=NC(=O)C1=CC=CC=C1CSC1=CC2=CC=CC=C2[Se]1: Molecule contains unsupported element
key='CC1=CC=C(C=C1)[Tl](F)F-1065' prediction.modelResults.predictionError=CC1=CC=C(C=C1)[Tl](F)F: Molecule contains unsupported element
key='CCC1=CC=C(C=C1)[Tl](F)F-1065' prediction.modelResults.predictionError=CCC1=CC=C(C=C1)[Tl](F)F: Molecule contains unsupported element
key='F[Tl](F)C1=CC=C(C=C1)C1=CC=CC=C1-1065' prediction.modelResults.predictionError=F[Tl](F)C1C=CC(=CC=1)C1C=CC=CC=1: Molecule contains unsupported element
key='COS([O-])(=O)=O.C[N+]1=CC=CC2=CC=CC=C12-1065' prediction.modelResults.predictionError=COS([O-])(=O)=O.C[N+]1=CC=CC2=CC=CC=C12: model can't run mixtures
key='NC1=NC2=CC=CC=C2N=C1.[O-][N+](=O)C1=CC(=CC(=C1)[N+]([O-])=O)[N+]([O-])=O-1065' prediction.modelResults.predictionError=NC1=NC2=CC=CC=C2N=C1.[O-][N+](=O)C1=CC(=CC(=C1)[N+]([O-])=O)[N+]([O-])=O: model can't run mixtures
key='CC(C)(C)C1=CC=C([Se]CC2=C(C[Se]C3=CC=C(C=C3)C(C)(C)C)C(C[Se]C3=CC=C(C=C3)C(C)(C)C)=C(C[Se]C3=CC=C(C=C3)C(C)(C)C)C(C[Se]C3=CC=C(C=C3)C(C)(C)C)=C2C[Se]C2=CC=C(C=C2)C(C)(C)C)C=C1-1065' prediction.modelResults.predictionError=CC(C)(C)C1C=CC(=CC=1)[Se]CC1C(C[Se]C2C=CC(=CC=2)C(C)(C)C)=C(C[Se]C2C=CC(=CC=2)C(C)(C)C)C(C[Se]C2C=CC(=CC=2)C(C)(C)C)=C(C[Se]C2C=CC(=CC=2)C(C)(C)C)C=1C[Se]C1C=CC(=CC=1)C(C)(C)C: Molecule contains unsupported element
key='CCC1(O)C2=CC=CC=C2C(=CC)C2=CC=CC=C12-1065' prediction.modelResults.predictionError=Number of atoms equals zero
key='OC(=O)C(O)=O.FC1=CC2=C(NC3=C2C=CC(OCCN2CCCC2)=C3)C=C1-1065' prediction.modelResults.predictionError=OC(=O)C(O)=O.FC1=CC2=C(NC3=C2C=CC(OCCN2CCCC2)=C3)C=C1: model can't run mixtures
key='OC(=O)C(O)=O.CCCCCCC(CN1C=CN=C1)C1=CC=CC=C1Cl-1065' prediction.modelResults.predictionError=OC(=O)C(O)=O.CCCCCCC(CN1C=CN=C1)C1=CC=CC=C1Cl: model can't run mixtures
key='OC(=O)C(O)=O.CCCCCCCC(CN1C=CN=C1)C1=CC=CC=C1Cl-1065' prediction.modelResults.predictionError=OC(=O)C(O)=O.CCCCCCCC(CN1C=CN=C1)C1=CC=CC=C1Cl: model can't run mixtures
key='CC([O-])=O.C[N+]1(C)CCCCC1C1=CC=CC=C1-1065' prediction.modelResults.predictionError=CC([O-])=O.C[N+]1(C)CCCCC1C1=CC=CC=C1: model can't run mixtures
key='CC([O-])=O.C[N+]1(C)CCCCC1C=C-1065' prediction.modelResults.predictionError=CC([O-])=O.C[N+]1(C)CCCCC1C=C: model can't run mixtures
key='O=C(CC1=NC2=CC=CC=C2[Se]1)C1=CN=CC=C1-1065' prediction.modelResults.predictionError=O=C(CC1=NC2=CC=CC=C2[Se]1)C1=CN=CC=C1: Molecule contains unsupported element
key='CC(=O)CC1=NC2=CC=CC=C2[Se]1-1065' prediction.modelResults.predictionError=CC(=O)CC1=NC2=CC=CC=C2[Se]1: Molecule contains unsupported element
key='CCOC(=O)C1=NN=C(Cl)S1-1065' prediction.modelResults.predictionError=Number of atoms equals zero
key='OC(=O)C(O)=O.BrC1=CC=C(C=C1)C1CN2C=CSC2=N1-1065' prediction.modelResults.predictionError=OC(=O)C(O)=O.BrC1=CC=C(C=C1)C1CN2C=CSC2=N1: model can't run mixtures
key='OC(=O)C(O)=O.C1C(N=C2SC=CN12)C1=CC2=CC=CC=C2C=C1-1065' prediction.modelResults.predictionError=OC(=O)C(O)=O.C1C(N=C2SC=CN12)C1=CC2=CC=CC=C2C=C1: model can't run mixtures
key='[Li+].[Se]1C=C[C-]=C1-1065' prediction.modelResults.predictionError=[C-]1C=C[Se]C=1: Molecule contains unsupported element
key='CCN(CC)CC.SC(=S)NC1CCCCC1-1065' prediction.modelResults.predictionError=CCN(CC)CC.SC(=S)NC1CCCCC1: model can't run mixtures
key='CC1CC(=O)OC1=C-1065' prediction.modelResults.predictionError=Number of atoms equals zero
key='CN1CCC([Se]C2=CC=CC=C2)C1=O-1065' prediction.modelResults.predictionError=CN1CCC([Se]C2C=CC=CC=2)C1=O: Molecule contains unsupported element
key='OC1=C(C#N)C(C#N)=C(O)C2=C1C=CC=C2[N+]([O-])=O-1065' prediction.modelResults.predictionError=OC1=C(C#N)C(C#N)=C(O)C2=C1C=CC=C2[N+]([O-])=O failed standardization
key='OB(O)C1=CC=CC=C1C(CC1=CC=CC=C1)C1=NCCN1-1065' prediction.modelResults.predictionError=OB(O)C1=CC=CC=C1C(CC1C=CC=CC=1)C1NCCN=1: Molecule contains unsupported element
key='CCN(CC)CC.SC(=S)NC1=CC=CC=N1-1065' prediction.modelResults.predictionError=CCN(CC)CC.SC(=S)NC1=CC=CC=N1: model can't run mixtures
key='CC(C#N)=C1CCC(CC1)C(C)(C)C-1065' prediction.modelResults.predictionError=CC(C#N)=C1CCC(CC1)C(C)(C)C failed standardization
key='OC(=O)CCCC[Se]C1=CC=CC=C1-1065' prediction.modelResults.predictionError=OC(=O)CCCC[Se]C1C=CC=CC=1: Molecule contains unsupported element
key='CC(CCC(O)=O)[Se]C1=CC=CC=C1-1065' prediction.modelResults.predictionError=CC(CCC(O)=O)[Se]C1C=CC=CC=1: Molecule contains unsupported element
key='BrCC(=O)C1=CC=C[Se]1-1065' prediction.modelResults.predictionError=O=C(CBr)C1=CC=C[Se]1: Molecule contains unsupported element
key='ClB(Cl)CC1(CC1)B(Cl)Cl-1065' prediction.modelResults.predictionError=ClB(Cl)CC1(CC1)B(Cl)Cl: Molecule contains unsupported element
key='C1=CC=C(C=C1)B1N(N(B(N(N1C1=CC=CC=C1)C1=CC=CC=C1)C1=CC=CC=C1)C1=CC=CC=C1)C1=CC=CC=C1-1065' prediction.modelResults.predictionError=C1=CC=CC=C1B1N(C2C=CC=CC=2)N(B(C2C=CC=CC=2)N(C2C=CC=CC=2)N1C1C=CC=CC=1)C1C=CC=CC=1: Molecule contains unsupported element
key='C1COB(O1)C(B1OCCO1)=C1CCCCC1-1065' prediction.modelResults.predictionError=C1CCCCC1=C(B1OCCO1)B1OCCO1: Molecule contains unsupported element
key='CCB1C(CC)=C(C)[Sn](C)(C)C(C)=C1CC-1065' prediction.modelResults.predictionError=C[Sn]1(C)C(C)=C(CC)B(CC)C(CC)=C1C: Molecule contains unsupported element
key='COC(=O)C(Cl)CC(C)C-1065' prediction.modelResults.predictionError=Number of atoms equals zero
key='C[Si](C)(C)OB(O[Si](C)(C)C)C1=CC=CC=C1-1065' prediction.modelResults.predictionError=C[Si](C)(C)OB(O[Si](C)(C)C)C1C=CC=CC=1: Molecule contains unsupported element
key='CC[Si](CC)(CC)[Hg][Si](CC)(CC)CC-1065' prediction.modelResults.predictionError=CC[Si](CC)(CC)[Hg][Si](CC)(CC)CC failed standardization
key='CCCC[Pb](I)(I)I-1065' prediction.modelResults.predictionError=CCCC[Pb](I)(I)I: Molecule contains unsupported element
key='CCCCB(CCCC)CC=C-1065' prediction.modelResults.predictionError=CCCCB(CC=C)CCCC: Molecule contains unsupported element
key='[H]C12CB(CC=C)CC([H])(C1)C=C(CCC)C2-1065' prediction.modelResults.predictionError=CCCC1CC2CB(CC=C)CC(C2)C=1: Molecule contains unsupported element
key='CCB(CC)OC(C)(C)CC=C-1065' prediction.modelResults.predictionError=CC(C)(CC=C)OB(CC)CC: Molecule contains unsupported element
key='CCCCCCOB(CCC)CCC-1065' prediction.modelResults.predictionError=CCCCCCOB(CCC)CCC: Molecule contains unsupported element
key='CCCCCCOB(CCCC)CCCC-1065' prediction.modelResults.predictionError=CCCCCCOB(CCCC)CCCC: Molecule contains unsupported element
key='CCCB(OC)OC-1065' prediction.modelResults.predictionError=CCCB(OC)OC: Molecule contains unsupported element
key='CCCCCCSB(CC)CC-1065' prediction.modelResults.predictionError=CCCCCCSB(CC)CC: Molecule contains unsupported element
key='CCCB(CCC)OB(CCC)CCC-1065' prediction.modelResults.predictionError=CCCB(CCC)OB(CCC)CCC: Molecule contains unsupported element
key='C[Pb](C)(C)C(F)(F)F-1065' prediction.modelResults.predictionError=C[Pb](C)(C)C(F)(F)F: Molecule contains unsupported element
key='CCCC[B]CCCC-1065' prediction.modelResults.predictionError=CCCC[B]CCCC |^1:4|: Molecule contains unsupported element
key='FC(F)(F)C(=O)O[B]OC(=O)C(F)(F)F-1065' prediction.modelResults.predictionError=O=C(O[B]OC(=O)C(F)(F)F)C(F)(F)F |^1:3|: Molecule contains unsupported element
key='C[Si](C)(C)C[Sb](Cl)(Cl)(C[Si](C)(C)C)C[Si](C)(C)C-1065' prediction.modelResults.predictionError=C[Si](C)(C)C[Sb](Cl)(Cl)(C[Si](C)(C)C)C[Si](C)(C)C: Molecule contains unsupported element
key='[Zn++].C[CH2-].CN(C)CCC#[C-]-1065' prediction.modelResults.predictionError=[Zn++].C[CH2-].CN(C)CCC#[C-]: model can't run mixtures
key='CCOC(=O)CC1=CC=CC=C1CC(=O)OCC-1065' prediction.modelResults.predictionError=CCOC(=O)CC1=CC=CC=C1CC(=O)OCC failed standardization
key='CCOB(C1=CC=CC=C1)C1=CC=CC=C1-1065' prediction.modelResults.predictionError=CCOB(C1C=CC=CC=1)C1C=CC=CC=1: Molecule contains unsupported element
key='CC(O)=O.CC1=NN(C(N)=N)C(C)=C1-1065' prediction.modelResults.predictionError=CC(O)=O.CC1=NN(C(N)=N)C(C)=C1: model can't run mixtures
key='CCOC#C[Ge](C)(C)C-1065' prediction.modelResults.predictionError=CCOC#C[Ge](C)(C)C: Molecule contains unsupported element
key='CC1=CC=CC=C1B(C1=CC=CC=C1C)C1=CC=CC=C1C-1065' prediction.modelResults.predictionError=CC1=CC=CC=C1B(C1=CC=CC=C1C)C1=CC=CC=C1C: Molecule contains unsupported element
key='CC1CC(C)(C)OB(O1)C=C=C(C)C-1065' prediction.modelResults.predictionError=CC1CC(C)(C)OB(C=C=C(C)C)O1: Molecule contains unsupported element
key='CCCCOB(CC)CC-1065' prediction.modelResults.predictionError=CCCCOB(CC)CC: Molecule contains unsupported element
key='CCN(CC)CC#C[Ge](CC)(CC)CC-1065' prediction.modelResults.predictionError=CC[Ge](CC)(CC)C#CCN(CC)CC: Molecule contains unsupported element
key='[C-]#[O+].I[Rh]I.[CH-]1[C-]=[C-][C-]=[C-]1-1065' prediction.modelResults.predictionError=[C-]#[O+].I[Rh]I.[CH-]1[C-]=[C-][C-]=[C-]1 failed standardization
key='[CH+]1C=CC=CC=C1-1065' prediction.modelResults.predictionError=[CH+]1C=CC=CC=C1 failed standardization
key='CC(C)C1CC(CC(C(C)C)C1NC(OOC(NC1C(CC(CC1C(C)C)N(O)O)C(C)C)C1CCC(CC1)C(C)(C)C)C1CCC(CC1)C(C)(C)C)N(O)O-1065' prediction.modelResults.predictionError=CC(C)C1CC(CC(C(C)C)C1NC(OOC(NC1C(CC(CC1C(C)C)N(O)O)C(C)C)C1CCC(CC1)C(C)(C)C)C1CCC(CC1)C(C)(C)C)N(O)O failed standardization
key='ClP(Cl)(Cl)=N-1065' prediction.modelResults.predictionError=ClP(Cl)(Cl)=N failed standardization
key='O.O.O.O.O.O.[Ag]-1065' prediction.modelResults.predictionError=O.O.O.O.O.O.[Ag] failed standardization
key='O=[BiH2+]-1065' prediction.modelResults.predictionError=O=[BiH2+] failed standardization
key='NP([O-])(F)=O-1065' prediction.modelResults.predictionError=NP([O-])(F)=O failed standardization
key='[Ru+8].C1CCC([N-]C1)C1CCCC[N-]1.C1CCC([N-]C1)C1CCCC[N-]1.C1CCC(NC1)C(C1CCCCN1)=C(C1CCCC[N-]1)C1[N-]C=CC=C1-1065' prediction.modelResults.predictionError=[Ru+8].C1CCC([N-]C1)C1CCCC[N-]1.C1CCC([N-]C1)C1CCCC[N-]1.C1CCC(NC1)C(C1CCCCN1)=C(C1CCCC[N-]1)C1[N-]C=CC=C1 failed standardization
key='O=[Tc++]-1065' prediction.modelResults.predictionError=O=[Tc++] failed standardization
key='SPS-1065' prediction.modelResults.predictionError=SPS failed standardization
key='[Rh].[Rh+3].CC#N.CC#N.CC#N.C1CCC([N-]C1)C1[N-]C=CC=C1.CC1CCC(CC1)[N-]C[N-]C1CCC(C)CC1.CC1CCC(CC1)[N-]C[N-]C1=CC=C(C)C=C1-1065' prediction.modelResults.predictionError=[Rh].[Rh+3].CC#N.CC#N.CC#N.C1CCC([N-]C1)C1[N-]C=CC=C1.CC1CCC(CC1)[N-]C[N-]C1CCC(C)CC1.CC1CCC(CC1)[N-]C[N-]C1=CC=C(C)C=C1 failed standardization
key='[OH3+].[OH3+].[OH3+].[OH3+].[OH3+].[OH3+].[Zn++]-1065' prediction.modelResults.predictionError=[OH3+].[OH3+].[OH3+].[OH3+].[OH3+].[OH3+].[Zn++] failed standardization
key='[NH-]N=[N-].[NH-]N=[N-].Cl[Ti](Cl)(Cl)Cl.Cl[Ti](Cl)(Cl)Cl-1065' prediction.modelResults.predictionError=[NH-]N=[N-].[NH-]N=[N-].Cl[Ti](Cl)(Cl)Cl.Cl[Ti](Cl)(Cl)Cl failed standardization
key='Cl.Cl.Cl.Cl.O=[Re]O[Re]=O.C1CCC(NC2CCCC[N-]2)[N-]C1.C1CCC(NC2=CC=CC[N-]2)[N-]C1-1065' prediction.modelResults.predictionError=Cl.Cl.Cl.Cl.O=[Re]O[Re]=O.C1CCC(NC2CCCC[N-]2)[N-]C1.C1CCC(NC2=CC=CC[N-]2)[N-]C1 failed standardization
key='[SH-].[Ag].[Ag].[Ag].[Ag].[Ag].[Ag].[Ag].[Ag].[Ag+]-1065' prediction.modelResults.predictionError=[SH-].[Ag].[Ag].[Ag].[Ag].[Ag].[Ag].[Ag].[Ag].[Ag+] failed standardization
key='[Ag].[Ag]-1065' prediction.modelResults.predictionError=[Ag].[Ag] failed standardization
key='Br.O=[Re](=O)=O.[N-]1C=CC=C2C=CC3=CC=C[N-]C3=C12-1065' prediction.modelResults.predictionError=Br.O=[Re](=O)=O.[N-]1C=CC=C2C=CC3=CC=C[N-]C3=C12 failed standardization
key='[Ru+5].[Ru+5].C[Si](C)(C)C#CC#[C-].CC(C)[Si](C#[C-])(C(C)C)C(C)C.C1CCC(CC1)[N-]C1CCCC[N-]1.C1CCC(CC1)[N-]C1CCCC[N-]1.C1CCC(CC1)[N-]C1CCCC[N-]1.C1CCC(CC1)[N-]C1[N-]C=CC=C1-1065' prediction.modelResults.predictionError=[Ru+5].[Ru+5].C[Si](C)(C)C#CC#[C-].CC(C)[Si](C#[C-])(C(C)C)C(C)C.C1CCC(CC1)[N-]C1CCCC[N-]1.C1CCC(CC1)[N-]C1CCCC[N-]1.C1CCC(CC1)[N-]C1CCCC[N-]1.C1CCC(CC1)[N-]C1[N-]C=CC=C1 failed standardization
key='NNNNN-1065' prediction.modelResults.predictionError=NNNNN failed standardization
key='Br[Re-](Br)(Br)Br.Br[Re-](Br)(Br)Br-1065' prediction.modelResults.predictionError=Br[Re-](Br)(Br)Br.Br[Re-](Br)(Br)Br failed standardization
key='CC(C)(CC1CCCCC1N(O)N(O)C1CCCCC1CC(C)(C)N(O)O)N(O)O-1065' prediction.modelResults.predictionError=CC(C)(CC1CCCCC1N(O)N(O)C1CCCCC1CC(C)(C)N(O)O)N(O)O failed standardization
key='O.O.O.O.O.O.O.O.O.[Eu+3]-1065' prediction.modelResults.predictionError=O.O.O.O.O.O.O.O.O.[Eu+3] failed standardization
key='[Ru+8].C1CCC([N-]C1)C1CCCC[N-]1.C1CCC([N-]C1)C1=CC=CC[N-]1.CC1(C)N=C2C3CCC[N-]C3C3[N-]CCCC3C2=N1-1065' prediction.modelResults.predictionError=[Ru+8].C1CCC([N-]C1)C1CCCC[N-]1.C1CCC([N-]C1)C1=CC=CC[N-]1.CC1(C)N=C2C3CCC[N-]C3C3[N-]CCCC3C2=N1 failed standardization
key='Cl[W](Cl)Cl-1065' prediction.modelResults.predictionError=Cl[W](Cl)Cl failed standardization
key='Cl[Ru+].O=C1C2CCC[N-]C2C2[N-]CCCC2C1=O.C1CCC([N-]C1)C1CCCC([N-]1)C1=CC=CC[N-]1-1065' prediction.modelResults.predictionError=Cl[Ru+].O=C1C2CCC[N-]C2C2[N-]CCCC2C1=O.C1CCC([N-]C1)C1CCCC([N-]1)C1=CC=CC[N-]1 failed standardization
key='Br[Hg+]-1065' prediction.modelResults.predictionError=Br[Hg+] failed standardization
key='[OH3+].[OH3+].[OH3+].[OH3+].[OH3+].[OH3+].[Al+3]-1065' prediction.modelResults.predictionError=[OH3+].[OH3+].[OH3+].[OH3+].[OH3+].[OH3+].[Al+3] failed standardization
key='[Ru++].CC(O)CC(C)O.CC(O)CC(C)O.[NH-]C1=CC=CC=C1[NH-]-1065' prediction.modelResults.predictionError=[Ru++].CC(O)CC(C)O.CC(O)CC(C)O.[NH-]C1=CC=CC=C1[NH-] failed standardization
key='CCN(CC)C1=CC2=C(C=C1)C=C(C(=O)NC1=CC=CC=C1OC)C(O2)=NO-1065' prediction.modelResults.predictionError=CCN(CC)C1=CC2=C(C=C1)C=C(C(=O)NC1=CC=CC=C1OC)C(O2)=NO failed standardization
key='C1C[As]2O[As]3CCN4CC[As]5O[As]6CCN1CC[As]1O[As]7CCN8CC[As](O2)O[As](CCN2CC[As]9O[As](CC4)O[As]4CCN%10CC[As](O5)O[As](CCN5CC[As](O1)O[As](CCN1CC[As]%11O[As](CC8)O[As](CC2)O[As](CCN(CC[As](O9)O4)CC[As]2O[As](CC%10)O[As](CC5)O[As](CC1)O2)O%11)O7)O6)O3-1065' prediction.modelResults.predictionError=Failed to parse descriptor response for smiles=C1CN2CC[As]3O[As]4CCN5CC[As]6O[As]7CCN8CC[As](O4)O[As](CCN4CC[As]9O[As]%10CCN%11CC[As]%12O[As](CCN%13CC[As]%14O[As](CC%11)O[As]%11CCN(CC[As](O%10)O[As](CC8)O9)CC[As](O7)O[As](CCN(CC[As]7O[As](CC%13)O[As]1O[As](CC5)O7)CC[As](O%11)O%14)O6)O[As](CC2)O[As](...
key='Cl[Ru++]Cl.C1CCC(CC1)\\N=N\\C1CCCC[N-]1.C1CCC(CC1)\\N=N\\C1[N-]C=CC=C1-1065' prediction.modelResults.predictionError=Cl[Ru++]Cl.C1CCC(CC1)\N=N\C1CCCC[N-]1.C1CCC(CC1)\N=N\C1[N-]C=CC=C1 failed standardization
key='[Ru+4].C1CC([N-]C(C1)C1=NC=CN1)C1=NC=CN1.C1C=CC([N-]C1C1=NC=CN1)C1=NC=CN1-1065' prediction.modelResults.predictionError=[Ru+4].C1CC([N-]C(C1)C1=NC=CN1)C1=NC=CN1.C1C=CC([N-]C1C1=NC=CN1)C1=NC=CN1 failed standardization
key='F[P-]F-1065' prediction.modelResults.predictionError=F[P-]F failed standardization
key='Br[Cd--](Br)(Br)Br-1065' prediction.modelResults.predictionError=Br[Cd--](Br)(Br)Br failed standardization
key='[SH-].[SH-].[SH-].[SH-].[SH-].[SH-].[Co].S=[W].S=[W]-1065' prediction.modelResults.predictionError=[SH-].[SH-].[SH-].[SH-].[SH-].[SH-].[Co].S=[W].S=[W] failed standardization
key='[AsH]1[AsH][AsH][AsH][AsH]1-1065' prediction.modelResults.predictionError=[AsH]1[AsH][AsH][AsH][AsH]1 failed standardization
key='O.Cl[Ru++].Cl[Ru++].CCC1=C(CC)/C2=C/C3=N/C(=C\\C4=C(CC)C(CC)=C([N-]4)/C=C4\\N=C(\\C=C\\1/[N-]\\2)C(CC)=C4CC)/C(CC)=C3CC.CCC1=C(CC)/C2=C/C3=N/C(=C\\C4=C(CC)C(CC)=C([N-]4)/C=C4\\N=C(\\C=C\\1/[N-]\\2)C(CC)=C4CC)/C(CC)=C3CC-1065' prediction.modelResults.predictionError=O.Cl[Ru++].Cl[Ru++].CCC1=C(CC)/C2=C/C3=N/C(=C\C4=C(CC)C(CC)=C([N-]4)/C=C4\N=C(\C=C\1/[N-]\2)C(CC)=C4CC)/C(CC)=C3CC.CCC1=C(CC)/C2=C/C3=N/C(=C\C4=C(CC)C(CC)=C([N-]4)/C=C4\N=C(\C=C\1/[N-]\2)C(CC)=C4CC)/C(CC)=C3CC failed standardization
key='OP(O)(O)=O.OP(O)(O)=O-1065' prediction.modelResults.predictionError=OP(O)(O)=O.OP(O)(O)=O failed standardization
key='OS(O)(=O)=O.OS(O)(=O)=O-1065' prediction.modelResults.predictionError=OS(O)(=O)=O.OS(O)(=O)=O failed standardization
key='Cl[B-](Cl)(Cl)Cl-1065' prediction.modelResults.predictionError=Cl[B-](Cl)(Cl)Cl failed standardization
key='S=[Bi] |^1:1|-1065' prediction.modelResults.predictionError=S=[Bi] |^1:1| failed standardization
key='O\\N=C1\\SC2=CC=CC=C2N1CCS-1065' prediction.modelResults.predictionError=O\N=C1\SC2=CC=CC=C2N1CCS failed standardization
key='[SeH3+]-1065' prediction.modelResults.predictionError=[SeH3+] failed standardization
key='[PH4+]-1065' prediction.modelResults.predictionError=[PH4+] failed standardization
key='[AsH4+]-1065' prediction.modelResults.predictionError=[AsH4+] failed standardization
key='F[P+](F)(F)F-1065' prediction.modelResults.predictionError=F[P+](F)(F)F failed standardization
key='N=[NH2+]-1065' prediction.modelResults.predictionError=N=[NH2+] failed standardization
key='O[AsH2]-1065' prediction.modelResults.predictionError=O[AsH2] failed standardization
key='O[AsH2]=O-1065' prediction.modelResults.predictionError=O[AsH2]=O failed standardization
key='[O-]S[O-]-1065' prediction.modelResults.predictionError=[O-]S[O-] failed standardization
key='S=S-1065' prediction.modelResults.predictionError=S=S failed standardization
key='[NH]-1065' prediction.modelResults.predictionError=[NH] failed standardization
key='[O-]OP([O-])([O-])=O-1065' prediction.modelResults.predictionError=[O-]OP([O-])([O-])=O failed standardization
key='OP(O)[O-]-1065' prediction.modelResults.predictionError=OP(O)[O-] failed standardization
key='[O-][Br]=O-1065' prediction.modelResults.predictionError=[O-][Br]=O failed standardization
key='[O-][Br](=O)(=O)=O-1065' prediction.modelResults.predictionError=[O-][Br](=O)(=O)=O failed standardization
key='[O-]I-1065' prediction.modelResults.predictionError=[O-]I failed standardization
key='O[Se]([O-])(=O)=O-1065' prediction.modelResults.predictionError=O[Se]([O-])(=O)=O failed standardization
key='C1=CC2=CC3=C4C=C2C2=CC5=C(C=CC6=CC7=C(C=C56)C5=CC6=C(C=CC8=C6C=C6C(C=CC9=C6C=C4C(C=C3)=C9)=C8)C=C5C=C7)C=C12-1065' prediction.modelResults.predictionError=Failed to parse descriptor response for smiles=C1=C2C=CC3=CC4C=CC5=CC6C=CC7=CC8C=CC9=CC%10=CC=C%11C=C%12C=CC1=C1C=C2C3=CC=4C5=CC=6C7=CC=8C9=CC%10=C%11C=C%121: descriptor response column mismatch for smiles=C1=C2C=CC3=CC4C=CC5=CC6C=CC7=CC8C=CC9=CC%10=CC=C%11C=C%12C=CC1=C1C=C2C3=CC=4C5=CC=6C7=CC=8C9=C...
key='O\\N=C1/C=C(OC2=CC=CC=C12)C1=CC=CC=C1-1065' prediction.modelResults.predictionError=O\N=C1/C=C(OC2=CC=CC=C12)C1=CC=CC=C1 failed standardization
key='[Rh].[O-]S(=O)(=O)C(F)(F)F.C1C\\C=C/CC\\C=C/1.C1C\\C=C/CC\\C=C/1-1065' prediction.modelResults.predictionError=[Rh].[O-]S(=O)(=O)C(F)(F)F.C1C\C=C/CC\C=C/1.C1C\C=C/CC\C=C/1 failed standardization
key='[Rh].F[B-](F)(F)F.C1C\\C=C/CC\\C=C/1.C[C@@H]1CC[C@@H](C)P1C1=CC=CC=C1P1[C@H](C)CC[C@H]1C-1065' prediction.modelResults.predictionError=[Rh].F[B-](F)(F)F.C1C\C=C/CC\C=C/1.C[C@@H]1CC[C@@H](C)P1C1=CC=CC=C1P1[C@H](C)CC[C@H]1C failed standardization
key='[Rh].F[B-](F)(F)F.C1C\\C=C/CC\\C=C/1.C1C\\C=C/CC\\C=C/1-1065' prediction.modelResults.predictionError=[Rh].F[B-](F)(F)F.C1C\C=C/CC\C=C/1.C1C\C=C/CC\C=C/1 failed standardization
key='O.O.O.[AlH3]-1065' prediction.modelResults.predictionError=O.O.O.[AlH3] failed standardization
key='[K+].[K+].[O-][Te]([O-])(=O)=O-1065' prediction.modelResults.predictionError=[K+].[K+].[O-][Te]([O-])(=O)=O failed standardization
key='O.[Ba++].[O-]N=O.[O-]N=O-1065' prediction.modelResults.predictionError=O.[Ba++].[O-]N=O.[O-]N=O failed standardization
key='O.[K+].[K+].[O-]S([O-])(=O)=S-1065' prediction.modelResults.predictionError=O.[K+].[K+].[O-]S([O-])(=O)=S failed standardization
key='O.[Mg++].[Mg++].[Mg++].[O-]P([O-])([O-])=O.[O-]P([O-])([O-])=O-1065' prediction.modelResults.predictionError=O.[Mg++].[Mg++].[Mg++].[O-]P([O-])([O-])=O.[O-]P([O-])([O-])=O failed standardization
key='Cl[Ir](Cl)(Cl)([N]1=CC=CC=C1)([N]1=CC=CC=C1)[N]1=CC=CC=C1-1065' prediction.modelResults.predictionError=Cl[Ir](Cl)(Cl)([N]1=CC=CC=C1)([N]1=CC=CC=C1)[N]1=CC=CC=C1 failed standardization
key='O.[AlH3]-1065' prediction.modelResults.predictionError=O.[AlH3] failed standardization
key='CC1=C\\C(=N/O)C2=C(OC=C(C2=O)[N+]([O-])=O)N1O-1065' prediction.modelResults.predictionError=CC1=C\C(=N/O)C2=C(OC=C(C2=O)[N+]([O-])=O)N1O failed standardization
key='OOP(O)(O)=O-1065' prediction.modelResults.predictionError=OOP(O)(O)=O failed standardization
key='[O-]P(=O)=O-1065' prediction.modelResults.predictionError=[O-]P(=O)=O failed standardization
key='NP(O)O-1065' prediction.modelResults.predictionError=NP(O)O failed standardization
key='[B-]-1065' prediction.modelResults.predictionError=[B-] failed standardization
key='[Ni+3].[Sb]-1065' prediction.modelResults.predictionError=[Ni+3].[Sb] failed standardization
key='I[Bi](SC(=S)N1CCCC1)SC(=S)N1CCCC1-1065' prediction.modelResults.predictionError=I[Bi](SC(=S)N1CCCC1)SC(=S)N1CCCC1 failed standardization
key='F[P+](F)=S-1065' prediction.modelResults.predictionError=F[P+](F)=S failed standardization
key='Cl[Bi]-1065' prediction.modelResults.predictionError=Cl[Bi] failed standardization
key='CCCCCCCCCCCCCCCCCCN[N+](O)=O-1065' prediction.modelResults.predictionError=CCCCCCCCCCCCCCCCCCN[N+](O)=O failed standardization
key='[B].N-1065' prediction.modelResults.predictionError=[B].N failed standardization
key='CN[N+](O)=O-1065' prediction.modelResults.predictionError=CN[N+](O)=O failed standardization
key='CS(=O)(=O)OCC\\N=C(/N)N[N+](O)=O-1065' prediction.modelResults.predictionError=CS(=O)(=O)OCC\N=C(/N)N[N+](O)=O failed standardization
key='[NH2-].[NH2-].[NH2-].[Co].N=[N+]=[N-].N=[N+]=[N-].N=[N+]=[N-]-1065' prediction.modelResults.predictionError=[NH2-].[NH2-].[NH2-].[Co].N=[N+]=[N-].N=[N+]=[N-].N=[N+]=[N-] failed standardization
key='[Rh].N#[O+].O[N+]([O-])=O.O[N+]([O-])=O.C1=CC=C(C=C1)[PH+](C1=CC=CC=C1)C1=CC=CC=C1.C1=CC=C(C=C1)[PH+](C1=CC=CC=C1)C1=CC=CC=C1-1065' prediction.modelResults.predictionError=[Rh].N#[O+].O[N+]([O-])=O.O[N+]([O-])=O.C1=CC=C(C=C1)[PH+](C1=CC=CC=C1)C1=CC=CC=C1.C1=CC=C(C=C1)[PH+](C1=CC=CC=C1)C1=CC=CC=C1 failed standardization
key='[Sb].[Lu+3]-1065' prediction.modelResults.predictionError=[Sb].[Lu+3] failed standardization
key='[Ga+3].[Sb]-1065' prediction.modelResults.predictionError=[Ga+3].[Sb] failed standardization
key='[Sb].[La+3]-1065' prediction.modelResults.predictionError=[Sb].[La+3] failed standardization
key='[GeH2].[GeH2].[GeH2]-1065' prediction.modelResults.predictionError=[GeH2].[GeH2].[GeH2] failed standardization
key='[B].[B].[B].[B].[Si]-1065' prediction.modelResults.predictionError=[B].[B].[B].[B].[Si] failed standardization
key='[B].[B].[B].[B].[B].[W].[W]-1065' prediction.modelResults.predictionError=[B].[B].[B].[B].[B].[W].[W] failed standardization
key='[OH-].[OH-].[OH-].[OH-].[OH-].[O--].[O--].[O--].[O--].[O--].[K+].[K+].[K+].[Ge].[Ge].[Ge]-1065' prediction.modelResults.predictionError=[OH-].[OH-].[OH-].[OH-].[OH-].[O--].[O--].[O--].[O--].[O--].[K+].[K+].[K+].[Ge].[Ge].[Ge] failed standardization
key='[OH-].[OH-].[OH-].[OH-].[OH-].[O--].[O--].[O--].[O--].[O--].[Na+].[Na+].[Na+].[Ge].[Ge].[Ge]-1065' prediction.modelResults.predictionError=[OH-].[OH-].[OH-].[OH-].[OH-].[O--].[O--].[O--].[O--].[O--].[Na+].[Na+].[Na+].[Ge].[Ge].[Ge] failed standardization
key='[GeH]-1065' prediction.modelResults.predictionError=[GeH] failed standardization
key='[Li][Ge](CC)(CC)CC-1065' prediction.modelResults.predictionError=[Li][Ge](CC)(CC)CC failed standardization
key='S=[In]-1065' prediction.modelResults.predictionError=S=[In] failed standardization
key='[Ru++].[C-]#[O+].[CH-]1[C-]=[C-][C-]=[C-]1.P(C1=CC=CC=C1)C1=CC=CC=C1.C1=CC=C(C=C1)[PH+](C1=CC=CC=C1)C1=CC=CC=C1-1065' prediction.modelResults.predictionError=[Ru++].[C-]#[O+].[CH-]1[C-]=[C-][C-]=[C-]1.P(C1=CC=CC=C1)C1=CC=CC=C1.C1=CC=C(C=C1)[PH+](C1=CC=CC=C1)C1=CC=CC=C1 failed standardization
key='O.O.O.O.[Mn].[Se-].[Se-].[SeH].[SeH].[SeH].[SeH].[SeH].[SeH].[Re].[Re].[Re].[Re].[Re].[Re].[C-]#N.[C-]#N.[C-]#N.[C-]#N.[C-]#N.[C-]#N |^1:7,8,9,10,11,12|-1065' prediction.modelResults.predictionError=O.O.O.O.[Mn].[Se-].[Se-].[SeH].[SeH].[SeH].[SeH].[SeH].[SeH].[Re].[Re].[Re].[Re].[Re].[Re].[C-]#N.[C-]#N.[C-]#N.[C-]#N.[C-]#N.[C-]#N |^1:7,8,9,10,11,12| failed standardization
key='O.Cl[Rh]Cl.Cl[Rh](Cl)[ClH+].CC(C)C1CCC(C)CC1(O)C[PH+](C1=CC=CC=C1)C1=CC=CC=C1.CC(C)C1CCC(C)CC1(O)C[PH+](C1=CC=CC=C1)C1=CC=CC=C1-1065' prediction.modelResults.predictionError=O.Cl[Rh]Cl.Cl[Rh](Cl)[ClH+].CC(C)C1CCC(C)CC1(O)C[PH+](C1=CC=CC=C1)C1=CC=CC=C1.CC(C)C1CCC(C)CC1(O)C[PH+](C1=CC=CC=C1)C1=CC=CC=C1 failed standardization
key='Cl[Ru]Cl.C1CCC(CC1)[PH+](C1CCCCC1)C1CCCCC1.OC(CC1[N-]C(CC(O)(C2CCCCC2)C2CCCCC2)=CC=C1)(C1CCCCC1)C1CCCCC1-1065' prediction.modelResults.predictionError=Cl[Ru]Cl.C1CCC(CC1)[PH+](C1CCCCC1)C1CCCCC1.OC(CC1[N-]C(CC(O)(C2CCCCC2)C2CCCCC2)=CC=C1)(C1CCCCC1)C1CCCCC1 failed standardization
key='[NH2-].[SeH].[SeH].[SeH].[SeH].[SeH].[SeH].[SeH].[SeH].[Cd].[Re].[Re].[Re].[Re].[Re].[Re].[Re].CC[PH+](CC)CC.CC[PH+](CC)CC.CC[PH+](CC)CC.CC[PH+](CC)CC.[O-][N+](O)=O.[O-][N+](O)=O.O[N+](O)=O.C1C=C(C=C[N-]1)C1CC[N-]CC1.C1C[N-]CCC1C1CC[N-]CC1 |^1:1,2,3,4,5,6,7,8|-1065' prediction.modelResults.predictionError=[NH2-].[SeH].[SeH].[SeH].[SeH].[SeH].[SeH].[SeH].[SeH].[Cd].[Re].[Re].[Re].[Re].[Re].[Re].[Re].CC[PH+](CC)CC.CC[PH+](CC)CC.CC[PH+](CC)CC.CC[PH+](CC)CC.[O-][N+](O)=O.[O-][N+](O)=O.O[N+](O)=O.C1C=C(C=C[N-]1)C1CC[N-]CC1.C1C[N-]CCC1C1CC[N-]CC1 |^1:1,2,3,4,5,6,7,8| failed standardization
key='[Ho].O[N+](O)=O.O[N+](O)=O.O[N+](O)=O.O[N+]([O-])=O.O[N+]([O-])=O-1065' prediction.modelResults.predictionError=[Ho].O[N+](O)=O.O[N+](O)=O.O[N+](O)=O.O[N+]([O-])=O.O[N+]([O-])=O failed standardization
key='[Cu].Cl[ClH+].[ClH+][Cu].Cl[Cu]Cl-1065' prediction.modelResults.predictionError=[Cu].Cl[ClH+].[ClH+][Cu].Cl[Cu]Cl failed standardization
key='N.N.N.N.[OH3+].[Cu++]-1065' prediction.modelResults.predictionError=N.N.N.N.[OH3+].[Cu++] failed standardization
key='Cl[Ru]Cl.C1CNCCNCCCNCCNC1-1065' prediction.modelResults.predictionError=Cl[Ru]Cl.C1CNCCNCCCNCCNC1 failed standardization
key='F[Cr+]F-1065' prediction.modelResults.predictionError=F[Cr+]F failed standardization
key='[Ge].[Ge].[Ge].[Ge].[Ge].[Ge].[Ge].[Ge].[Ge].[Ge].[Ge].[Ge].[GeH].[GeH].[GeH].[GeH].[GeH].[GeH]-1065' prediction.modelResults.predictionError=[Ge].[Ge].[Ge].[Ge].[Ge].[Ge].[Ge].[Ge].[Ge].[Ge].[Ge].[Ge].[GeH].[GeH].[GeH].[GeH].[GeH].[GeH] failed standardization
key='[Rb+].C1COCCOCCOCCOCCOCCO1.[S-][P+](N[P+]([S-])(C1=CC=CC=C1)C1=CC=CC=C1)(C1=CC=CC=C1)C1=CC=CC=C1-1065' prediction.modelResults.predictionError=[Rb+].C1COCCOCCOCCOCCOCCO1.[S-][P+](N[P+]([S-])(C1=CC=CC=C1)C1=CC=CC=C1)(C1=CC=CC=C1)C1=CC=CC=C1 failed standardization
key='[B]1[B][B][B]1-1065' prediction.modelResults.predictionError=[B]1[B][B][B]1 failed standardization
key='NP(F)(Br)=S-1065' prediction.modelResults.predictionError=NP(F)(Br)=S failed standardization
key='FP(F)(F)=NP(F)(F)=S-1065' prediction.modelResults.predictionError=FP(F)(F)=NP(F)(F)=S failed standardization
key='[Na+].[Na+].[Na+].[I-].[I-].[I-]-1065' prediction.modelResults.predictionError=[Na+].[Na+].[Na+].[I-].[I-].[I-] failed standardization
key='[He].[Ne]-1065' prediction.modelResults.predictionError=[He].[Ne] failed standardization
key='[K+].[K+].[I-].[I-]-1065' prediction.modelResults.predictionError=[K+].[K+].[I-].[I-] failed standardization
key='[Na+].[Na+].[I-].[I-]-1065' prediction.modelResults.predictionError=[Na+].[Na+].[I-].[I-] failed standardization
key='FS-1065' prediction.modelResults.predictionError=FS failed standardization
key='[Li+].[Li+].[Li+].[I-].[I-].[I-]-1065' prediction.modelResults.predictionError=[Li+].[Li+].[Li+].[I-].[I-].[I-] failed standardization
key='[Ar].[Hg]-1065' prediction.modelResults.predictionError=[Ar].[Hg] failed standardization
key='[O--].[O--].[O--].[O--].[Mg++].[W]-1065' prediction.modelResults.predictionError=[O--].[O--].[O--].[O--].[Mg++].[W] failed standardization
key='[Rh+3].O=S(=O)([OH2+])[OH2+].C(=C[AsH](C1C=CC=CC=1)C1C=CC=CC=1)[AsH](C1C=CC=CC=1)C1C=CC=CC=1.C(=C[AsH](C1C=CC=CC=1)C1C=CC=CC=1)[AsH](C1C=CC=CC=1)C1C=CC=CC=1 |^1:8,21,36,49|-1065' prediction.modelResults.predictionError=[Rh+3].O=S(=O)([OH2+])[OH2+].C(=C[AsH](C1C=CC=CC=1)C1C=CC=CC=1)[AsH](C1C=CC=CC=1)C1C=CC=CC=1.C(=C[AsH](C1C=CC=CC=1)C1C=CC=CC=1)[AsH](C1C=CC=CC=1)C1C=CC=CC=1 |^1:8,21,36,49| failed standardization
key='Cl[Re]Cl.C[PH+](C)C1=CC=CC=C1.C[PH+](C)C1=CC=CC=C1.O=C1C=CC=CC1=CNC1=CC=CC=C1-1065' prediction.modelResults.predictionError=Cl[Re]Cl.C[PH+](C)C1=CC=CC=C1.C[PH+](C)C1=CC=CC=C1.O=C1C=CC=CC1=CNC1=CC=CC=C1 failed standardization
key='O=[P]-1065' prediction.modelResults.predictionError=O=[P] failed standardization
key='OS(=O)S([O-])=O-1065' prediction.modelResults.predictionError=OS(=O)S([O-])=O failed standardization
key='O[SbH2]=O-1065' prediction.modelResults.predictionError=O[SbH2]=O failed standardization
key='O.[Mg++].[O-][Cl](=O)(=O)=O.[O-][Cl](=O)(=O)=O-1065' prediction.modelResults.predictionError=O.[Mg++].[O-][Cl](=O)(=O)=O.[O-][Cl](=O)(=O)=O failed standardization
key='O=[AsH3]-1065' prediction.modelResults.predictionError=O=[AsH3] failed standardization
key='O\\N=C1/C=COC2=CC=CC=C12-1065' prediction.modelResults.predictionError=O\N=C1/C=COC2=CC=CC=C12 failed standardization
key='Br[Sn](Br)(SC1=CC=CC=N1)SC1=CC=CC=N1-1065' prediction.modelResults.predictionError=Br[Sn](Br)(SC1=CC=CC=N1)SC1=CC=CC=N1 failed standardization
key='CC1=NC(S[Sn](Cl)(Cl)SC2=C(C#N)C(C)=CC(C)=N2)=C(C#N)C(C)=C1-1065' prediction.modelResults.predictionError=CC1=NC(S[Sn](Cl)(Cl)SC2=C(C#N)C(C)=CC(C)=N2)=C(C#N)C(C)=C1 failed standardization
key='CCOC(=O)C1=C(S[Sn](Cl)(Cl)SC2=C(C(=O)OCC)C(C)=CC(C)=N2)N=C(C)C=C1C-1065' prediction.modelResults.predictionError=CCOC(=O)C1=C(S[Sn](Cl)(Cl)SC2=C(C(=O)OCC)C(C)=CC(C)=N2)N=C(C)C=C1C failed standardization
key='CCCC[S@](=O)C[C@H](N)C(O)=O-1065' prediction.modelResults.predictionError=CCCC[S@](=O)C[C@H](N)C(O)=O failed standardization
key='[O-][N+]1=CC=CC=C1S[Sn](Cl)(Cl)SC1=CC=CC=[N+]1[O-]-1065' prediction.modelResults.predictionError=[O-][N+]1=CC=CC=C1S[Sn](Cl)(Cl)SC1=CC=CC=[N+]1[O-] failed standardization
key='P.[Ni]-1065' prediction.modelResults.predictionError=P.[Ni] failed standardization
key='[Ni].[Cu]-1065' prediction.modelResults.predictionError=[Ni].[Cu] failed standardization
key='O.O.O.O.O.O.[Na+].[Na+].[Na+].[O-]P([O-])([O-])=O-1065' prediction.modelResults.predictionError=O.O.O.O.O.O.[Na+].[Na+].[Na+].[O-]P([O-])([O-])=O failed standardization
key='O.[Fe+3].[O-][Cl](=O)(=O)=O.[O-][Cl](=O)(=O)=O.[O-][Cl](=O)(=O)=O-1065' prediction.modelResults.predictionError=O.[Fe+3].[O-][Cl](=O)(=O)=O.[O-][Cl](=O)(=O)=O.[O-][Cl](=O)(=O)=O failed standardization
key='[Cu++].[O-][I](=O)=O.[O-][I](=O)=O-1065' prediction.modelResults.predictionError=[Cu++].[O-][I](=O)=O.[O-][I](=O)=O failed standardization
key='[Fe++].[O-][N+]([O-])=O.[O-][N+]([O-])=O-1065' prediction.modelResults.predictionError=[Fe++].[O-][N+]([O-])=O.[O-][N+]([O-])=O failed standardization
key='[In+3].[O-]P([O-])([O-])=O-1065' prediction.modelResults.predictionError=[In+3].[O-]P([O-])([O-])=O failed standardization
key='[Cs+].[Cs+].[Cs+].[O-]P([O-])([O-])=O-1065' prediction.modelResults.predictionError=[Cs+].[Cs+].[Cs+].[O-]P([O-])([O-])=O failed standardization
key='[Cr].[Cu]-1065' prediction.modelResults.predictionError=[Cr].[Cu] failed standardization
key='[Al].[Ti].[V]-1065' prediction.modelResults.predictionError=[Al].[Ti].[V] failed standardization
key='O.O.O.O.[Ti].[Zr]-1065' prediction.modelResults.predictionError=O.O.O.O.[Ti].[Zr] failed standardization
key='[NaH].[Hg]-1065' prediction.modelResults.predictionError=[NaH].[Hg] failed standardization
key='NON-1065' prediction.modelResults.predictionError=NON failed standardization
key='[OH-].[OH-].[Pb++]-1065' prediction.modelResults.predictionError=[OH-].[OH-].[Pb++] failed standardization
key='N[C@@]1([C@H]2[C@@H]3C[C@@H]1C[C@]23C(O)=O)C(O)=O-1065' prediction.modelResults.predictionError=N[C@@]1([C@H]2[C@@H]3C[C@@H]1C[C@]23C(O)=O)C(O)=O failed standardization
key='[In].[Pt]-1065' prediction.modelResults.predictionError=[In].[Pt] failed standardization
key='COCCCOC1=C(C)C(C[S@@](=O)C2=NC3=CC=CC=C3N2)=NC=C1-1065' prediction.modelResults.predictionError=COCCCOC1=C(C)C(C[S@@](=O)C2=NC3=CC=CC=C3N2)=NC=C1 failed standardization
key='[NH4+].[O-][I](=O)(=O)=O-1065' prediction.modelResults.predictionError=[NH4+].[O-][I](=O)(=O)=O failed standardization
key='[Li+].[F-].[F-].[F-].[F-].[Lu+3]-1065' prediction.modelResults.predictionError=[Li+].[F-].[F-].[F-].[F-].[Lu+3] failed standardization
key='[Se--].[Pb++]-1065' prediction.modelResults.predictionError=[Se--].[Pb++] failed standardization
key='NS(N)=O-1065' prediction.modelResults.predictionError=NS(N)=O failed standardization
key='N[C@]1([C@H]2[C@@H]3C[C@@H]1C[C@]23C(O)=O)C(O)=O-1065' prediction.modelResults.predictionError=N[C@]1([C@H]2[C@@H]3C[C@@H]1C[C@]23C(O)=O)C(O)=O failed standardization
key='[Mo].[Re]-1065' prediction.modelResults.predictionError=[Mo].[Re] failed standardization
key='ON=C1C(=C1C1=CC=CC=C1)C1=CC=CC=C1-1065' prediction.modelResults.predictionError=ON=C1C(=C1C1=CC=CC=C1)C1=CC=CC=C1 failed standardization
key='CN1C=C(C(=O)C2=C1C=C(F)C=C2)[S@](C)=O-1065' prediction.modelResults.predictionError=CN1C=C(C(=O)C2=C1C=C(F)C=C2)[S@](C)=O failed standardization
key='[Fe].[Ni]-1065' prediction.modelResults.predictionError=[Fe].[Ni] failed standardization
key='OP(O)(=O)NP(O)(=O)NP(O)(O)=O-1065' prediction.modelResults.predictionError=OP(O)(=O)NP(O)(=O)NP(O)(O)=O failed standardization
key='[40Ar]-1065' prediction.modelResults.predictionError=[40Ar] failed standardization
key='[Na+].[Na+].[O-][N+](=O)N=O-1065' prediction.modelResults.predictionError=[Na+].[Na+].[O-][N+](=O)N=O failed standardization
key='[Co].[Cu]-1065' prediction.modelResults.predictionError=[Co].[Cu] failed standardization
key='[OH-].[Ag+]-1065' prediction.modelResults.predictionError=[OH-].[Ag+] failed standardization
key='[Li+].[F-].[F-].[F-].[Ba++]-1065' prediction.modelResults.predictionError=[Li+].[F-].[F-].[F-].[Ba++] failed standardization
key='[OH-].[OH-].[OH-].[OH-].[OH-].[V]-1065' prediction.modelResults.predictionError=[OH-].[OH-].[OH-].[OH-].[OH-].[V] failed standardization
key='[15N]#[15N]-1065' prediction.modelResults.predictionError=[15N]#[15N] failed standardization
key='[17O]=[17O]-1065' prediction.modelResults.predictionError=[17O]=[17O] failed standardization
key='[Ca++].[N-]=[N+]=[N-].[N-]=[N+]=[N-]-1065' prediction.modelResults.predictionError=[Ca++].[N-]=[N+]=[N-].[N-]=[N+]=[N-] failed standardization
key='[Co].[Mo]-1065' prediction.modelResults.predictionError=[Co].[Mo] failed standardization
key='[NH4+].O.O.O.O.O.O.[Mg++].[O-]P([O-])([O-])=O-1065' prediction.modelResults.predictionError=[NH4+].O.O.O.O.O.O.[Mg++].[O-]P([O-])([O-])=O failed standardization
key='O[Si](Cl)(Cl)Cl-1065' prediction.modelResults.predictionError=O[Si](Cl)(Cl)Cl failed standardization
key='[Co].[Ni]-1065' prediction.modelResults.predictionError=[Co].[Ni] failed standardization
key='[V].[Cr]-1065' prediction.modelResults.predictionError=[V].[Cr] failed standardization
key='[V++].[Br-].[Br-]-1065' prediction.modelResults.predictionError=[V++].[Br-].[Br-] failed standardization
key='[14NH3]-1065' prediction.modelResults.predictionError=[14NH3] failed standardization
key='O.FB(F)F-1065' prediction.modelResults.predictionError=O.FB(F)F failed standardization
key='[18O]=[18O]-1065' prediction.modelResults.predictionError=[18O]=[18O] failed standardization
key='O[15N+]([O-])=O-1065' prediction.modelResults.predictionError=O[15N+]([O-])=O failed standardization
key='[Ti].[Ni]-1065' prediction.modelResults.predictionError=[Ti].[Ni] failed standardization
key='NNS(O)(=O)=O-1065' prediction.modelResults.predictionError=NNS(O)(=O)=O failed standardization
key='[Co].[Pt]-1065' prediction.modelResults.predictionError=[Co].[Pt] failed standardization
key='[Fe].[Pt]-1065' prediction.modelResults.predictionError=[Fe].[Pt] failed standardization
key='CC1=CC=C(C=C1)[S@@](=O)C=C-1065' prediction.modelResults.predictionError=CC1=CC=C(C=C1)[S@@](=O)C=C failed standardization
key='C[S@](=O)CC(=O)C1=CC=CC=C1-1065' prediction.modelResults.predictionError=C[S@](=O)CC(=O)C1=CC=CC=C1 failed standardization
key='CCOP(=O)(OCC)C1[S@](=O)CCC[S@]1=O-1065' prediction.modelResults.predictionError=CCOP(=O)(OCC)C1[S@](=O)CCC[S@]1=O failed standardization
key='CC1=CC=C(C=C1)[S@](=O)C[C@H](O)C(F)F-1065' prediction.modelResults.predictionError=CC1=CC=C(C=C1)[S@](=O)C[C@H](O)C(F)F failed standardization
key='CCCCCCCC[S@@](=O)C1=CC=CC=C1-1065' prediction.modelResults.predictionError=CCCCCCCC[S@@](=O)C1=CC=CC=C1 failed standardization
key='COC(=O)CC(=O)CC(=O)C[S@@](=O)C1=CC=C(C)C=C1-1065' prediction.modelResults.predictionError=COC(=O)CC(=O)CC(=O)C[S@@](=O)C1=CC=C(C)C=C1 failed standardization
key='COCCCOC1=C(C)C(C[S@](=O)C2=NC3=CC=CC=C3N2)=NC=C1-1065' prediction.modelResults.predictionError=COCCCOC1=C(C)C(C[S@](=O)C2=NC3=CC=CC=C3N2)=NC=C1 failed standardization
key='CC(C)(C)[S@](=O)CC[Si](C)(C)C-1065' prediction.modelResults.predictionError=CC(C)(C)[S@](=O)CC[Si](C)(C)C failed standardization
key='CCCCC[C@@H](O)[C@H](C[Si](C)(C)C)[S@@](=O)C1=CC=C(C)C=C1-1065' prediction.modelResults.predictionError=CCCCC[C@@H](O)[C@H](C[Si](C)(C)C)[S@@](=O)C1=CC=C(C)C=C1 failed standardization
key='CC1(C)CN=C2NC(N)=NC(=O)C2=N1-1065' prediction.modelResults.predictionError=CC1(C)CN=C2NC(N)=NC(=O)C2=N1 failed standardization
key='Br[Fe+]Br-1065' prediction.modelResults.predictionError=Br[Fe+]Br failed standardization
key='O=C1C[S@@](=O)C2=CC=CC=C2[S@](=O)C1-1065' prediction.modelResults.predictionError=O=C1C[S@@](=O)C2=CC=CC=C2[S@](=O)C1 failed standardization
key='[Tl+].F[P-](F)(F)(F)(F)F-1065' prediction.modelResults.predictionError=[Tl+].F[P-](F)(F)(F)(F)F failed standardization
key='[Cl-].[Cl-].[Cl-].[Cl-].[Ru++].[Ru++].[H]C1=C([H])C(C(C)C)=C([H])C([H])=C1C.[H]C1=C([H])C(C(C)C)=C([H])C([H])=C1C-1065' prediction.modelResults.predictionError=[Cl-].[Cl-].[Cl-].[Cl-].[Ru++].[Ru++].[H]C1=C([H])C(C(C)C)=C([H])C([H])=C1C.[H]C1=C([H])C(C(C)C)=C([H])C([H])=C1C failed standardization
key='[K+].[O-][15N+]([O-])=O-1065' prediction.modelResults.predictionError=[K+].[O-][15N+]([O-])=O failed standardization
key='CC1=CC=C(C=C1)[S@@](C)=O-1065' prediction.modelResults.predictionError=CC1=CC=C(C=C1)[S@@](C)=O failed standardization
key='[Rh].F[B-](F)(F)F.[H]C12CC([H])(C=C1)C=C2.[H]C12CC([H])(C=C1)C=C2-1065' prediction.modelResults.predictionError=[Rh].F[B-](F)(F)F.[H]C12CC([H])(C=C1)C=C2.[H]C12CC([H])(C=C1)C=C2 failed standardization
key='Br[Mo](Br)(Br)Br-1065' prediction.modelResults.predictionError=Br[Mo](Br)(Br)Br failed standardization
key='Cl[Ru+].CC(C)C1=CC=C(C)C=C1.CC1=CC=C(C=C1)S(=O)(=O)[N-][C@H]([C@@H](N)C1=CC=CC=C1)C1=CC=CC=C1-1065' prediction.modelResults.predictionError=Cl[Ru+].CC(C)C1=CC=C(C)C=C1.CC1=CC=C(C=C1)S(=O)(=O)[N-][C@H]([C@@H](N)C1=CC=CC=C1)C1=CC=CC=C1 failed standardization
key='[Rh].F[B-](F)(F)F.C1C\\C=C/CC\\C=C/1.COC1=CC=CC=C1[P@](CC[P@](C1=CC=CC=C1)C1=CC=CC=C1OC)C1=CC=CC=C1-1065' prediction.modelResults.predictionError=[Rh].F[B-](F)(F)F.C1C\C=C/CC\C=C/1.COC1=CC=CC=C1[P@](CC[P@](C1=CC=CC=C1)C1=CC=CC=C1OC)C1=CC=CC=C1 failed standardization
key='CC(C)[C@H](O)C[S@@](=O)C1=CC=C(C)C=C1-1065' prediction.modelResults.predictionError=CC(C)[C@H](O)C[S@@](=O)C1=CC=C(C)C=C1 failed standardization
key='O=[Re](=O)=O.O[Si](C1=CC=CC=C1)(C1=CC=CC=C1)C1=CC=CC=C1-1065' prediction.modelResults.predictionError=O=[Re](=O)=O.O[Si](C1=CC=CC=C1)(C1=CC=CC=C1)C1=CC=CC=C1 failed standardization
key='CC(C)OC1=CC=CC=C1C=[Ru](Cl)Cl.C1CCC(CC1)P(C1CCCCC1)C1CCCCC1-1065' prediction.modelResults.predictionError=CC(C)OC1=CC=CC=C1C=[Ru](Cl)Cl.C1CCC(CC1)P(C1CCCCC1)C1CCCCC1 failed standardization
key='[Rh].F[B-](F)(F)F.C1C\\C=C/CC\\C=C/1.C(CCP(C1=CC=CC=C1)C1=CC=CC=C1)CP(C1=CC=CC=C1)C1=CC=CC=C1-1065' prediction.modelResults.predictionError=[Rh].F[B-](F)(F)F.C1C\C=C/CC\C=C/1.C(CCP(C1=CC=CC=C1)C1=CC=CC=C1)CP(C1=CC=CC=C1)C1=CC=CC=C1 failed standardization
key='O.O.Cl[Ni]Cl-1065' prediction.modelResults.predictionError=O.O.Cl[Ni]Cl failed standardization
key='C[S@](=O)C1=CC=CC=C1Cl-1065' prediction.modelResults.predictionError=C[S@](=O)C1=CC=CC=C1Cl failed standardization
key='[Cl-].[Cl-].[Cl-].[Cl-].[Ru++].[Ru++].[C-]#[O+].[C-]#[O+].[C-]#[O+].[C-]#[O+].[C-]#[O+].[C-]#[O+]-1065' prediction.modelResults.predictionError=[Cl-].[Cl-].[Cl-].[Cl-].[Ru++].[Ru++].[C-]#[O+].[C-]#[O+].[C-]#[O+].[C-]#[O+].[C-]#[O+].[C-]#[O+] failed standardization
key='[Rh].[Rh].CCCCCCCC(O)=O.CCCCCCCC(O)=O.CCCCCCCC(O)=O.CCCCCCCC(O)=O-1065' prediction.modelResults.predictionError=[Rh].[Rh].CCCCCCCC(O)=O.CCCCCCCC(O)=O.CCCCCCCC(O)=O.CCCCCCCC(O)=O failed standardization
key='CC(C)=CC=[Ru](Cl)Cl.C1CCC(CC1)P(C1CCCCC1)C1CCCCC1.C1CCC(CC1)P(C1CCCCC1)C1CCCCC1-1065' prediction.modelResults.predictionError=CC(C)=CC=[Ru](Cl)Cl.C1CCC(CC1)P(C1CCCCC1)C1CCCCC1.C1CCC(CC1)P(C1CCCCC1)C1CCCCC1 failed standardization
key='Cl[Ru]Cl.Cl[Ru]Cl.C1=CC=CC=C1.C1=CC=CC=C1-1065' prediction.modelResults.predictionError=Cl[Ru]Cl.Cl[Ru]Cl.C1=CC=CC=C1.C1=CC=CC=C1 failed standardization
key='[Ga]I-1065' prediction.modelResults.predictionError=[Ga]I failed standardization
key='CC(C)(C)[S@](N)=O-1065' prediction.modelResults.predictionError=CC(C)(C)[S@](N)=O failed standardization
key='F[Ti+](F)F-1065' prediction.modelResults.predictionError=F[Ti+](F)F failed standardization
key='[Li][Sn](C)(C)C-1065' prediction.modelResults.predictionError=[Li][Sn](C)(C)C failed standardization
key='Cl[Ru+].CC1=CC(C)=CC(C)=C1.CC1=CC=C(C=C1)S(=O)(=O)[N-][C@@H]([C@H](N)C1=CC=CC=C1)C1=CC=CC=C1-1065' prediction.modelResults.predictionError=Cl[Ru+].CC1=CC(C)=CC(C)=C1.CC1=CC=C(C=C1)S(=O)(=O)[N-][C@@H]([C@H](N)C1=CC=CC=C1)C1=CC=CC=C1 failed standardization
key='[Rh].[O-]S(=O)(=O)C(F)(F)F.C1C\\C=C/CC\\C=C/1.C[C@@H]1CC[C@@H](C)P1C1=CC=CC=C1P1[C@H](C)CC[C@H]1C-1065' prediction.modelResults.predictionError=[Rh].[O-]S(=O)(=O)C(F)(F)F.C1C\C=C/CC\C=C/1.C[C@@H]1CC[C@@H](C)P1C1=CC=CC=C1P1[C@H](C)CC[C@H]1C failed standardization
key='Cl[Se+](Cl)Cl-1065' prediction.modelResults.predictionError=Cl[Se+](Cl)Cl failed standardization
key='OB(O)B(O)O-1065' prediction.modelResults.predictionError=OB(O)B(O)O failed standardization
key='CC1=CC=C(C=C1)[S@](=O)C1=CC=CN1-1065' prediction.modelResults.predictionError=CC1=CC=C(C=C1)[S@](=O)C1=CC=CN1 failed standardization
key='CC1=CC=C(C=C1)[S@](=O)CC(=O)C1=CC=CC=C1-1065' prediction.modelResults.predictionError=CC1=CC=C(C=C1)[S@](=O)CC(=O)C1=CC=CC=C1 failed standardization
key='[Rh].F[P-](F)(F)(F)(F)F.C1C\\C=C/CC\\C=C/1.C1C\\C=C/CC\\C=C/1-1065' prediction.modelResults.predictionError=[Rh].F[P-](F)(F)(F)(F)F.C1C\C=C/CC\C=C/1.C1C\C=C/CC\C=C/1 failed standardization
key='[Rh].F[B-](F)(F)F.[H]C12CC([H])(C=C1)C=C2.C(CCP(C1=CC=CC=C1)C1=CC=CC=C1)CP(C1=CC=CC=C1)C1=CC=CC=C1-1065' prediction.modelResults.predictionError=[Rh].F[B-](F)(F)F.[H]C12CC([H])(C=C1)C=C2.C(CCP(C1=CC=CC=C1)C1=CC=CC=C1)CP(C1=CC=CC=C1)C1=CC=CC=C1 failed standardization
key='CC1=CC=C(C=C1)[S@](=O)C1=CCCC1=O-1065' prediction.modelResults.predictionError=CC1=CC=C(C=C1)[S@](=O)C1=CCCC1=O failed standardization
key='[Rh].F[B-](F)(F)F.C1C\\C=C/CC\\C=C/1.CC[C@H]1CC[C@H](CC)P1C1=CC=CC=C1P1[C@@H](CC)CC[C@@H]1CC-1065' prediction.modelResults.predictionError=[Rh].F[B-](F)(F)F.C1C\C=C/CC\C=C/1.CC[C@H]1CC[C@H](CC)P1C1=CC=CC=C1P1[C@@H](CC)CC[C@@H]1CC failed standardization
key='O.[TlH] |^1:1|-1065' prediction.modelResults.predictionError=O.[TlH] |^1:1| failed standardization
key='[Rh].[Rh].CC(C)(C)C1=CC=C(C=C1)S(=O)(=O)N1CCC[C@H]1C(O)=O.CC(C)(C)C1=CC=C(C=C1)S(=O)(=O)N1CCC[C@H]1C(O)=O.CC(C)(C)C1=CC=C(C=C1)S(=O)(=O)N1CCC[C@H]1C(O)=O.CC(C)(C)C1=CC=C(C=C1)S(=O)(=O)N1CCC[C@H]1C(O)=O-1065' prediction.modelResults.predictionError=[Rh].[Rh].CC(C)(C)C1=CC=C(C=C1)S(=O)(=O)N1CCC[C@H]1C(O)=O.CC(C)(C)C1=CC=C(C=C1)S(=O)(=O)N1CCC[C@H]1C(O)=O.CC(C)(C)C1=CC=C(C=C1)S(=O)(=O)N1CCC[C@H]1C(O)=O.CC(C)(C)C1=CC=C(C=C1)S(=O)(=O)N1CCC[C@H]1C(O)=O failed standardization
key='C[S@](=O)C1=CC=CC=C1-1065' prediction.modelResults.predictionError=C[S@](=O)C1=CC=CC=C1 failed standardization
key='C[S@](=O)C1=CC=C(F)C=C1-1065' prediction.modelResults.predictionError=C[S@](=O)C1=CC=C(F)C=C1 failed standardization
key='[Li+].[Li+].Br[Ni--](Br)(Br)Br-1065' prediction.modelResults.predictionError=[Li+].[Li+].Br[Ni--](Br)(Br)Br failed standardization
key='I[Ir](I)I-1065' prediction.modelResults.predictionError=I[Ir](I)I failed standardization
key='[Li+].[B].[NH2-]-1065' prediction.modelResults.predictionError=[Li+].[B].[NH2-] failed standardization
key='CC1=CC=C(C=C1)[S@](N)=O-1065' prediction.modelResults.predictionError=CC1=CC=C(C=C1)[S@](N)=O failed standardization
key='COC(=O)C[S@@](=O)CC(O)=O-1065' prediction.modelResults.predictionError=COC(=O)C[S@@](=O)CC(O)=O failed standardization
key='C[Sn](C)(C)[Na]-1065' prediction.modelResults.predictionError=C[Sn](C)(C)[Na] failed standardization
key='Cl[Si](Cl)(Cl)I-1065' prediction.modelResults.predictionError=Cl[Si](Cl)(Cl)I failed standardization
key='C[S@@](=O)C1=CC=CC2=CC=CC=C12-1065' prediction.modelResults.predictionError=C[S@@](=O)C1=CC=CC2=CC=CC=C12 failed standardization
key='[Li][Ge](C)(C)C1=CC=CC=C1-1065' prediction.modelResults.predictionError=[Li][Ge](C)(C)C1=CC=CC=C1 failed standardization
key='[Ag+].F[As-](F)(F)(F)(F)F-1065' prediction.modelResults.predictionError=[Ag+].F[As-](F)(F)(F)(F)F failed standardization
key='FS(F)=N-1065' prediction.modelResults.predictionError=FS(F)=N failed standardization
key='[Li][Sn](CCCC)(CCCC)CCCC-1065' prediction.modelResults.predictionError=[Li][Sn](CCCC)(CCCC)CCCC failed standardization
key='CC1=CC=C(C=C1)[S@](=O)C=C-1065' prediction.modelResults.predictionError=CC1=CC=C(C=C1)[S@](=O)C=C failed standardization
key='CC1=CC=CC=C1N1C=CN=C1[S@@](=O)CCCO-1065' prediction.modelResults.predictionError=CC1=CC=CC=C1N1C=CN=C1[S@@](=O)CCCO failed standardization
key='CC1=CC=C(C=C1)[S@@](N)=O-1065' prediction.modelResults.predictionError=CC1=CC=C(C=C1)[S@@](N)=O failed standardization
key='C[P](C)(C)[Ni](Cl)(Cl)[P](C)(C)C-1065' prediction.modelResults.predictionError=C[P](C)(C)[Ni](Cl)(Cl)[P](C)(C)C failed standardization
key='OP(Cl)Cl-1065' prediction.modelResults.predictionError=OP(Cl)Cl failed standardization
key='[O-][Re](=O)(=O)=O.CCCC[N+](CCCC)(CCCC)CCCC-1065' prediction.modelResults.predictionError=[O-][Re](=O)(=O)=O.CCCC[N+](CCCC)(CCCC)CCCC failed standardization
key='CC[Ge]([Na])(CC)CC-1065' prediction.modelResults.predictionError=CC[Ge]([Na])(CC)CC failed standardization
key='[Rh].CC#N.CC#N.F[B-](F)(F)F.C1C\\C=C/CC\\C=C/1-1065' prediction.modelResults.predictionError=[Rh].CC#N.CC#N.F[B-](F)(F)F.C1C\C=C/CC\C=C/1 failed standardization
key='Cl[Ru]Cl.N[C@H]([C@@H](N)C1=CC=CC=C1)C1=CC=CC=C1.CC1=CC(=CC(C)=C1)P(C1=CC(C)=CC(C)=C1)C1=C(C2=CC=CC=C2C=C1)C1=C(C=CC2=CC=CC=C12)P(C1=CC(C)=CC(C)=C1)C1=CC(C)=CC(C)=C1-1065' prediction.modelResults.predictionError=Cl[Ru]Cl.N[C@H]([C@@H](N)C1=CC=CC=C1)C1=CC=CC=C1.CC1=CC(=CC(C)=C1)P(C1=CC(C)=CC(C)=C1)C1=C(C2=CC=CC=C2C=C1)C1=C(C=CC2=CC=CC=C12)P(C1=CC(C)=CC(C)=C1)C1=CC(C)=CC(C)=C1 failed standardization
key='[Li][Sn](C1=CC=CC=C1)(C1=CC=CC=C1)C1=CC=CC=C1-1065' prediction.modelResults.predictionError=[Li][Sn](C1=CC=CC=C1)(C1=CC=CC=C1)C1=CC=CC=C1 failed standardization
key='[Rh].[O-]S(=O)(=O)C(F)(F)F.C1C\\C=C/CC\\C=C/1.CC[C@H]1CC[C@H](CC)P1C1=CC=CC=C1P1[C@@H](CC)CC[C@@H]1CC-1065' prediction.modelResults.predictionError=[Rh].[O-]S(=O)(=O)C(F)(F)F.C1C\C=C/CC\C=C/1.CC[C@H]1CC[C@H](CC)P1C1=CC=CC=C1P1[C@@H](CC)CC[C@@H]1CC failed standardization
key='I.O=[Re]=O.C1=CC=C(C=C1)P(C1=CC=CC=C1)C1=CC=CC=C1.C1=CC=C(C=C1)P(C1=CC=CC=C1)C1=CC=CC=C1-1065' prediction.modelResults.predictionError=I.O=[Re]=O.C1=CC=C(C=C1)P(C1=CC=CC=C1)C1=CC=CC=C1.C1=CC=C(C=C1)P(C1=CC=CC=C1)C1=CC=CC=C1 failed standardization
key='BrC1=CN=CC=C1.BrC1=CN=CC=C1.CC1=CC(C)=C(N2CCN(C2=[Ru](Cl)(Cl)=CC2=CC=CC=C2)C2=C(C)C=C(C)C=C2C)C(C)=C1-1065' prediction.modelResults.predictionError=BrC1=CN=CC=C1.BrC1=CN=CC=C1.CC1=CC(C)=C(N2CCN(C2=[Ru](Cl)(Cl)=CC2=CC=CC=C2)C2=C(C)C=C(C)C=C2C)C(C)=C1 failed standardization
key='[Ni].[Cd]-1065' prediction.modelResults.predictionError=[Ni].[Cd] failed standardization
key='NC(=O)C[S@](=O)C(C1=CC=CC=C1)C1=CC=CC=C1-1065' prediction.modelResults.predictionError=NC(=O)C[S@](=O)C(C1=CC=CC=C1)C1=CC=CC=C1 failed standardization
key='CN[S@](=O)C1=CC=CC=C1-1065' prediction.modelResults.predictionError=CN[S@](=O)C1=CC=CC=C1 failed standardization
key='[Na+].[K+].[O-][N+]([O-])=O.[O-][N+]([O-])=O-1065' prediction.modelResults.predictionError=[Na+].[K+].[O-][N+]([O-])=O.[O-][N+]([O-])=O failed standardization
key='[K][Sn](C1=CC=CC=C1)(C1=CC=CC=C1)C1=CC=CC=C1-1065' prediction.modelResults.predictionError=[K][Sn](C1=CC=CC=C1)(C1=CC=CC=C1)C1=CC=CC=C1 failed standardization
key='[Pd].[SnH2]-1065' prediction.modelResults.predictionError=[Pd].[SnH2] failed standardization
key='Cl[C@H](CC1=CC=CC=C1)[S@](=O)C1=CC=C(Cl)C=C1-1065' prediction.modelResults.predictionError=Cl[C@H](CC1=CC=CC=C1)[S@](=O)C1=CC=C(Cl)C=C1 failed standardization
key='[Rh].F[B-](F)(F)F.C1C\\C=C/CC\\C=C/1.CC[C@@H]1CC[C@@H](CC)P1C1=CC=CC=C1P1[C@H](CC)CC[C@H]1CC-1065' prediction.modelResults.predictionError=[Rh].F[B-](F)(F)F.C1C\C=C/CC\C=C/1.CC[C@@H]1CC[C@@H](CC)P1C1=CC=CC=C1P1[C@H](CC)CC[C@H]1CC failed standardization
key='[Cr].[Mo]-1065' prediction.modelResults.predictionError=[Cr].[Mo] failed standardization
key='CSCC1=CC=CC=C1[S@@](=O)C1=CC=C(C)C=C1-1065' prediction.modelResults.predictionError=CSCC1=CC=CC=C1[S@@](=O)C1=CC=C(C)C=C1 failed standardization
key='C[C@H]1[C@H](O[S@@](=O)N1S(=O)(=O)C1=CC=C(C)C=C1)C1=CC=CC=C1-1065' prediction.modelResults.predictionError=C[C@H]1[C@H](O[S@@](=O)N1S(=O)(=O)C1=CC=C(C)C=C1)C1=CC=CC=C1 failed standardization
key='OC(=O)C[S@@](=O)C(C1=CC=CC=C1)C1=CC=CC=C1-1065' prediction.modelResults.predictionError=OC(=O)C[S@@](=O)C(C1=CC=CC=C1)C1=CC=CC=C1 failed standardization
key='[Pt].[Bi]-1065' prediction.modelResults.predictionError=[Pt].[Bi] failed standardization
key='[Si]1[Si][Si][Si][Si]1-1065' prediction.modelResults.predictionError=[Si]1[Si][Si][Si][Si]1 failed standardization
key='C[S@](=O)C1=CC=CC2=CC=CC=C12-1065' prediction.modelResults.predictionError=C[S@](=O)C1=CC=CC2=CC=CC=C12 failed standardization
key='CCCCCCCCCCCCC=C([S@@](=O)C1=CC=C(C)C=C1)[S@@](=O)C1=CC=C(C)C=C1-1065' prediction.modelResults.predictionError=CCCCCCCCCCCCC=C([S@@](=O)C1=CC=C(C)C=C1)[S@@](=O)C1=CC=C(C)C=C1 failed standardization
key='[Cr].[Co]-1065' prediction.modelResults.predictionError=[Cr].[Co] failed standardization
key='[Co].[Pd]-1065' prediction.modelResults.predictionError=[Co].[Pd] failed standardization
key='[Co].[Au]-1065' prediction.modelResults.predictionError=[Co].[Au] failed standardization
key='C1CCC(CC1)P(C1CCCCC1)C1CCCCC1.CC(C)=CC=[Ru](Cl)(Cl)=C1N(CCN1C1=C(C)C=C(C)C=C1C)C1=C(C)C=C(C)C=C1C-1065' prediction.modelResults.predictionError=C1CCC(CC1)P(C1CCCCC1)C1CCCCC1.CC(C)=CC=[Ru](Cl)(Cl)=C1N(CCN1C1=C(C)C=C(C)C=C1C)C1=C(C)C=C(C)C=C1C failed standardization
key='[Fe].[Co]-1065' prediction.modelResults.predictionError=[Fe].[Co] failed standardization
key='CC(C)(C)[S@@](N)=O-1065' prediction.modelResults.predictionError=CC(C)(C)[S@@](N)=O failed standardization
key='CC1=CC=C(C=C1)[S@](=O)CC(=O)C=C-1065' prediction.modelResults.predictionError=CC1=CC=C(C=C1)[S@](=O)CC(=O)C=C failed standardization
key='[Pd].[Au]-1065' prediction.modelResults.predictionError=[Pd].[Au] failed standardization
key='[Cu].[Pd]-1065' prediction.modelResults.predictionError=[Cu].[Pd] failed standardization
key='CC(C)[S@](=O)C1=CC=CC=C1-1065' prediction.modelResults.predictionError=CC(C)[S@](=O)C1=CC=CC=C1 failed standardization
key='[Na+].[O-][15N+]([O-])=O-1065' prediction.modelResults.predictionError=[Na+].[O-][15N+]([O-])=O failed standardization
key='[Mn].[Cu]-1065' prediction.modelResults.predictionError=[Mn].[Cu] failed standardization
key='[Mg].[Zn]-1065' prediction.modelResults.predictionError=[Mg].[Zn] failed standardization
key='CC(C)(C)OC(=O)C[S@@](=O)C(C)(C)C-1065' prediction.modelResults.predictionError=CC(C)(C)OC(=O)C[S@@](=O)C(C)(C)C failed standardization
key='CC(C)=CC=[Ru](Cl)Cl.C1CCC(C1)P(C1CCCC1)C1CCCC1.C1CCC(C1)P(C1CCCC1)C1CCCC1-1065' prediction.modelResults.predictionError=CC(C)=CC=[Ru](Cl)Cl.C1CCC(C1)P(C1CCCC1)C1CCCC1.C1CCC(C1)P(C1CCCC1)C1CCCC1 failed standardization
key='[OH-].[Cl-].[Zn++]-1065' prediction.modelResults.predictionError=[OH-].[Cl-].[Zn++] failed standardization
key='[Co].[Ag]-1065' prediction.modelResults.predictionError=[Co].[Ag] failed standardization
key='CCCC[S@@](=O)C1=CC=C(C)C=C1-1065' prediction.modelResults.predictionError=CCCC[S@@](=O)C1=CC=C(C)C=C1 failed standardization
key='[Cr].[Fe].[Ni]-1065' prediction.modelResults.predictionError=[Cr].[Fe].[Ni] failed standardization
key='CC1=CC=C(C=C1)[S@](=O)C1=CC=CC=C1CC=O-1065' prediction.modelResults.predictionError=CC1=CC=C(C=C1)[S@](=O)C1=CC=CC=C1CC=O failed standardization
key='O.O.O.O.[Cl-].[Cl-].[Ca++]-1065' prediction.modelResults.predictionError=O.O.O.O.[Cl-].[Cl-].[Ca++] failed standardization
key='OC(=O)C[S@](=O)C(C1=CC=CC=C1)C1=CC=CC=C1-1065' prediction.modelResults.predictionError=OC(=O)C[S@](=O)C(C1=CC=CC=C1)C1=CC=CC=C1 failed standardization
key='C1CCOC1.C1CCOC1.[O+]#[C-][Re+]1([Br-][Re+]([Br-]1)([C-]#[O+])([C-]#[O+])[C-]#[O+])([C-]#[O+])[C-]#[O+]-1065' prediction.modelResults.predictionError=C1CCOC1.C1CCOC1.[O+]#[C-][Re+]1([Br-][Re+]([Br-]1)([C-]#[O+])([C-]#[O+])[C-]#[O+])([C-]#[O+])[C-]#[O+] failed standardization
key='[Rh++].[Rh++].CCCCCCCCCCCCC1=CC=C(C=C1)S(=O)(=O)N1CCC[C@H]1C([O-])=O.CCCCCCCCCCCCC1=CC=C(C=C1)S(=O)(=O)N1CCC[C@H]1C([O-])=O.CCCCCCCCCCCCC1=CC=C(C=C1)S(=O)(=O)N1CCC[C@H]1C([O-])=O.CCCCCCCCCCCCC1=CC=C(C=C1)S(=O)(=O)N1CCC[C@H]1C([O-])=O-1065' prediction.modelResults.predictionError=[Rh++].[Rh++].CCCCCCCCCCCCC1=CC=C(C=C1)S(=O)(=O)N1CCC[C@H]1C([O-])=O.CCCCCCCCCCCCC1=CC=C(C=C1)S(=O)(=O)N1CCC[C@H]1C([O-])=O.CCCCCCCCCCCCC1=CC=C(C=C1)S(=O)(=O)N1CCC[C@H]1C([O-])=O.CCCCCCCCCCCCC1=CC=C(C=C1)S(=O)(=O)N1CCC[C@H]1C([O-])=O failed standardization
key='CCCC[S@](=O)C1=CC=CC=C1-1065' prediction.modelResults.predictionError=CCCC[S@](=O)C1=CC=CC=C1 failed standardization
key='[Pb++].[O-][Cl](=O)=O.[O-][Cl](=O)=O-1065' prediction.modelResults.predictionError=[Pb++].[O-][Cl](=O)=O.[O-][Cl](=O)=O failed standardization
key='CC(=O)CC1=CC=CC=C1[S@@](=O)C1=CC=C(C)C=C1-1065' prediction.modelResults.predictionError=CC(=O)CC1=CC=CC=C1[S@@](=O)C1=CC=C(C)C=C1 failed standardization
key='[Li][Pb](CCCC)(CCCC)CCCC-1065' prediction.modelResults.predictionError=[Li][Pb](CCCC)(CCCC)CCCC failed standardization
key='CC(C)OC1=CC=CC=C1C=[Ru](Cl)(Cl)=C1N(CCN1C1=C(C)C=C(C)C=C1C)C1=C(C)C=C(C)C=C1C-1065' prediction.modelResults.predictionError=CC(C)OC1=CC=CC=C1C=[Ru](Cl)(Cl)=C1N(CCN1C1=C(C)C=C(C)C=C1C)C1=C(C)C=C(C)C=C1C failed standardization
key='CN1C=C(C(=O)C2=C1C=C(F)C=C2)[S@@](C)=O-1065' prediction.modelResults.predictionError=CN1C=C(C(=O)C2=C1C=C(F)C=C2)[S@@](C)=O failed standardization
key='ClP(Cl)(Cl)=NP(Cl)(Cl)=O-1065' prediction.modelResults.predictionError=ClP(Cl)(Cl)=NP(Cl)(Cl)=O failed standardization
key='[Rh].[Pd]-1065' prediction.modelResults.predictionError=[Rh].[Pd] failed standardization
key='CON(C)O-1065' prediction.modelResults.predictionError=CON(C)O failed standardization
key='S=[Nb]=S-1065' prediction.modelResults.predictionError=S=[Nb]=S failed standardization
key='[Li+].[Li+].Cl[Mn--](Cl)(Cl)Cl-1065' prediction.modelResults.predictionError=[Li+].[Li+].Cl[Mn--](Cl)(Cl)Cl failed standardization
key='[Ru++].CC([CH2-])=C.CC([CH2-])=C.C1C\\C=C/CC\\C=C/1-1065' prediction.modelResults.predictionError=[Ru++].CC([CH2-])=C.CC([CH2-])=C.C1C\C=C/CC\C=C/1 failed standardization
key='[F-].[F-].[F-].[F-].[F-].[Y+3].[Ba++]-1065' prediction.modelResults.predictionError=[F-].[F-].[F-].[F-].[F-].[Y+3].[Ba++] failed standardization
key='CCC1(CC)O[S@](=O)N([C@@H]1C1=CC=CC=C1)S(=O)(=O)C1=CC=C(C)C=C1-1065' prediction.modelResults.predictionError=CCC1(CC)O[S@](=O)N([C@@H]1C1=CC=CC=C1)S(=O)(=O)C1=CC=C(C)C=C1 failed standardization
key='O=[S@@](CC1=CC=CC=C1)C1=CC=CC=C1-1065' prediction.modelResults.predictionError=O=[S@@](CC1=CC=CC=C1)C1=CC=CC=C1 failed standardization
key='CCCCCC[S@](=O)CC1=CC=CC=C1-1065' prediction.modelResults.predictionError=CCCCCC[S@](=O)CC1=CC=CC=C1 failed standardization
key='CCC[S@@](=O)C1=CC=CC=C1-1065' prediction.modelResults.predictionError=CCC[S@@](=O)C1=CC=CC=C1 failed standardization
key='O.O.O.O.O.O.[Cr+3].[Br-].[Br-].[Br-]-1065' prediction.modelResults.predictionError=O.O.O.O.O.O.[Cr+3].[Br-].[Br-].[Br-] failed standardization
key='[NH4+].[NH4+].[O-]S(=O)(=O)OS([O-])(=O)=O-1065' prediction.modelResults.predictionError=[NH4+].[NH4+].[O-]S(=O)(=O)OS([O-])(=O)=O failed standardization
key='[Fe+6]-1065' prediction.modelResults.predictionError=[Fe+6] failed standardization
key='O[SiH2][SiH3]-1065' prediction.modelResults.predictionError=O[SiH2][SiH3] failed standardization
key='N1=NN=NN=N1-1065' prediction.modelResults.predictionError=N1=NN=NN=N1 failed standardization
key='O[Si](O)(O)O[Si](O)(O)O[Si](O)(O)O-1065' prediction.modelResults.predictionError=O[Si](O)(O)O[Si](O)(O)O[Si](O)(O)O failed standardization
key='[Ru++].[O-][Cl](=O)(=O)=O.[O-][Cl](=O)(=O)=O.C1=CC=C(C=C1)C1=C2C=CC3=C(C=CN=C3C2=NC=C1)C1=CC=CC=C1.C1=CC=C(C=C1)C1=C2C=CC3=C(C=CN=C3C2=NC=C1)C1=CC=CC=C1.C1=CC=C(C=C1)C1=C2C=CC3=C(C=CN=C3C2=NC=C1)C1=CC=CC=C1-1065' prediction.modelResults.predictionError=[Ru++].[O-][Cl](=O)(=O)=O.[O-][Cl](=O)(=O)=O.C1=CC=C(C=C1)C1=C2C=CC3=C(C=CN=C3C2=NC=C1)C1=CC=CC=C1.C1=CC=C(C=C1)C1=C2C=CC3=C(C=CN=C3C2=NC=C1)C1=CC=CC=C1.C1=CC=C(C=C1)C1=C2C=CC3=C(C=CN=C3C2=NC=C1)C1=CC=CC=C1 failed standardization
key='[Rh].C1=CC=C(C=C1)P(C1=CC=CC=C1)C1=CC=CC=C1.C1=CC=C(C=C1)P(C1=CC=CC=C1)C1=CC=CC=C1.C1=CC=C(C=C1)P(C1=CC=CC=C1)C1=CC=CC=C1.C1=CC=C(C=C1)P(C1=CC=CC=C1)C1=CC=CC=C1-1065' prediction.modelResults.predictionError=[Rh].C1=CC=C(C=C1)P(C1=CC=CC=C1)C1=CC=CC=C1.C1=CC=C(C=C1)P(C1=CC=CC=C1)C1=CC=CC=C1.C1=CC=C(C=C1)P(C1=CC=CC=C1)C1=CC=CC=C1.C1=CC=C(C=C1)P(C1=CC=CC=C1)C1=CC=CC=C1 failed standardization
key='[Ru].C1=CC=C(C=C1)P(C1=CC=CC=C1)C1=CC=CC=C1.C1=CC=C(C=C1)P(C1=CC=CC=C1)C1=CC=CC=C1.C1=CC=C(C=C1)P(C1=CC=CC=C1)C1=CC=CC=C1.C1=CC=C(C=C1)P(C1=CC=CC=C1)C1=CC=CC=C1-1065' prediction.modelResults.predictionError=[Ru].C1=CC=C(C=C1)P(C1=CC=CC=C1)C1=CC=CC=C1.C1=CC=C(C=C1)P(C1=CC=CC=C1)C1=CC=CC=C1.C1=CC=C(C=C1)P(C1=CC=CC=C1)C1=CC=CC=C1.C1=CC=C(C=C1)P(C1=CC=CC=C1)C1=CC=CC=C1 failed standardization
key='Cl[Ru]Cl.C1=CC=C(C=C1)P(C1=CC=CC=C1)C1=CC=CC=C1.C1=CC=C(C=C1)P(C1=CC=CC=C1)C1=CC=CC=C1.C1=CC=C(C=C1)P(C1=CC=CC=C1)C1=CC=CC=C1.C1=CC=C(C=C1)P(C1=CC=CC=C1)C1=CC=CC=C1-1065' prediction.modelResults.predictionError=Cl[Ru]Cl.C1=CC=C(C=C1)P(C1=CC=CC=C1)C1=CC=CC=C1.C1=CC=C(C=C1)P(C1=CC=CC=C1)C1=CC=CC=C1.C1=CC=C(C=C1)P(C1=CC=CC=C1)C1=CC=CC=C1.C1=CC=C(C=C1)P(C1=CC=CC=C1)C1=CC=CC=C1 failed standardization
key='[Ce+4].[Ce+4].[Ce+4].[O-][N+]([O-])=O.[O-][N+]([O-])=O.[O-][N+]([O-])=O.[O-][N+]([O-])=O.[O-][N+]([O-])=O.[O-][N+]([O-])=O.[O-][N+]([O-])=O.[O-][N+]([O-])=O.[O-][N+]([O-])=O.O[I](O)([O-])([O-])([O-])=O-1065' prediction.modelResults.predictionError=[Ce+4].[Ce+4].[Ce+4].[O-][N+]([O-])=O.[O-][N+]([O-])=O.[O-][N+]([O-])=O.[O-][N+]([O-])=O.[O-][N+]([O-])=O.[O-][N+]([O-])=O.[O-][N+]([O-])=O.[O-][N+]([O-])=O.[O-][N+]([O-])=O.O[I](O)([O-])([O-])([O-])=O failed standardization
key='[Ru+6].C[C-]1C(C)=C(C)C(C)=C1C.N#CC(=[C-]C(=C(C#N)C#N)C1=CC=CC=C1)C#N.C1=CC=C(C=C1)[PH+](C1=CC=CC=C1)C1=CC=CC=C1-1065' prediction.modelResults.predictionError=[Ru+6].C[C-]1C(C)=C(C)C(C)=C1C.N#CC(=[C-]C(=C(C#N)C#N)C1=CC=CC=C1)C#N.C1=CC=C(C=C1)[PH+](C1=CC=CC=C1)C1=CC=CC=C1 failed standardization
key='[Ru+5].C[Si](C)(C)C#C[Se].[CH-]1C=CC=C1.C1=CC=CC(=C1)[PH+](C1=CC=CC=C1)C1=CC=CC=C1.C1=CC=CC(=C1)[PH+](C1=CC=CC=C1)C1=CC=CC=C1 |^1:7|-1065' prediction.modelResults.predictionError=[Ru+5].C[Si](C)(C)C#C[Se].[CH-]1C=CC=C1.C1=CC=CC(=C1)[PH+](C1=CC=CC=C1)C1=CC=CC=C1.C1=CC=CC(=C1)[PH+](C1=CC=CC=C1)C1=CC=CC=C1 |^1:7| failed standardization
key='[Se].[Zr].[Ru+5].[CH-]1[CH-][CH-][CH-][CH-]1.[CH-]1C=CC=C1.[CH-]1C=CC=C1.[C-]#CC1=CC=CC=C1.C1=CC=C(C=C1)[PH+](C1=CC=CC=C1)C1=CC=CC=C1-1065' prediction.modelResults.predictionError=[Se].[Zr].[Ru+5].[CH-]1[CH-][CH-][CH-][CH-]1.[CH-]1C=CC=C1.[CH-]1C=CC=C1.[C-]#CC1=CC=CC=C1.C1=CC=C(C=C1)[PH+](C1=CC=CC=C1)C1=CC=CC=C1 failed standardization
key='[Ru+6].[CH-]1C=CC=C1.COC(=O)C1=N[N-]N=C1C(=O)OC.C(C[PH+](C1=CC=CC=C1)C1=CC=CC=C1)[PH+](C1=CC=CC=C1)C1=CC=CC=C1-1065' prediction.modelResults.predictionError=[Ru+6].[CH-]1C=CC=C1.COC(=O)C1=N[N-]N=C1C(=O)OC.C(C[PH+](C1=CC=CC=C1)C1=CC=CC=C1)[PH+](C1=CC=CC=C1)C1=CC=CC=C1 failed standardization
key='[Ru+].C1[CH-][CH-][CH-]C=CC=C1.CC1=CC(C)=CC(C)=C1-1065' prediction.modelResults.predictionError=[Ru+].C1[CH-][CH-][CH-]C=CC=C1.CC1=CC(C)=CC(C)=C1 failed standardization
key='[Rh].[CH-]1C=CC=C1.[CH2-]CC(O)(C1CCCCN1)C1=CC=CC[N-]1-1065' prediction.modelResults.predictionError=[Rh].[CH-]1C=CC=C1.[CH2-]CC(O)(C1CCCCN1)C1=CC=CC[N-]1 failed standardization
key='O.[Ru+].[Ru+6].[Ru+6].CC(CO)C1=CC=CC=C1.C[C-]1[C-](C)[C-](C)[C-](C)[C-](C)[C-]1C.CC1=C(C)C(C)=C(C)C(C)=C1C-1065' prediction.modelResults.predictionError=O.[Ru+].[Ru+6].[Ru+6].CC(CO)C1=CC=CC=C1.C[C-]1[C-](C)[C-](C)[C-](C)[C-](C)[C-]1C.CC1=C(C)C(C)=C(C)C(C)=C1C failed standardization
key='[SH-].[SH-].[Co].[Co].[Co].[Co].[Ru].[Ru+5].[Ru+5].[Ru+5].[Ru+6].[Ru+6].[C-]#N.[C-]#N.[C-]#N.[C-]#N.[C-]#N.[C-]#N.[C-]#N.[C-]#N.[C-]#N.[C-]#N.[C-]#N.[C-]#N.[CH-]1[CH-][CH-][CH-][CH-]1.[CH-]1C=CC=C1.[CH-]1C=CC=C1.[CH-]1C=CC=C1.CC(C)[C-]1[CH-][CH-][C-](C)[CH-][CH-]1.CC(C)C1=CC=C(C)C=C1.C[C-]1C(C)=C(C)C(C)=C1C.C[C-]1C(C)=C(C)C(C)=C1C.C[C-]1C(C)=C(C)C(C)=C1C-1065' prediction.modelResults.predictionError=[SH-].[SH-].[Co].[Co].[Co].[Co].[Ru].[Ru+5].[Ru+5].[Ru+5].[Ru+6].[Ru+6].[C-]#N.[C-]#N.[C-]#N.[C-]#N.[C-]#N.[C-]#N.[C-]#N.[C-]#N.[C-]#N.[C-]#N.[C-]#N.[C-]#N.[CH-]1[CH-][CH-][CH-][CH-]1.[CH-]1C=CC=C1.[CH-]1C=CC=C1.[CH-]1C=CC=C1.CC(C)[C-]1[CH-][CH-][C-](C)[CH-][CH-]1.CC(C)C1=CC=C(C)C=C1.C[C-]1C(C)=C(C)...
key='[Re].[N-]=O.CC(N[C-]=O)C1=CC=CC2=CC=CC=C12.C1=CC=C(C=C1)[PH+](C1=CC=CC=C1)C1=CC=CC=C1.[H]C12CC([H])(C(C)C(C1)[C-]1C(C)=C(C)C(C)=C1C)C2(C)C-1065' prediction.modelResults.predictionError=[Re].[N-]=O.CC(N[C-]=O)C1=CC=CC2=CC=CC=C12.C1=CC=C(C=C1)[PH+](C1=CC=CC=C1)C1=CC=CC=C1.[H]C12CC([H])(C(C)C(C1)[C-]1C(C)=C(C)C(C)=C1C)C2(C)C failed standardization
key='[SH-].[SH-].[SH-].[SH-].[Ru+5].[Ru+5].[Re].[Re].C[C-]1[C-](C)[C-](C)[C-](C)[C-]1C.C[C-]1C(C)=C(C)C(C)=C1C.C[Si](C)(C)C([S-])=C([S-])[Si](C)(C)C.C[Si](C)(C)C([S-])=C([S-])[Si](C)(C)C-1065' prediction.modelResults.predictionError=[SH-].[SH-].[SH-].[SH-].[Ru+5].[Ru+5].[Re].[Re].C[C-]1[C-](C)[C-](C)[C-](C)[C-]1C.C[C-]1C(C)=C(C)C(C)=C1C.C[Si](C)(C)C([S-])=C([S-])[Si](C)(C)C.C[Si](C)(C)C([S-])=C([S-])[Si](C)(C)C failed standardization
key='[Ru+6].[CH-]1C=CC=C1.C1=CC=C(C=C1)[PH+](C1=CC=CC=C1)C1=CC=CC=C1.C1=CC=C(C=C1)[PH+](C1=CC=CC=C1)C1=CC=CC=C1[PH+](C1=CC=CC=C1)C1=CC=CC=C1-1065' prediction.modelResults.predictionError=[Ru+6].[CH-]1C=CC=C1.C1=CC=C(C=C1)[PH+](C1=CC=CC=C1)C1=CC=CC=C1.C1=CC=C(C=C1)[PH+](C1=CC=CC=C1)C1=CC=CC=C1[PH+](C1=CC=CC=C1)C1=CC=CC=C1 failed standardization
key='[Ru+6].[CH-]1C=CC=C1.CO[PH+](OC)OC.CCOC(=O)N=C1S[C-]=C1C1=CC=CC=C1.C1=CC=C(C=C1)[PH+](C1=CC=CC=C1)C1=CC=CC=C1-1065' prediction.modelResults.predictionError=[Ru+6].[CH-]1C=CC=C1.CO[PH+](OC)OC.CCOC(=O)N=C1S[C-]=C1C1=CC=CC=C1.C1=CC=C(C=C1)[PH+](C1=CC=CC=C1)C1=CC=CC=C1 failed standardization
key='F[Ru](F)F-1065' prediction.modelResults.predictionError=F[Ru](F)F failed standardization
key='FP-1065' prediction.modelResults.predictionError=FP failed standardization
key='N1NO1-1065' prediction.modelResults.predictionError=N1NO1 failed standardization
key='F[Zn+]-1065' prediction.modelResults.predictionError=F[Zn+] failed standardization
key='[Ru++].F[P-](F)(F)(F)(F)F.F[P-](F)(F)(F)(F)F.C1=CC=C(N=C1)C1=CC=CC=N1.C1=CC=C(N=C1)C1=CC=CC=N1.NC1=C2C=CC=NC2=C2N=CC=CC2=C1-1065' prediction.modelResults.predictionError=[Ru++].F[P-](F)(F)(F)(F)F.F[P-](F)(F)(F)(F)F.C1=CC=C(N=C1)C1=CC=CC=N1.C1=CC=C(N=C1)C1=CC=CC=N1.NC1=C2C=CC=NC2=C2N=CC=CC2=C1 failed standardization
key='Cl[Si](Cl)(Cl)[Si](Cl)(Cl)[Si](Cl)(Cl)[Si](Cl)(Cl)Cl-1065' prediction.modelResults.predictionError=Cl[Si](Cl)(Cl)[Si](Cl)(Cl)[Si](Cl)(Cl)[Si](Cl)(Cl)Cl failed standardization
key='Cl[Si](Cl)(Cl)[Si](Cl)(Cl)[Si](Cl)(Cl)[Si](Cl)(Cl)[Si](Cl)(Cl)Cl-1065' prediction.modelResults.predictionError=Cl[Si](Cl)(Cl)[Si](Cl)(Cl)[Si](Cl)(Cl)[Si](Cl)(Cl)[Si](Cl)(Cl)Cl failed standardization
key='O.O.O.Cl[Ru](Cl)Cl-1065' prediction.modelResults.predictionError=O.O.O.Cl[Ru](Cl)Cl failed standardization
key='SBr-1065' prediction.modelResults.predictionError=SBr failed standardization
key='[Cr++]I-1065' prediction.modelResults.predictionError=[Cr++]I failed standardization
key='CC(C)N(C(C)C)C(=O)[C@H](CC=C)[S@@](=O)C1CCCCC1-1065' prediction.modelResults.predictionError=CC(C)N(C(C)C)C(=O)[C@H](CC=C)[S@@](=O)C1CCCCC1 failed standardization
key='[BH4-].[BH4-].[Mg++]-1065' prediction.modelResults.predictionError=[BH4-].[BH4-].[Mg++] failed standardization
key='[NH4+].[K+].[O-]S([O-])(=O)=O-1065' prediction.modelResults.predictionError=[NH4+].[K+].[O-]S([O-])(=O)=O failed standardization
key='ClN1SN(Cl)SN(Cl)S1-1065' prediction.modelResults.predictionError=ClN1SN(Cl)SN(Cl)S1 failed standardization
key='[Cu++].NS([O-])(=O)=O.NS([O-])(=O)=O-1065' prediction.modelResults.predictionError=[Cu++].NS([O-])(=O)=O.NS([O-])(=O)=O failed standardization
key='[Li][Ge](C)(C1=CC=CC=C1)C1=CC=CC=C1-1065' prediction.modelResults.predictionError=[Li][Ge](C)(C1=CC=CC=C1)C1=CC=CC=C1 failed standardization
key='CC1=CC=C(C=C1)[S@](=O)C1=CC=CC=C1C[Si](C)(C)C-1065' prediction.modelResults.predictionError=CC1=CC=C(C=C1)[S@](=O)C1=CC=CC=C1C[Si](C)(C)C failed standardization
key='CCCC1=CC=CC=C1[S@@](=O)C1=CC=C(C)C=C1-1065' prediction.modelResults.predictionError=CCCC1=CC=CC=C1[S@@](=O)C1=CC=C(C)C=C1 failed standardization
key='CC1=CC=C(C=C1)[S@](=O)C1=CC=CC=C1CCC1=CC=CC=C1-1065' prediction.modelResults.predictionError=CC1=CC=C(C=C1)[S@](=O)C1=CC=CC=C1CCC1=CC=CC=C1 failed standardization
key='CC1=CC=C(C=C1)[S@](=O)C1=CC=CC=C1CCCC1=CC=CC=C1-1065' prediction.modelResults.predictionError=CC1=CC=C(C=C1)[S@](=O)C1=CC=CC=C1CCCC1=CC=CC=C1 failed standardization
key='CC1=CC=C(C=C1)[S@](=O)C1=CC=CC=C1CCC=C-1065' prediction.modelResults.predictionError=CC1=CC=C(C=C1)[S@](=O)C1=CC=CC=C1CCC=C failed standardization
key='COCCC1=CC=CC=C1[S@@](=O)C1=CC=C(C)C=C1-1065' prediction.modelResults.predictionError=COCCC1=CC=CC=C1[S@@](=O)C1=CC=C(C)C=C1 failed standardization
key='O=[S@](CC1=CC=CC=C1)C1=CC=CC=C1-1065' prediction.modelResults.predictionError=O=[S@](CC1=CC=CC=C1)C1=CC=CC=C1 failed standardization
key='C=S(=O)=O-1065' prediction.modelResults.predictionError=C=S(=O)=O failed standardization
key='CCCC[S@@](=O)C1=CC=CC=C1-1065' prediction.modelResults.predictionError=CCCC[S@@](=O)C1=CC=CC=C1 failed standardization
key='CC[S@](=O)CC1=CC=CC=C1-1065' prediction.modelResults.predictionError=CC[S@](=O)CC1=CC=CC=C1 failed standardization
key='CCCO[S@](C)=O-1065' prediction.modelResults.predictionError=CCCO[S@](C)=O failed standardization
key='C1=CC2=CC=CC=CC=CC=CC=CC=CC=CC=C2C=C1-1065' prediction.modelResults.predictionError=Number of atoms equals zero
key='[O-]S(=O)(=O)C1=CC=CC=C1.CC1=C(OC=[N+]1CC1=CC=CC=C1)C1=CC=CC=C1-1065' prediction.modelResults.predictionError=[O-]S(=O)(=O)C1=CC=CC=C1.CC1=C(OC=[N+]1CC1=CC=CC=C1)C1=CC=CC=C1: model can't run mixtures
key='CC(=O)CC1=C(C=C(C=C1)[N+]([O-])=O)C(O)=O-1065' prediction.modelResults.predictionError=Number of atoms equals zero
key='COS([O-])(=O)=O.C[N+]1=CC=CC(=C1)C(=O)OCC(C)(C)N(Cl)Cl-1065' prediction.modelResults.predictionError=COS([O-])(=O)=O.C[N+]1=CC=CC(=C1)C(=O)OCC(C)(C)N(Cl)Cl: model can't run mixtures
key='CCOC(=O)C1=CC=CC=C1CSC1=CC2=CC=CC=C2[Se]1-1065' prediction.modelResults.predictionError=CCOC(=O)C1=CC=CC=C1CSC1=CC2=CC=CC=C2[Se]1: Molecule contains unsupported element
key='OC(=O)C1=CC=CC=C1CSC1=CC2=CC=CC=C2[Se]1-1065' prediction.modelResults.predictionError=OC(=O)C1=CC=CC=C1CSC1=CC2=CC=CC=C2[Se]1: Molecule contains unsupported element
key='NC(=O)C1=CC=CC=C1CSC1=CC2=CC=CC=C2[Se]1-1065' prediction.modelResults.predictionError=NC(=O)C1=CC=CC=C1CSC1=CC2=CC=CC=C2[Se]1: Molecule contains unsupported element
key='CC1=CC=C(C=C1)[Tl](F)F-1065' prediction.modelResults.predictionError=CC1=CC=C(C=C1)[Tl](F)F: Molecule contains unsupported element
key='CCC1=CC=C(C=C1)[Tl](F)F-1065' prediction.modelResults.predictionError=CCC1=CC=C(C=C1)[Tl](F)F: Molecule contains unsupported element
key='F[Tl](F)C1=CC=C(C=C1)C1=CC=CC=C1-1065' prediction.modelResults.predictionError=F[Tl](F)C1C=CC(=CC=1)C1C=CC=CC=1: Molecule contains unsupported element
key='COS([O-])(=O)=O.C[N+]1=CC=CC2=CC=CC=C12-1065' prediction.modelResults.predictionError=COS([O-])(=O)=O.C[N+]1=CC=CC2=CC=CC=C12: model can't run mixtures
key='NC1=NC2=CC=CC=C2N=C1.[O-][N+](=O)C1=CC(=CC(=C1)[N+]([O-])=O)[N+]([O-])=O-1065' prediction.modelResults.predictionError=NC1=NC2=CC=CC=C2N=C1.[O-][N+](=O)C1=CC(=CC(=C1)[N+]([O-])=O)[N+]([O-])=O: model can't run mixtures
key='CC(C)(C)C1=CC=C([Se]CC2=C(C[Se]C3=CC=C(C=C3)C(C)(C)C)C(C[Se]C3=CC=C(C=C3)C(C)(C)C)=C(C[Se]C3=CC=C(C=C3)C(C)(C)C)C(C[Se]C3=CC=C(C=C3)C(C)(C)C)=C2C[Se]C2=CC=C(C=C2)C(C)(C)C)C=C1-1065' prediction.modelResults.predictionError=CC(C)(C)C1C=CC(=CC=1)[Se]CC1C(C[Se]C2C=CC(=CC=2)C(C)(C)C)=C(C[Se]C2C=CC(=CC=2)C(C)(C)C)C(C[Se]C2C=CC(=CC=2)C(C)(C)C)=C(C[Se]C2C=CC(=CC=2)C(C)(C)C)C=1C[Se]C1C=CC(=CC=1)C(C)(C)C: Molecule contains unsupported element
key='CCC1(O)C2=CC=CC=C2C(=CC)C2=CC=CC=C12-1065' prediction.modelResults.predictionError=Number of atoms equals zero
key='OC(=O)C(O)=O.FC1=CC2=C(NC3=C2C=CC(OCCN2CCCC2)=C3)C=C1-1065' prediction.modelResults.predictionError=OC(=O)C(O)=O.FC1=CC2=C(NC3=C2C=CC(OCCN2CCCC2)=C3)C=C1: model can't run mixtures
key='OC(=O)C(O)=O.CCCCCCC(CN1C=CN=C1)C1=CC=CC=C1Cl-1065' prediction.modelResults.predictionError=OC(=O)C(O)=O.CCCCCCC(CN1C=CN=C1)C1=CC=CC=C1Cl: model can't run mixtures
key='OC(=O)C(O)=O.CCCCCCCC(CN1C=CN=C1)C1=CC=CC=C1Cl-1065' prediction.modelResults.predictionError=OC(=O)C(O)=O.CCCCCCCC(CN1C=CN=C1)C1=CC=CC=C1Cl: model can't run mixtures
key='CC([O-])=O.C[N+]1(C)CCCCC1C1=CC=CC=C1-1065' prediction.modelResults.predictionError=CC([O-])=O.C[N+]1(C)CCCCC1C1=CC=CC=C1: model can't run mixtures
key='CC([O-])=O.C[N+]1(C)CCCCC1C=C-1065' prediction.modelResults.predictionError=CC([O-])=O.C[N+]1(C)CCCCC1C=C: model can't run mixtures
key='O=C(CC1=NC2=CC=CC=C2[Se]1)C1=CN=CC=C1-1065' prediction.modelResults.predictionError=O=C(CC1=NC2=CC=CC=C2[Se]1)C1=CN=CC=C1: Molecule contains unsupported element
key='CC(=O)CC1=NC2=CC=CC=C2[Se]1-1065' prediction.modelResults.predictionError=CC(=O)CC1=NC2=CC=CC=C2[Se]1: Molecule contains unsupported element
key='CCOC(=O)C1=NN=C(Cl)S1-1065' prediction.modelResults.predictionError=Number of atoms equals zero
key='OC(=O)C(O)=O.BrC1=CC=C(C=C1)C1CN2C=CSC2=N1-1065' prediction.modelResults.predictionError=OC(=O)C(O)=O.BrC1=CC=C(C=C1)C1CN2C=CSC2=N1: model can't run mixtures
key='OC(=O)C(O)=O.C1C(N=C2SC=CN12)C1=CC2=CC=CC=C2C=C1-1065' prediction.modelResults.predictionError=OC(=O)C(O)=O.C1C(N=C2SC=CN12)C1=CC2=CC=CC=C2C=C1: model can't run mixtures
key='[Li+].[Se]1C=C[C-]=C1-1065' prediction.modelResults.predictionError=[C-]1C=C[Se]C=1: Molecule contains unsupported element
key='CCN(CC)CC.SC(=S)NC1CCCCC1-1065' prediction.modelResults.predictionError=CCN(CC)CC.SC(=S)NC1CCCCC1: model can't run mixtures
key='CC1CC(=O)OC1=C-1065' prediction.modelResults.predictionError=Number of atoms equals zero
key='CN1CCC([Se]C2=CC=CC=C2)C1=O-1065' prediction.modelResults.predictionError=CN1CCC([Se]C2C=CC=CC=2)C1=O: Molecule contains unsupported element
key='OC1=C(C#N)C(C#N)=C(O)C2=C1C=CC=C2[N+]([O-])=O-1065' prediction.modelResults.predictionError=Number of atoms equals zero
key='OB(O)C1=CC=CC=C1C(CC1=CC=CC=C1)C1=NCCN1-1065' prediction.modelResults.predictionError=OB(O)C1=CC=CC=C1C(CC1C=CC=CC=1)C1NCCN=1: Molecule contains unsupported element
key='CCN(CC)CC.SC(=S)NC1=CC=CC=N1-1065' prediction.modelResults.predictionError=CCN(CC)CC.SC(=S)NC1=CC=CC=N1: model can't run mixtures
key='CC(C#N)=C1CCC(CC1)C(C)(C)C-1065' prediction.modelResults.predictionError=Number of atoms equals zero
key='OC(=O)CCCC[Se]C1=CC=CC=C1-1065' prediction.modelResults.predictionError=OC(=O)CCCC[Se]C1C=CC=CC=1: Molecule contains unsupported element
key='CC(CCC(O)=O)[Se]C1=CC=CC=C1-1065' prediction.modelResults.predictionError=CC(CCC(O)=O)[Se]C1C=CC=CC=1: Molecule contains unsupported element
key='BrCC(=O)C1=CC=C[Se]1-1065' prediction.modelResults.predictionError=O=C(CBr)C1=CC=C[Se]1: Molecule contains unsupported element
key='ClB(Cl)CC1(CC1)B(Cl)Cl-1065' prediction.modelResults.predictionError=ClB(Cl)CC1(CC1)B(Cl)Cl: Molecule contains unsupported element
key='C1=CC=C(C=C1)B1N(N(B(N(N1C1=CC=CC=C1)C1=CC=CC=C1)C1=CC=CC=C1)C1=CC=CC=C1)C1=CC=CC=C1-1065' prediction.modelResults.predictionError=C1=CC=CC=C1B1N(C2C=CC=CC=2)N(B(C2C=CC=CC=2)N(C2C=CC=CC=2)N1C1C=CC=CC=1)C1C=CC=CC=1: Molecule contains unsupported element
key='C1COB(O1)C(B1OCCO1)=C1CCCCC1-1065' prediction.modelResults.predictionError=C1CCCCC1=C(B1OCCO1)B1OCCO1: Molecule contains unsupported element
key='CCB1C(CC)=C(C)[Sn](C)(C)C(C)=C1CC-1065' prediction.modelResults.predictionError=C[Sn]1(C)C(C)=C(CC)B(CC)C(CC)=C1C: Molecule contains unsupported element
key='COC(=O)C(Cl)CC(C)C-1065' prediction.modelResults.predictionError=Number of atoms equals zero
key='C[Si](C)(C)OB(O[Si](C)(C)C)C1=CC=CC=C1-1065' prediction.modelResults.predictionError=C[Si](C)(C)OB(O[Si](C)(C)C)C1C=CC=CC=1: Molecule contains unsupported element
key='CC[Si](CC)(CC)[Hg][Si](CC)(CC)CC-1065' prediction.modelResults.predictionError=CC[Si](CC)(CC)[Hg][Si](CC)(CC)CC failed standardization
key='CCCC[Pb](I)(I)I-1065' prediction.modelResults.predictionError=CCCC[Pb](I)(I)I: Molecule contains unsupported element
key='CCCCB(CCCC)CC=C-1065' prediction.modelResults.predictionError=CCCCB(CC=C)CCCC: Molecule contains unsupported element
key='[H]C12CB(CC=C)CC([H])(C1)C=C(CCC)C2-1065' prediction.modelResults.predictionError=CCCC1CC2CB(CC=C)CC(C2)C=1: Molecule contains unsupported element
key='CCB(CC)OC(C)(C)CC=C-1065' prediction.modelResults.predictionError=CC(C)(CC=C)OB(CC)CC: Molecule contains unsupported element
key='CCCCCCOB(CCC)CCC-1065' prediction.modelResults.predictionError=CCCCCCOB(CCC)CCC: Molecule contains unsupported element
key='CCCCCCOB(CCCC)CCCC-1065' prediction.modelResults.predictionError=CCCCCCOB(CCCC)CCCC: Molecule contains unsupported element
key='CCCB(OC)OC-1065' prediction.modelResults.predictionError=CCCB(OC)OC: Molecule contains unsupported element
key='CCCCCCSB(CC)CC-1065' prediction.modelResults.predictionError=CCCCCCSB(CC)CC: Molecule contains unsupported element
key='CCCB(CCC)OB(CCC)CCC-1065' prediction.modelResults.predictionError=CCCB(CCC)OB(CCC)CCC: Molecule contains unsupported element
key='C[Pb](C)(C)C(F)(F)F-1065' prediction.modelResults.predictionError=C[Pb](C)(C)C(F)(F)F: Molecule contains unsupported element
key='CCCC[B]CCCC-1065' prediction.modelResults.predictionError=CCCC[B]CCCC |^1:4|: Molecule contains unsupported element
key='FC(F)(F)C(=O)O[B]OC(=O)C(F)(F)F-1065' prediction.modelResults.predictionError=O=C(O[B]OC(=O)C(F)(F)F)C(F)(F)F |^1:3|: Molecule contains unsupported element
key='C[Si](C)(C)C[Sb](Cl)(Cl)(C[Si](C)(C)C)C[Si](C)(C)C-1065' prediction.modelResults.predictionError=C[Si](C)(C)C[Sb](Cl)(Cl)(C[Si](C)(C)C)C[Si](C)(C)C: Molecule contains unsupported element
key='[Zn++].C[CH2-].CN(C)CCC#[C-]-1065' prediction.modelResults.predictionError=[Zn++].C[CH2-].CN(C)CCC#[C-]: model can't run mixtures
key='CCOC(=O)CC1=CC=CC=C1CC(=O)OCC-1065' prediction.modelResults.predictionError=CCOC(=O)CC1=CC=CC=C1CC(=O)OCC failed standardization
key='CCOB(C1=CC=CC=C1)C1=CC=CC=C1-1065' prediction.modelResults.predictionError=CCOB(C1C=CC=CC=1)C1C=CC=CC=1: Molecule contains unsupported element
key='CC(O)=O.CC1=NN(C(N)=N)C(C)=C1-1065' prediction.modelResults.predictionError=CC(O)=O.CC1=NN(C(N)=N)C(C)=C1: model can't run mixtures
key='CCOC#C[Ge](C)(C)C-1065' prediction.modelResults.predictionError=CCOC#C[Ge](C)(C)C: Molecule contains unsupported element
key='CC1=CC=CC=C1B(C1=CC=CC=C1C)C1=CC=CC=C1C-1065' prediction.modelResults.predictionError=CC1=CC=CC=C1B(C1=CC=CC=C1C)C1=CC=CC=C1C: Molecule contains unsupported element
key='CC1CC(C)(C)OB(O1)C=C=C(C)C-1065' prediction.modelResults.predictionError=CC1CC(C)(C)OB(C=C=C(C)C)O1: Molecule contains unsupported element
key='CCCCOB(CC)CC-1065' prediction.modelResults.predictionError=CCCCOB(CC)CC: Molecule contains unsupported element
key='CCN(CC)CC#C[Ge](CC)(CC)CC-1065' prediction.modelResults.predictionError=CC[Ge](CC)(CC)C#CCN(CC)CC: Molecule contains unsupported element
key='CC[Ge](CC)(CC)C(C)=C=O-1065' prediction.modelResults.predictionError=CC(=C=O)[Ge](CC)(CC)CC: Molecule contains unsupported element
key='FC1=CC=CC=CC=CC=CC=CC=CC=CC=C1-1065' prediction.modelResults.predictionError=FC1=CC=CC=CC=CC=CC=CC=CC=CC=C1 failed standardization
key='CC1CCCC1B(C1CCCC1C)C1CCCC1C-1065' prediction.modelResults.predictionError=CC1CCCC1B(C1CCCC1C)C1CCCC1C: Molecule contains unsupported element
key='OCC1OC(OC2=C(O)C3=C(OC(=CC3=O)C3=CC=CC=C3)C=C2O)C(O)C(O)C1O-1065' prediction.modelResults.predictionError=OCC1OC(OC2=C(O)C3=C(OC(=CC3=O)C3=CC=CC=C3)C=C2O)C(O)C(O)C1O failed standardization
key='C1=CC2=C(N=C1)N(N=N2)C1=CC=NC=C1-1065' prediction.modelResults.predictionError=Number of atoms equals zero
key='[H]C12CCC([H])(C1)C(C2)B1C2([H])CCCC1([H])CCC2-1065' prediction.modelResults.predictionError=C1C(B2C3CCCC2CCC3)C2CC1CC2: Molecule contains unsupported element
key='CN(C)B(Cl)C1=CC=CC=C1-1065' prediction.modelResults.predictionError=CN(C)B(Cl)C1C=CC=CC=1: Molecule contains unsupported element
key='CCCCCCCCCC[Se]C1=CC=CC=C1-1065' prediction.modelResults.predictionError=CCCCCCCCCC[Se]C1C=CC=CC=1: Molecule contains unsupported element
key='CCCCCCCCCC[Se]C-1065' prediction.modelResults.predictionError=CCCCCCCCCC[Se]C: Molecule contains unsupported element
key='CCCCCCCCCCCC(C)[Se]C1=CC=CC=C1-1065' prediction.modelResults.predictionError=CCCCCCCCCCCC(C)[Se]C1C=CC=CC=1: Molecule contains unsupported element
key='CCCCCCCCCCCC(C)[Se]C-1065' prediction.modelResults.predictionError=CCCCCCCCCCCC(C)[Se]C: Molecule contains unsupported element
key='CCCC(O)C(CCC)[Se]C-1065' prediction.modelResults.predictionError=CCCC([Se]C)C(O)CCC: Molecule contains unsupported element
key='CCCC[Ge](CCCC)(CCCC)C#CCO-1065' prediction.modelResults.predictionError=CCCC[Ge](CCCC)(CCCC)C#CCO: Molecule contains unsupported element
key='CC1=C(C)C(C)(B(Cl)Cl)C(C)=C1C-1065' prediction.modelResults.predictionError=CC1(B(Cl)Cl)C(C)=C(C)C(C)=C1C: Molecule contains unsupported element
key='CB1N(C)B(C)N(C)B(Cl)N1C-1065' prediction.modelResults.predictionError=CN1B(C)N(C)B(Cl)N(C)B1C: Molecule contains unsupported element
key='C1CC2=CCCC=C1CC2-1065' prediction.modelResults.predictionError=Number of atoms equals zero
key='CN1[B]SC2=CC=CC=C12-1065' prediction.modelResults.predictionError=CN1[B]SC2=CC=CC=C12 |^1:2|: Molecule contains unsupported element
key='[Se](C([Se]C1=CC=CC=C1)C1=CC=CC=C1)C1=CC=CC=C1-1065' prediction.modelResults.predictionError=C1=CC=CC=C1C([Se]C1C=CC=CC=1)[Se]C1C=CC=CC=1: Molecule contains unsupported element
key='[CH3-].[Au+]-1065' prediction.modelResults.predictionError=Only one non-hydrogen atom
key='[H]C12CCCC([H])(CCC1)B2C#CC(C)(C)C-1065' prediction.modelResults.predictionError=CC(C)(C)C#CB1C2CCCC1CCC2: Molecule contains unsupported element
key='[H]C12CCCC([H])(CCC1)B2C#CCCCC-1065' prediction.modelResults.predictionError=CCCCC#CB1C2CCCC1CCC2: Molecule contains unsupported element
key='CC1CCC[Ge]1(C1=CC=CC=C1)C1=CC=CC=C1-1065' prediction.modelResults.predictionError=CC1CCC[Ge]1(C1C=CC=CC=1)C1C=CC=CC=1: Molecule contains unsupported element
key='FC1=C(F)C(F)=C([Tl](Br)C2=C(F)C(F)=C(F)C(F)=C2F)C(F)=C1F-1065' prediction.modelResults.predictionError=FC1C(=C(F)C(F)=C(F)C=1F)[Tl](Br)C1=C(F)C(F)=C(F)C(F)=C1F: Molecule contains unsupported element
key='[C-]#N.CC[N+](C)(CC)CC-1065' prediction.modelResults.predictionError=[C-]#N.CC[N+](C)(CC)CC: model can't run mixtures
key='CCCB(CCC)NC1=CC=CC=N1-1065' prediction.modelResults.predictionError=CCCB(CCC)NC1=CC=CC=N1: Molecule contains unsupported element
key='CC(C)B(NC1=CC=CC=N1)C(C)C-1065' prediction.modelResults.predictionError=CC(C)B(NC1=CC=CC=N1)C(C)C: Molecule contains unsupported element
key='CB(C)NB(C)C-1065' prediction.modelResults.predictionError=CB(C)NB(C)C: Molecule contains unsupported element
key='FC1=C(F)C(F)=C(C(F)=C1F)[Ge]([Hg][Ge](C1=C(F)C(F)=C(F)C(F)=C1F)(C1=C(F)C(F)=C(F)C(F)=C1F)C1=C(F)C(F)=C(F)C(F)=C1F)(C1=C(F)C(F)=C(F)C(F)=C1F)C1=C(F)C(F)=C(F)C(F)=C1F-1065' prediction.modelResults.predictionError=FC1C(=C(F)C(F)=C(F)C=1F)[Ge]([Hg][Ge](C1=C(F)C(F)=C(F)C(F)=C1F)(C1=C(F)C(F)=C(F)C(F)=C1F)C1=C(F)C(F)=C(F)C(F)=C1F)(C1=C(F)C(F)=C(F)C(F)=C1F)C1=C(F)C(F)=C(F)C(F)=C1F: Molecule contains unsupported element
key='CC(C)OB(C1=CC=CC=C1)C1=CC=CC=C1-1065' prediction.modelResults.predictionError=CC(C)OB(C1C=CC=CC=1)C1C=CC=CC=1: Molecule contains unsupported element
key='CCCCSB(C1=CC=CC=C1)C1=CC=CC=C1-1065' prediction.modelResults.predictionError=CCCCSB(C1C=CC=CC=1)C1C=CC=CC=1: Molecule contains unsupported element
key='[H]C12CB(CC([H])(C1)C=C(COC)C2)OC-1065' prediction.modelResults.predictionError=COB1CC2CC(COC)=CC(C2)C1: Molecule contains unsupported element
key='CN(C)CCN(C)C.[B][C@@H]1C[C@@H]2C[C@H]([C@H]1C)C2(C)C.[B][C@@H]1C[C@@H]2C[C@H]([C@H]1C)C2(C)C-1065' prediction.modelResults.predictionError=CN(C)CCN(C)C.[B][C@@H]1C[C@@H]2C[C@H]([C@H]1C)C2(C)C.[B][C@@H]1C[C@@H]2C[C@H]([C@H]1C)C2(C)C: model can't run mixtures
key='C[C@H]1[C@H]2C[C@@H](C[C@H]1[B][C@@H]1C[C@@H]3C[C@H]([C@@H]1C)C3(C)C)C2(C)C-1065' prediction.modelResults.predictionError=CC1(C)C2CC1CC([B]C1CC3CC(C1C)C3(C)C)C2C |^1:8|: Molecule contains unsupported element
key='OC(=O)C(O)=O.C[C@@H](NO)C1=CC=CC=C1-1065' prediction.modelResults.predictionError=OC(=O)C(O)=O.C[C@@H](NO)C1=CC=CC=C1: model can't run mixtures
key='CB1N(C)B(Cl)N(C)B(Cl)N1C-1065' prediction.modelResults.predictionError=CB1N(C)B(Cl)N(C)B(Cl)N1C: Molecule contains unsupported element
key='O=CC#C[Ge](C1=CC=CC=C1)(C1=CC=CC=C1)C1=CC=CC=C1-1065' prediction.modelResults.predictionError=O=CC#C[Ge](C1=CC=CC=C1)(C1=CC=CC=C1)C1=CC=CC=C1: Molecule contains unsupported element
key='FC1=C(F)C(F)=C(C(F)=C1F)[Ge](Br)(Br)C1=C(F)C(F)=C(F)C(F)=C1F-1065' prediction.modelResults.predictionError=FC1=C(C(F)=C(F)C(F)=C1F)[Ge](Br)(Br)Br: Molecule contains unsupported element
key='CCN(CC)[Sn](CC)(CC)CC-1065' prediction.modelResults.predictionError=FC1C(=C(F)C(F)=C(F)C=1F)[Ge](Br)(Br)C1=C(F)C(F)=C(F)C(F)=C1F: Molecule contains unsupported element
key='ClCC(=O)N1CCCCN1C(=O)CCl-1065' prediction.modelResults.predictionError=Number of atoms equals zero
key='CCCCCB(CCCCC)CCCCC-1065' prediction.modelResults.predictionError=CCCCCB(CCCCC)CCCCC: Molecule contains unsupported element
key='CN1CCN(C)B1Cl-1065' prediction.modelResults.predictionError=CN1CCN(C)B1Cl: Molecule contains unsupported element
key='C1OB(OC2=C1C=CC1=CC=CC=C21)C1=CC=CC=C1-1065' prediction.modelResults.predictionError=C1OB(OC2=C1C=CC1=CC=CC=C12)C1C=CC=CC=1: Molecule contains unsupported element
key='CC(C)OB1OC(C)CC(C)(C)O1-1065' prediction.modelResults.predictionError=CC(C)OB1OC(C)CCO1: Molecule contains unsupported element
key='CC(C)OB1OC2=CC=CC=C2O1-1065' prediction.modelResults.predictionError=CC(C)OB1OC(C)(C)CC(C)O1: Molecule contains unsupported element
key='CCOC(=O)C(C)(C)C(C)(C)O-1065' prediction.modelResults.predictionError=CC(C)OB1OC2=CC=CC=C2O1: Molecule contains unsupported element
key='FC(F)(F)[Te]C(F)(F)F-1065' prediction.modelResults.predictionError=FC(F)(F)[Te]C(F)(F)F: Molecule contains unsupported element
key='FC(F)(F)[Te][Te]C(F)(F)F-1065' prediction.modelResults.predictionError=FC(F)(F)[Te][Te]C(F)(F)F: Molecule contains unsupported element
key='O=C1[Te]C(=O)C2=CC=CC=C12-1065' prediction.modelResults.predictionError=O=C1[Te]C(=O)C2=CC=CC=C12: Molecule contains unsupported element
key='CCC1=C(CC)B(C)SB1C-1065' prediction.modelResults.predictionError=CB1SB(C)C(CC)=C1CC: Molecule contains unsupported element
key='CC[Si](CC)(CC)OC1=CC=C(OC)C=C1-1065' prediction.modelResults.predictionError=Number of atoms equals zero
key='CCCCCCCCB(CCCCCCCC)C(C)(C)C(C)C-1065' prediction.modelResults.predictionError=CC(C)C(C)(C)B(CCCCCCCC)CCCCCCCC: Molecule contains unsupported element
key='CC1=C(C)C(C)(C(C)=C1C)[Ge](C)(C)C-1065' prediction.modelResults.predictionError=CC1(C(C)=C(C)C(C)=C1C)[Ge](C)(C)C: Molecule contains unsupported element
key='CCCC[Ge](Br)(Br)CCCC-1065' prediction.modelResults.predictionError=CCCC[Ge](Br)(Br)CCCC: Molecule contains unsupported element
key='I[Ge](I)(I)C1=CC=CC=C1-1065' prediction.modelResults.predictionError=I[Ge](I)(I)C1C=CC=CC=1: Molecule contains unsupported element
key='CC[Ge](CC)(CC)C=C=O-1065' prediction.modelResults.predictionError=CC[Ge](CC)(CC)C=C=O: Molecule contains unsupported element
key='OC(=O)C1NCC[Se]1-1065' prediction.modelResults.predictionError=OC(=O)C1NCC[Se]1: Molecule contains unsupported element
key='CC(C)C(O)C[Se]C1=CC=CC=C1-1065' prediction.modelResults.predictionError=CC(C)C(O)C[Se]C1C=CC=CC=1: Molecule contains unsupported element
key='CC(C)C(=O)C[Se]C1=CC=CC=C1-1065' prediction.modelResults.predictionError=CC(C)C(=O)C[Se]C1C=CC=CC=1: Molecule contains unsupported element
key='CCCCCCCCCCC([Se]C)C=O-1065' prediction.modelResults.predictionError=CCCCCCCCCCC(C=O)[Se]C: Molecule contains unsupported element
key='CCCCCCC(=O)C[Se]C1=CC=CC=C1-1065' prediction.modelResults.predictionError=CCCCCCC(=O)C[Se]C1C=CC=CC=1: Molecule contains unsupported element
key='Cl[Ru++]Cl.[CH2-]\\C=C\\CC\\C=C/CC\\C=C\\[CH2-]-1065' prediction.modelResults.predictionError=Cl[Ru++]Cl.[CH2-]\C=C\CC\C=C/CC\C=C\[CH2-] failed standardization
key='[Se]1N=CC(=N1)C1=CC=CC=C1-1065' prediction.modelResults.predictionError=C1=N[Se]N=C1C1C=CC=CC=1: Molecule contains unsupported element
key='CCCB(CCC)B(CCC)CCC-1065' prediction.modelResults.predictionError=CCCB(CCC)B(CCC)CCC: Molecule contains unsupported element
key='CCCB(CCC)OCC-1065' prediction.modelResults.predictionError=CCOB(CCC)CCC: Molecule contains unsupported element
key='CCCCB(CCCC)OCCC-1065' prediction.modelResults.predictionError=CCCOB(CCCC)CCCC: Molecule contains unsupported element
key='CCC(C)[Se]C1=CC=CC=C1-1065' prediction.modelResults.predictionError=CCC(C)[Se]C1C=CC=CC=1: Molecule contains unsupported element
key='OC(=O)CC[Se]C1=CC=CC=C1-1065' prediction.modelResults.predictionError=OC(=O)CC[Se]C1C=CC=CC=1: Molecule contains unsupported element
key='BrC1=C[Se]C=C1Br-1065' prediction.modelResults.predictionError=BrC1=C[Se]C=C1Br: Molecule contains unsupported element
key='CCOB1OC(C)CC(C)(C)O1-1065' prediction.modelResults.predictionError=CCOB1OC(C)CC(C)(C)O1: Molecule contains unsupported element
key='CC1=CC=CC=C1.CC1=CC=CC=C1.C(OC1=CC=CC=C1)C1=C(COC2=CC=CC=C2)C(COC2=CC=CC=C2)=C(COC2=CC=CC=C2)C(COC2=CC=CC=C2)=C1COC1=CC=CC=C1-1065' prediction.modelResults.predictionError=CC1=CC=CC=C1.CC1=CC=CC=C1.C(OC1=CC=CC=C1)C1=C(COC2=CC=CC=C2)C(COC2=CC=CC=C2)=C(COC2=CC=CC=C2)C(COC2=CC=CC=C2)=C1COC1=CC=CC=C1: model can't run mixtures
key='CC1=CC=CC=C1.C(SC1=CC=CC=C1)C1=C(CSC2=CC=CC=C2)C(CSC2=CC=CC=C2)=C(CSC2=CC=CC=C2)C(CSC2=CC=CC=C2)=C1CSC1=CC=CC=C1-1065' prediction.modelResults.predictionError=CC1=CC=CC=C1.C(SC1=CC=CC=C1)C1=C(CSC2=CC=CC=C2)C(CSC2=CC=CC=C2)=C(CSC2=CC=CC=C2)C(CSC2=CC=CC=C2)=C1CSC1=CC=CC=C1: model can't run mixtures
key='O=C1CCCC=C1[Se]C1=CC=CC=C1-1065' prediction.modelResults.predictionError=O=C1CCCC=C1[Se]C1C=CC=CC=1: Molecule contains unsupported element
key='CCCCCCC(CCCCCC)([Se]C1=CC=CC=C1)[Se]C1=CC=CC=C1-1065' prediction.modelResults.predictionError=CCCCCCC(CCCCCC)([Se]C1C=CC=CC=1)[Se]C1C=CC=CC=1: Molecule contains unsupported element
key='CC[Ge](CC)(CC)C[Si](C)(C)C-1065' prediction.modelResults.predictionError=C[Si](C)(C)C[Ge](CC)(CC)CC: Molecule contains unsupported element
key='C([Se]C1=CC=CC=C1)C1=C(C[Se]C2=CC=CC=C2)C(C[Se]C2=CC=CC=C2)=C(C[Se]C2=CC=CC=C2)C(C[Se]C2=CC=CC=C2)=C1C[Se]C1=CC=CC=C1-1065' prediction.modelResults.predictionError=C([Se]C1C=CC=CC=1)C1C(C[Se]C2C=CC=CC=2)=C(C[Se]C2C=CC=CC=2)C(C[Se]C2C=CC=CC=2)=C(C[Se]C2C=CC=CC=2)C=1C[Se]C1C=CC=CC=1: Molecule contains unsupported element
key='CC(C)(C)C(CN=C=S)[Se]C1=CC=CC=C1-1065' prediction.modelResults.predictionError=CC(C)(C)C(CN=C=S)[Se]C1C=CC=CC=1: Molecule contains unsupported element
key='N#C[Te]CC1=CC=CC=C1-1065' prediction.modelResults.predictionError=N#C[Te]CC1C=CC=CC=1: Molecule contains unsupported element
key='ClCC1CNC(=S)N[Se]1-1065' prediction.modelResults.predictionError=S=C1NCC(CCl)[Se]N1: Molecule contains unsupported element
key='CCCCCCC(CN=[N+]=[N-])[Se]C1=CC=CC=C1-1065' prediction.modelResults.predictionError=CCCCCCC(CN=[N+]=[N-])[Se]C1C=CC=CC=1: Molecule contains unsupported element
key='OC1CCCCC1[Se]C1=CC=CC=C1-1065' prediction.modelResults.predictionError=OC1CCCCC1[Se]C1C=CC=CC=1: Molecule contains unsupported element
key='CC1(CC([Se]C2=CC=CC=C2)C(=O)C=C1)C=O-1065' prediction.modelResults.predictionError=CC1(CC([Se]C2C=CC=CC=2)C(=O)C=C1)C=O: Molecule contains unsupported element
key='C1CCC(C1)([Se]C1=CC=CC=C1)[Se]C1=CC=CC=C1-1065' prediction.modelResults.predictionError=C1CCCC1([Se]C1C=CC=CC=1)[Se]C1C=CC=CC=1: Molecule contains unsupported element
key='C[Pb]1(C)C(=C(C(=C1C1=CC=CC=C1)C1=CC=CC=C1)C1=CC=CC=C1)C1=CC=CC=C1-1065' prediction.modelResults.predictionError=C[Pb]1(C)C(=C(C(=C1C1C=CC=CC=1)C1C=CC=CC=1)C1C=CC=CC=1)C1C=CC=CC=1: Molecule contains unsupported element
key='[B]S-1065' prediction.modelResults.predictionError=[B]S failed standardization
key='CCCCCCC(=O)C#CC-1065' prediction.modelResults.predictionError=Number of atoms equals zero
key='CCCC[Se]CCCC-1065' prediction.modelResults.predictionError=CCCC[Se]CCCC: Molecule contains unsupported element
key='Cl[Ge](Cl)(Cl)CC1=CC=CC=C1-1065' prediction.modelResults.predictionError=Cl[Ge](Cl)(Cl)CC1C=CC=CC=1: Molecule contains unsupported element
key='CCC[Ge](Cl)(Cl)CCC-1065' prediction.modelResults.predictionError=CCC[Ge](Cl)(Cl)CCC: Molecule contains unsupported element
key='CC(=C)C[Se]C1=CC=CC=C1-1065' prediction.modelResults.predictionError=CC(=C)C[Se]C1C=CC=CC=1: Molecule contains unsupported element
key='Cl[Si](Cl)(Cl)N[Si](Cl)(Cl)Cl-1065' prediction.modelResults.predictionError=Cl[Si](Cl)(Cl)N[Si](Cl)(Cl)Cl failed standardization
key='ClN([Si](Cl)(Cl)Cl)[Si](Cl)(Cl)Cl-1065' prediction.modelResults.predictionError=ClN([Si](Cl)(Cl)Cl)[Si](Cl)(Cl)Cl failed standardization
key='CC1=CC=C([Se][Si](C)(C)C)C=C1-1065' prediction.modelResults.predictionError=CC1C=CC(=CC=1)[Se][Si](C)(C)C: Molecule contains unsupported element
key='O=[Se](CC1=CC=CC=C1)C1=CC=CC=C1-1065' prediction.modelResults.predictionError=O=[Se](CC1C=CC=CC=1)C1C=CC=CC=1: Molecule contains unsupported element
key='CC([Se]C1=CC=CC=C1)C1=CC=CC=C1-1065' prediction.modelResults.predictionError=CC([Se]C1C=CC=CC=1)C1C=CC=CC=1: Molecule contains unsupported element
key='CC(C)C[Se]C1=CC=CC=C1-1065' prediction.modelResults.predictionError=CC(C)C[Se]C1C=CC=CC=1: Molecule contains unsupported element
key='CC(C)(C)C1CCC([Se]C2=CC=CC=C2)=CC1-1065' prediction.modelResults.predictionError=CC(C)(C)C1CC=C(CC1)[Se]C1C=CC=CC=1: Molecule contains unsupported element
key='CC(C)(C)B(F)C(C)(C)C-1065' prediction.modelResults.predictionError=CC(C)(C)B(F)C(C)(C)C: Molecule contains unsupported element
key='C[Se]C1CCCC(=O)C1C(C)O-1065' prediction.modelResults.predictionError=CC(O)C1C(CCCC1=O)[Se]C: Molecule contains unsupported element
key='ClC1CCCCCCCCCCC1[Se]C1=CC=CC=C1-1065' prediction.modelResults.predictionError=ClC1CCCCCCCCCCC1[Se]C1C=CC=CC=1: Molecule contains unsupported element
key='CC(C)COB(C1=CC=CC=C1)C1=CC=CC=C1-1065' prediction.modelResults.predictionError=CC(C)COB(C1C=CC=CC=1)C1C=CC=CC=1: Molecule contains unsupported element
key='C1=CC2=CC=CC=CC=CC=CC=CC=C2C=C1-1065' prediction.modelResults.predictionError=Number of atoms equals zero
key='C[Se][Si](C)(C)C-1065' prediction.modelResults.predictionError=C[Se][Si](C)(C)C: Molecule contains unsupported element
key='ON=C1C=C(OC(=C1)C1=CC=CC=C1)C1=CC=CC=C1-1065' prediction.modelResults.predictionError=ON=C1C=C(OC(=C1)C1=CC=CC=C1)C1=CC=CC=C1 failed standardization
key='C=CC1=N[Se]N=C1-1065' prediction.modelResults.predictionError=C=CC1C=N[Se]N=1: Molecule contains unsupported element
key='CC([Se]C1=CC=CC=C1)C(C)=O-1065' prediction.modelResults.predictionError=CC(=O)C(C)[Se]C1C=CC=CC=1: Molecule contains unsupported element
key='NC(=O)C[Se]C1=CC=CC=C1-1065' prediction.modelResults.predictionError=NC(=O)C[Se]C1C=CC=CC=1: Molecule contains unsupported element
key='CC(C)=CC[Se]C1=CC=CC=C1-1065' prediction.modelResults.predictionError=CC(C)=CC[Se]C1C=CC=CC=1: Molecule contains unsupported element
key='P.C[Ge](C)C.C[Ge](C)C.C[Ge](C)C |^1:2,6,10|-1065' prediction.modelResults.predictionError=C[Ge](C)C |^1:1|: Molecule contains unsupported element
key='CNB(C)C-1065' prediction.modelResults.predictionError=CNB(C)C: Molecule contains unsupported element
key='O=S(=O)([Se]C1=CC=CC=C1)C1=CC=CC=C1-1065' prediction.modelResults.predictionError=O=S(=O)([Se]C1C=CC=CC=1)C1C=CC=CC=1: Molecule contains unsupported element
key='NNC1=NC(=C[Se]1)C1=CC=CC=C1-1065' prediction.modelResults.predictionError=NNC1=NC(=C[Se]1)C1C=CC=CC=1: Molecule contains unsupported element
key='NNC1=NC(=C([Se]1)C1=CC=CC=C1)C1=CC=CC=C1-1065' prediction.modelResults.predictionError=NNC1=NC(=C([Se]1)C1C=CC=CC=1)C1C=CC=CC=1: Molecule contains unsupported element
key='CB(C)N(C)B(C)C-1065' prediction.modelResults.predictionError=CN(B(C)C)B(C)C: Molecule contains unsupported element
key='CCCC[Te]C1=CSC=C1-1065' prediction.modelResults.predictionError=CCCC[Te]C1=CSC=C1: Molecule contains unsupported element
key='FC1=C(F)C(F)(Cl)C(F)=C(F)C1=NCl-1065' prediction.modelResults.predictionError=Number of atoms equals zero
key='COC1(Cl)C(F)=C(F)C(=NCl)C(F)=C1F-1065' prediction.modelResults.predictionError=Number of atoms equals zero
key='CCN(CC)B(C#C)C#C-1065' prediction.modelResults.predictionError=CCN(CC)B(C#C)C#C: Molecule contains unsupported element
key='CCN(CC)B(C#C)N(CC)CC-1065' prediction.modelResults.predictionError=CCN(CC)B(C#C)N(CC)CC: Molecule contains unsupported element
key='F[O+](F)F-1065' prediction.modelResults.predictionError=F[O+](F)F failed standardization
key='C[Te]C#C[Te]C-1065' prediction.modelResults.predictionError=C[Te]C#C[Te]C: Molecule contains unsupported element
key='C([Se][Se]CC1=C2C=CC=CC2=CC2=CC=CC=C12)C1=C2C=CC=CC2=CC2=CC=CC=C12-1065' prediction.modelResults.predictionError=C([Se][Se]CC1C2=CC=CC=C2C=C2C=CC=CC=12)C1C2=CC=CC=C2C=C2C=CC=CC=12: Molecule contains unsupported element
key='CCCCCC[Se]C1=CC=CC=C1-1065' prediction.modelResults.predictionError=CCCCCC[Se]C1C=CC=CC=1: Molecule contains unsupported element
key='Cl.NCC[Se]C1=CC=CC=C1-1065' prediction.modelResults.predictionError=NCC[Se]C1C=CC=CC=1: Molecule contains unsupported element
key='C=C[Ge](C=C)C=C.C=C[Ge](C=C)C=C |^1:2,9|-1065' prediction.modelResults.predictionError=C=C[Ge](C=C)C=C |^1:2|: Molecule contains unsupported element
key='[Li][Ge](C=C)(C=C)C=C-1065' prediction.modelResults.predictionError=[Li][Ge](C=C)(C=C)C=C failed standardization
key='CCCCCCCCCC(C)[Se]C-1065' prediction.modelResults.predictionError=CCCCCCCCCC(C)[Se]C: Molecule contains unsupported element
key='C[Se]C(C)C1=CC=C(Cl)C=C1-1065' prediction.modelResults.predictionError=C[Se]C(C)C1C=CC(Cl)=CC=1: Molecule contains unsupported element
key='C[Se]C(C)C1=CC=CC=C1-1065' prediction.modelResults.predictionError=C[Se]C(C)C1C=CC=CC=1: Molecule contains unsupported element
key='COC1=CC=C(C=C1)C(C)([Se]C)[Se]C-1065' prediction.modelResults.predictionError=COC1C=CC(=CC=1)C(C)([Se]C)[Se]C: Molecule contains unsupported element
key='C[Se]C(C)([Se]C)C1=CC=C(C)C=C1-1065' prediction.modelResults.predictionError=CC1C=CC(=CC=1)C(C)([Se]C)[Se]C: Molecule contains unsupported element
key='CCCCCOB(O)O-1065' prediction.modelResults.predictionError=CCCCCOB(O)O: Molecule contains unsupported element
key='C=C1COCC(=C)[Se]1-1065' prediction.modelResults.predictionError=C=C1COCC(=C)[Se]1: Molecule contains unsupported element
key='C=C1CSCC(=C)[Se]1-1065' prediction.modelResults.predictionError=C=C1CSCC(=C)[Se]1: Molecule contains unsupported element
key='CC(O)=O.NC1=CC(F)=C(F)C=C1-1065' prediction.modelResults.predictionError=CC(O)=O.NC1=CC(F)=C(F)C=C1: model can't run mixtures
key='O=C1C[Se]C2=CC=CC=C12-1065' prediction.modelResults.predictionError=O=C1C[Se]C2=CC=CC=C21: Molecule contains unsupported element
key='O=C1C[Te]C2=CC=CC=C12-1065' prediction.modelResults.predictionError=O=C1C[Te]C2=CC=CC=C21: Molecule contains unsupported element
key='ClC1=CC=C([Se]CC2CO2)C=C1-1065' prediction.modelResults.predictionError=ClC1=CC=C(C=C1)[Se]CC1CO1: Molecule contains unsupported element
key='COC[Se]COC-1065' prediction.modelResults.predictionError=COC[Se]COC: Molecule contains unsupported element
key='CB1C2CCCCC12-1065' prediction.modelResults.predictionError=CB1C2CCCCC21: Molecule contains unsupported element
key='S=C1SC=C[Se]1-1065' prediction.modelResults.predictionError=S=C1SC=C[Se]1: Molecule contains unsupported element
key='CCCCB(O)CCCC-1065' prediction.modelResults.predictionError=CCCCB(O)CCCC: Molecule contains unsupported element
key='OB(C1=CC=CC2=CC=CC=C12)C1=CC=CC2=CC=CC=C12-1065' prediction.modelResults.predictionError=OB(C1=CC=CC2=CC=CC=C21)C1=CC=CC2=CC=CC=C21: Molecule contains unsupported element
key='COC(C[Se]C1=CC=CC=C1)C1=CC=CC=C1-1065' prediction.modelResults.predictionError=COC(C[Se]C1C=CC=CC=1)C1C=CC=CC=1: Molecule contains unsupported element
key='O[C@@H]1[C@H](CC2=CC=CC=C12)[Se]C1=CC=CC=C1-1065' prediction.modelResults.predictionError=OC1C(CC2=CC=CC=C21)[Se]C1=CC=CC=C1: Molecule contains unsupported element
key='CCCCCCC(C[Se]C1=CC=CC=C1)OC-1065' prediction.modelResults.predictionError=CCCCCCC(C[Se]C1C=CC=CC=1)OC: Molecule contains unsupported element
key='Br[Sb](Br)(Br)(C1=CC=CC=C1)C1=CC=CC=C1-1065' prediction.modelResults.predictionError=Br[Sb](Br)(Br)(C1C=CC=CC=1)C1C=CC=CC=1: Molecule contains unsupported element
key='CCC[Se]CCC-1065' prediction.modelResults.predictionError=CCC[Se]CCC: Molecule contains unsupported element
key='[Cd]([Ge](C1=CC=CC=C1)(C1=CC=CC=C1)C1=CC=CC=C1)[Ge](C1=CC=CC=C1)(C1=CC=CC=C1)C1=CC=CC=C1-1065' prediction.modelResults.predictionError=C1=CC=CC=C1[Ge]([Cd][Ge](C1C=CC=CC=1)(C1C=CC=CC=1)C1C=CC=CC=1)(C1C=CC=CC=1)C1C=CC=CC=1: Molecule contains unsupported element
key='ClC1=CC=CC=C1C[Se]C#N-1065' prediction.modelResults.predictionError=N#C[Se]CC1=CC=CC=C1Cl: Molecule contains unsupported element
key='ClC1=CC=C(C[Se]CC2=CC=C(Cl)C=C2)C=C1-1065' prediction.modelResults.predictionError=ClC1C=CC(C[Se]CC2C=CC(Cl)=CC=2)=CC=1: Molecule contains unsupported element
key='COC1=CC=C(C[Se]CC2=CC=C(OC)C=C2)C=C1-1065' prediction.modelResults.predictionError=COC1C=CC(C[Se]CC2C=CC(=CC=2)OC)=CC=1: Molecule contains unsupported element
key='[Li][Pb](C1=CC=CC=C1)(C1=CC=CC=C1)C1=CC=CC=C1-1065' prediction.modelResults.predictionError=C1=CC=CC=C1[Pb](C1C=CC=CC=1)C1C=CC=CC=1 |^1:6|: Molecule contains unsupported element
key='[Li+].[CH3-].C1=CC=CC=C1[Pb](C1C=CC=CC=1)C1C=CC=CC=1.C1=CC=CC=C1[Pb](C1C=CC=CC=1)C1C=CC=CC=1 |^1:8,27|-1065' prediction.modelResults.predictionError=Only one non-hydrogen atom
key='[Li+].[CH3-].C[Ge](C)C |^1:3|-1065' prediction.modelResults.predictionError=C[Ge](C)C |^1:1|: Molecule contains unsupported element
key='CC[Ge](Cl)(CC)C1C=CC=C1-1065' prediction.modelResults.predictionError=CC[Ge](Cl)(CC)C1C=CC=C1: Molecule contains unsupported element
key='O=CC1=C[Se]C(=N1)C1=CC=CC=C1-1065' prediction.modelResults.predictionError=O=CC1=C[Se]C(=N1)C1C=CC=CC=1: Molecule contains unsupported element
key='BrC1=CC=C(C=C1)C1=NC(C=O)=C[Se]1-1065' prediction.modelResults.predictionError=O=CC1=C[Se]C(=N1)C1C=CC(Br)=CC=1: Molecule contains unsupported element
key='ClC1=CC=C(C=C1)C1=NC(C=O)=C[Se]1-1065' prediction.modelResults.predictionError=O=CC1=C[Se]C(=N1)C1C=CC(Cl)=CC=1: Molecule contains unsupported element
key='COC1=CC=C(C=C1)C1=NC(C=O)=C[Se]1-1065' prediction.modelResults.predictionError=COC1C=CC(=CC=1)C1=NC(C=O)=C[Se]1: Molecule contains unsupported element
key='[K][Ge](C1=CC=CC=C1)(C1=CC=CC=C1)C1=CC=CC=C1-1065' prediction.modelResults.predictionError=[K][Ge](C1=CC=CC=C1)(C1=CC=CC=C1)C1=CC=CC=C1 failed standardization
key='[Na][Ge](C1=CC=CC=C1)(C1=CC=CC=C1)C1=CC=CC=C1-1065' prediction.modelResults.predictionError=[Na][Ge](C1=CC=CC=C1)(C1=CC=CC=C1)C1=CC=CC=C1 failed standardization
key='[Na][Sn](C1=CC=CC=C1)(C1=CC=CC=C1)C1=CC=CC=C1-1065' prediction.modelResults.predictionError=[Na][Sn](C1=CC=CC=C1)(C1=CC=CC=C1)C1=CC=CC=C1 failed standardization
key='C[Ge](C)(C)C=[N+]=[N-]-1065' prediction.modelResults.predictionError=C[Ge](C)(C)C=[N+]=[N-]: Molecule contains unsupported element
key='FC(F)(F)C1([Se][Se]C(=N1)C1=CC=CC=C1)C(F)(F)F-1065' prediction.modelResults.predictionError=FC(F)(F)C1(N=C([Se][Se]1)C1C=CC=CC=1)C(F)(F)F: Molecule contains unsupported element
key='CN(C)C1=NC([Se][Se]1)(C(F)(F)F)C(F)(F)F-1065' prediction.modelResults.predictionError=CN(C)C1=NC([Se][Se]1)(C(F)(F)F)C(F)(F)F: Molecule contains unsupported element
key='C[Si](C)([Hg][Si](C)(C)C1=CC=CC=C1)C1=CC=CC=C1-1065' prediction.modelResults.predictionError=C[Si](C)([Hg][Si](C)(C)C1=CC=CC=C1)C1=CC=CC=C1 failed standardization
key='Cl[Si](Cl)(Cl)C[Ge](Cl)(Cl)Cl-1065' prediction.modelResults.predictionError=Cl[Si](Cl)(Cl)C[Ge](Cl)(Cl)Cl: Molecule contains unsupported element
key='CCCCCCCC(O)C(C[Se]C1=CC=CC=C1)OC-1065' prediction.modelResults.predictionError=CCCCCCCC(O)C(C[Se]C1C=CC=CC=1)OC: Molecule contains unsupported element
key='CCCCCCCC(O)C(COC)[Se]C1=CC=CC=C1-1065' prediction.modelResults.predictionError=CCCCCCCC(O)C(COC)[Se]C1C=CC=CC=1: Molecule contains unsupported element
key='ClC(=O)C1=C[Se]C=C1-1065' prediction.modelResults.predictionError=O=C(Cl)C1C=C[Se]C=1: Molecule contains unsupported element
key='BrC1=C([Se]C=C1)C=O-1065' prediction.modelResults.predictionError=O=CC1[Se]C=CC=1Br: Molecule contains unsupported element
key='CSC1=CC=CC=C1CN(C)C-1065' prediction.modelResults.predictionError=CSC1=CC=CC=C1CN(C)C failed standardization
key='Cl[Si](Cl)(Cl)O[Si](Cl)(Cl)O[Si](Cl)(Cl)O[Si](Cl)(Cl)Cl-1065' prediction.modelResults.predictionError=Cl[Si](Cl)(Cl)O[Si](Cl)(Cl)O[Si](Cl)(Cl)O[Si](Cl)(Cl)Cl failed standardization
key='C[Se]C1CCCCC1=O-1065' prediction.modelResults.predictionError=C[Se]C1CCCCC1=O: Molecule contains unsupported element
key='S1C=CC=C1[Ge](C1=CC=CS1)(C1=CC=CS1)C1=CC=CS1-1065' prediction.modelResults.predictionError=C1=CC=C(S1)[Ge](C1=CC=CS1)(C1=CC=CS1)C1=CC=CS1: Molecule contains unsupported element
key='IP(I)(I)(I)I-1065' prediction.modelResults.predictionError=IP(I)(I)(I)I failed standardization
key='[Rh].[N-]=O.C1=CC=C(C=C1)P(C1=CC=CC=C1)C1=CC=CC=C1.C1=CC=C(C=C1)P(C1=CC=CC=C1)C1=CC=CC=C1.C1=CC=C(C=C1)P(C1=CC=CC=C1)C1=CC=CC=C1-1065' prediction.modelResults.predictionError=[Rh].[N-]=O.C1=CC=C(C=C1)P(C1=CC=CC=C1)C1=CC=CC=C1.C1=CC=C(C=C1)P(C1=CC=CC=C1)C1=CC=CC=C1.C1=CC=C(C=C1)P(C1=CC=CC=C1)C1=CC=CC=C1 failed standardization
key='CC1=CC=C(C=C1)C1CC(=O)CC([Se]1)C1=CC=C(C)C=C1-1065' prediction.modelResults.predictionError=CC1C=CC(=CC=1)C1CC(=O)CC([Se]1)C1C=CC(C)=CC=1: Molecule contains unsupported element
key='COC1=CC=C(C=C1)[C@H]1CC(=O)C[C@H]([Se]1)C1=CC=C(OC)C=C1-1065' prediction.modelResults.predictionError=COC1C=CC(=CC=1)C1CC(=O)CC([Se]1)C1C=CC(=CC=1)OC: Molecule contains unsupported element
key='[Mn].[C-]#[O+].[C-]#[O+].[C-]#[O+].CC([O-])=C1C=CC=C1-1065' prediction.modelResults.predictionError=[Mn].[C-]#[O+].[C-]#[O+].[C-]#[O+].CC([O-])=C1C=CC=C1: model can't run mixtures
key='O=[Pb](C1=CC=CC=C1)C1=CC=CC=C1-1065' prediction.modelResults.predictionError=O=[Pb](C1C=CC=CC=1)C1C=CC=CC=1: Molecule contains unsupported element
key='[O-][15N+]#[15N]-1065' prediction.modelResults.predictionError=[O-][15N+]#[15N] failed standardization
key='CC1=CC=C(C=C1)[Se](O)=O-1065' prediction.modelResults.predictionError=CC1=CC=C(C=C1)[Se](O)=O: Molecule contains unsupported element
key='CC1=C([Te]C2=CC=CC=C12)C=O-1065' prediction.modelResults.predictionError=CC1=C(C=O)[Te]C2=CC=CC=C21: Molecule contains unsupported element
key='[Li+].CC1=CC(C)=C(B(C2=C(C)C=C(C)C=C2C)C2=C(C)C=C([CH2-])C=C2C)C(C)=C1-1065' prediction.modelResults.predictionError=CC1=CC(C)=C(B(C2C(C)=CC(C)=CC=2C)C2C(C)=CC(C)=CC=2C)C(C)=C1: Molecule contains unsupported element
key='[O-]C#N.CCN(CC)C(N(CC)CC)=[N+](CC)CC-1065' prediction.modelResults.predictionError=[O-]C#N.CCN(CC)C(N(CC)CC)=[N+](CC)CC: model can't run mixtures
key='[S-]C#N.CCN(CC)C(N(CC)CC)=[N+](CC)CC-1065' prediction.modelResults.predictionError=[S-]C#N.CCN(CC)C(N(CC)CC)=[N+](CC)CC: model can't run mixtures
key='FC1=C(F)C(F)=C(B(Cl)Cl)C(F)=C1F-1065' prediction.modelResults.predictionError=FC1=C(B(Cl)Cl)C(F)=C(F)C(F)=C1F: Molecule contains unsupported element
key='O=CC1(CCCCC1)[Se]C1=CC=CC=C1-1065' prediction.modelResults.predictionError=O=CC1(CCCCC1)[Se]C1C=CC=CC=1: Molecule contains unsupported element
key='BrB1SC=CS1-1065' prediction.modelResults.predictionError=BrB1SC=CS1: Molecule contains unsupported element
key='N1N(B(N=C1C1=CC=CC=C1)C1=CC=CC=C1)C1=CC=CC=C1-1065' prediction.modelResults.predictionError=C1=CC=CC=C1N1NC(=NB1C1C=CC=CC=1)C1C=CC=CC=1: Molecule contains unsupported element
key='ClP(Cl)(Br)=S-1065' prediction.modelResults.predictionError=ClP(Cl)(Br)=S failed standardization
key='ClC1=CC2=C(NC(=S)CS2)C=C1-1065' prediction.modelResults.predictionError=ClC1=CC2=C(NC(=S)CS2)C=C1 failed standardization
key='C\\N=C\\C1=CC=CC=C1OB(C1=CC=CC=C1)C1=CC=CC=C1-1065' prediction.modelResults.predictionError=CN=CC1=CC=CC=C1OB(C1C=CC=CC=1)C1C=CC=CC=1: Molecule contains unsupported element
key='CC12C=CCC=C1CC([Se]C1=CC=CC=C1)C2=O-1065' prediction.modelResults.predictionError=CC12C=CCC=C1CC([Se]C1C=CC=CC=1)C2=O: Molecule contains unsupported element
key='CCCCCCCCCCCCCCCC[Se]C1=CC=CC=C1-1065' prediction.modelResults.predictionError=CCCCCCCCCCCCCCCC[Se]C1C=CC=CC=1: Molecule contains unsupported element
key='C([Se]C1=CC=CC=C1)C1CCCCC1-1065' prediction.modelResults.predictionError=C([Se]C1C=CC=CC=1)C1CCCCC1: Molecule contains unsupported element
key='CC1C2=C(CCCC2)[Se]C2=C1CCCC2-1065' prediction.modelResults.predictionError=CC1C2CCCCC=2[Se]C2CCCCC=21: Molecule contains unsupported element
key='Cl[Se]C1=CC=C(Cl)C=C1-1065' prediction.modelResults.predictionError=ClC1C=CC(=CC=1)[Se]Cl: Molecule contains unsupported element
key='CB1C=CCN1C(C)(C)C-1065' prediction.modelResults.predictionError=CB1C=CCN1C(C)(C)C: Molecule contains unsupported element
key='C1=CC=C(C=C1)B1C(=C(C(=C1C1=CC=CC=C1)C1=CC=CC=C1)C1=CC=CC=C1)C1=CC=CC=C1-1065' prediction.modelResults.predictionError=C1=CC=CC=C1B1C(=C(C(=C1C1C=CC=CC=1)C1C=CC=CC=1)C1C=CC=CC=1)C1C=CC=CC=1: Molecule contains unsupported element
key='CC1=CC(C)=C(B(C2=CC=CC=C2)C2=C(C)C=C(C)C=C2C)C(C)=C1-1065' prediction.modelResults.predictionError=CC1=CC(C)=C(B(C2C(C)=CC(C)=CC=2C)C2C=CC=CC=2)C(C)=C1: Molecule contains unsupported element
key='CCN(CC)CC.SC(=S)NC1=NC=CS1-1065' prediction.modelResults.predictionError=CCN(CC)CC.SC(=S)NC1=NC=CS1: model can't run mixtures
key='CCCCCCCCCCCCC(C)[Te]C1=CC=CC=C1-1065' prediction.modelResults.predictionError=CCCCCCCCCCCCC(C)[Te]C1C=CC=CC=1: Molecule contains unsupported element
key='C([Te]C1=CC=CC=C1)[Te]C1=CC=CC=C1-1065' prediction.modelResults.predictionError=C([Te]C1C=CC=CC=1)[Te]C1C=CC=CC=1: Molecule contains unsupported element
key='CC1=CC=C([Se]Cl)C=C1-1065' prediction.modelResults.predictionError=CC1=CC=C(C=C1)[Se]Cl: Molecule contains unsupported element
key='CC1C=CC([Te])=CC=1.C1=CC=CC=C1[Ge](C1C=CC=CC=1)C1C=CC=CC=1 |^1:5,14|-1065' prediction.modelResults.predictionError=CC1C=CC([Te])=CC=1.C1=CC=CC=C1[Ge](C1C=CC=CC=1)C1C=CC=CC=1 |^1:5,14|: model can't run mixtures
key='[Te]C1C=CC=CC=1.C1=CC=CC=C1[Sn](C1C=CC=CC=1)C1C=CC=CC=1 |^1:0,13|-1065' prediction.modelResults.predictionError=[Te]C1C=CC=CC=1.C1=CC=CC=C1[Sn](C1C=CC=CC=1)C1C=CC=CC=1 |^1:0,13|: model can't run mixtures
key='CC1C=CC([Te])=CC=1.C1=CC=CC=C1[Sn](C1C=CC=CC=1)C1C=CC=CC=1 |^1:5,14|-1065' prediction.modelResults.predictionError=CC1C=CC([Te])=CC=1.C1=CC=CC=C1[Sn](C1C=CC=CC=1)C1C=CC=CC=1 |^1:5,14|: model can't run mixtures
key='COC1C=CC([Te])=CC=1.C1=CC=CC=C1[Sn](C1C=CC=CC=1)C1C=CC=CC=1 |^1:6,15|-1065' prediction.modelResults.predictionError=COC1C=CC([Te])=CC=1.C1=CC=CC=C1[Sn](C1C=CC=CC=1)C1C=CC=CC=1 |^1:6,15|: model can't run mixtures
key='CCCCB(N)CCCC-1065' prediction.modelResults.predictionError=CCCCB(N)CCCC: Molecule contains unsupported element
key='CN1B(Cl)CCB(Cl)N1C-1065' prediction.modelResults.predictionError=CN1B(Cl)CCB(Cl)N1C: Molecule contains unsupported element
key='C=[Ti]-1065' prediction.modelResults.predictionError=C=[Ti] failed standardization
key='C[Ge](C1=CC=CC=C1)(C1=CC=CC=C1)C1=CC=CC=C1-1065' prediction.modelResults.predictionError=C[Ge](C1C=CC=CC=1)(C1C=CC=CC=1)C1C=CC=CC=1: Molecule contains unsupported element
key='C[Ge](C)(C1=CC=CC=C1)C1=CC=CC=C1-1065' prediction.modelResults.predictionError=C[Ge](C)(C1C=CC=CC=1)C1C=CC=CC=1: Molecule contains unsupported element
key='CC1(C)OB(OC1(C)C)[C@H](Cl)C=C-1065' prediction.modelResults.predictionError=CC1(C)OB(OC1(C)C)C(Cl)C=C: Molecule contains unsupported element
key='CCC(C)B1OCCO1-1065' prediction.modelResults.predictionError=CCC(C)B1OCCO1: Molecule contains unsupported element
key='CC1(C)OB(OC1(C)C)C(Cl)CC=C-1065' prediction.modelResults.predictionError=CC1(C)OB(OC1(C)C)C(Cl)CC=C: Molecule contains unsupported element
key='CCCCCCC(CCCCCC)[Se]C-1065' prediction.modelResults.predictionError=C[Se]C(CCCCCC)CCCCCC: Molecule contains unsupported element
key='CCCCCCC([Se]C)C=O-1065' prediction.modelResults.predictionError=CCCCCCC(C=O)[Se]C: Molecule contains unsupported element
key='O=C1CCCCCCC1[Se]C1=CC=CC=C1-1065' prediction.modelResults.predictionError=O=C1CCCCCCC1[Se]C1C=CC=CC=1: Molecule contains unsupported element
key='O=C1CCCCCCCCCCC1[Se]C1=CC=CC=C1-1065' prediction.modelResults.predictionError=O=C1CCCCCCCCCCC1[Se]C1C=CC=CC=1: Molecule contains unsupported element
key='CC1(C)CC(O)C=C(C1)[Se]C1=CC=CC=C1-1065' prediction.modelResults.predictionError=CC1(C)CC(=CC(O)C1)[Se]C1C=CC=CC=1: Molecule contains unsupported element
key='CC1(C)CC(=O)C=C(C1)[Se]C1=CC=CC=C1-1065' prediction.modelResults.predictionError=CC1(C)CC(=CC(=O)C1)[Se]C1C=CC=CC=1: Molecule contains unsupported element
key='[Li][Ge](C1=CC=CC=C1)(C1=CC=CC=C1)C1=CC=CC=C1-1065' prediction.modelResults.predictionError=[Li][Ge](C1=CC=CC=C1)(C1=CC=CC=C1)C1=CC=CC=C1 failed standardization
key='C[Si](C)(C)N(B(F)F)[Si](C)(C)C-1065' prediction.modelResults.predictionError=C[Si](C)(C)N(B(F)F)[Si](C)(C)C: Molecule contains unsupported element
key='[O-][Cl](=O)(=O)=O.[Se]1C(=C[N+](=C1C1=CC=CC=C1)C1=CC=CC=C1)C1=CC=CC=C1-1065' prediction.modelResults.predictionError=C1=C([Se]C(C2C=CC=CC=2)=[N+]1C1C=CC=CC=1)C1C=CC=CC=1: Molecule contains unsupported element
key='COC1=CC=C([Te]C2=CC=C(C=C2)N(C)C)C=C1-1065' prediction.modelResults.predictionError=COC1C=CC(=CC=1)[Te]C1C=CC(=CC=1)N(C)C: Molecule contains unsupported element
key='COC1=CC=C([Te]C2=CC=CC=C2)C=C1-1065' prediction.modelResults.predictionError=COC1C=CC(=CC=1)[Te]C1C=CC=CC=1: Molecule contains unsupported element
key='COC1=CC=C([Te]C2=CC=C(C)C=C2)C=C1-1065' prediction.modelResults.predictionError=CC1C=CC(=CC=1)[Te]C1C=CC(=CC=1)OC: Molecule contains unsupported element
key='ClB1OCCCO1-1065' prediction.modelResults.predictionError=ClB1OCCCO1: Molecule contains unsupported element
key='C=[Ni]-1065' prediction.modelResults.predictionError=C=[Ni] failed standardization
key='CC[Ge](CC)CC.FC1C(=C(F)C(F)=C(F)C=1F)[Ge](C1=C(F)C(F)=C(F)C(F)=C1F)C1=C(F)C(F)=C(F)C(F)=C1F |^1:2,18|-1065' prediction.modelResults.predictionError=CC[Ge](CC)CC.FC1C(=C(F)C(F)=C(F)C=1F)[Ge](C1=C(F)C(F)=C(F)C(F)=C1F)C1=C(F)C(F)=C(F)C(F)=C1F |^1:2,18|: model can't run mixtures
key='FC1=C(F)C(F)=C(C(F)=C1F)[Ge](Cl)(C1=C(F)C(F)=C(F)C(F)=C1F)C1=C(F)C(F)=C(F)C(F)=C1F-1065' prediction.modelResults.predictionError=FC1C(=C(F)C(F)=C(F)C=1F)[Ge](Cl)(C1=C(F)C(F)=C(F)C(F)=C1F)C1=C(F)C(F)=C(F)C(F)=C1F: Molecule contains unsupported element
key='COC1=CC=C(C[Te][Te]CC2=CC=C(OC)C=C2)C=C1-1065' prediction.modelResults.predictionError=COC1C=CC(C[Te][Te]CC2C=CC(=CC=2)OC)=CC=1: Molecule contains unsupported element
key='O=C1[Te]CC2=CC=CC=C12-1065' prediction.modelResults.predictionError=O=C1[Te]CC2=CC=CC=C21: Molecule contains unsupported element
key='C1[Te]CC=C1-1065' prediction.modelResults.predictionError=C1C=CC[Te]1: Molecule contains unsupported element
key='[Hg]([Ge](C1=CC=CC=C1)(C1=CC=CC=C1)C1=CC=CC=C1)[Ge](C1=CC=CC=C1)(C1=CC=CC=C1)C1=CC=CC=C1-1065' prediction.modelResults.predictionError=C1=CC=CC=C1[Ge]([Hg][Ge](C1C=CC=CC=1)(C1C=CC=CC=1)C1C=CC=CC=1)(C1C=CC=CC=1)C1C=CC=CC=1: Molecule contains unsupported element
key='[Ge](C1=CC=CC=C1)C1=CC=CC=C1.[Ge](C1=CC=CC=C1)C1=CC=CC=C1.[Ge](C1=CC=CC=C1)C1=CC=CC=C1.[Ge](C1=CC=CC=C1)C1=CC=CC=C1-1065' prediction.modelResults.predictionError=C1=CC=CC=C1[Ge]C1C=CC=CC=1 |^3:6|: Molecule contains unsupported element
key='CCOC#C[Ge](CC)(CC)CC-1065' prediction.modelResults.predictionError=CCOC#C[Ge](CC)(CC)CC: Molecule contains unsupported element
key='COB(CC(C)C)CC(C)C-1065' prediction.modelResults.predictionError=COB(CC(C)C)CC(C)C: Molecule contains unsupported element
key='C/C(=N\\N=C(/[Se])\\N1CCN(CC1)C1C=CC(F)=CC=1)/C1=CC=CC=N1 |^1:5|-1065' prediction.modelResults.predictionError=CC(=NN=C([SeH])N1CCN(CC1)C1C=CC(F)=CC=1)C1=CC=CC=N1: Molecule contains unsupported element
key='C/C(=N\\N=C(/[Se])\\N1CCC1)/C1=CC=CC=N1 |^1:5|-1065' prediction.modelResults.predictionError=CC(=NN=C([SeH])N1CCC1)C1=CC=CC=N1: Molecule contains unsupported element
key='C/C(=N\\N=C(/[Se])\\N1CCC(C)CC1)/C1=CC=CC=N1 |^1:5|-1065' prediction.modelResults.predictionError=CC(=NN=C([SeH])N1CCC(C)CC1)C1=CC=CC=N1: Molecule contains unsupported element
key='C/C(=N\\N=C(/[Se])\\N(CC)CC)/C1=CC=CC=N1 |^1:5|-1065' prediction.modelResults.predictionError=CC(=NN=C([SeH])N(CC)CC)C1=CC=CC=N1: Molecule contains unsupported element
key='CC1=CC=CC=C1B1OB(OB(O1)C1=CC=CC=C1C)C1=CC=CC=C1C-1065' prediction.modelResults.predictionError=CC1=CC=CC=C1B1OB(OB(O1)C1=CC=CC=C1C)C1=CC=CC=C1C: Molecule contains unsupported element
key='C1COB(OCCN1)C1=CC=CC=C1-1065' prediction.modelResults.predictionError=C1COB(OCCN1)C1C=CC=CC=1: Molecule contains unsupported element
key='CC(C)(C)B(C(C)(C)C)C(C)(C)C-1065' prediction.modelResults.predictionError=CC(C)(C)B(C(C)(C)C)C(C)(C)C: Molecule contains unsupported element
key='C[Sn](C)C.CCN([B]N(CC)CC)CC |^1:1,7|-1065' prediction.modelResults.predictionError=C[Sn](C)C.CCN([B]N(CC)CC)CC |^1:1,7|: model can't run mixtures
key='[B]N(CC)CC-1065' prediction.modelResults.predictionError=[B]N(CC)CC failed standardization
key='[Li][Ge](C)(C)C-1065' prediction.modelResults.predictionError=[Li][Ge](C)(C)C failed standardization
key='CC1=CC=CC=C1[Se]C1=CC=CC=C1-1065' prediction.modelResults.predictionError=CC1=CC=CC=C1[Se]C1C=CC=CC=1: Molecule contains unsupported element
key='CCOB1OC(C)(C)C(C)(C)O1-1065' prediction.modelResults.predictionError=CCOB1OC(C)(C)C(C)(C)O1: Molecule contains unsupported element
key='CC(C)B1OC(C)(C)C(C)(C)O1-1065' prediction.modelResults.predictionError=CC(C)B1OC(C)(C)C(C)(C)O1: Molecule contains unsupported element
key='C[Sn](C)C.FC(F)(F)PC(F)(F)F |^1:1|-1065' prediction.modelResults.predictionError=C[Sn](C)C.FC(F)(F)PC(F)(F)F |^1:1|: model can't run mixtures
key='CC(C)N(B(Cl)C1=CC=CC=C1)C(C)C-1065' prediction.modelResults.predictionError=CC(C)N(B(Cl)C1C=CC=CC=1)C(C)C: Molecule contains unsupported element
key='CCCCN(CCCC)B(Cl)C1=CC=CC=C1-1065' prediction.modelResults.predictionError=CCCCN(CCCC)B(Cl)C1C=CC=CC=1: Molecule contains unsupported element
key='CCCCNB(N(C)C)C1=CC=CC=C1-1065' prediction.modelResults.predictionError=CCCCNB(C1C=CC=CC=1)N(C)C: Molecule contains unsupported element
key='CC(C)CNB(N(C)C)C1=CC=CC=C1-1065' prediction.modelResults.predictionError=CC(C)CNB(C1C=CC=CC=1)N(C)C: Molecule contains unsupported element
key='CCC(C)NB(N(C)C)C1=CC=CC=C1-1065' prediction.modelResults.predictionError=CCC(C)NB(C1C=CC=CC=1)N(C)C: Molecule contains unsupported element
key='CN(C)B(NC(C)(C)C)C1=CC=CC=C1-1065' prediction.modelResults.predictionError=CN(C)B(NC(C)(C)C)C1C=CC=CC=1: Molecule contains unsupported element
key='CCCCNB(N(CC)CC)C1=CC=CC=C1-1065' prediction.modelResults.predictionError=CCCCNB(C1C=CC=CC=1)N(CC)CC: Molecule contains unsupported element
key='CN(C)B(N[Si](C)(C)C)C1=CC=CC=C1-1065' prediction.modelResults.predictionError=CN(C)B(N[Si](C)(C)C)C1C=CC=CC=1: Molecule contains unsupported element
key='CC1(C)CCOB(O)O1-1065' prediction.modelResults.predictionError=CC1(C)CCOB(O)O1: Molecule contains unsupported element
key='S=C1[Te]CC2=CC=CC=C12-1065' prediction.modelResults.predictionError=S=C1[Te]CC2=CC=CC=C21: Molecule contains unsupported element
key='C=C[Se]C=C-1065' prediction.modelResults.predictionError=C=C[Se]C=C: Molecule contains unsupported element
key='C[Ge](C)(C)C1CC1=O-1065' prediction.modelResults.predictionError=C[Ge](C)(C)C1CC1=O: Molecule contains unsupported element
key='[Se](C([Se]C1=CC=CC=C1)=CC1=CC=CC=C1)C1=CC=CC=C1-1065' prediction.modelResults.predictionError=C(=C([Se]C1C=CC=CC=1)[Se]C1C=CC=CC=1)C1C=CC=CC=1: Molecule contains unsupported element
key='FC(F)(F)C1=CC([Se][Se]C2=CC=CC(=C2)C(F)(F)F)=CC=C1-1065' prediction.modelResults.predictionError=FC(F)(F)C1=CC(=CC=C1)[Se][Se]C1C=C(C=CC=1)C(F)(F)F: Molecule contains unsupported element
key='CC(O)C([Se]C1=CC=CC=C1)[Se]C1=CC=CC=C1-1065' prediction.modelResults.predictionError=CC(O)C([Se]C1=CC=CC=C1)[Se]C1=CC=CC=C1: Molecule contains unsupported element
key='[Li+].C=[C-][Se]C1=CC=CC=C1-1065' prediction.modelResults.predictionError=C=C[Se]C1C=CC=CC=1: Molecule contains unsupported element
key='Br[Se](Br)(C1=CC=CC=C1)C1=CC=CC=C1-1065' prediction.modelResults.predictionError=Br[Se](Br)(C1C=CC=CC=1)C1C=CC=CC=1: Molecule contains unsupported element
key='CCCCCC([Se]C)P(=O)(OCC)OCC-1065' prediction.modelResults.predictionError=CCCCCC([Se]C)P(=O)(OCC)OCC: Molecule contains unsupported element
key='CCOP(=O)(OCC)C([Se]C)C1=CC=CC=C1-1065' prediction.modelResults.predictionError=C[Se]C(C1C=CC=CC=1)P(=O)(OCC)OCC: Molecule contains unsupported element
key='CCOP(=O)(OCC)C(SC)[Se]C-1065' prediction.modelResults.predictionError=CSC([Se]C)P(=O)(OCC)OCC: Molecule contains unsupported element
key='CCOP(=O)(OCC)C(C)(SC)[Se]C-1065' prediction.modelResults.predictionError=CSC(C)([Se]C)P(=O)(OCC)OCC: Molecule contains unsupported element
key='[CH3-].[Ni]-1065' prediction.modelResults.predictionError=Only one non-hydrogen atom
key='CC[Ge](CC)(CC)CC(=O)OC-1065' prediction.modelResults.predictionError=COC(=O)C[Ge](CC)(CC)CC: Molecule contains unsupported element
key='CC[Ge](CC)(CC)C(C)C(=O)OC-1065' prediction.modelResults.predictionError=COC(=O)C(C)[Ge](CC)(CC)CC: Molecule contains unsupported element
key='CCC(C(=O)OC)[Ge](CC)(CC)CC-1065' prediction.modelResults.predictionError=COC(=O)C(CC)[Ge](CC)(CC)CC: Molecule contains unsupported element
key='IB1SSB(I)S1-1065' prediction.modelResults.predictionError=IB1SSB(I)S1 failed standardization
key='O=C1CCCC([Se]C2=CC=CC=C2)=C1-1065' prediction.modelResults.predictionError=O=C1CCCC(=C1)[Se]C1C=CC=CC=1: Molecule contains unsupported element
key='CC1=C(CCCC1=O)[Se]C1=CC=CC=C1-1065' prediction.modelResults.predictionError=CC1C(=O)CCCC=1[Se]C1C=CC=CC=1: Molecule contains unsupported element
key='CCCCC1(O)CC(C)(C)CC([Se]C2=CC=CC=C2)=C1-1065' prediction.modelResults.predictionError=CC1(C)CC(=CC(O)(C1)CCCC)[Se]C1C=CC=CC=1: Molecule contains unsupported element
key='CCCCC1(O)CCCC(=C1)[Se](=O)(=O)C1=CC=CC=C1-1065' prediction.modelResults.predictionError=CCCCC1(O)CCCC(=C1)[Se](=O)(=O)C1C=CC=CC=1: Molecule contains unsupported element
key='CC1(C)CC(O)C=C(C1)[Se](=O)(=O)C1=CC=CC=C1-1065' prediction.modelResults.predictionError=CC1(C)CC(=CC(O)C1)[Se](=O)(=O)C1C=CC=CC=1: Molecule contains unsupported element
key='CCCCC1(O)CCCC(=C1C)[Se](=O)(=O)C1=CC=CC=C1-1065' prediction.modelResults.predictionError=CC1=C(CCCC1(O)CCCC)[Se](=O)(=O)C1C=CC=CC=1: Molecule contains unsupported element
key='O=C1CCC([Se]C2=CC=CC=C2)=C1-1065' prediction.modelResults.predictionError=O=C1CCC(=C1)[Se]C1C=CC=CC=1: Molecule contains unsupported element
key='CCCCC1(O)CCC(=C1)[Se](=O)(=O)C1=CC=CC=C1-1065' prediction.modelResults.predictionError=CCCCC1(O)CCC(=C1)[Se](=O)(=O)C1C=CC=CC=1: Molecule contains unsupported element
key='O=C(NC1CCCCC1[Se]C1=CC=CC=C1)C1=CC=CC=C1-1065' prediction.modelResults.predictionError=O=C(NC1CCCCC1[Se]C1C=CC=CC=1)C1C=CC=CC=1: Molecule contains unsupported element
key='C[Ge](C)(C)CCC#N-1065' prediction.modelResults.predictionError=C[Ge](C)(C)CCC#N: Molecule contains unsupported element
key='CC(C)B1OCC(CO1)[N+]([O-])=O-1065' prediction.modelResults.predictionError=CC(C)B1OCC(CO1)[N+]([O-])=O: Molecule contains unsupported element
key='OB(O)C(Cl)Cl-1065' prediction.modelResults.predictionError=OB(O)C(Cl)Cl: Molecule contains unsupported element
key='CCN(CC)B(N(CC)CC)C1=CC=CC=C1-1065' prediction.modelResults.predictionError=CCN(CC)B(C1C=CC=CC=1)N(CC)CC: Molecule contains unsupported element
key='CC1(C2=CC=CC=C2CC2=CC=CC=C12)[Ge](Cl)(Cl)Cl-1065' prediction.modelResults.predictionError=CC1(C2=CC=CC=C2CC2=CC=CC=C12)[Ge](Cl)(Cl)Cl: Molecule contains unsupported element
key='O=C(C[Se]C1=CC=CC=C1)C1=CC=CS1-1065' prediction.modelResults.predictionError=O=C(C[Se]C1C=CC=CC=1)C1=CC=CS1: Molecule contains unsupported element
key='[OH-].[OH-].[OH-].[OH-].[OH-].[Cr+3].[Fe++]-1065' prediction.modelResults.predictionError=[OH-].[OH-].[OH-].[OH-].[OH-].[Cr+3].[Fe++] failed standardization
key='BrC[Se]C1=CC=CC=C1-1065' prediction.modelResults.predictionError=BrC[Se]C1C=CC=CC=1: Molecule contains unsupported element
key='ClC1=CC=C([Se]CBr)C=C1-1065' prediction.modelResults.predictionError=ClC1=CC=C(C=C1)[Se]CBr: Molecule contains unsupported element
key='CCCC(C)(C)C1=CC(O)=C(C=C1)C1CCCC(O)C1-1065' prediction.modelResults.predictionError=Number of atoms equals zero
key='CCCCCC(C)(C)C1=CC(O)=C(C=C1)C1CCCC(O)C1-1065' prediction.modelResults.predictionError=Number of atoms equals zero
key='[Se](C1=CC=CC=C1)C1=C([Se]C2=CC=CC=C2)C([Se]C2=CC=CC=C2)=C([Se]C2=CC=CC=C2)C([Se]C2=CC=CC=C2)=C1[Se]C1=CC=CC=C1-1065' prediction.modelResults.predictionError=C1=CC=CC=C1[Se]C1C([Se]C2C=CC=CC=2)=C([Se]C2C=CC=CC=2)C([Se]C2C=CC=CC=2)=C([Se]C2C=CC=CC=2)C=1[Se]C1C=CC=CC=1: Molecule contains unsupported element
key='CS(=O)(=O)N=C1C=CC(C=C1)=NC1=CC=CC=C1-1065' prediction.modelResults.predictionError=CS(=O)(=O)N=C1C=CC(C=C1)=NC1=CC=CC=C1 failed standardization
key='O=S(=O)(N=C1C=CC(C=C1)=NC1=CC=CC=C1)C1=CC=CC=C1-1065' prediction.modelResults.predictionError=O=S(=O)(N=C1C=CC(C=C1)=NC1=CC=CC=C1)C1=CC=CC=C1 failed standardization
key='OS(=O)(=O)C1=CC=CC=C1.CSC1=NC(N)=C(S1)C1=CC=CC=C1-1065' prediction.modelResults.predictionError=OS(=O)(=O)C1=CC=CC=C1.CSC1=NC(N)=C(S1)C1=CC=CC=C1: model can't run mixtures
key='CCCCB1N(B(CCCC)N(B(CCCC)N1C(C)(C)C)C(C)(C)C)C(C)(C)C-1065' prediction.modelResults.predictionError=CC(C)(C)N1B(CCCC)N(B(CCCC)N(B1CCCC)C(C)(C)C)C(C)(C)C: Molecule contains unsupported elementkey='XCYPYJQHWNIFKQ-UHFFFAOYNA-N-1065' prediction.modelResults.predictionError=C(CC1C=CC=CC=1)B(CCC1C=CC=CC=1)CCC1C=CC=CC=1: Molecule contains unsupported element
key='FOQDCNWYHXCPPI-UHFFFAOYNA-N-1065' prediction.modelResults.predictionError=CN(C)B(C1C=CC=CC=1)N1CCCCC1: Molecule contains unsupported element
key='BMLMOQANJFFMMG-UHFFFAOYNA-N-1065' prediction.modelResults.predictionError=CC(CC(=O)N(CC)CC)[Ge](CC)(CC)CC: Molecule contains unsupported element
key='ZVSRTEIRDBHVAG-UHFFFAOYNA-N-1065' prediction.modelResults.predictionError=C1C=N[Te]N=1: Molecule contains unsupported element
key='WBPMZSWGBANGIA-UHFFFAOYNA-N-1065' prediction.modelResults.predictionError=O=C1CC2CC1C(Cl)C2[Se]C1C=CC=CC=1: Molecule contains unsupported element
key='OTFFBHKQLFFQNX-UHFFFAOYNA-N-1065' prediction.modelResults.predictionError=CC1(C)C2CC1CC(B1C3CCCC1CCC3)C2CCOCC1C=CC=CC=1: Molecule contains unsupported element
key='JLEMJCTWSQAPBP-UHFFFAOYSA-N-1065' prediction.modelResults.predictionError=OC(=O)C(O)=O.NC(=O)C1=CC=C(OC2CNC2)C=C1: model can't run mixtures
key='BRNHJGKQDZPTPZ-UHFFFAOYSA-M-1065' prediction.modelResults.predictionError=COS([O-])(=O)=O.COC(=O)C1=C2C=CC=CC2=[N+](C)C2=CC=CC=C12: model can't run mixtures
key='OHBSZUYXWLFNTO-UHFFFAOYNA-N-1065' prediction.modelResults.predictionError=CC1C=CC(=CC=1)[Te]C1C=CC(=CC=1)N(C)C: Molecule contains unsupported element
key='RBGIXTVGDHBUKR-UHFFFAOYNA-N-1065' prediction.modelResults.predictionError=CN(C)C1C=CC(=CC=1)[Te]C1C=CC(Cl)=CC=1: Molecule contains unsupported element
key='OPDLAPSMTIZCKS-UHFFFAOYNA-N-1065' prediction.modelResults.predictionError=CN(C)C1C=CC(=CC=1)[Te]C1C=CC(Br)=CC=1: Molecule contains unsupported element
key='MEYZIOLWHYBUAL-UHFFFAOYNA-N-1065' prediction.modelResults.predictionError=CCCC(=O)C(CC)[Se]C1C=CC=CC=1: Molecule contains unsupported element
key='YMFXKJYVYIXVPN-UHFFFAOYSA-N-1065' prediction.modelResults.predictionError=CC([O-])=O.COC1=CC2=C(NC3=C2C=C2C(C)=[N+](C)C=CC2=C3C)C=C1: model can't run mixtures
key='OBJDFEUSFDCDJE-UHFFFAOYNA-N-1065' prediction.modelResults.predictionError=CCCCCCCCCCC[Se]C: Molecule contains unsupported element
key='VNSKXAKYTISZHC-UHFFFAOYNA-N-1065' prediction.modelResults.predictionError=CC[Te]C1=CC=CC=C1[N+]([O-])=O: Molecule contains unsupported element
key='XYLJGBNLUOUEIM-UHFFFAOYNA-N-1065' prediction.modelResults.predictionError=CC[Se]C1=CC=CC=C1Br: Molecule contains unsupported element
key='BUQOTUFTHQJTFE-UHFFFAOYNA-N-1065' prediction.modelResults.predictionError=CC1C=CC=C(C=1)[Se]C: Molecule contains unsupported element
key='IXOLKTOYPROQRN-UHFFFAOYNA-N-1065' prediction.modelResults.predictionError=C[Se]C1=CC=CC=C1[N+]([O-])=O: Molecule contains unsupported element
key='IQPQYWCMWXDMGT-UHFFFAOYNA-N-1065' prediction.modelResults.predictionError=C[Se]C1=CC=CC=C1CO: Molecule contains unsupported element
key='VNWKTOKETHGBQD-UHFFFAOYNA-N-1065' prediction.modelResults.predictionError=Only one non-hydrogen atom
key='FLYRLHNGROTIJY-UHFFFAOYSA-N-1065' prediction.modelResults.predictionError=C1=CC=NC=C1.CC(C(C#N)C#N)=C(C#N)C#N: model can't run mixtures
key='ZGRRGNQAPAJAPZ-BGGKNDAXNA-N-1065' prediction.modelResults.predictionError=CC(=O)OCCC1[Se]C(=O)NC=1C: Molecule contains unsupported element
key='HHEBLLAXXSLCJT-UHFFFAOYNA-N-1065' prediction.modelResults.predictionError=COB(C1C=CC=CC=1)N(C(C)C)C(C)C: Molecule contains unsupported element
key='KDENUPRRZVYCLH-UHFFFAOYNA-N-1065' prediction.modelResults.predictionError=CN(C)C1C=CC(=CC=1)[Te]C1C=C(C=CC=1)[N+]([O-])=O: Molecule contains unsupported element
key='AUWNSFBLQTTXBS-UHFFFAOYNA-N-1065' prediction.modelResults.predictionError=FC1C=CC(C[Se][Se]CC2C=CC(F)=CC=2)=CC=1: Molecule contains unsupported element
key='ATZUACNEFNOJRQ-UHFFFAOYNA-N-1065' prediction.modelResults.predictionError=ClC1=CC=CC=C1C[Se][Se]CC1=CC=CC=C1Cl: Molecule contains unsupported element
key='HZTQEOQPJUDAJA-UHFFFAOYNA-N-1065' prediction.modelResults.predictionError=CC(C)C(C=O)[Se]C1C=CC=CC=1: Molecule contains unsupported element
key='HXKVMHYLARGTIO-UHFFFAOYNA-N-1065' prediction.modelResults.predictionError=C#C[Te]C1C=CC=CC=1: Molecule contains unsupported element
key='IBLQFKKQXXTTPI-UHFFFAOYSA-N-1065' prediction.modelResults.predictionError=C=[Mo] failed standardization
key='HVCAAGXCKQGSLC-UHFFFAOYNA-N-1065' prediction.modelResults.predictionError=CC[Tl](CC)CC: Molecule contains unsupported element
key='BBSBLQCNOLCFLU-UHFFFAOYNA-N-1065' prediction.modelResults.predictionError=OB(O)CSC1C=CC=CC=1: Molecule contains unsupported element
key='AYTWQOOZULADCI-UHFFFAOYNA-N-1065' prediction.modelResults.predictionError=C1CCCCC1B1OCCCO1: Molecule contains unsupported element
key='POAOFRAFKLHZGL-UHFFFAOYNA-N-1065' prediction.modelResults.predictionError=CC1(C)C2CC1CC1OB(C=C)OC12C: Molecule contains unsupported element
key='QGWQMLAZUPRXGK-UHFFFAOYNA-N-1065' prediction.modelResults.predictionError=CC1(C)C2CC3OB(CC(C)C)OC3(C)C1C2: Molecule contains unsupported element
key='BYVYGBCOJZDUDN-UHFFFAOYNA-N-1065' prediction.modelResults.predictionError=O=C1CCCCCC1[Se]C1C=CC=CC=1: Molecule contains unsupported element
key='LKUQGGVRRAHOGT-UHFFFAOYNA-N-1065' prediction.modelResults.predictionError=OB(O)CCCN1CCCC1: Molecule contains unsupported element
key='QWWJCMVEKOXERY-UHFFFAOYSA-N-1065' prediction.modelResults.predictionError=[Co+3].C1CNCN2CNCCNCN(CN1)CNCCNC2.C1=CC=C(C=C1)[B-](C1=CC=CC=C1)(C1=CC=CC=C1)C1=CC=CC=C1.C1=CC=C(C=C1)[B-](C1=CC=CC=C1)(C1=CC=CC=C1)C1=CC=CC=C1.C1=CC=C(C=C1)[B-](C1=CC=CC=C1)(C1=CC=CC=C1)C1=CC=CC=C1: model can't run mixtures
key='PDKKLCTZRUMOSD-UHFFFAOYNA-N-1065' prediction.modelResults.predictionError=COB1CC2CC(C1)C=C(CCl)C2: Molecule contains unsupported element
key='XWKLKNRFPVAZPZ-HCKMINDGNA-N-1065' prediction.modelResults.predictionError=CCCCCCCC[Se]CCCCCCCC(O)=O: Molecule contains unsupported element
key='BKAYIBHYOFFKJF-UHFFFAOYNA-N-1065' prediction.modelResults.predictionError=CCCCCCCC[Te]CCCCCCCC(=O)OC: Molecule contains unsupported element
key='MWUXSHHQAYIFBG-OUBTZVSYSA-N-1065' prediction.modelResults.predictionError=[15N]=O failed standardization
key='IXTOTYVHHVDYGQ-UHFFFAOYNA-N-1065' prediction.modelResults.predictionError=COC(=O)CCCCCCCCCCB(CCCCCCCCCCC(=O)OC)CCCCCCCCCCC(=O)OC: Molecule contains unsupported element
key='SXUHSLTVWLRXCM-UHFFFAOYNA-N-1065' prediction.modelResults.predictionError=[B]1CCCCC1 |^1:0|: Molecule contains unsupported element
key='FPGKCJSXQACZKH-UHFFFAOYNA-N-1065' prediction.modelResults.predictionError=COC(=O)C1=C([Se]C=C1C1C=CC=CC=1)C(=O)OC: Molecule contains unsupported element
key='VVQKAXAFAFQOCP-UHFFFAOYNA-N-1065' prediction.modelResults.predictionError=C(C=C1CCCCC1)[Se]C1C=CC=CC=1: Molecule contains unsupported element
key='DWCKZHIJVVRVMC-UHFFFAOYNA-N-1065' prediction.modelResults.predictionError=Number of atoms equals zero
key='VFZGFNMVTPLLNH-UHFFFAOYNA-N-1065' prediction.modelResults.predictionError=C(C[Te]C1C=CC=CC=1)C1C=CC=CC=1: Molecule contains unsupported element
key='MTYJFHZWRUJGLY-UHFFFAOYNA-N-1065' prediction.modelResults.predictionError=CC(CC)B(Br)C(C)CC: Molecule contains unsupported element
key='YNFYRKBHOUYZMZ-UHFFFAOYNA-N-1065' prediction.modelResults.predictionError=CN1B(Br)N(C)B(Br)N(C)B1Br: Molecule contains unsupported element
key='LJHUOVPJRIYOJK-UHFFFAOYSA-N-1065' prediction.modelResults.predictionError=OC(=O)C(O)=O.CCCCCC(CCN1C=CN=C1)SC1=CC=C(Cl)C=C1: model can't run mixtures
key='CAVAEBYVTLUQIF-UHFFFAOYNA-N-1065' prediction.modelResults.predictionError=C[Si](C)([Te][Si](C)(C)C(C)(C)C)C(C)(C)C: Molecule contains unsupported element
key='JCEGFAONHIYPBJ-UHFFFAOYNA-N-1065' prediction.modelResults.predictionError=CCC[Ge](Cl)(CCC)CCC: Molecule contains unsupported element
key='JLIOOYQWWAUHRC-UHFFFAOYSA-N-1065' prediction.modelResults.predictionError=CCN(CC)CC.OC(=O)C1=CC=CC=C1C(O)=O: model can't run mixtures
key='MZRJYMUQLBFTMG-UHFFFAOYSA-N-1065' prediction.modelResults.predictionError=[Cs+].[Cs+].[O-][Si]([O-])=O failed standardization
key='UHJZDXBXQFVLBM-UHFFFAOYSA-N-1065' prediction.modelResults.predictionError=CS(O)(=O)=O.N1C=CN=C1: model can't run mixtures
key='GGFOZRQCNXQCLO-UHFFFAOYSA-N-1065' prediction.modelResults.predictionError=CS(O)(=O)=O.NC1=CC=CC=C1: model can't run mixtures
key='QVURWDOMADVZJM-UHFFFAOYNA-N-1065' prediction.modelResults.predictionError=COC1CCCCC1[Te]C1C=CC=CC=1: Molecule contains unsupported element
key='HCNBOROMAHZHDP-UHFFFAOYNA-N-1065' prediction.modelResults.predictionError=COC(C[Te]C1C=CC=CC=1)C1C=CC=CC=1: Molecule contains unsupported element
key='GYSQCJHJLVGXLY-UHFFFAOYNA-N-1065' prediction.modelResults.predictionError=COC1CCCCC1[Te](=O)C1C=CC=CC=1: Molecule contains unsupported element
key='HUKGNXUHJDEYHP-UHFFFAOYNA-N-1065' prediction.modelResults.predictionError=CC1=CC=C(C=C1)[Se]CC1CO1: Molecule contains unsupported element
key='FVFPCRUZFQUITF-UHFFFAOYNA-N-1065' prediction.modelResults.predictionError=CN(C#CC#C[Ge](C1C=CC=CC=1)(C1C=CC=CC=1)C1C=CC=CC=1)C1C=CC=CC=1: Molecule contains unsupported element
key='ONFKRSFCIOLKPJ-UHFFFAOYNA-N-1065' prediction.modelResults.predictionError=OC1C=CC(=CC=1)[Se]C1C=CC=CC=1: Molecule contains unsupported element
key='WPCYNRHOLIBAHL-UHFFFAOYNA-N-1065' prediction.modelResults.predictionError=C1=CC=CC=C1C1C2=CC=CC=C2[Se]C2=CC=CC=C21: Molecule contains unsupported element
key='PJYUXVPHTDVTMZ-UHFFFAOYNA-N-1065' prediction.modelResults.predictionError=CC1C=CC(=CC=1)S(=O)(=O)NC1(C2=CC=CC=C2[Se]C2=CC=CC=C12)C1C=CC=CC=1: Molecule contains unsupported element
key='DWERDZLWGNKYMV-UHFFFAOYNA-N-1065' prediction.modelResults.predictionError=O=S(=O)(NC1(C2=CC=CC=C2[Se]C2=CC=CC=C12)C1C=CC=CC=1)C1C=CC=CC=1: Molecule contains unsupported element
key='XPYYFXSAYIELCK-UHFFFAOYNA-N-1065' prediction.modelResults.predictionError=COCOC=CCB1OC(C)(C)C(C)(C)O1: Molecule contains unsupported element
key='GOTRZSIOYYEMHV-UHFFFAOYNA-N-1065' prediction.modelResults.predictionError=COC(C)(C)OC=CCB1OC(C)(C)C(C)(C)O1: Molecule contains unsupported element
key='OPIXXSTZRZFQRI-UHFFFAOYNA-N-1065' prediction.modelResults.predictionError=CC(C)(C)[Te][Te]C(C)(C)C: Molecule contains unsupported element
key='WNLMREMYRZUVMY-UHFFFAOYNA-N-1065' prediction.modelResults.predictionError=C1=CC(C2=CC=CC=C21)[Ge](C1C=CC2=CC=CC=C21)(C1C=CC2=CC=CC=C21)C1C=CC2=CC=CC=C21: Molecule contains unsupported element
key='ZAEXIZXILSTCRI-UHFFFAOYNA-N-1065' prediction.modelResults.predictionError=CC(C)([Se]C1C=CC=CC=1)C1(O)CCCCC1: Molecule contains unsupported element
key='QTQGHKVYLQBJLO-UHFFFAOYSA-N-1065' prediction.modelResults.predictionError=CC1=CC=C(C=C1)S(O)(=O)=O.CC(C)CC(N)C(=O)OCC1=CC=CC=C1: model can't run mixtures
key='OCZWJMQUDVHZCC-UHFFFAOYNA-N-1065' prediction.modelResults.predictionError=CC1C=CC(=CC=1)[Ge](CC)(CC)CC: Molecule contains unsupported element
key='NGAINCNDRNYNMQ-UHFFFAOYNA-N-1065' prediction.modelResults.predictionError=CC1C[Ge](C)(C)CC=1: Molecule contains unsupported element
key='CPNGTAOCSJFHTC-UHFFFAOYNA-N-1065' prediction.modelResults.predictionError=C(OC[Se]C1C=CC=CC=1)[Se]C1C=CC=CC=1: Molecule contains unsupported element
key='LNQKKEVPABLUSK-UHFFFAOYNA-N-1065' prediction.modelResults.predictionError=CC1=CC=CC=C1[Se]COC[Se]C1=CC=CC=C1C: Molecule contains unsupported element
key='UAUUZJHSLYZCED-UHFFFAOYNA-N-1065' prediction.modelResults.predictionError=CC1=CC([Se]COC[Se]C2C=C(C)C=CC=2C)=C(C)C=C1: Molecule contains unsupported element
key='DMBOMBCGZMMICW-UHFFFAOYNA-N-1065' prediction.modelResults.predictionError=COC1=CC=CC=C1[Se]COC[Se]C1=CC=CC=C1OC: Molecule contains unsupported element
key='QYZYKHRHIVYNER-UHFFFAOYNA-N-1065' prediction.modelResults.predictionError=C(OC[Se]C1=CC=CC2=CC=CC=C21)[Se]C1=CC=CC2=CC=CC=C21: Molecule contains unsupported element
key='GICDGMRPVJMXDK-UHFFFAOYNA-N-1065' prediction.modelResults.predictionError=CC1=CC(=CC=C1)[Se]COC[Se]C1C=C(C)C=CC=1: Molecule contains unsupported element
key='NYYLWXGUKDEGAZ-UHFFFAOYNA-N-1065' prediction.modelResults.predictionError=COC1C=CC(=CC=1)[Se]COC[Se]C1C=CC(=CC=1)OC: Molecule contains unsupported element
key='JNPQTYNPMDYPKT-UHFFFAOYNA-N-1065' prediction.modelResults.predictionError=CCOC1=CC=C(C=C1)[Se]COC[Se]C1=CC=C(C=C1)OCC: Molecule contains unsupported element
key='JTMSNUOVUIMGMB-UHFFFAOYNA-N-1065' prediction.modelResults.predictionError=CC[Ge](CC)(CC)C(=O)N(CC)CC: Molecule contains unsupported element
key='ZGNDRPNWCSCGLH-UHFFFAOYNA-N-1065' prediction.modelResults.predictionError=CN(C)C(=O)CC(C)(O)[Ge](CC)(CC)CC: Molecule contains unsupported element
key='ISPAPPYOSYAJBW-UHFFFAOYNA-N-1065' prediction.modelResults.predictionError=CC(C)(C)C(O)([Ge](CC)(CC)CC)[Ge](CC)(CC)CC: Molecule contains unsupported element
key='DZTVFPHTHHSFBQ-UHFFFAOYNA-N-1065' prediction.modelResults.predictionError=C[Se]C1=CSC=C1[Se]C: Molecule contains unsupported element
key='IFXBRAZIJUHVRZ-UHFFFAOYNA-N-1065' prediction.modelResults.predictionError=CCSC1=CSC=C1[Se]C: Molecule contains unsupported element
key='GDXZWQHANJFEKM-UHFFFAOYSA-N-1065' prediction.modelResults.predictionError=OC(=O)C(O)=O.CC(C)OC1=NC(=NC2=C1CCC2)N1CCNCC1: model can't run mixtures
key='RFEJCBKNFOIZHT-UHFFFAOYNA-N-1065' prediction.modelResults.predictionError=CCCC=C(CCC)B(O)O: Molecule contains unsupported element
key='KXGFTWWWRZYTTO-UHFFFAOYNA-N-1065' prediction.modelResults.predictionError=O=C1CCCCCC1[Se]C1=CC=CC=N1: Molecule contains unsupported element
key='JEHHMHFFBBVTBL-UHFFFAOYNA-N-1065' prediction.modelResults.predictionError=BrC1=CC=C(C=C1)[Se]CC1C=CC=CC=1: Molecule contains unsupported element
key='QILUWPNQXUQMMP-UHFFFAOYNA-N-1065' prediction.modelResults.predictionError=C1C=CCB1C1C=CC=CC=1: Molecule contains unsupported element
key='GZZLIPOROCTCOD-UHFFFAOYNA-N-1065' prediction.modelResults.predictionError=C[Ge]1(C)CCCCC1: Molecule contains unsupported element
key='YOPIFVUIPDPTNM-FSHFIPFONA-N-1065' prediction.modelResults.predictionError=NC(=O)CC[Ge](Cl)(Cl)Cl: Molecule contains unsupported element
key='IJKOQQHIAGRJHA-QPZXYOTCSA-N-1065' prediction.modelResults.predictionError=[Rh].F[B-](F)(F)F.C1C\C=C/CC\C=C/1.CC(C)[C@H]1CC[C@H](C(C)C)P1C1=CC=CC=C1P1[C@H](CC[C@@H]1C(C)C)C(C)C failed standardization
key='LKVIVYCYPYTYSO-ASDDUFFSSA-N-1065' prediction.modelResults.predictionError=[Rh].F[B-](F)(F)F.C1C\C=C/CC\C=C/1.C[C@H]1CC[C@H](C)P1CCP1[C@@H](C)CC[C@@H]1C failed standardization
key='MHMWLWUYCYJNTI-UHFFFAOYNA-N-1065' prediction.modelResults.predictionError=C[Se]CCC[Se]C: Molecule contains unsupported element
key='JHNMONYIFVLCLU-UHFFFAOYSA-N-1065' prediction.modelResults.predictionError=[Rb+].[CH-]1C2=CC=CC=C2C2=CC=CC=C12 failed standardization
key='FVAOWNKPXYWIPQ-UHFFFAOYNA-N-1065' prediction.modelResults.predictionError=CC(C)N(B(I)I)C(C)C: Molecule contains unsupported element
key='SATMDXOMTNPDAI-YHMJCDSINA-N-1065' prediction.modelResults.predictionError=C1=CC=CC=C1NC1=NC2C=CC=NC=2[Se]1: Molecule contains unsupported element
key='PGMFMANPRYBEKF-UHFFFAOYNA-N-1065' prediction.modelResults.predictionError=CCCCCCC#C[Ge](C)(C)C: Molecule contains unsupported element
key='OQHYRAMNHCCZBE-WXRBYKJCNA-N-1065' prediction.modelResults.predictionError=OC(=O)C1=CN=C([Se]1)N1CCOCC1: Molecule contains unsupported element
key='NJEMYKYLVHWEAO-UHFFFAOYNA-N-1065' prediction.modelResults.predictionError=[SeH]C1=CC=CC2=CC=CC=C21: Molecule contains unsupported element
key='RFZQQXVTMUBVNR-UHFFFAOYNA-N-1065' prediction.modelResults.predictionError=CC(C)(C)C1C=C(C=C([Se]C2=CC(=CC(=C2O)C(C)(C)C)C(C)(C)C)C=1O)C(C)(C)C: Molecule contains unsupported element
key='OCRDUFMMMZJZQV-UHFFFAOYNA-N-1065' prediction.modelResults.predictionError=COC1C=C(C=CC=1B(O)O)OCC1C=CC=CC=1: Molecule contains unsupported element
key='JACGHVGDEQRIFL-UHFFFAOYNA-N-1065' prediction.modelResults.predictionError=CC1=C(F)C=CC(B(O)O)=C1C: Molecule contains unsupported element
key='KIYGWVQCYNFXJC-UHFFFAOYNA-N-1065' prediction.modelResults.predictionError=C1CC[Se]CCC[Se]CCC[Se]CCC[Se]1: Molecule contains unsupported element
key='JIJFDFCRGAARKY-UHFFFAOYNA-N-1065' prediction.modelResults.predictionError=CC1C=CC(=CC=1)B(OCCN)C1C=CC(C)=CC=1: Molecule contains unsupported element
key='AWECJTDFTJYSGZ-UHFFFAOYSA-K-1065' prediction.modelResults.predictionError=O.O.O.O.O.O.[Cr+3].[O-][Cl](=O)(=O)=O.[O-][Cl](=O)(=O)=O.[O-][Cl](=O)(=O)=O failed standardization
key='ILNVLRZFTJYYCF-UHFFFAOYNA-N-1065' prediction.modelResults.predictionError=CN1CCN(CC1)C(=O)C1C=CC(=CC=1)B(O)O: Molecule contains unsupported element
key='MZSSIGKFAKJZIK-UHFFFAOYSA-N-1065' prediction.modelResults.predictionError=NCC1=CC=CC=C1.CC1=CC=C(C=C1)S(O)(=O)=O: model can't run mixtures
key='FBIZKLDTWSVLAE-UHFFFAOYSA-N-1065' prediction.modelResults.predictionError=CN.OC1=C(C=C(C=C1[N+]([O-])=O)[N+]([O-])=O)[N+]([O-])=O: model can't run mixtures
key='KUBPBSSEVCLZKF-UHFFFAOYNA-N-1065' prediction.modelResults.predictionError=COC(=O)CCC(=O)C[Se]C1C=CC=CC=1: Molecule contains unsupported element
key='AWACOFBGFAKYPF-LBOYIXSDNA-N-1065' prediction.modelResults.predictionError=CC1C=C(C)N2C=1C=C1C=CC(CCC(=O)NCCCCCC(=O)ON3C(=O)CCC3=O)=[N+]1[B-]2(F)F: Molecule contains unsupported element
key='ZTEKSGWPGRYKHH-UHFFFAOYNA-N-1065' prediction.modelResults.predictionError=Number of atoms equals zero
key='ZTJBELXDHFJJEU-UHFFFAOYNA-N-1065' prediction.modelResults.predictionError=C[B]C |^1:1|: Molecule contains unsupported element
key='QYYOJPVAZYSFCB-UHFFFAOYNA-N-1065' prediction.modelResults.predictionError=CC[Ge](CC)(CC)C(=O)C(F)(F)F: Molecule contains unsupported element
key='UNHWYOFHBRJXRS-UHFFFAOYNA-N-1065' prediction.modelResults.predictionError=CC[Ge](CC)(CC)C1C(F)=C(C(C(=O)N(CC)CC)=C(F)C=1F)[Ge](CC)(CC)CC: Molecule contains unsupported element
key='RWXYPNKLCQJZNE-UHFFFAOYNA-N-1065' prediction.modelResults.predictionError=CC[Ge](CC)(CC)C(=O)C1C(F)=C(F)C(F)=C(F)C=1F: Molecule contains unsupported element
key='NUQRUOHAAJFQGA-UHFFFAOYNA-N-1065' prediction.modelResults.predictionError=C=C[Ge](C=C)(C=C)C(=O)C1C=CC=CC=1: Molecule contains unsupported element
key='NQWZVQYNECGTKP-UHFFFAOYNA-N-1065' prediction.modelResults.predictionError=C[Si](C)(Cl)CCCB(Cl)Cl: Molecule contains unsupported element
key='BMRSLHSYRCZWIY-UHFFFAOYNA-N-1065' prediction.modelResults.predictionError=C[Si](C)(Cl)C[Si](C)(C)CB(Cl)Cl: Molecule contains unsupported element
key='AZBHGKRVIRJVQG-UHFFFAOYNA-N-1065' prediction.modelResults.predictionError=CC1=C[Se]C=C1: Molecule contains unsupported element
key='WKEIPYCKSMBZRL-UHFFFAOYNA-N-1065' prediction.modelResults.predictionError=CC1=C[Te]C=C1: Molecule contains unsupported element
key='DRFVFUCINMEBEQ-UHFFFAOYSA-N-1065' prediction.modelResults.predictionError=FO[Cl](=O)(=O)=O failed standardization
key='AVLNJYYQIVCCJM-UHFFFAOYNA-N-1065' prediction.modelResults.predictionError=CC(C)(C)OOC(=O)CC[Ge](CCCC)(CCCC)CCCC: Molecule contains unsupported element
key='DCORJEMZALJDBV-UHFFFAOYNA-N-1065' prediction.modelResults.predictionError=[O-][N+](=O)C1C=C(C=CC=1[Se]Br)[N+]([O-])=O: Molecule contains unsupported element
key='RNYKOCRFSHGLER-UHFFFAOYNA-N-1065' prediction.modelResults.predictionError=CCC(CC)[Se][Se]C(CC)CC: Molecule contains unsupported element
key='HNCQOYKEJCZSSI-UHFFFAOYSA-N-1065' prediction.modelResults.predictionError=CC1N=C2NC(N)=NC(=O)C2=NC1C failed standardization
key='JSWCYFNATPFVGJ-UHFFFAOYNA-N-1065' prediction.modelResults.predictionError=C[Se]Cl: Molecule contains unsupported element
key='MHQSUYHVJQHJAN-UHFFFAOYNA-N-1065' prediction.modelResults.predictionError=C1C(C=C([Se]C=1C1C=CC=CC=1)C1C=CC=CC=1)C1C=CC=CC=1: Molecule contains unsupported element
key='OWZDIIFTELWGPF-WMXAVLFVNA-M-1065' prediction.modelResults.predictionError=Cl[Sb]1C=CCC=C1: Molecule contains unsupported element
key='SUBLTILIGQXRNY-UHFFFAOYNA-N-1065' prediction.modelResults.predictionError=C=C(C=O)[Se]C1C=CC=CC=1: Molecule contains unsupported element
key='OHXXJUYNNLCART-UHFFFAOYNA-N-1065' prediction.modelResults.predictionError=CC(=O)C(=C)[Se]C1C=CC=CC=1: Molecule contains unsupported element
key='MWUKVLQJDPQMSB-UHFFFAOYNA-N-1065' prediction.modelResults.predictionError=COC(=O)C(C)(C)[Se]C1C=CC=CC=1: Molecule contains unsupported element
key='BBKZEYDTCMRBCR-BGGKNDAXNA-N-1065' prediction.modelResults.predictionError=CC(C[Ge](Cl)(Cl)Cl)C(O)=O: Molecule contains unsupported element
key='MQWXJFABFPUREU-WLHGVMLRSA-N-1065' prediction.modelResults.predictionError=OC(=O)\C=C\C(O)=O.CC(C)NCC(O)C1=CC(NC=O)=C(O)C=C1: model can't run mixtures
key='BKKGYYPEWROSQZ-ANDKGJNFNA-J-1065' prediction.modelResults.predictionError=Cl[Sb](Cl)(Cl)(Cl)C1C=CC=CC=1: Molecule contains unsupported element
key='VGSZCPMSAQZLQZ-UHFFFAOYNA-N-1065' prediction.modelResults.predictionError=CCCC([Se]C)[Se]C: Molecule contains unsupported element
key='MFMGXANBIPPECS-UHFFFAOYNA-N-1065' prediction.modelResults.predictionError=CCCCCC([Se]C1C=CC=CC=1)[Se]C1C=CC=CC=1: Molecule contains unsupported element
key='SNUZACCNYBCJQO-UHFFFAOYNA-N-1065' prediction.modelResults.predictionError=CCCC(C=O)[Se]C: Molecule contains unsupported element
key='NAFXFAZYBLSMNR-UHFFFAOYNA-N-1065' prediction.modelResults.predictionError=CCCCCC(C=O)[Se]C: Molecule contains unsupported element
key='ZPKAARKPYVKHJJ-UHFFFAOYNA-N-1065' prediction.modelResults.predictionError=CCCC(C=C)[Se]C: Molecule contains unsupported element
key='JFHNGMOYOUJIIS-UHFFFAOYNA-N-1065' prediction.modelResults.predictionError=CCCCCC(C=C)[Se]C: Molecule contains unsupported element
key='UEMPPWCYHOMSRJ-UHFFFAOYNA-N-1065' prediction.modelResults.predictionError=CCCCCC(C=C)[Se]C1C=CC=CC=1: Molecule contains unsupported element
key='YEJXEPKKJWPACL-UHFFFAOYNA-N-1065' prediction.modelResults.predictionError=CCCCCCC(C=C)[Se]C1C=CC=CC=1: Molecule contains unsupported element
key='AIMAYJZDVSSVDT-UHFFFAOYNA-N-1065' prediction.modelResults.predictionError=CCCCCCC(C=C)[Se]C: Molecule contains unsupported element
key='JYUPBZTVUGMHQT-UHFFFAOYNA-N-1065' prediction.modelResults.predictionError=OC1C[Se]C1: Molecule contains unsupported element
key='SKLOAGAYQVGQAL-UHFFFAOYNA-N-1065' prediction.modelResults.predictionError=CCCB(OCCC)OCCC: Molecule contains unsupported element
key='ZPAQPUPBPSCAJZ-UHFFFAOYNA-N-1065' prediction.modelResults.predictionError=CC(C)B(OCCC)OCCC: Molecule contains unsupported element
key='HITLVZLBXBDEOV-UHFFFAOYNA-N-1065' prediction.modelResults.predictionError=CCCB1OCCCO1: Molecule contains unsupported element
key='TXDOZWSSVMWQGI-UHFFFAOYNA-N-1065' prediction.modelResults.predictionError=CC(C)B1OCC(C)CO1: Molecule contains unsupported element
key='VWTYNXQSTNLRFJ-UHFFFAOYNA-N-1065' prediction.modelResults.predictionError=CC(C)B1OC(C)CCO1: Molecule contains unsupported element
key='DEVVXFHBXHGXQQ-UHFFFAOYNA-N-1065' prediction.modelResults.predictionError=CCCB1OC(C)CC(C)(C)O1: Molecule contains unsupported element
key='SRRQSLBJDXLMKG-UHFFFAOYNA-N-1065' prediction.modelResults.predictionError=CC(C)B1OC(C)(C)CC(C)O1: Molecule contains unsupported element
key='MFDREUNIZFWMEZ-UHFFFAOYNA-N-1065' prediction.modelResults.predictionError=CC(C)(C)[Ge](Cl)(Cl)Cl: Molecule contains unsupported element
key='PSIUTHBVVDLEFK-UHFFFAOYNA-N-1065' prediction.modelResults.predictionError=CC(C)(C)[Ge](Cl)(Cl)C(C)(C)C: Molecule contains unsupported element
key='QOLGAFKGMGTIES-UHFFFAOYNA-N-1065' prediction.modelResults.predictionError=CC(C)(C)[Ge]C(C)(C)C |^3:4|: Molecule contains unsupported element
key='NNXCJPXGBPRMCD-UHFFFAOYNA-N-1065' prediction.modelResults.predictionError=CCSB(C1C=CC=CC=1)N(C)C: Molecule contains unsupported element
key='NGYRRIRARHVPOR-UHFFFAOYNA-N-1065' prediction.modelResults.predictionError=CC12CCC(=O)CC1CCC2C[Se]C1=CC=CC=C1[N+]([O-])=O: Molecule contains unsupported element
key='JGPGYCKDTXTQPO-UHFFFAOYNA-N-1065' prediction.modelResults.predictionError=COC1C=CC(=CC=1)[Te]C1CCC2CC(=O)OC21: Molecule contains unsupported element
key='QXTLIUJPZWXEBR-UHFFFAOYNA-N-1065' prediction.modelResults.predictionError=COC1C=CC(=CC=1)[Te]C1CCCC2CC(=O)OC21: Molecule contains unsupported element
key='DDTIGTPWGISMKL-UHFFFAOYSA-N-1065' prediction.modelResults.predictionError=[Ni].[Mo] failed standardization
key='MOWMLACGTDMJRV-UHFFFAOYSA-N-1065' prediction.modelResults.predictionError=[Ni].[W] failed standardization
key='JPNWDVUTVSTKMV-UHFFFAOYSA-N-1065' prediction.modelResults.predictionError=[Co].[W] failed standardization
key='UKAVTSMSSALFGM-UHFFFAOYNA-N-1065' prediction.modelResults.predictionError=C[Si](C)(C)C#CC1(OCCCO1)[Ge](C)(C)C: Molecule contains unsupported element
key='UUDUPCBDIRKFGX-UHFFFAOYNA-N-1065' prediction.modelResults.predictionError=CN1C(=O)C[Se]C1=O: Molecule contains unsupported element
key='DLSULYIQRAZOPW-UHFFFAOYSA-M-1065' prediction.modelResults.predictionError=CC([O-])=O.C[N+](C)(C)C1=CC=CC=C1: model can't run mixtures
key='FWYSSOIRLVHQNC-UHFFFAOYSA-M-1065' prediction.modelResults.predictionError=CC([O-])=O.C[N+](C)(C)CC1=CC=CC=C1: model can't run mixtures
key='JCWYTVRJACOCAM-UHFFFAOYNA-N-1065' prediction.modelResults.predictionError=CC1C[B]CC(C)CC1 |^1:3|: Molecule contains unsupported element
key='AZNBNRFZPRFUCK-UHFFFAOYSA-N-1065' prediction.modelResults.predictionError=CC(O)=O.ClC1=CC=C(SCCC2CCCN2)C=C1: model can't run mixtures
key='LEJJRFFBNLQENA-UHFFFAOYSA-N-1065' prediction.modelResults.predictionError=C[Si](C)(C)[Cu] failed standardization
key='RPKBPIQXUONJMN-UHFFFAOYNA-N-1065' prediction.modelResults.predictionError=Number of atoms equals zero
key='WQGJNWQBECRDJY-UHFFFAOYNA-N-1065' prediction.modelResults.predictionError=O=CC1[Se]C2=CC=CC=C2C=1Cl: Molecule contains unsupported element
key='JUZQDGMEMCHOLM-UHFFFAOYNA-N-1065' prediction.modelResults.predictionError=O=CC1=C(Br)[Se]C2=CC=CC=C21: Molecule contains unsupported element
key='SJPCRQODCBEDCO-UHFFFAOYNA-N-1065' prediction.modelResults.predictionError=CC(C[Se]C1C=CC=CC=1)C1C=CC=CC=1: Molecule contains unsupported element
key='UABIGQVTHWGILS-UHFFFAOYNA-N-1065' prediction.modelResults.predictionError=CC[Se](=O)C1C=CC=CC=1: Molecule contains unsupported element
key='RIDUKHLNPFPTDY-WXRBYKJCNA-N-1065' prediction.modelResults.predictionError=CC(=O)N1C(=O)CC(NC1=O)[Ge](Cl)(Cl)Cl: Molecule contains unsupported element
key='IBPPEGYWEHSHSC-UHFFFAOYNA-N-1065' prediction.modelResults.predictionError=CB1C=CCN1[Si](C)(C)C: Molecule contains unsupported element
key='FWMFYGXUAKLBNO-UHFFFAOYNA-N-1065' prediction.modelResults.predictionError=C=C(CBr)[Se]C1C=CC=CC=1: Molecule contains unsupported element
key='MEDYBHQMBACHSQ-UHFFFAOYNA-N-1065' prediction.modelResults.predictionError=CC(C)=C(CBr)[Se]C1C=CC=CC=1: Molecule contains unsupported element
key='KBBGDMXAHIFKQL-UHFFFAOYNA-N-1065' prediction.modelResults.predictionError=CC1(C2=CC=CC=C2CC2=CC=CC=C12)[Ge](C)(C)C: Molecule contains unsupported element
key='FZCDERRLJZZNHQ-UHFFFAOYNA-N-1065' prediction.modelResults.predictionError=C[Ge](C)(C)C1C2=CC=CC=C2CC2=CC=CC=C21: Molecule contains unsupported element
key='SDQRDZNNZQOJFU-UHFFFAOYNA-N-1065' prediction.modelResults.predictionError=CC1C=CC=C(C=1)C(=O)[Ge](CC)(CC)CC: Molecule contains unsupported element
key='ARVGMQNDBMYLGG-UHFFFAOYNA-N-1065' prediction.modelResults.predictionError=CC[Ge](CC)(CC)C(=O)C1C=CC(F)=CC=1: Molecule contains unsupported element
key='PXLUDRLVBXNQQN-UHFFFAOYNA-N-1065' prediction.modelResults.predictionError=COC(C=C)B1OC(C)(C)C(C)(C)O1: Molecule contains unsupported element
key='PWFYRMSMZANOJA-UHFFFAOYNA-N-1065' prediction.modelResults.predictionError=Number of atoms equals zero
key='KMFVYTBKZQUBIA-UHFFFAOYNA-N-1065' prediction.modelResults.predictionError=BrB1SSC(=C1C1C=CC=CC=1)C1C=CC=CC=1: Molecule contains unsupported element
key='MBJNSCQUAFTWHT-UHFFFAOYNA-N-1065' prediction.modelResults.predictionError=CCN(CC)B1SSC(=C1C1C=CC=CC=1)C1C=CC=CC=1: Molecule contains unsupported element
key='FENNMEYIVPIHQX-UHFFFAOYNA-N-1065' prediction.modelResults.predictionError=CC1C=CC=C(C)C=1NB1SSC(CC)=C1CC: Molecule contains unsupported element
key='XUBXMTTZQQDEAE-UHFFFAOYNA-N-1065' prediction.modelResults.predictionError=C1=CSB(S1)N(C1C=CC=CC=1)C1C=CC=CC=1: Molecule contains unsupported element
key='XHUKYMLLRPQHGR-UHFFFAOYNA-N-1065' prediction.modelResults.predictionError=CCCC1=CB(Br)SS1: Molecule contains unsupported element
key='WCCVDDLKTBTFNG-UHFFFAOYNA-N-1065' prediction.modelResults.predictionError=CC1CC(C=C)OC=C1[Se]C1=CC=C(Cl)C=C1: Molecule contains unsupported element
key='KOQKPBPRWNAPJT-UHFFFAOYNA-N-1065' prediction.modelResults.predictionError=CC1(C)CCCC(C)(C)N1B(Cl)Cl: Molecule contains unsupported element
key='ILJVAPBOOLZBRX-UHFFFAOYNA-N-1065' prediction.modelResults.predictionError=CC(C)N(B1CC=CC1)C(C)C: Molecule contains unsupported element
key='JKTLAGFSYOZDGC-UHFFFAOYNA-N-1065' prediction.modelResults.predictionError=CC(C)N(B1C=CC=C1)C(C)C: Molecule contains unsupported element
key='FBZSAJGZAPPUNE-UHFFFAOYNA-N-1065' prediction.modelResults.predictionError=C[Se]C1=CC=CC=C1Cl: Molecule contains unsupported element
key='GJSOZRUGYFUGCZ-UHFFFAOYNA-N-1065' prediction.modelResults.predictionError=CC[Se]C1C=CC(Cl)=CC=1: Molecule contains unsupported element
key='CDJCBRAYSBDNNB-UHFFFAOYNA-N-1065' prediction.modelResults.predictionError=CCN(CC)C1=NN=N[Se]1: Molecule contains unsupported element
key='YISWFGNTRQWGQO-UHFFFAOYNA-N-1065' prediction.modelResults.predictionError=CN(C1=NN=N[Se]1)C1C=CC=CC=1: Molecule contains unsupported element
key='ALCCCQFUEZJBIU-UHFFFAOYNA-N-1065' prediction.modelResults.predictionError=C1=CN=CC=C1[Se]C1C=CN=CC=1: Molecule contains unsupported element
key='DIMXSKJJBUXGBC-UHFFFAOYNA-N-1065' prediction.modelResults.predictionError=C[Ge](C)(C)C#C[Sn](C)(C)C: Molecule contains unsupported element
key='MECXMKHJCBATGF-UHFFFAOYSA-N-1065' prediction.modelResults.predictionError=C1=CC=NC=C1.CS(=O)(=O)NS(C)(=O)=O: model can't run mixtures
key='RZUPZFJTGGQVJM-UHFFFAOYNA-N-1065' prediction.modelResults.predictionError=CC(C(=O)OCC)[Ge](CC)(CC)CC: Molecule contains unsupported element
key='JJOPWMWVRXZXSR-UHFFFAOYNA-N-1065' prediction.modelResults.predictionError=CC(C)OC(=O)C(C)[Ge](CC)(CC)CC: Molecule contains unsupported element
key='VGVAVBASQOQVSO-UHFFFAOYNA-N-1065' prediction.modelResults.predictionError=CC(C)(C)OC(=O)C(CC)[Ge](CC)(CC)CC: Molecule contains unsupported element
key='QEQNBAUJHYOZJF-UHFFFAOYNA-N-1065' prediction.modelResults.predictionError=CCOC(=O)C(Cl)[Ge](CC)(CC)CC: Molecule contains unsupported element
key='VANSZMMFDFULOF-UHFFFAOYNA-N-1065' prediction.modelResults.predictionError=Number of atoms equals zero
key='FYLGNADPBVDXMB-UHFFFAOYNA-N-1065' prediction.modelResults.predictionError=Number of atoms equals zero
key='HGUOAWPAXHBNTA-UHFFFAOYNA-N-1065' prediction.modelResults.predictionError=CC1C=CC(=CC=1)S(=O)(=O)C(C)=C([Se]C1C=CC=CC=1)[Se]C1C=CC=CC=1: Molecule contains unsupported element
key='STDBIJGZYLXRME-UHFFFAOYNA-N-1065' prediction.modelResults.predictionError=CC(C)[Te]CCCC(CC)(C(=O)OCC)C(=O)OCC: Molecule contains unsupported element
key='NYLSKLDCAWQZGB-UHFFFAOYNA-N-1065' prediction.modelResults.predictionError=CC(C)[Se]CCCC(CC)(C(=O)OCC)C(=O)OCC: Molecule contains unsupported element
key='AALQXXOALZEDIY-UHFFFAOYNA-N-1065' prediction.modelResults.predictionError=CCC(CCCC[Te]C1C=CC=CC=1)(C(=O)OCC)C(=O)OCC: Molecule contains unsupported element
key='PJPWOWSWKNMPTO-UHFFFAOYNA-N-1065' prediction.modelResults.predictionError=CC(CCCCCC[Se]C1C=CC=CC=1)(C(=O)OCC)C(=O)OCC: Molecule contains unsupported element
key='OCOYJTBSSZYBDU-JLGFQASFNA-N-1065' prediction.modelResults.predictionError=CCC1(CCCC[Te]C2C=CC=CC=2)C(=O)NC(=O)NC1=O: Molecule contains unsupported element
key='TYMSIJNODYIJPH-VEWCPZSHNA-N-1065' prediction.modelResults.predictionError=CC1(CCCCCC[Se]C2C=CC=CC=2)C(=O)NC(=O)NC1=O: Molecule contains unsupported element
key='SBYXXKNFUWMQFC-UHFFFAOYNA-N-1065' prediction.modelResults.predictionError=ClB(Cl)CCCB(Cl)Cl: Molecule contains unsupported element
key='GNBUCKZMUZBNPI-UHFFFAOYNA-N-1065' prediction.modelResults.predictionError=CN1B(Cl)CCCB1Cl: Molecule contains unsupported element
key='MIHSLOOBCZLTDM-UHFFFAOYNA-N-1065' prediction.modelResults.predictionError=CN1B(C)CCCB1C: Molecule contains unsupported element
key='IEJVUWXFJHDEQP-UHFFFAOYNA-N-1065' prediction.modelResults.predictionError=CB1CCB(C)O1: Molecule contains unsupported element
key='YNYCDMJCCJQRAT-UHFFFAOYNA-N-1065' prediction.modelResults.predictionError=CB1CCCB(C)O1: Molecule contains unsupported element
key='CXSSAJDXHJTWFS-UHFFFAOYNA-N-1065' prediction.modelResults.predictionError=CN1B(C)CCB(C)N1C: Molecule contains unsupported element
key='SOHORHPPOPWYPK-UHFFFAOYNA-N-1065' prediction.modelResults.predictionError=CB(C)OB(C)C: Molecule contains unsupported element
key='KHALPTRGSLNROM-UHFFFAOYNA-N-1065' prediction.modelResults.predictionError=CCCCCCCCCCCCCCC([Se]C1C=CC=CC=1)[Si](C)(C)C: Molecule contains unsupported element
key='RGKQQGIJWWIRRJ-UHFFFAOYSA-M-1065' prediction.modelResults.predictionError=COS([O-])(=O)=O.CN(C)C(N(C)C)=[N+](C)C: model can't run mixtures
key='FQZJOMWPFSGLPP-UHFFFAOYSA-M-1065' prediction.modelResults.predictionError=[O-]C#N.CN(C)C(N(C)C)=[N+](C)C: model can't run mixtures
key='LWNLXVXSCCLRRZ-UHFFFAOYSA-N-1065' prediction.modelResults.predictionError=ClPCl failed standardization
key='PWSRLPKQYWCGNQ-UHFFFAOYNA-N-1065' prediction.modelResults.predictionError=Number of atoms equals zero
key='RFMYVHASNROJIK-UHFFFAOYNA-N-1065' prediction.modelResults.predictionError=Number of atoms equals zero
key='CQXWCAOHVYXKMX-LILDFLRNNA-N-1065' prediction.modelResults.predictionError=Number of atoms equals zero
key='HFQLPBYZBIXKIE-UHFFFAOYNA-N-1065' prediction.modelResults.predictionError=Number of atoms equals zero
key='ASOLHXPTXXOUPD-UHFFFAOYNA-N-1065' prediction.modelResults.predictionError=CC1CCCCC=1OB(CCCC)CCCC: Molecule contains unsupported element
key='RZGZZQBLEBKXKX-UHFFFAOYNA-N-1065' prediction.modelResults.predictionError=C[Se]C1C(=CC(=CC=1C(C)C)C(C)C)C(C)C: Molecule contains unsupported element
key='TTXKPAITGMDREH-UHFFFAOYSA-N-1065' prediction.modelResults.predictionError=C1=CC=NC=C1.SC(=O)C1=CC=CC(=N1)C(S)=O: model can't run mixtures
key='APNRSQRIAUBHGX-UHFFFAOYNA-N-1065' prediction.modelResults.predictionError=C[Ge](C)(C(I)(C1C=CC=CC=1)C1C=CC=CC=1)C(I)(C1C=CC=CC=1)C1C=CC=CC=1: Molecule contains unsupported element
key='WTQMHNAONUZROD-UHFFFAOYNA-N-1065' prediction.modelResults.predictionError=CCCC[Ge](CCCC)(CI)CI: Molecule contains unsupported element
key='WJJUIXIRAFNZES-UHFFFAOYNA-N-1065' prediction.modelResults.predictionError=C[Ge]1(C)C(SC1(C1C=CC=CC=1)C1C=CC=CC=1)(C1C=CC=CC=1)C1C=CC=CC=1: Molecule contains unsupported element
key='UEXLJFLEDPMCPM-UHFFFAOYNA-N-1065' prediction.modelResults.predictionError=C[Ge]1(C)CSC1: Molecule contains unsupported element
key='TXOBPKVBULRYGF-UHFFFAOYNA-N-1065' prediction.modelResults.predictionError=CCCC[Ge]1(CSC1)CCCC: Molecule contains unsupported element
key='GWJXQSXYPDQWAO-UHFFFAOYNA-N-1065' prediction.modelResults.predictionError=C[Ge]1(C)C(SSC1(C1C=CC=CC=1)C1C=CC=CC=1)(C1C=CC=CC=1)C1C=CC=CC=1: Molecule contains unsupported element
key='INWGDXUOCKAHQJ-UHFFFAOYNA-N-1065' prediction.modelResults.predictionError=C[Ge]1(C)CSSC1: Molecule contains unsupported element
key='NPXKLCXXIKLVPA-UHFFFAOYNA-N-1065' prediction.modelResults.predictionError=CCCC[Ge]1(CSSC1)CCCC: Molecule contains unsupported element
key='CRMNLVIFCKJNLE-WYUMXYHSNA-N-1065' prediction.modelResults.predictionError=Number of atoms equals zero
key='CLCACBLFFWQDKJ-UHFFFAOYNA-N-1065' prediction.modelResults.predictionError=CC1=CC(=C(C)C=C1)[Ge](Br)(C1C=C(C)C=CC=1C)C1C=C(C)C=CC=1C: Molecule contains unsupported element
key='HFMQHJTZRRBWMI-UHFFFAOYNA-N-1065' prediction.modelResults.predictionError=CC1=CC(=C(C)C=C1)[Ge](CC=C)(C1C=C(C)C=CC=1C)C1C=C(C)C=CC=1C: Molecule contains unsupported element
key='DKNXNYYTKLDLCD-UHFFFAOYNA-N-1065' prediction.modelResults.predictionError=CC1=CC(=C(C)C=C1)[Ge](C1=CC=CS1)(C1C=C(C)C=CC=1C)C1C=C(C)C=CC=1C: Molecule contains unsupported element
key='OLJWLZGZGUYGBB-UHFFFAOYNA-N-1065' prediction.modelResults.predictionError=CC1C=CC(=CC=1)[Ge](C1C(C)=CC(C)=CC=1C)(C1C(C)=CC(C)=CC=1C)C1C(C)=CC(C)=CC=1C: Molecule contains unsupported element
key='SWHKWTNJYCUDQV-PKSOQXRJNA-N-1065' prediction.modelResults.predictionError=Number of atoms equals zero
key='ZJHMSSYDWCPSFN-UHFFFAOYNA-N-1065' prediction.modelResults.predictionError=CC1C=CC(=CC=1)B(O)C1C=CC(C)=CC=1: Molecule contains unsupported element
key='XAETVWHUOZWMNT-UHFFFAOYNA-N-1065' prediction.modelResults.predictionError=CCCCCCC(C)B(C1C=CC=CC=1)C1C=CC=CC=1: Molecule contains unsupported element
key='MXZYNPVEAOWKFH-UHFFFAOYNA-N-1065' prediction.modelResults.predictionError=C=C[Sb](C=C)C=C: Molecule contains unsupported element
key='WMXBUNMDGJUUEK-UHFFFAOYNA-N-1065' prediction.modelResults.predictionError=CCCC[Te]CCCCCCCC(=O)OC: Molecule contains unsupported element
key='DWVDXSXBZSJTEA-UHFFFAOYNA-N-1065' prediction.modelResults.predictionError=CCCCCC[Te]CCCCCCCCCC(=O)OC: Molecule contains unsupported element
key='DWBJTTKPHHHARN-UHFFFAOYNA-N-1065' prediction.modelResults.predictionError=CCCCCCC[Te]CCCCC(=O)OC: Molecule contains unsupported element
key='BXLCWFYEKDVIFG-UHFFFAOYNA-N-1065' prediction.modelResults.predictionError=CCCCCCCCCCC[Te]CCCCCC(=O)OC: Molecule contains unsupported element
key='KYPGJRZSUIXEJQ-UHFFFAOYNA-N-1065' prediction.modelResults.predictionError=CCCCCCCCCCCCCCCCCC[Te]CCCCCCCCCCCC(=O)OC: Molecule contains unsupported element
key='IARZVLWXYOMSNK-UHFFFAOYNA-N-1065' prediction.modelResults.predictionError=CCCCCCCCCCC[Te]CCC(=O)OCC: Molecule contains unsupported element
key='AZUPYQVNQFCXPX-UHFFFAOYNA-N-1065' prediction.modelResults.predictionError=NCCOB(C1C=CC=CC=1)C1=CSC=C1: Molecule contains unsupported element
key='GHTBLIFLIDSAPN-UHFFFAOYSA-N-1065' prediction.modelResults.predictionError=CC(=O)N=C1C=CC(C=C1)=NS(=O)(=O)C1=CC=CC=C1 failed standardization
key='IJVSRLHBTIRAFL-UHFFFAOYSA-N-1065' prediction.modelResults.predictionError=NC1CCCC=C1.CC1=CC=C(C=C1)S(O)(=O)=O: model can't run mixtures
key='HMKJMFKGFGKCPL-UHFFFAOYSA-M-1065' prediction.modelResults.predictionError=[O-]S(F)=O failed standardization
key='HMKJMFKGFGKCPL-UHFFFAOYSA-N-1065' prediction.modelResults.predictionError=OS(F)=O failed standardization
key='KKQQRVKYTJUGHD-UHFFFAOYNA-N-1065' prediction.modelResults.predictionError=C[Ge](C)(C)C1C(=O)OC1(C(F)(F)Cl)C(F)(F)Cl: Molecule contains unsupported element
key='SSSWVQWDRXHHDG-UHFFFAOYNA-N-1065' prediction.modelResults.predictionError=C[Ge](C)(C)C(CO)C(O)C(Cl)(Cl)Cl: Molecule contains unsupported element
key='VNEHSAZFUTWMCK-UHFFFAOYSA-N-1065' prediction.modelResults.predictionError=C1=CC=NC=C1.FC(F)(F)SC1=C(SC(F)(F)F)C(SC(F)(F)F)=C(N1)SC(F)(F)F: model can't run mixtures
key='LAQQRIZNLHNDMH-UHFFFAOYNA-N-1065' prediction.modelResults.predictionError=CCCCCCCCCCCC[Te](=O)C1C=CC=CC=1: Molecule contains unsupported element
key='JPEMVYNMBZKJHN-UHFFFAOYNA-N-1065' prediction.modelResults.predictionError=CCCCCCCCC(C[Te](=O)C1C=CC=CC=1)OC: Molecule contains unsupported element
key='BRKMKONNFMEZCB-UHFFFAOYNA-N-1065' prediction.modelResults.predictionError=CC(C[Te]C1C=CC=CC=1)C1C=CC=CC=1: Molecule contains unsupported element
key='QBEUUNURTIZNLV-UHFFFAOYNA-N-1065' prediction.modelResults.predictionError=COC(C[Te](=O)C1C=CC=CC=1)C1C=CC=CC=1: Molecule contains unsupported element
key='JFPCICITJCCRDJ-UHFFFAOYNA-N-1065' prediction.modelResults.predictionError=COC(C)(C[Te](=O)C1C=CC=CC=1)C1C=CC=CC=1: Molecule contains unsupported element
key='UNRDHWQWOHFRCH-UHFFFAOYNA-N-1065' prediction.modelResults.predictionError=COC1CCCCCC1[Te]C1C=CC=CC=1: Molecule contains unsupported element
key='YSVNNWZQMAZXIM-UHFFFAOYNA-N-1065' prediction.modelResults.predictionError=CC(C)B1OC(CCO1)C(F)(F)F: Molecule contains unsupported element
key='AQSHJEGBWHSOJP-UHFFFAOYNA-N-1065' prediction.modelResults.predictionError=CC(C)C1CCOB(O1)C(C)C: Molecule contains unsupported element
key='IBFRXEZQWNHYOC-UHFFFAOYNA-N-1065' prediction.modelResults.predictionError=CC(C)C1COB(OC1)C(C)C: Molecule contains unsupported element
key='LLMUGBXKDVJEAU-UHFFFAOYNA-N-1065' prediction.modelResults.predictionError=CC(C)CC1COB(OC1)C(C)C: Molecule contains unsupported element
key='IMVUHVPKVVLYAA-UHFFFAOYNA-N-1065' prediction.modelResults.predictionError=CC(C)B1OCC(CO1)CCCCCC: Molecule contains unsupported element
key='RAURZVRXNVUEAJ-UHFFFAOYNA-N-1065' prediction.modelResults.predictionError=CC(C)B1OCC(CO1)C1C=CC=CC=1: Molecule contains unsupported element
key='JXKZLBJEHZYTTM-UHFFFAOYNA-N-1065' prediction.modelResults.predictionError=CC(C)B1OCC(CC2C=CC=CC=2)CO1: Molecule contains unsupported element
key='AGGZNTOCUVNKKN-UHFFFAOYNA-N-1065' prediction.modelResults.predictionError=CC(C)B1OCC(CC=C)CO1: Molecule contains unsupported element
key='AXVYIEANKQBBMR-UHFFFAOYNA-N-1065' prediction.modelResults.predictionError=CC(C)B1OCC(C)(C)CO1: Molecule contains unsupported element
key='TYAHNEPQVJWDBK-UHFFFAOYNA-N-1065' prediction.modelResults.predictionError=CC(C)B1OCC(CO1)(CC)CC: Molecule contains unsupported element
key='MCMQNOXXEBOFBT-UHFFFAOYNA-N-1065' prediction.modelResults.predictionError=CC(C)B1OCC(CC2C=CC=CC=2)(CC2C=CC=CC=2)CO1: Molecule contains unsupported element
key='TYXNGUHMRSIQHX-UHFFFAOYNA-N-1065' prediction.modelResults.predictionError=CC(C)B1OCC(CO1)(OC(C)C)OC(C)C: Molecule contains unsupported element
key='HMJFIUBZKQVZFB-UHFFFAOYNA-N-1065' prediction.modelResults.predictionError=COC1(C)COB(OC1)C(C)C: Molecule contains unsupported element
key='BVLLMPZLKGUZRZ-UHFFFAOYNA-N-1065' prediction.modelResults.predictionError=CC(C)C1(C)COB(OC1)C(C)C: Molecule contains unsupported element
key='DMLBAYXIWOPAHG-UHFFFAOYNA-N-1065' prediction.modelResults.predictionError=CC(C)B1OCC(C)(CC=C)CO1: Molecule contains unsupported element
key='NHVGFAHOEQYNSJ-UHFFFAOYNA-N-1065' prediction.modelResults.predictionError=COCC1(C)COB(OC1)C(C)C: Molecule contains unsupported element
key='KBHRIUCEAMSLSW-UHFFFAOYNA-N-1065' prediction.modelResults.predictionError=CC(C)B1OCC(C)(CO1)C1C=CC=CC=1: Molecule contains unsupported element
key='QZSRDFQWGUZMFW-UHFFFAOYNA-N-1065' prediction.modelResults.predictionError=CC(C)B1OCC(C)(CO1)OC1C=CC=CC=1: Molecule contains unsupported element
key='GFHBYCIESRLQEA-UHFFFAOYNA-N-1065' prediction.modelResults.predictionError=COCC1(COB(OC1)C(C)C)CC: Molecule contains unsupported element
key='FXBUHNTUAGVOEZ-UHFFFAOYNA-N-1065' prediction.modelResults.predictionError=CC(C)C1(CC=C)COB(OC1)C(C)C: Molecule contains unsupported element
key='NBIIKUKPINSNJK-UHFFFAOYNA-N-1065' prediction.modelResults.predictionError=CC(C)B1OCC(Br)(CO1)[N+]([O-])=O: Molecule contains unsupported element
key='BCBZJXWCGCPMNZ-UHFFFAOYNA-N-1065' prediction.modelResults.predictionError=CC(C)B1OCC(CO1)(OC1C=CC=CC=1)OC1C=CC=CC=1: Molecule contains unsupported element
key='ZVNUEIJUBFMMJA-UHFFFAOYNA-N-1065' prediction.modelResults.predictionError=CC(C)B1OC(C)CC(C)O1: Molecule contains unsupported element
key='ZVNUEIJUBFMMJA-UHFFFAOYNA-N-1065' prediction.modelResults.predictionError=CC(C)B1OC(C)CC(C)O1: Molecule contains unsupported element
key='MWSRDHSNGZYVOY-UHFFFAOYNA-N-1065' prediction.modelResults.predictionError=CC(C)CB1OC(C)CC(C)(C)O1: Molecule contains unsupported element
key='LFYNHMOPUAALCH-UHFFFAOYNA-N-1065' prediction.modelResults.predictionError=CC(C)B1OC(C)(C)CC(C)(C)O1: Molecule contains unsupported element
key='JWGGHWFPTBRKIF-UHFFFAOYNA-N-1065' prediction.modelResults.predictionError=CCCCB(CCCC)C1=CN=CC=C1: Molecule contains unsupported element
key='ZMZBKLYTCVYQNZ-UHFFFAOYNA-N-1065' prediction.modelResults.predictionError=CC[Ge](CC)(CC)C=C=C[Ge](CC)(CC)CC: Molecule contains unsupported element
key='RCHHJOQWNRMMLP-UHFFFAOYNA-N-1065' prediction.modelResults.predictionError=CC(B(CC)CC)C1C=CC=CC=1: Molecule contains unsupported element
key='WVTKDXQGZUCCPX-UHFFFAOYNA-N-1065' prediction.modelResults.predictionError=CCC(B(CC)CC)C1C=CC=CC=1: Molecule contains unsupported element
key='OFRDGCXXFATMJS-UHFFFAOYNA-N-1065' prediction.modelResults.predictionError=CCCCCCCB1OC2=CC=CC=C2O1: Molecule contains unsupported element
key='VTPUAAZPZXRJDZ-YGPBECBDNA-N-1065' prediction.modelResults.predictionError=CC(C)(C(=O)C1C=CC=CC=1)C1=C[Se]C(N)=N1: Molecule contains unsupported element
key='HTMNLOIXOBVLKN-UHFFFAOYNA-N-1065' prediction.modelResults.predictionError=NCC[Se]C1=CC2OCOC=2C=C1: Molecule contains unsupported element
key='RZOBKIYINHXHKR-XWKXFZRBNA-N-1065' prediction.modelResults.predictionError=CC(=O)NC(CC1C=CC=CC=1)B(O)O: Molecule contains unsupported element
key='SQTVTNXKIGYDEF-UHFFFAOYNA-N-1065' prediction.modelResults.predictionError=CC1(C)OB(OC1(C)C)C(I)CC1C=CC=CC=1: Molecule contains unsupported element
key='FSFLQWMHEHFXSF-UHFFFAOYNA-N-1065' prediction.modelResults.predictionError=COB(OC)C(Cl)CC1C=CC=CC=1: Molecule contains unsupported element
key='OWWHTBKTNQDICD-UHFFFAOYNA-N-1065' prediction.modelResults.predictionError=CC(C)C(C)(C)OB1C2CCCC1CCC2: Molecule contains unsupported element
key='KPTDFSLAGDNTAO-UHFFFAOYNA-N-1065' prediction.modelResults.predictionError=CN1CCN(C)B1Br: Molecule contains unsupported element
key='UGQJYBGDVYEYMB-UHFFFAOYNA-N-1065' prediction.modelResults.predictionError=N#C[Se]C(C(=O)C1C=CC=CC=1)C1C=CC=CC=1: Molecule contains unsupported element
key='YIKIBCXYIAJGLE-UHFFFAOYNA-N-1065' prediction.modelResults.predictionError=CC1CC2CC(C1)CB(OC)C(C)C2: Molecule contains unsupported element
key='FHNQJMBZRAETCA-UHFFFAOYNA-N-1065' prediction.modelResults.predictionError=CC1CC(CC(C)B(C)C)CC(=C)C1: Molecule contains unsupported element
key='AFJVDONOAUICSJ-UHFFFAOYNA-N-1065' prediction.modelResults.predictionError=C[In](C[Sn](C)(C)C)C[Sn](C)(C)C: Molecule contains unsupported element
key='KVNMPOGNZJDEAL-UHFFFAOYNA-N-1065' prediction.modelResults.predictionError=C1C2=CC=CC=C2[Se]C2=CC=CC=C21: Molecule contains unsupported element
key='GXCQWCUQFJQLNZ-UHFFFAOYNA-N-1065' prediction.modelResults.predictionError=OCC1C2=CC=CC=C2[Se]C2=CC=CC=C21: Molecule contains unsupported element
key='VYHLOOIOAQWUQF-UHFFFAOYNA-N-1065' prediction.modelResults.predictionError=FC(F)(F)[Se]C(F)(F)F: Molecule contains unsupported element
key='BHNPRLQTOYJNCD-UHFFFAOYNA-N-1065' prediction.modelResults.predictionError=FC(F)(F)[Se]C(F)(F)Cl: Molecule contains unsupported element
key='SFSUELWZPPOBMB-UHFFFAOYSA-N-1065' prediction.modelResults.predictionError=[Ru+].[CH2-]Cl failed standardization
key='VNWKTOKETHGBQD-UHFFFAOYNA-N-1065' prediction.modelResults.predictionError=Only one non-hydrogen atom
key='SCFLUHWBLJJRRY-UHFFFAOYNA-N-1065' prediction.modelResults.predictionError=CC(C)C(C)B(C1CCCCC1)C1CCCCC1: Molecule contains unsupported element
key='UYPBPWDUMUHPPK-UHFFFAOYNA-N-1065' prediction.modelResults.predictionError=CN1C(=NC2=CC=CC=C12)C1=CC=C[Se]1: Molecule contains unsupported element
key='NKPZLCMZMOVMAF-UHFFFAOYNA-N-1065' prediction.modelResults.predictionError=CN1C(=NC2=CC=CC=C12)C1=CC=C([Se]1)[N+]([O-])=O: Molecule contains unsupported element
key='PAXLWRQRYALWOO-YAQRNVERNA-N-1065' prediction.modelResults.predictionError=CN1C(=NC2=CC=CC=C12)C1=CC=C([Se]1)S(O)(=O)=O: Molecule contains unsupported element
key='HWOFZQNKUNDCAM-UHFFFAOYNA-N-1065' prediction.modelResults.predictionError=CN1C(=NC2=CC=CC=C12)C1=CC=C(Br)[Se]1: Molecule contains unsupported element
key='DUIXDJYZJHCMHA-UHFFFAOYNA-N-1065' prediction.modelResults.predictionError=CN1C(=NC2=CC=CC=C12)C1[Se]C(Br)=CC=1Br: Molecule contains unsupported element
key='MJAPJNZMCVMPHI-UHFFFAOYNA-N-1065' prediction.modelResults.predictionError=CN1C(=NC2=CC=CC=C12)C1=CC=C(CO)[Se]1: Molecule contains unsupported element
key='NEBPEDUFUJEXLF-UHFFFAOYNA-N-1065' prediction.modelResults.predictionError=CN1C(=NC2=CC=CC=C12)C1=CC=C(C=O)[Se]1: Molecule contains unsupported element
key='HNQKPRKBURKJQH-UHFFFAOYNA-N-1065' prediction.modelResults.predictionError=CC(=O)C1=CC=C([Se]1)C1=NC2=CC=CC=C2N1C: Molecule contains unsupported element
key='YLRFSEWYGPXKTR-YAQRNVERNA-N-1065' prediction.modelResults.predictionError=O[Se](=O)C1CCCCC1OC(=O)C1C=CC=CC=1: Molecule contains unsupported element
key='YNLHDLQPXTXMHH-UHFFFAOYNA-N-1065' prediction.modelResults.predictionError=CC(C)N(B1CCC=C1)C(C)C: Molecule contains unsupported element
key='ORVQXDYOQWGIGY-UHFFFAOYSA-N-1065' prediction.modelResults.predictionError=S(C(=C=C=C(SC1=CC=CC=C1)C1=CC=CC=C1)C1=CC=CC=C1)C1=CC=CC=C1 failed standardization
key='WKGCANLZDIOYBY-UHFFFAOYNA-N-1065' prediction.modelResults.predictionError=Number of atoms equals zero
key='JQJCXNSIBLZQSL-UHFFFAOYNA-N-1065' prediction.modelResults.predictionError=CC(C)(C)B(OC(C)C)OC(C)C: Molecule contains unsupported element
key='DUGVUDOTENHWBU-UHFFFAOYNA-N-1065' prediction.modelResults.predictionError=CCOB(C)C: Molecule contains unsupported element
key='DURGOUQTHFQAJQ-UHFFFAOYNA-N-1065' prediction.modelResults.predictionError=CCCCCCB(OC(C)C)OC(C)C: Molecule contains unsupported element
key='PJTAILSYTAOBJN-UHFFFAOYNA-N-1065' prediction.modelResults.predictionError=CC(C)C(C)(C)B1OCCCO1: Molecule contains unsupported element
key='LWTBIKJMKFQWEV-UHFFFAOYNA-N-1065' prediction.modelResults.predictionError=O=CC1=CC=CC=C1[Se]C1C=CC=CC=1: Molecule contains unsupported element
key='ZBXDWTDBNYEYER-UHFFFAOYNA-N-1065' prediction.modelResults.predictionError=C1=CC=CC=C1C(C1=CC=CC=C1[Se][Se]C1=CC=CC=C1C(C1C=CC=CC=1)C1C=CC=CC=1)C1C=CC=CC=1: Molecule contains unsupported element
key='RBNJLHKDRMFFIF-UHFFFAOYNA-N-1065' prediction.modelResults.predictionError=C[Se]C1=CC=CC=C1C(C1C=CC=CC=1)C1C=CC=CC=1: Molecule contains unsupported element
key='ZTPYWHHSAPOYGU-UHFFFAOYNA-N-1065' prediction.modelResults.predictionError=O=C(C1C=C(Cl)C=CC=1[Se]C1C=CC=CC=1)C1C=CC=CC=1: Molecule contains unsupported element
key='ZSWDISZZUHDHLE-UHFFFAOYNA-N-1065' prediction.modelResults.predictionError=ClC1=CC2C(C3=CC=CC=C3[Se]C=2C=C1)C1C=CC=CC=1: Molecule contains unsupported element
key='GFBQXYSBEALYMX-UHFFFAOYNA-N-1065' prediction.modelResults.predictionError=ClC1=CC(C(C2C=CC=CC=2)C2C=CC=CC=2)=C(C=C1)[Se][Se]C1C=CC(Cl)=CC=1C(C1C=CC=CC=1)C1C=CC=CC=1: Molecule contains unsupported element
key='QVAAZOXGJOVEBS-UHFFFAOYNA-N-1065' prediction.modelResults.predictionError=C1=CC=CC=C1C1(OC2(C3=CC=CC=C3[Se]C3=CC=CC=C23)C2C=CC=CC=2)C2=CC=CC=C2[Se]C2=CC=CC=C12: Molecule contains unsupported element
key='HMLYSKJMCNCVOZ-UHFFFAOYNA-N-1065' prediction.modelResults.predictionError=O=S(=O)(NC1(C2=CC=CC=C2[Se]C2C=CC(Cl)=CC1=2)C1C=CC=CC=1)C1C=CC=CC=1: Molecule contains unsupported element
key='FRSWCKBQPNEKAJ-UHFFFAOYNA-N-1065' prediction.modelResults.predictionError=Number of atoms equals zero
key='KSCGMDZYUBHEHS-BGGKNDAXNA-N-1065' prediction.modelResults.predictionError=C=CCNCC(O)C[Te](O)=O: Molecule contains unsupported element
key='UUICAFNUHFRLGQ-UHFFFAOYNA-N-1065' prediction.modelResults.predictionError=Number of atoms equals zero
key='AJKFQGHWMCPNTI-FVGYRXGTSA-N-1065' prediction.modelResults.predictionError=OS(=O)(=O)C1=CC=CC=C1.N[C@@H](CO)C(=O)OCC1=CC=CC=C1: model can't run mixtures
key='AJKFQGHWMCPNTI-SBSPUUFOSA-N-1065' prediction.modelResults.predictionError=OS(=O)(=O)C1=CC=CC=C1.N[C@H](CO)C(=O)OCC1=CC=CC=C1: model can't run mixtures
key='SFLZAGHDDSMQPE-UHFFFAOYNA-N-1065' prediction.modelResults.predictionError=F[Se]C1C=CC=CC=1: Molecule contains unsupported element
key='GMZAKBXFNXAPDH-UHFFFAOYNA-N-1065' prediction.modelResults.predictionError=CN(C)CC1C=CC=C(CN(C)C)C=1B(OC)OC: Molecule contains unsupported element
key='UGPKKYOURRYWFU-UHFFFAOYNA-N-1065' prediction.modelResults.predictionError=CC(C1=CC=CC=C1B(OC)OC)N(C)C: Molecule contains unsupported element
key='WNQCKRNLPOJQBX-UHFFFAOYNA-N-1065' prediction.modelResults.predictionError=CN(C)CC1=CC=CC=C1B1OB(OB(O1)C1=CC=CC=C1CN(C)C)C1=CC=CC=C1CN(C)C: Molecule contains unsupported element
key='DAKUDWQOAVXJES-UHFFFAOYNA-N-1065' prediction.modelResults.predictionError=CN(C)CC1C=CC=C(CN(C)C)C=1B(O)O: Molecule contains unsupported element
key='GLKKEJJDBQGLFX-UHFFFAOYNA-N-1065' prediction.modelResults.predictionError=CN(C)CC1=CC=CC2=CC=CC(B(O)O)=C21: Molecule contains unsupported element
key='GBLOHDSIUBNPMK-UHFFFAOYNA-N-1065' prediction.modelResults.predictionError=CN1CC2=CC=CC=C2B1O: Molecule contains unsupported element
key='KJIAAJRFEOKPCY-UHFFFAOYNA-N-1065' prediction.modelResults.predictionError=CP(COB(C1C=CC=CC=1)C1C=CC=CC=1)C1C=CC=CC=1: Molecule contains unsupported element
key='UELMKHCEABHEPW-UHFFFAOYSA-M-1065' prediction.modelResults.predictionError=CC([O-])=O.O1C(=N[N+](=C1C1=CC=CC=C1)C1=CC=CC=C1)C1=CC=CC=C1: model can't run mixtures
key='UWZRLTCVTQPKGB-UHFFFAOYSA-M-1065' prediction.modelResults.predictionError=CC([O-])=O.COC1=CC=C(C=C1)C1=[N+](N=C(O1)C1=CC=CC=C1)C1=CC=CC=C1: model can't run mixtures
key='URZAVABIRGHJEB-XRGHXPOKSA-N-1065' prediction.modelResults.predictionError=[W].[C-]#[O+].[C-]#[O+].[C-]#[O+].[C-]#[O+].C1C\C=C/CC\C=C/1: model can't run mixtures
key='KPSGULAZXCKANN-UHFFFAOYNA-N-1065' prediction.modelResults.predictionError=CC1OB(OC(C)P1(=S)C1C=CC=CC=1)C1C=CC=CC=1: Molecule contains unsupported element
key='SECBGYRPALZJSD-UHFFFAOYNA-N-1065' prediction.modelResults.predictionError=S=P1(C(OB(OC1C1C=CC=CC=1)C1C=CC=CC=1)C1C=CC=CC=1)C1C=CC=CC=1: Molecule contains unsupported element
key='UEULNKZFUGPQCK-UHFFFAOYNA-N-1065' prediction.modelResults.predictionError=C[Ge](C)(C)C#C[Sn](C)(C(C)(C)C)C(C)(C)C: Molecule contains unsupported element
key='YPESPOHLDHNQLK-UHFFFAOYNA-N-1065' prediction.modelResults.predictionError=CC1=CC2[Te]C(C=O)=CC=2C=C1: Molecule contains unsupported element
key='QVNQBEYPXLHVBF-UHFFFAOYNA-N-1065' prediction.modelResults.predictionError=CC1C=CC=C2C=C(C=O)[Te]C2=1: Molecule contains unsupported element
key='DZVJHIBFNGIHHH-FZOZFQFYNA-N-1065' prediction.modelResults.predictionError=OC(=O)CC[Te]C1C=CSC=1: Molecule contains unsupported element
key='TUZFAUZQXDBTBA-UHFFFAOYNA-N-1065' prediction.modelResults.predictionError=C[Ge](C)(Cl)C1=CC=CC=C1C1=CC=CC=C1[Ge](C)(C)Cl: Molecule contains unsupported element
key='JYADFMLVRVMKCX-UHFFFAOYNA-N-1065' prediction.modelResults.predictionError=CCOC(=O)C1=CC=C(O1)[Ge](Br)(Br)Br: Molecule contains unsupported element
key='DDHQEZQJROLFKW-UHFFFAOYNA-N-1065' prediction.modelResults.predictionError=COC(=O)C1=CC=C(O1)[Ge](Br)(Br)Br: Molecule contains unsupported element
key='MSBVFINZZHEZDW-UHFFFAOYNA-N-1065' prediction.modelResults.predictionError=Br[Ge](Br)(Br)C1=CC=CO1: Molecule contains unsupported element
key='UKIDXDJEKABQQN-KZFATGLANA-N-1065' prediction.modelResults.predictionError=C[Ge](C)(C)C1=CC=C(O1)C(O)=O: Molecule contains unsupported element
key='ICMPOGJRGHEKAR-UHFFFAOYNA-N-1065' prediction.modelResults.predictionError=C[Ge](C)(C)C1=CC=C(O1)C(=O)Cl: Molecule contains unsupported element
key='SGGZEGSQEZQVNZ-GIMVELNWNA-N-1065' prediction.modelResults.predictionError=C[Ge](C)(C)C1=CC=C(O1)C(N)=O: Molecule contains unsupported element
key='BIWRYSCCJYTFHN-UHFFFAOYNA-N-1065' prediction.modelResults.predictionError=C[Ge](C)(C)C1=CC=C(O1)C(=O)N(CC)CC: Molecule contains unsupported element
key='AUXMMEZQLUOLSF-UHFFFAOYNA-N-1065' prediction.modelResults.predictionError=FC(F)(F)[Ge]([Hg][Ge](C(F)(F)F)(C(F)(F)F)C(F)(F)F)(C(F)(F)F)C(F)(F)F: Molecule contains unsupported element
key='BKDOWWDOELJQHZ-UHFFFAOYNA-N-1065' prediction.modelResults.predictionError=CC[Hg][Ge](C(F)(F)F)(C(F)(F)F)C(F)(F)F: Molecule contains unsupported element
key='LMEZEHGEIJMQLR-UHFFFAOYSA-N-1065' prediction.modelResults.predictionError=CC[Ge](CC)CC.FC(F)(F)[Ge](C(F)(F)F)C(F)(F)F |^1:2,11|: model can't run mixtures
key='VZLOGCRFTXNAFE-UHFFFAOYNA-N-1065' prediction.modelResults.predictionError=[O-][N+](=O)C[Se]C1C=CC=CC=1: Molecule contains unsupported element
key='NTWMMZYAVGZUDR-UHFFFAOYNA-N-1065' prediction.modelResults.predictionError=CCC(CCCC)C(O)C([Se]C1C=CC=CC=1)[N+]([O-])=O: Molecule contains unsupported element
key='MADOAEPFTAYMEJ-UHFFFAOYNA-N-1065' prediction.modelResults.predictionError=CCC(CCC)B(O)O: Molecule contains unsupported element
key='CTIWKIMYFQSVBZ-UHFFFAOYNA-N-1065' prediction.modelResults.predictionError=CC(C)(C)C=CB(O)O: Molecule contains unsupported element
key='RBTAJLKAPFBZDQ-UHFFFAOYNA-N-1065' prediction.modelResults.predictionError=CCCCCCC=CB(O)O: Molecule contains unsupported element
key='OXGDIVNKSSEJAT-UHFFFAOYNA-N-1065' prediction.modelResults.predictionError=CCCCCCC=CB(OC(C)C)OC(C)C: Molecule contains unsupported element
key='XKEMEDKXQOUJFV-UHFFFAOYNA-N-1065' prediction.modelResults.predictionError=CCOB(OCC)C1CCCC1: Molecule contains unsupported element
key='SFOYYTCENMDGDB-UHFFFAOYNA-N-1065' prediction.modelResults.predictionError=CCCCCCB(OC(C)(C)C)OC(C)(C)C: Molecule contains unsupported element
key='HORWSMFAVHOVKG-UHFFFAOYNA-N-1065' prediction.modelResults.predictionError=C=C(CC1=CC=CO1)[Se]C1C=CC=CC=1: Molecule contains unsupported element
key='QFHANTXTWPSBFX-UHFFFAOYNA-N-1065' prediction.modelResults.predictionError=CC(C)=C(CC1=CC=CO1)[Se]C1C=CC=CC=1: Molecule contains unsupported element
key='JTDMXAPLIFBSFF-UHFFFAOYNA-N-1065' prediction.modelResults.predictionError=C=C(CC1=CC=CS1)[Se]C1C=CC=CC=1: Molecule contains unsupported element
key='GDSXBVVIXMDYEG-UHFFFAOYNA-N-1065' prediction.modelResults.predictionError=C=C(CC1=CSC=C1)[Se]C1C=CC=CC=1: Molecule contains unsupported element
key='ASLTWPAIEOFFSW-UHFFFAOYNA-N-1065' prediction.modelResults.predictionError=CN1C=CC=C1CC(=C)[Se]C1C=CC=CC=1: Molecule contains unsupported element
key='FOMOIQLUOQVUIE-UHFFFAOYNA-N-1065' prediction.modelResults.predictionError=CN1C=C(CC(=C)[Se]C2C=CC=CC=2)C=C1: Molecule contains unsupported element
key='QYEMSVPGKLGEED-UHFFFAOYNA-N-1065' prediction.modelResults.predictionError=CC(C)=C(CC1=CC=CN1C)[Se]C1C=CC=CC=1: Molecule contains unsupported element
key='RVHXBGSAVUJOJO-UHFFFAOYNA-N-1065' prediction.modelResults.predictionError=CC(C)=C(CC1=CN(C)C=C1)[Se]C1C=CC=CC=1: Molecule contains unsupported element
key='SMXFGNVLJUXATP-UHFFFAOYNA-N-1065' prediction.modelResults.predictionError=C=CC1COB(O1)C1C=CC=CC=1: Molecule contains unsupported element
key='SXYGENZQIQMXGE-UHFFFAOYNA-N-1065' prediction.modelResults.predictionError=CCCCCCCCCCCCCCCCCCN1CCOB(O)OCC1: Molecule contains unsupported element
key='KPYVLGCFBNQIEX-UHFFFAOYNA-N-1065' prediction.modelResults.predictionError=CN1CCOB(O)OCC1: Molecule contains unsupported element
key='IQULGZQMMPRBLA-JSWHHWTPNA-N-1065' prediction.modelResults.predictionError=OC(=O)CC[Ge]: Molecule contains unsupported element
key='XLUHLZZJQLKZLS-UHFFFAOYNA-N-1065' prediction.modelResults.predictionError=C[Si](C)(C)C#CCB1C2CCCC1CCC2: Molecule contains unsupported element
key='LZLHDTLWBNPGHO-UHFFFAOYNA-N-1065' prediction.modelResults.predictionError=CCOC(=C[Ge](Br)(Br)Br)OCC: Molecule contains unsupported element
key='AQYGJUKLFRVXFB-UHFFFAOYNA-N-1065' prediction.modelResults.predictionError=Br[Ge](Br)(Br)C#CC1C=CC=CC=1: Molecule contains unsupported element
key='NSOBQVIGWODZDJ-UHFFFAOYNA-N-1065' prediction.modelResults.predictionError=CCCC[Se]C1C(C)(C)C2=CC=CC=C2C1(C)C: Molecule contains unsupported element
key='GIBFUFLWXGQKOV-PRBNERQNNA-L-1065' prediction.modelResults.predictionError=S=[As](S[Pb](S[As](=S)(C1C=CC=CC=1)C1C=CC=CC=1)(C1C=CC=CC=1)C1C=CC=CC=1)(C1C=CC=CC=1)C1C=CC=CC=1: Molecule contains unsupported element
key='HQNZEPFZUUBEDB-UHFFFAOYNA-N-1065' prediction.modelResults.predictionError=CC(C)C1([Se]C2C=CC=CC=2)C(=O)CCC1=O: Molecule contains unsupported element
key='LLDROEDZVMBIQT-GIMVELNWNA-N-1065' prediction.modelResults.predictionError=NC1=NC(=O)C([Se]1)C1C=CC=CC=1: Molecule contains unsupported element
key='KJNYFWCNFSZCFK-UHFFFAOYNA-N-1065' prediction.modelResults.predictionError=CN1C(=O)[Se]C(C2C=CC=CC=2)C1=O: Molecule contains unsupported element
key='DGSBORKHJSZBQR-UHFFFAOYNA-N-1065' prediction.modelResults.predictionError=CC[Te]C1=CC=CC=C1N: Molecule contains unsupported element
key='OSFLGBJREWTQNN-KZFATGLANA-N-1065' prediction.modelResults.predictionError=CC(=O)NC1=CC=CC=C1[Se]C: Molecule contains unsupported element
key='YCUNGTJPAPVDLK-WXRBYKJCNA-N-1065' prediction.modelResults.predictionError=CC(=O)NC1=CC=CC=C1[Te]CC: Molecule contains unsupported element
key='FMIBZHHQVMHFCO-UHFFFAOYNA-N-1065' prediction.modelResults.predictionError=CCOC(=O)C1=NC2=CC=CC=C2[Se]1: Molecule contains unsupported element
key='WKKIRKUKAAAUNL-UHFFFAOYNA-N-1065' prediction.modelResults.predictionError=C1=NC2=CC=CC=C2[Te]1: Molecule contains unsupported element
key='KXSPUBIQOSQKTJ-UHFFFAOYNA-N-1065' prediction.modelResults.predictionError=CC1=NC2=CC=CC=C2[Te]1: Molecule contains unsupported element
key='WJMSSPWVZSZCRZ-UHFFFAOYNA-N-1065' prediction.modelResults.predictionError=C1=CC=CC=C1C1=NC2=CC=CC=C2[Te]1: Molecule contains unsupported element
key='GFVUVDHBLQJKHW-UHFFFAOYNA-N-1065' prediction.modelResults.predictionError=CCOC(=O)C1=NC2=CC=CC=C2[Te]1: Molecule contains unsupported element
key='ZQPKUONMUHLGEO-UHFFFAOYSA-N-1065' prediction.modelResults.predictionError=[Li+].[CH2-]I.C1=CC=CC=C1[Ge](C1C=CC=CC=1)C1C=CC=CC=1 |^1:9|: model can't run mixtures
key='ZQPHLVVFSALEOS-UHFFFAOYNA-N-1065' prediction.modelResults.predictionError=CCCC[Ge](CCCC)(CCCC)CCCCC1C=CC=CC=1: Molecule contains unsupported element
key='UOGJNQJILNPOEP-UHFFFAOYNA-N-1065' prediction.modelResults.predictionError=CCCC(C=C)[Se]C1C=CC=CC=1: Molecule contains unsupported element
key='RCUXHJTYPVQUAX-UHFFFAOYNA-N-1065' prediction.modelResults.predictionError=CCC1CCCCC=1OB(CC)CC: Molecule contains unsupported element
key='LPTXMNGRKQLRLO-UHFFFAOYNA-N-1065' prediction.modelResults.predictionError=CCC1CCCC(C)C=1OB(CC)CC: Molecule contains unsupported element
key='IOHFZFDIYUDVNA-UHFFFAOYNA-N-1065' prediction.modelResults.predictionError=CCCCC1CCCC(C)C=1OB(CCCC)CCCC: Molecule contains unsupported element
key='MOABKSJYMYPMMN-UHFFFAOYNA-N-1065' prediction.modelResults.predictionError=C[Si](C)(C)C(=C(B(Cl)C(C)(C)C)B(Cl)C(C)(C)C)[Si](C)(C)C: Molecule contains unsupported element
key='FXZQWCKICYABRF-UHFFFAOYNA-N-1065' prediction.modelResults.predictionError=C[Si](C)(C)C(=C(B(Cl)C(C)(C)C)B(Cl)C(C)(C)C)C1C=CC=CC=1: Molecule contains unsupported element
key='XKLJZWQRTBFMPV-UHFFFAOYNA-N-1065' prediction.modelResults.predictionError=C1CCCC1B1OCCCO1: Molecule contains unsupported element
key='VVEUCDSDEKTLRS-UHFFFAOYNA-N-1065' prediction.modelResults.predictionError=FC(F)(F)[Se]C1C([Se]C(F)(F)F)=C([Se]C(F)(F)F)C([Se]C(F)(F)F)=C([Se]C(F)(F)F)C=1[Se]C(F)(F)F: Molecule contains unsupported element
key='XAZRFQLUPBQPII-UHFFFAOYNA-N-1065' prediction.modelResults.predictionError=CC1=CC=CC=C1[Ge](C1=CC=CC=C1C)C1=CC=CC=C1C |^1:7|: Molecule contains unsupported element
key='WOMVQNKAWQUKGR-UHFFFAOYNA-N-1065' prediction.modelResults.predictionError=CCCCCCCCCCCCC(C)[Se]C1C=CC=CC=1: Molecule contains unsupported element
key='GVXBVGCCRQZHBT-UHFFFAOYNA-N-1065' prediction.modelResults.predictionError=COC1CCCCCC1[Se]C1C=CC=CC=1: Molecule contains unsupported element
key='XUCLMPRYPDCGKY-UHFFFAOYNA-N-1065' prediction.modelResults.predictionError=S=C=NC1CCCCCC1[Se]C1C=CC=CC=1: Molecule contains unsupported element
key='PHFHSRUJWMSUGA-UHFFFAOYNA-N-1065' prediction.modelResults.predictionError=S=C=NC1CCCCCCC1[Se]C1C=CC=CC=1: Molecule contains unsupported element
key='GEWULHYFJURJEY-UHFFFAOYNA-N-1065' prediction.modelResults.predictionError=CCCCCCC(C[Se]C1C=CC=CC=1)N=C=S: Molecule contains unsupported element
key='QTJNRNLEUUYLBD-UHFFFAOYNA-N-1065' prediction.modelResults.predictionError=CCCCCCC(CN=C=S)[Se]C1C=CC=CC=1: Molecule contains unsupported element
key='XXRCDYNRLRLAQK-YAQRNVERNA-N-1065' prediction.modelResults.predictionError=O=C1N=C(NC2C=CC=CC=2)[Se]C2N=CC=CC=21: Molecule contains unsupported element
key='HDXAICMISINHGS-WYUMXYHSNA-N-1065' prediction.modelResults.predictionError=COC1C=CC(=CC=1)NC1=NC(=O)C2C=CC=NC=2[Se]1: Molecule contains unsupported element
key='TVKXFCYMXWGATI-WYUMXYHSNA-N-1065' prediction.modelResults.predictionError=CC1=CC=CC=C1NC1=NC(=O)C2C=CC=NC=2[Se]1: Molecule contains unsupported element
key='NWEVWVXBPUMFKL-WYUMXYHSNA-N-1065' prediction.modelResults.predictionError=CC1C=CC(=CC=1)NC1=NC(=O)C2C=CC=NC=2[Se]1: Molecule contains unsupported element
key='ULCNNOJGLKVDRR-PKSOQXRJNA-N-1065' prediction.modelResults.predictionError=O=C1N=C(NC2C=CC(=CC=2)N=NC2C=CC=CC=2)[Se]C2N=CC=CC=21: Molecule contains unsupported element
key='CMJZCICVVZYWFU-BGGKNDAXNA-N-1065' prediction.modelResults.predictionError=O=C1NC(=S)[Se]C2N=CC=CC=21: Molecule contains unsupported element
key='GRTALSJAFLKCKT-UHFFFAOYNA-N-1065' prediction.modelResults.predictionError=CCOB(CCCCN1CCCCC1)OCC: Molecule contains unsupported element
key='AVXIXIWHSWSCLR-UHFFFAOYNA-N-1065' prediction.modelResults.predictionError=IC(I)[Ge](C1C=CC=CC=1)(C1C=CC=CC=1)C1C=CC=CC=1: Molecule contains unsupported element
key='LBYVWOPFDGRTLM-UHFFFAOYNA-N-1065' prediction.modelResults.predictionError=CCOC(C[Se]C1C=CC=CC=1)CC(=O)C(C)(C)C: Molecule contains unsupported element
key='ITFGJMUBPKFOHD-UHFFFAOYNA-N-1065' prediction.modelResults.predictionError=COC(=O)C(C)(C)C(C[Se]C1C=CC=CC=1)OCC: Molecule contains unsupported element
key='MPLBCVWQGSNERQ-UHFFFAOYNA-N-1065' prediction.modelResults.predictionError=ClC1OCCCC1[Se]C1C=CC=CC=1: Molecule contains unsupported element
key='XCMBPJMFGGKIOB-UHFFFAOYSA-M-1065' prediction.modelResults.predictionError=CC[N+](CC)(CC)CC.[O-]S(=O)(=O)C1=CC=CC=C1: model can't run mixtures
key='RMMHSICOEYFJRP-UHFFFAOYSA-M-1065' prediction.modelResults.predictionError=[O-]S(=O)(=O)C1=CC=CC=C1.CCCC[N+](CCCC)(CCCC)CCCC: model can't run mixtures
key='WEGWVLHBELJCLP-UHFFFAOYNA-N-1065' prediction.modelResults.predictionError=CCSB(CCCC)CCCC: Molecule contains unsupported element
key='SNAOQBRZPGIUBS-UHFFFAOYNA-N-1065' prediction.modelResults.predictionError=S=C1[Se]C2=CC=CC=C2[Se]1: Molecule contains unsupported element
key='GLMJKNKROISIRE-UHFFFAOYNA-N-1065' prediction.modelResults.predictionError=COCCOCCOCCOB1OC(C)CCO1: Molecule contains unsupported element
key='NFISXCDDGNNSAS-UHFFFAOYNA-N-1065' prediction.modelResults.predictionError=CC1C=C(C)C(C)=C(C)C=1[Ge](Cl)(C1C(C)=C(C)C(C)=CC=1C)C1C(C)=C(C)C(C)=CC=1C: Molecule contains unsupported element
key='GCSHOIZKIYQAFJ-UHFFFAOYSA-N-1065' prediction.modelResults.predictionError=CC(C)(C)[Si]([Hg][Si](C(C)(C)C)(C(C)(C)C)C(C)(C)C)(C(C)(C)C)C(C)(C)C failed standardization
key='CYRPECJLOQEQDX-UHFFFAOYSA-N-1065' prediction.modelResults.predictionError=O=[Mo]=S failed standardization
key='GCTNLWKEPGJTKH-USRVQZAFNA-M-1065' prediction.modelResults.predictionError=C[Si](C)(C)C[Ga](Br)C[Si](C)(C)C: Molecule contains unsupported element
key='KOHWXPOHYYAUBV-UHFFFAOYNA-N-1065' prediction.modelResults.predictionError=C[Si](C)(C)C[Ga](C[Si](C)(C)C)C[Si](C)(C)C: Molecule contains unsupported element
key='LMRAHTFOOWTRQE-UHFFFAOYNA-N-1065' prediction.modelResults.predictionError=CN1N=C(C[Se]C1=N)C1C=CC=CC=1: Molecule contains unsupported element
key='PGRKPTHVANVGJL-UHFFFAOYNA-N-1065' prediction.modelResults.predictionError=CCN(CC(O)C[Se]C1C=CC=CC=1)CC: Molecule contains unsupported element
key='WSUHUSGNGSFFMU-UHFFFAOYSA-N-1065' prediction.modelResults.predictionError=OC(=O)C(O)=O.FC(F)(F)C1=C(C(=NN1)C(F)(F)F)C(F)(F)F: model can't run mixtures
key='FEYBEZVKFIQNEE-UHFFFAOYNA-N-1065' prediction.modelResults.predictionError=CCOC(=O)CC(C)[Ge](Cl)(Cl)Cl: Molecule contains unsupported element
key='IAORDJBFFZZXKB-UHFFFAOYNA-N-1065' prediction.modelResults.predictionError=CC(C(C)C(=O)Cl)[Ge](Cl)(Cl)Cl: Molecule contains unsupported element
key='BKFMCKNZBNFKKU-UHFFFAOYNA-N-1065' prediction.modelResults.predictionError=ClCCC[Ge](Cl)(Cl)Cl: Molecule contains unsupported element
key='IIGRGGYGAKFPRK-UHFFFAOYNA-N-1065' prediction.modelResults.predictionError=COB1CC2CC(C1)C=C(C2)CC[Si](C)(C)C: Molecule contains unsupported element
key='HWLPJCZVDWAYQT-UHFFFAOYNA-N-1065' prediction.modelResults.predictionError=CC1C[Ge](CC=1C)(C1C=CC=CC=1)C1C=CC=CC=1: Molecule contains unsupported element
key='QQDSYYMBNSWOFD-UHFFFAOYNA-N-1065' prediction.modelResults.predictionError=CSC1=C[Se]C=C1Br: Molecule contains unsupported element
key='YWRSOPJZBQJSKU-UHFFFAOYNA-N-1065' prediction.modelResults.predictionError=CC1C=C(C)C=C(C)C=1NB(Cl)C1C(F)=C(F)C(F)=C(F)C=1F: Molecule contains unsupported element
key='MMDLJGLOQCOMBI-UHFFFAOYNA-N-1065' prediction.modelResults.predictionError=COC1C=CC(=CC=1)NB(Cl)C1C(F)=C(F)C(F)=C(F)C=1F: Molecule contains unsupported element
key='KMQMDWUGDIFYSG-UHFFFAOYNA-N-1065' prediction.modelResults.predictionError=CC1=CC(C)=C(NB(NC2C(C)=CC(C)=CC=2C)C2C(F)=C(F)C(F)=C(F)C=2F)C(C)=C1: Molecule contains unsupported element
key='OJMMRGSEOQWXID-UHFFFAOYNA-N-1065' prediction.modelResults.predictionError=COC1C=CC(=CC=1)NB(NC1C=CC(=CC=1)OC)C1C(F)=C(F)C(F)=C(F)C=1F: Molecule contains unsupported element
key='XQTCVFJWQFJONG-UHFFFAOYNA-N-1065' prediction.modelResults.predictionError=Number of atoms equals zero
key='YFURYWBLVHFUNR-UHFFFAOYNA-N-1065' prediction.modelResults.predictionError=COB1CCCCCCC1: Molecule contains unsupported element
key='ITFLSEKBPNGCEK-UHFFFAOYNA-N-1065' prediction.modelResults.predictionError=CCC1CCCCB1OC: Molecule contains unsupported element
key='XBQVOONFUZZTFU-UHFFFAOYNA-N-1065' prediction.modelResults.predictionError=CCCC1CCCCB1OC: Molecule contains unsupported element
key='CPEBMDINPXFJPH-UHFFFAOYNA-N-1065' prediction.modelResults.predictionError=CCCCC1CCCCB1OC: Molecule contains unsupported element
key='CMUGPOHSHXLQBU-UHFFFAOYNA-N-1065' prediction.modelResults.predictionError=CCCCCC1CCCCB1OC: Molecule contains unsupported element
key='LRQWEYXEQKLIMK-UHFFFAOYNA-N-1065' prediction.modelResults.predictionError=CCCCCCCC1CCCCB1OC: Molecule contains unsupported element
key='QMTRENAJYQFROB-UHFFFAOYNA-N-1065' prediction.modelResults.predictionError=CCCCCCCCCC1CCCCB1OC: Molecule contains unsupported element
key='OVXBSXBWDOMUAH-UHFFFAOYNA-N-1065' prediction.modelResults.predictionError=CCCCOC[Se]COCCCC: Molecule contains unsupported element
key='MAYDCZXHPOKYJY-UHFFFAOYNA-N-1065' prediction.modelResults.predictionError=CCOC(=O)C(C)(C)[Ge](Cl)(Cl)Cl: Molecule contains unsupported element
key='XAEQYLWFZOFTFY-UHFFFAOYNA-N-1065' prediction.modelResults.predictionError=CC(C)(C)B(Cl)N([Si](C)(C)C)[Si](C)(C)C: Molecule contains unsupported element
key='NOWDKXAOTIKPOI-UHFFFAOYNA-N-1065' prediction.modelResults.predictionError=C[Si](C)(C)CB(Cl)N([Si](C)(C)C)[Si](C)(C)C: Molecule contains unsupported element
key='IHRLNAQMOYQKAF-UHFFFAOYNA-N-1065' prediction.modelResults.predictionError=CC(C)B(Cl)N([Si](C)(C)C)[Si](C)(C)C: Molecule contains unsupported element
key='NDVHUMMYWLKHTJ-UHFFFAOYNA-N-1065' prediction.modelResults.predictionError=CN(C)B(Cl)N([Si](C)(C)C)[Si](C)(C)C: Molecule contains unsupported element
key='FRFDKTLUKDIIJT-UHFFFAOYNA-N-1065' prediction.modelResults.predictionError=CN(C)B(C)N([Si](C)(C)C)[Si](C)(C)C: Molecule contains unsupported element
key='YZKFRUFXLBHNTK-UHFFFAOYNA-N-1065' prediction.modelResults.predictionError=CN(C)B(C(C)C)N([Si](C)(C)C)[Si](C)(C)C: Molecule contains unsupported element
key='PBBDAZHUSYNCOV-UHFFFAOYNA-N-1065' prediction.modelResults.predictionError=CCOC1C=CC(=CC=1)[Bi](C1C=CC(=CC=1)OCC)C1C=CC(=CC=1)OCC: Molecule contains unsupported element
key='HEZPWTQUZJEVQF-UHFFFAOYNA-N-1065' prediction.modelResults.predictionError=CC=C(C)B1OC(C)(C)C(C)(C)O1: Molecule contains unsupported element
key='RIEASWPRGFBZBT-UHFFFAOYNA-N-1065' prediction.modelResults.predictionError=CC=C(C)OB1OC(C)(C)C(C)(C)O1: Molecule contains unsupported element
key='KUXBKFYOVWNIHP-UHFFFAOYSA-N-1065' prediction.modelResults.predictionError=OC(=O)C(F)(F)F.NCCSC(C1=CC=CC=C1)C1=CC=CC=C1: model can't run mixtures
key='FKQAYXUMKXHAEJ-UHFFFAOYNA-N-1065' prediction.modelResults.predictionError=OCCCC1(O)CCC(=C1)[Se](=O)(=O)C1C=CC=CC=1: Molecule contains unsupported element
key='RAYINBXRVOPKQV-UHFFFAOYNA-N-1065' prediction.modelResults.predictionError=OCCCC1(O)CCCC(=C1)[Se](=O)(=O)C1C=CC=CC=1: Molecule contains unsupported element
key='ZKGVNBWIAYWSEG-UHFFFAOYNA-N-1065' prediction.modelResults.predictionError=OCCCCC1(O)CCCC(=C1)[Se](=O)(=O)C1C=CC=CC=1: Molecule contains unsupported element
key='QSFCSVLOWSRDAA-UHFFFAOYNA-N-1065' prediction.modelResults.predictionError=CCCCCCCCCCCCS(=O)(=O)C1CCCCC1[Se]C1C=CC=CC=1: Molecule contains unsupported element
key='LRULCERJWATTPL-UHFFFAOYNA-N-1065' prediction.modelResults.predictionError=CC1C=CC(=CC=1)S(=O)(=O)C1CCCCC1[Se][Se]C1CCCCC1S(=O)(=O)C1C=CC(C)=CC=1: Molecule contains unsupported element
key='BDHLEXZDORLZGU-UHFFFAOYNA-N-1065' prediction.modelResults.predictionError=CC1C=CC(=CC=1)S(=O)(=O)CC([Se][Se]C(CS(=O)(=O)C1C=CC(C)=CC=1)C1C=CC=CC=1)C1C=CC=CC=1: Molecule contains unsupported element
key='MCIVKJOTDNIIPQ-UHFFFAOYNA-N-1065' prediction.modelResults.predictionError=CC1C=CC(=CC=1)S(=O)(=O)CC(CCCC=C)[Se]C1C=CC=CC=1: Molecule contains unsupported element
key='VWOFHGJCVWBTOE-UHFFFAOYSA-N-1065' prediction.modelResults.predictionError=CS(O)(=O)=O.ClC1=CC2=C(C=C1)C=CCN=C2C1=CC=CC=C1Cl: model can't run mixtures
key='OCWGGLCGFUDOSN-UHFFFAOYNA-N-1065' prediction.modelResults.predictionError=C[Ge](C)(CCl)CCl: Molecule contains unsupported element
key='GUDGUNKHFRIDLH-UHFFFAOYNA-N-1065' prediction.modelResults.predictionError=C[Ge]1(C)CSSSC1: Molecule contains unsupported element
key='KQBCRQICXHREHS-UHFFFAOYSA-N-1065' prediction.modelResults.predictionError=FC1=C(F)C(F)=C(C(F)=C1F)[Si]([Hg][Si](C1=C(F)C(F)=C(F)C(F)=C1F)(C1=C(F)C(F)=C(F)C(F)=C1F)C1=C(F)C(F)=C(F)C(F)=C1F)(C1=C(F)C(F)=C(F)C(F)=C1F)C1=C(F)C(F)=C(F)C(F)=C1F failed standardization
key='KKLJLAWYJJRXBF-UHFFFAOYSA-M-1065' prediction.modelResults.predictionError=[Ti+]Br failed standardization
key='XINGIQDWEVDEJL-UHFFFAOYNA-N-1065' prediction.modelResults.predictionError=CCCC1=CB(SS1)N([Si](C)(C)C)[Si](C)(C)C: Molecule contains unsupported element
key='ORFQQWOMGRGRMQ-UHFFFAOYNA-N-1065' prediction.modelResults.predictionError=CC1CCCC1B(O)O: Molecule contains unsupported element
key='ORFQQWOMGRGRMQ-UHFFFAOYNA-N-1065' prediction.modelResults.predictionError=CC1CCCC1B(O)O: Molecule contains unsupported element
key='FELKVUBZSBLDIL-UHFFFAOYNA-N-1065' prediction.modelResults.predictionError=Number of atoms equals zero
key='WKCQGRBYTSADKH-UHFFFAOYNA-N-1065' prediction.modelResults.predictionError=Number of atoms equals zero
key='FIRUTHQJKMZJKW-UHFFFAOYNA-N-1065' prediction.modelResults.predictionError=C[Ge](C)(Cl)C1C(=C(C(=C1C1C=CC=CC=1)C1C=CC=CC=1)C1C=CC=CC=1)C1C=CC=CC=1: Molecule contains unsupported element
key='XTHZYCDOJQTUHJ-UHFFFAOYNA-N-1065' prediction.modelResults.predictionError=CC(C)(C)N=CN1CCCC1[Se]C1C=CC=CC=1: Molecule contains unsupported element
key='CRNCSRJRAAJSAJ-UHFFFAOYNA-N-1065' prediction.modelResults.predictionError=CN(C)C(=O)[Ge](CC)(CC)CC: Molecule contains unsupported element
key='AVEFQHRLYVHUBN-UHFFFAOYNA-N-1065' prediction.modelResults.predictionError=COB1CC2CC(CC(CC3=CC=CS3)=C2)C1: Molecule contains unsupported element
key='QRNWCBFBJCLGLF-UHFFFAOYSA-N-1065' prediction.modelResults.predictionError=C1=CC=CC=NC=CC=C1 failed standardization
